


NVFORTRAN (Version     24.5)          03/19/2025  06:55:59      page 1

Switches: -noasm -nodclchk -debug -nodlines -line -list
          -idir /opt/softs/gcc/9.2.0/hpc_sdk/Linux_x86_64/24.5/comm_libs/12.4/hpcx/hpcx-2.19/ompi/include
          -idir /opt/softs/gcc/9.2.0/hpc_sdk/Linux_x86_64/24.5/comm_libs/12.4/hpcx/hpcx-2.19/ompi/lib
          -inform severe -opt 1 -nosave -object -noonetrip
          -depchk on -nostandard     
          -symbol -noupcase    

Filename: ./cuadjtq.F90

(    1) ! (C) Copyright 1988- ECMWF.
(    2) !
(    3) ! This software is licensed under the terms of the Apache Licence Version 2.0
(    4) ! which can be obtained at http://www.apache.org/licenses/LICENSE-2.0.
(    5) !
(    6) ! In applying this licence, ECMWF does not waive the privileges and immunities
(    7) ! granted to it by virtue of its status as an intergovernmental organisation
(    8) ! nor does it submit to any jurisdiction.
(    9) 
(   10) SUBROUTINE CUADJTQ &
(   11)  & (YDTHF, YDCST, YDEPHLI,KIDIA,    KFDIA,    KLON,    KLEV,     KK,&
(   12)  &  PSP,      PT,       PQ,      LDFLAG,   KCALL,   LDOFLAG)  
(   13) 
(   14) !          PURPOSE.
(   15) !          --------
(   16) !          TO PRODUCE T,Q AND L VALUES FOR CLOUD ASCENT
(   17) 
(   18) !          INTERFACE
(   19) !          ---------
(   20) !          THIS ROUTINE IS CALLED FROM SUBROUTINES:
(   21) !              *COND*     (T AND Q AT CONDENSATION LEVEL)
(   22) !              *CUBASE*   (T AND Q AT CONDENSATION LEVEL)
(   23) !              *CUASC*    (T AND Q AT CLOUD LEVELS)
(   24) !              *CUINI*    (ENVIRONMENTAL T AND QS VALUES AT HALF LEVELS)
(   25) !              *CUSTRAT*  (T AND Q AT CONDENSATION LEVEL)
(   26) !          INPUT ARE UNADJUSTED T AND Q VALUES,
(   27) !          IT RETURNS ADJUSTED VALUES OF T AND Q
(   28) 
(   29) !     PARAMETER     DESCRIPTION                                   UNITS
(   30) !     ---------     -----------                                   -----
(   31) !     INPUT PARAMETERS (INTEGER):
(   32) 
(   33) !    *KIDIA*        START POINT
(   34) !    *KFDIA*        END POINT
(   35) !    *KLON*         NUMBER OF GRID POINTS PER PACKET
(   36) !    *KLEV*         NUMBER OF LEVELS
(   37) !    *KK*           LEVEL
(   38) !    *KCALL*        DEFINES CALCULATION AS
(   39) !                      KCALL=0  ENV. T AND QS IN*CUINI*
(   40) !                      KCALL=1  CONDENSATION IN UPDRAFTS  (E.G. CUBASE, CUASC)
(   41) !                      KCALL=2  EVAPORATION IN DOWNDRAFTS (E.G. CUDLFS,CUDDRAF)
(   42) 
(   43) !     INPUT PARAMETERS (LOGICAL):
(   44) 
(   45) !    *LDLAND*       LAND-SEA MASK (.TRUE. FOR LAND POINTS)
(   46) 
(   47) !     INPUT PARAMETERS (REAL):
(   48) 
(   49) !    *PSP*          PRESSURE                                        PA
(   50) 






NVFORTRAN (Version     24.5)          03/19/2025  06:55:59      page 2

(   51) !     UPDATED PARAMETERS (REAL):
(   52) 
(   53) !    *PT*           TEMPERATURE                                     K
(   54) !    *PQ*           SPECIFIC HUMIDITY                             KG/KG
(   55) 
(   56) !          EXTERNALS   
(   57) !          ---------
(   58) !          3 LOOKUP TABLES ( TLUCUA, TLUCUB, TLUCUC )
(   59) !          FOR CONDENSATION CALCULATIONS.
(   60) !          THE TABLES ARE INITIALISED IN *SUPHEC*.
(   61) 
(   62) !     AUTHOR.
(   63) !     -------
(   64) !      M.TIEDTKE         E.C.M.W.F.     12/89
(   65) 
(   66) !     MODIFICATIONS.
(   67) !     --------------
(   68) !      J.HAGUE               03-01-13   MASS Vector Functions
(   69) !      J.HAGUE               03-07-07   More MASS V.F.
(   70) !      M.Hamrud              01-Oct-2003 CY28 Cleaning
(   71) !      J.Hague & D.Salmond   22-Nov-2005 Optimisations 
(   72) !     R. El Khatib 22-Jun-2022 A contribution to simplify phasing after the refactoring of YOMCLI/YOMCST/YOETHF.
(   73) !----------------------------------------------------------------------
(   74) 
(   75) USE PARKIND1 , ONLY : JPIM     ,JPRB
(   76) USE YOMHOOK  , ONLY : LHOOK,   DR_HOOK, JPHOOK
(   77) 
(   78) USE YOMCST   , ONLY : TCST
(   79) USE YOETHF   , ONLY : TTHF  
(   80) USE YOEPHLI  , ONLY : TEPHLI
(   81) 
(   82) IMPLICIT NONE
(   83) 
(   84) TYPE(TTHF)         ,INTENT(IN)               :: YDTHF
(   85) TYPE(TCST)         ,INTENT(IN)               :: YDCST
(   86) TYPE(TEPHLI)       ,INTENT(IN)               :: YDEPHLI
(   87) INTEGER(KIND=JPIM) ,INTENT(IN)               :: KIDIA 
(   88) INTEGER(KIND=JPIM) ,INTENT(IN)               :: KFDIA 
(   89) INTEGER(KIND=JPIM) ,INTENT(IN)               :: KLON 
(   90) INTEGER(KIND=JPIM) ,INTENT(IN)               :: KLEV 
(   91) INTEGER(KIND=JPIM) ,INTENT(IN)               :: KK 
(   92) REAL(KIND=JPRB)    ,INTENT(IN)               :: PSP(KLON) 
(   93) REAL(KIND=JPRB)    ,INTENT(INOUT)            :: PT(KLON,KLEV) 
(   94) REAL(KIND=JPRB)    ,INTENT(INOUT)            :: PQ(KLON,KLEV) 
(   95) LOGICAL            ,INTENT(IN)               :: LDFLAG(KLON) 
(   96) INTEGER(KIND=JPIM) ,INTENT(IN)               :: KCALL 
(   97) LOGICAL            ,INTENT(IN)    ,OPTIONAL  :: LDOFLAG(KLON) 
(   98) 
(   99) INTEGER(KIND=JPIM) :: JL
(  100) 
(  101) REAL(KIND=JPRB) :: Z1S, Z2S, ZCOND,ZCOND1, ZCOR, ZFOEEWI, ZFOEEWL,&
(  102)  & ZOEALFA, ZQMAX, ZQSAT, ZTARG, ZQP
(  103) REAL(KIND=JPRB) :: ZL, ZI, ZF
(  104) 
(  105) LOGICAL :: LLFLAG(KLON)
(  106) 
(  107) #include "abor1.intfb.h"
(  108) 






NVFORTRAN (Version     24.5)          03/19/2025  06:55:59      page 3

(  109) !DIR$ VFUNCTION EXPHF
(  110) #include "fcttre.func.h"
(  111) #include "cuadjtq.func.h"
(  112) 
(  113) !     STATEMENT FUNCTIONS
(  114) 
(  115) REAL(KIND=JPHOOK) :: ZHOOK_HANDLE
(  116) 
(  117) !----------------------------------------------------------------------
(  118) 
(  119) !     1.           DEFINE CONSTANTS
(  120) !                  ----------------
(  121) 
(  122) 
(  123) !IF (LHOOK) CALL DR_HOOK('CUADJTQ',0,ZHOOK_HANDLE)
(  124) 
(  125) ASSOCIATE(LPHYLIN=>YDEPHLI%LPHYLIN, RLPAL1=>YDEPHLI%RLPAL1, &
(  126)  & R2ES=>YDTHF%R2ES, R3IES=>YDTHF%R3IES, R3LES=>YDTHF%R3LES, R4IES=>YDTHF%R4IES, &
(  127)  & R4LES=>YDTHF%R4LES, R5ALSCP=>YDTHF%R5ALSCP, R5ALVCP=>YDTHF%R5ALVCP, RALSDCP=>YDTHF%RALSDCP, &
(  128)  & RALVDCP=>YDTHF%RALVDCP, &
(  129)  & RLPAL2=>YDEPHLI%RLPAL2, RLPTRC=>YDEPHLI%RLPTRC, RETV=>YDCST%RETV, RTT=>YDCST%RTT)
(  130) 
(  131) ZQMAX=0.5_JPRB
(  132) 
(  133) !*********************************************
(  134) IF (.NOT.LPHYLIN) THEN
(  135) !*********************************************                 
(  136) 
(  137) !     2.           CALCULATE CONDENSATION AND ADJUST T AND Q ACCORDINGLY
(  138) !                  -----------------------------------------------------
(  139) 
(  140)   IF (KCALL == 1 .OR. KCALL == 6 ) THEN
(  141) 
(  142) !   mixed phase saturation
(  143) 
(  144)       LLFLAG(KIDIA:KFDIA) = LDFLAG(KIDIA:KFDIA)
(  145)       IF(KCALL == 6) THEN
(  146)         IF(PRESENT(LDOFLAG)) THEN
(  147)           LLFLAG(KIDIA:KFDIA) = LLFLAG(KIDIA:KFDIA) .AND. .NOT.LDOFLAG(KIDIA:KFDIA)
(  148)         ELSE
(  149)           CALL ABOR1("CUADJTQ: LDOFLAG has to be present when KCALL==6")
(  150)         ENDIF
(  151)       ENDIF
(  152) 
(  153)       DO JL=KIDIA,KFDIA
(  154)       IF (LLFLAG(JL)) THEN
(  155)         ZQP    =1.0_JPRB/PSP(JL)
(  156)         ZL=1.0_JPRB/(PT(JL,KK)-R4LES)
(  157)         ZI=1.0_JPRB/(PT(JL,KK)-R4IES)
(  158) !       ZQSAT=FOEEWMCU(PT(JL,KK))*ZQP
(  159)         ZQSAT=R2ES *(FOEALFCU(PT(JL,KK))*EXP(R3LES*(PT(JL,KK)-RTT)*ZL)+&
(  160)           &(1.0_JPRB-FOEALFCU(PT(JL,KK)))*EXP(R3IES*(PT(JL,KK)-RTT)*ZI))
(  161)         ZQSAT=ZQSAT*ZQP
(  162)         ZQSAT=MIN(0.5_JPRB,ZQSAT)
(  163)         ZCOR=1.0_JPRB-RETV*ZQSAT
(  164)         ZF=FOEALFCU(PT(JL,KK))*R5ALVCP*ZL**2 +&
(  165)           &(1.0_JPRB-FOEALFCU(PT(JL,KK)))*R5ALSCP*ZI**2
(  166)         ZCOND=(PQ(JL,KK)*ZCOR**2-ZQSAT*ZCOR)/(ZCOR**2+ZQSAT*ZF)






NVFORTRAN (Version     24.5)          03/19/2025  06:55:59      page 4

(  167)         ZCOND=MAX(ZCOND,0.0_JPRB)
(  168)         PT(JL,KK)=PT(JL,KK)+FOELDCPMCU(PT(JL,KK))*ZCOND
(  169)         PQ(JL,KK)=PQ(JL,KK)-ZCOND
(  170)         ZL=1.0_JPRB/(PT(JL,KK)-R4LES)
(  171)         ZI=1.0_JPRB/(PT(JL,KK)-R4IES)
(  172) !       ZQSAT=FOEEWMCU(PT(JL,KK))*ZQP
(  173)         ZQSAT=R2ES *(FOEALFCU(PT(JL,KK))*EXP(R3LES*(PT(JL,KK)-RTT)*ZL)+&
(  174)           &(1.0_JPRB-FOEALFCU(PT(JL,KK)))*EXP(R3IES*(PT(JL,KK)-RTT)*ZI))
(  175)         ZQSAT=ZQSAT*ZQP
(  176)         ZQSAT=FMINJ(0.5_JPRB,ZQSAT)
(  177)         ZCOR=1.0_JPRB-RETV*ZQSAT
(  178)         ZF=FOEALFCU(PT(JL,KK))*R5ALVCP*ZL**2 +&
(  179)           &(1.0_JPRB-FOEALFCU(PT(JL,KK)))*R5ALSCP*ZI**2
(  180)         ZCOND1=(PQ(JL,KK)*ZCOR**2-ZQSAT*ZCOR)/(ZCOR**2+ZQSAT*ZF)
(  181)         IF(ZCOND ==  0.0_JPRB)ZCOND1=0.0_JPRB
(  182)         PT(JL,KK)=PT(JL,KK)+FOELDCPMCU(PT(JL,KK))*ZCOND1
(  183)         PQ(JL,KK)=PQ(JL,KK)-ZCOND1
(  184)       ENDIF
(  185)       ENDDO
(  186) 
(  187)       IF(KCALL==6) THEN
(  188)   
(  189)         DO JL=KIDIA,KFDIA
(  190)         IF(LDFLAG(JL).AND.LDOFLAG(JL)) THEN
(  191)           ZQP    =1.0_JPRB/PSP(JL)
(  192)           ZL=1.0_JPRB/(PT(JL,KK)-R4LES)
(  193)           ZQSAT=R2ES *EXP(R3LES*(PT(JL,KK)-RTT)*ZL)
(  194)           ZQSAT=ZQSAT*ZQP
(  195)           ZQSAT=MIN(0.5_JPRB,ZQSAT)
(  196)           ZCOR=1.0_JPRB-RETV*ZQSAT
(  197)           ZF=R5ALVCP*ZL**2
(  198)           ZCOND=(PQ(JL,KK)*ZCOR**2-ZQSAT*ZCOR)/(ZCOR**2+ZQSAT*ZF)
(  199)           ZCOND=MAX(ZCOND,0.0_JPRB)
(  200)           PT(JL,KK)=PT(JL,KK)+RALVDCP*ZCOND
(  201)           PQ(JL,KK)=PQ(JL,KK)-ZCOND
(  202)           ZL=1.0_JPRB/(PT(JL,KK)-R4LES)
(  203)           ZQSAT=R2ES *EXP(R3LES*(PT(JL,KK)-RTT)*ZL)
(  204)           ZQSAT=ZQSAT*ZQP
(  205)           ZQSAT=FMINJ(0.5_JPRB,ZQSAT)
(  206)           ZCOR=1.0_JPRB-RETV*ZQSAT
(  207)           ZF=R5ALVCP*ZL**2
(  208)           ZCOND1=(PQ(JL,KK)*ZCOR**2-ZQSAT*ZCOR)/(ZCOR**2+ZQSAT*ZF)
(  209)           IF(ZCOND ==  0.0_JPRB)ZCOND1=0.0_JPRB
(  210)           PT(JL,KK)=PT(JL,KK)+RALVDCP*ZCOND1
(  211)           PQ(JL,KK)=PQ(JL,KK)-ZCOND1
(  212)         ENDIF
(  213)         ENDDO
(  214)   
(  215)       ENDIF
(  216) 
(  217)   ENDIF
(  218) 
(  219)   IF(KCALL == 2) THEN
(  220) 
(  221) !DIR$    IVDEP
(  222) !OCL NOVREC
(  223)     DO JL=KIDIA,KFDIA
(  224)       IF(LDFLAG(JL)) THEN






NVFORTRAN (Version     24.5)          03/19/2025  06:55:59      page 5

(  225)         ZQP    =1.0_JPRB/PSP(JL)
(  226)         ZQSAT=FOEEWMCU(PT(JL,KK))*ZQP    
(  227)         ZQSAT=MIN(0.5_JPRB,ZQSAT)
(  228)         ZCOR=1.0_JPRB/(1.0_JPRB-RETV  *ZQSAT)
(  229)         ZQSAT=ZQSAT*ZCOR
(  230)         ZCOND=(PQ(JL,KK)-ZQSAT)/(1.0_JPRB+ZQSAT*ZCOR*FOEDEMCU(PT(JL,KK)))
(  231)         ZCOND=MIN(ZCOND,0.0_JPRB)
(  232)         PT(JL,KK)=PT(JL,KK)+FOELDCPMCU(PT(JL,KK))*ZCOND
(  233)         PQ(JL,KK)=PQ(JL,KK)-ZCOND
(  234)         ZQSAT=FOEEWMCU(PT(JL,KK))*ZQP    
(  235)         ZQSAT=MIN(0.5_JPRB,ZQSAT)
(  236)         ZCOR=1.0_JPRB/(1.0_JPRB-RETV  *ZQSAT)
(  237)         ZQSAT=ZQSAT*ZCOR
(  238)         ZCOND1=(PQ(JL,KK)-ZQSAT)/(1.0_JPRB+ZQSAT*ZCOR*FOEDEMCU(PT(JL,KK)))
(  239)         IF(ZCOND == 0.0_JPRB)ZCOND1=MIN(ZCOND1,0.0_JPRB)
(  240)         PT(JL,KK)=PT(JL,KK)+FOELDCPMCU(PT(JL,KK))*ZCOND1
(  241)         PQ(JL,KK)=PQ(JL,KK)-ZCOND1
(  242)       ENDIF
(  243)     ENDDO
(  244) 
(  245)   ENDIF
(  246) 
(  247)   IF(KCALL == 0) THEN
(  248) 
(  249) !DIR$    IVDEP
(  250) !OCL NOVREC
(  251) 
(  252) !DIR$ LOOP_INFO EST_TRIPS(16)
(  253)     DO JL=KIDIA,KFDIA
(  254)       ZQP    =1.0_JPRB/PSP(JL)
(  255)       ZQSAT=FOEEWM(PT(JL,KK))*ZQP    
(  256)       ZQSAT=MIN(0.5_JPRB,ZQSAT)
(  257)       ZCOR=1.0_JPRB/(1.0_JPRB-RETV  *ZQSAT)
(  258)       ZQSAT=ZQSAT*ZCOR
(  259)       ZCOND1=(PQ(JL,KK)-ZQSAT)/(1.0_JPRB+ZQSAT*ZCOR*FOEDEM(PT(JL,KK)))
(  260)       PT(JL,KK)=PT(JL,KK)+FOELDCPM(PT(JL,KK))*ZCOND1
(  261)       PQ(JL,KK)=PQ(JL,KK)-ZCOND1
(  262)       ZQSAT=FOEEWM(PT(JL,KK))*ZQP    
(  263)       ZQSAT=MIN(0.5_JPRB,ZQSAT)
(  264)       ZCOR=1.0_JPRB/(1.0_JPRB-RETV  *ZQSAT)
(  265)       ZQSAT=ZQSAT*ZCOR
(  266)       ZCOND1=(PQ(JL,KK)-ZQSAT)/(1.0_JPRB+ZQSAT*ZCOR*FOEDEM(PT(JL,KK)))
(  267)       PT(JL,KK)=PT(JL,KK)+FOELDCPM(PT(JL,KK))*ZCOND1
(  268)       PQ(JL,KK)=PQ(JL,KK)-ZCOND1
(  269)     ENDDO
(  270) 
(  271)   ENDIF
(  272) 
(  273)   IF(KCALL == 4 )THEN
(  274) 
(  275)     DO JL=KIDIA,KFDIA
(  276)       IF(LDFLAG(JL)) THEN
(  277)         ZQP    =1.0_JPRB/PSP(JL)
(  278)         ZQSAT=FOEEWM(PT(JL,KK))*ZQP
(  279)         ZQSAT=MIN(0.5_JPRB,ZQSAT)
(  280)         ZCOR=1.0_JPRB/(1.0_JPRB-RETV  *ZQSAT)
(  281)         ZQSAT=ZQSAT*ZCOR
(  282)         ZCOND=(PQ(JL,KK)-ZQSAT)/(1.0_JPRB+ZQSAT*ZCOR*FOEDEM(PT(JL,KK)))






NVFORTRAN (Version     24.5)          03/19/2025  06:55:59      page 6

(  283)         PT(JL,KK)=PT(JL,KK)+FOELDCPM(PT(JL,KK))*ZCOND
(  284)         PQ(JL,KK)=PQ(JL,KK)-ZCOND
(  285)         ZQSAT=FOEEWM(PT(JL,KK))*ZQP
(  286)         ZQSAT=MIN(0.5_JPRB,ZQSAT)
(  287)         ZCOR=1.0_JPRB/(1.0_JPRB-RETV  *ZQSAT)
(  288)         ZQSAT=ZQSAT*ZCOR
(  289)         ZCOND1=(PQ(JL,KK)-ZQSAT)/(1.0_JPRB+ZQSAT*ZCOR*FOEDEM(PT(JL,KK)))
(  290)         PT(JL,KK)=PT(JL,KK)+FOELDCPM(PT(JL,KK))*ZCOND1
(  291)         PQ(JL,KK)=PQ(JL,KK)-ZCOND1
(  292)       ENDIF
(  293)     ENDDO
(  294)       
(  295)   ENDIF 
(  296) 
(  297)   IF(KCALL == 5) THEN  ! Same as 4 but with LDFLAG all true
(  298) 
(  299) !OCL NOVREC
(  300) !DIR$    IVDEP
(  301) !DIR$ LOOP_INFO EST_TRIPS(16)
(  302)       DO JL=KIDIA,KFDIA
(  303)         ZQP    =1.0_JPRB/PSP(JL)
(  304)         ZQSAT=FOEEWM(PT(JL,KK))*ZQP    
(  305)         ZQSAT=MIN(0.5_JPRB,ZQSAT)
(  306)         ZCOR=1.0_JPRB/(1.0_JPRB-RETV  *ZQSAT)
(  307)         ZQSAT=ZQSAT*ZCOR
(  308)         ZCOND=(PQ(JL,KK)-ZQSAT)/(1.0_JPRB+ZQSAT*ZCOR*FOEDEM(PT(JL,KK)))
(  309)         PT(JL,KK)=PT(JL,KK)+FOELDCPM(PT(JL,KK))*ZCOND
(  310)         PQ(JL,KK)=PQ(JL,KK)-ZCOND
(  311)         ZQSAT=FOEEWM(PT(JL,KK))*ZQP    
(  312)         ZQSAT=MIN(0.5_JPRB,ZQSAT)
(  313)         ZCOR=1.0_JPRB/(1.0_JPRB-RETV  *ZQSAT)
(  314)         ZQSAT=ZQSAT*ZCOR
(  315)         ZCOND1=(PQ(JL,KK)-ZQSAT)/(1.0_JPRB+ZQSAT*ZCOR*FOEDEM(PT(JL,KK)))
(  316)         PT(JL,KK)=PT(JL,KK)+FOELDCPM(PT(JL,KK))*ZCOND1
(  317)         PQ(JL,KK)=PQ(JL,KK)-ZCOND1
(  318)       ENDDO
(  319)   ENDIF 
(  320) 
(  321)   IF(KCALL == 3) THEN 
(  322) !DIR$ LOOP_INFO EST_TRIPS(16)
(  323)       DO JL=KIDIA,KFDIA
(  324)         ZQP    =1.0_JPRB/PSP(JL)
(  325)         ZQSAT=FOEEWMCU(PT(JL,KK))*ZQP
(  326)         ZQSAT=MIN(0.5_JPRB,ZQSAT)
(  327)         ZCOR=1.0_JPRB/(1.0_JPRB-RETV  *ZQSAT)
(  328)         ZQSAT=ZQSAT*ZCOR
(  329)         ZCOND1=(PQ(JL,KK)-ZQSAT)/(1.0_JPRB+ZQSAT*ZCOR*FOEDEMCU(PT(JL,KK)))
(  330)         PT(JL,KK)=PT(JL,KK)+FOELDCPMCU(PT(JL,KK))*ZCOND1
(  331)         PQ(JL,KK)=PQ(JL,KK)-ZCOND1
(  332)         ZQSAT=FOEEWMCU(PT(JL,KK))*ZQP
(  333)         ZQSAT=MIN(0.5_JPRB,ZQSAT)
(  334)         ZCOR=1.0_JPRB/(1.0_JPRB-RETV  *ZQSAT)
(  335)         ZQSAT=ZQSAT*ZCOR
(  336)         ZCOND1=(PQ(JL,KK)-ZQSAT)/(1.0_JPRB+ZQSAT*ZCOR*FOEDEMCU(PT(JL,KK)))
(  337)         PT(JL,KK)=PT(JL,KK)+FOELDCPMCU(PT(JL,KK))*ZCOND1
(  338)         PQ(JL,KK)=PQ(JL,KK)-ZCOND1
(  339)       ENDDO
(  340) 






NVFORTRAN (Version     24.5)          03/19/2025  06:55:59      page 7

(  341)   ENDIF
(  342) !*********************************************
(  343) ELSE
(  344) !*********************************************                 
(  345) 
(  346) !     2.           CALCULATE CONDENSATION AND ADJUST T AND Q ACCORDINGLY
(  347) !                  -----------------------------------------------------
(  348) 
(  349)   IF (KCALL == 1 ) THEN
(  350) 
(  351) !DIR$    IVDEP
(  352) !OCL NOVREC
(  353) !DIR$ LOOP_INFO EST_TRIPS(16)
(  354)     DO JL=KIDIA,KFDIA
(  355)       IF(LDFLAG(JL)) THEN
(  356)         ZQP    =1.0_JPRB/PSP(JL)
(  357)         ZTARG=PT(JL,KK)
(  358)         ZOEALFA=0.5_JPRB*(TANH(RLPAL1*(ZTARG-RLPTRC))+1.0_JPRB)
(  359)         ZFOEEWL=R2ES*EXP(R3LES*(ZTARG-RTT)/(ZTARG-R4LES))
(  360)         ZFOEEWI=R2ES*EXP(R3IES*(ZTARG-RTT)/(ZTARG-R4IES))
(  361)         ZQSAT=ZQP    *(ZOEALFA*ZFOEEWL+(1.0_JPRB-ZOEALFA)*ZFOEEWI)
(  362)         Z1S=TANH(RLPAL2*(ZQSAT-ZQMAX))
(  363)         ZQSAT=0.5_JPRB*((1.0_JPRB-Z1S)*ZQSAT+(1.0_JPRB+Z1S)*ZQMAX)
(  364) 
(  365)         ZCOR=1.0_JPRB/(1.0_JPRB-RETV  *ZQSAT)
(  366)         ZQSAT=ZQSAT*ZCOR
(  367) 
(  368)         Z2S=    ZOEALFA *R5ALVCP*(1.0_JPRB/(ZTARG-R4LES)**2)+&
(  369)          & (1.0_JPRB-ZOEALFA)*R5ALSCP*(1.0_JPRB/(ZTARG-R4IES)**2)  
(  370)         ZCOND=(PQ(JL,KK)-ZQSAT)/(1.0_JPRB+ZQSAT*ZCOR*Z2S)
(  371) 
(  372)         ZCOND=MAX(ZCOND,0.0_JPRB)
(  373) 
(  374)         IF(ZCOND /= 0.0_JPRB) THEN
(  375) 
(  376)           PT(JL,KK)=PT(JL,KK)+&
(  377)            & (ZOEALFA*RALVDCP+(1.0_JPRB-ZOEALFA)*RALSDCP)*ZCOND  
(  378)           PQ(JL,KK)=PQ(JL,KK)-ZCOND
(  379)           ZTARG=PT(JL,KK)
(  380)           ZOEALFA=0.5_JPRB*(TANH(RLPAL1*(ZTARG-RLPTRC))+1.0_JPRB)
(  381)           ZFOEEWL=R2ES*EXP(R3LES*(ZTARG-RTT)/(ZTARG-R4LES))
(  382)           ZFOEEWI=R2ES*EXP(R3IES*(ZTARG-RTT)/(ZTARG-R4IES))
(  383)           ZQSAT=ZQP    *(ZOEALFA*ZFOEEWL+(1.0_JPRB-ZOEALFA)*ZFOEEWI)
(  384)           Z1S=TANH(RLPAL2*(ZQSAT-ZQMAX))
(  385)           ZQSAT=0.5_JPRB*((1.0_JPRB-Z1S)*ZQSAT+(1.0_JPRB+Z1S)*ZQMAX)
(  386)   
(  387)           ZCOR=1.0_JPRB/(1.0_JPRB-RETV  *ZQSAT)
(  388)           ZQSAT=ZQSAT*ZCOR
(  389)   
(  390)           Z2S=    ZOEALFA *R5ALVCP*(1.0_JPRB/(ZTARG-R4LES)**2)+&
(  391)            & (1.0_JPRB-ZOEALFA)*R5ALSCP*(1.0_JPRB/(ZTARG-R4IES)**2)  
(  392)           ZCOND1=(PQ(JL,KK)-ZQSAT)/(1.0_JPRB+ZQSAT*ZCOR*Z2S)
(  393)   
(  394)           PT(JL,KK)=PT(JL,KK)+(ZOEALFA*RALVDCP+(1.0_JPRB-ZOEALFA)*RALSDCP)*ZCOND1
(  395)   
(  396)           PQ(JL,KK)=PQ(JL,KK)-ZCOND1
(  397)         ENDIF
(  398)       ENDIF






NVFORTRAN (Version     24.5)          03/19/2025  06:55:59      page 8

(  399)     ENDDO
(  400) 
(  401)   ENDIF
(  402) 
(  403)   IF(KCALL == 2) THEN
(  404) 
(  405) !DIR$    IVDEP
(  406) !OCL NOVREC
(  407)     DO JL=KIDIA,KFDIA
(  408)       IF(LDFLAG(JL)) THEN
(  409)         ZQP    =1.0_JPRB/PSP(JL)
(  410) 
(  411)         ZTARG=PT(JL,KK)
(  412)         ZOEALFA=0.5_JPRB*(TANH(RLPAL1*(ZTARG-RLPTRC))+1.0_JPRB)
(  413)         ZFOEEWL=R2ES*EXP(R3LES*(ZTARG-RTT)/(ZTARG-R4LES))
(  414)         ZFOEEWI=R2ES*EXP(R3IES*(ZTARG-RTT)/(ZTARG-R4IES))
(  415)         ZQSAT=ZQP    *(ZOEALFA*ZFOEEWL+(1.0_JPRB-ZOEALFA)*ZFOEEWI)
(  416)         Z1S=TANH(RLPAL2*(ZQSAT-ZQMAX))
(  417)         ZQSAT=0.5_JPRB*((1.0_JPRB-Z1S)*ZQSAT+(1.0_JPRB+Z1S)*ZQMAX)
(  418) 
(  419)         ZCOR=1.0_JPRB/(1.0_JPRB-RETV  *ZQSAT)
(  420)         ZQSAT=ZQSAT*ZCOR
(  421) 
(  422)         Z2S=    ZOEALFA *R5ALVCP*(1.0_JPRB/(ZTARG-R4LES)**2)+&
(  423)          & (1.0_JPRB-ZOEALFA)*R5ALSCP*(1.0_JPRB/(ZTARG-R4IES)**2)  
(  424)         ZCOND=(PQ(JL,KK)-ZQSAT)/(1.0_JPRB+ZQSAT*ZCOR*Z2S)
(  425) 
(  426)         ZCOND=MIN(ZCOND,0.0_JPRB)
(  427) 
(  428)         IF(ZCOND /= 0.0_JPRB) THEN
(  429) 
(  430)           PT(JL,KK)=PT(JL,KK)+&
(  431)            & (ZOEALFA*RALVDCP+(1.0_JPRB-ZOEALFA)*RALSDCP)*ZCOND  
(  432)           PQ(JL,KK)=PQ(JL,KK)-ZCOND
(  433)           ZTARG=PT(JL,KK)
(  434)           ZOEALFA=0.5_JPRB*(TANH(RLPAL1*(ZTARG-RLPTRC))+1.0_JPRB)
(  435)           ZFOEEWL=R2ES*EXP(R3LES*(ZTARG-RTT)/(ZTARG-R4LES))
(  436)           ZFOEEWI=R2ES*EXP(R3IES*(ZTARG-RTT)/(ZTARG-R4IES))
(  437)           ZQSAT=ZQP    *(ZOEALFA*ZFOEEWL+(1.0_JPRB-ZOEALFA)*ZFOEEWI)
(  438)           Z1S=TANH(RLPAL2*(ZQSAT-ZQMAX))
(  439)           ZQSAT=0.5_JPRB*((1.0_JPRB-Z1S)*ZQSAT+(1.0_JPRB+Z1S)*ZQMAX)
(  440)   
(  441)           ZCOR=1.0_JPRB/(1.0_JPRB-RETV  *ZQSAT)
(  442)           ZQSAT=ZQSAT*ZCOR
(  443)   
(  444)           Z2S=    ZOEALFA *R5ALVCP*(1.0_JPRB/(ZTARG-R4LES)**2)+&
(  445)            & (1.0_JPRB-ZOEALFA)*R5ALSCP*(1.0_JPRB/(ZTARG-R4IES)**2)  
(  446)           ZCOND1=(PQ(JL,KK)-ZQSAT)/(1.0_JPRB+ZQSAT*ZCOR*Z2S)
(  447)   
(  448)           PT(JL,KK)=PT(JL,KK)+(ZOEALFA*RALVDCP+(1.0_JPRB-ZOEALFA)*RALSDCP)*ZCOND1
(  449)   
(  450)           PQ(JL,KK)=PQ(JL,KK)-ZCOND1
(  451)         ENDIF
(  452)       ENDIF
(  453)     ENDDO
(  454) 
(  455)   ENDIF
(  456) 






NVFORTRAN (Version     24.5)          03/19/2025  06:55:59      page 9

(  457)   IF(KCALL == 0) THEN
(  458) 
(  459) !DIR$    IVDEP
(  460) !OCL NOVREC
(  461)     DO JL=KIDIA,KFDIA
(  462)       ZQP    =1.0_JPRB/PSP(JL)
(  463) 
(  464)       ZTARG=PT(JL,KK)
(  465)       ZOEALFA=0.5_JPRB*(TANH(RLPAL1*(ZTARG-RLPTRC))+1.0_JPRB)
(  466)       ZFOEEWL=R2ES*EXP(R3LES*(ZTARG-RTT)/(ZTARG-R4LES))
(  467)       ZFOEEWI=R2ES*EXP(R3IES*(ZTARG-RTT)/(ZTARG-R4IES))
(  468)       ZQSAT=ZQP    *(ZOEALFA*ZFOEEWL+(1.0_JPRB-ZOEALFA)*ZFOEEWI)
(  469)       Z1S=TANH(RLPAL2*(ZQSAT-ZQMAX))
(  470)       ZQSAT=0.5_JPRB*((1.0_JPRB-Z1S)*ZQSAT+(1.0_JPRB+Z1S)*ZQMAX)
(  471) 
(  472)       ZCOR=1.0_JPRB/(1.0_JPRB-RETV  *ZQSAT)
(  473)       ZQSAT=ZQSAT*ZCOR
(  474) 
(  475)       Z2S=    ZOEALFA *R5ALVCP*(1.0_JPRB/(ZTARG-R4LES)**2)+&
(  476)        & (1.0_JPRB-ZOEALFA)*R5ALSCP*(1.0_JPRB/(ZTARG-R4IES)**2)  
(  477)       ZCOND1=(PQ(JL,KK)-ZQSAT)/(1.0_JPRB+ZQSAT*ZCOR*Z2S)
(  478) 
(  479)       PT(JL,KK)=PT(JL,KK)+(ZOEALFA*RALVDCP+(1.0_JPRB-ZOEALFA)*RALSDCP)*ZCOND1
(  480) 
(  481)       PQ(JL,KK)=PQ(JL,KK)-ZCOND1
(  482) 
(  483)       ZTARG=PT(JL,KK)
(  484)       ZOEALFA=0.5_JPRB*(TANH(RLPAL1*(ZTARG-RLPTRC))+1.0_JPRB)
(  485)       ZFOEEWL=R2ES*EXP(R3LES*(ZTARG-RTT)/(ZTARG-R4LES))
(  486)       ZFOEEWI=R2ES*EXP(R3IES*(ZTARG-RTT)/(ZTARG-R4IES))
(  487)       ZQSAT=ZQP    *(ZOEALFA*ZFOEEWL+(1.0_JPRB-ZOEALFA)*ZFOEEWI)
(  488)       Z1S=TANH(RLPAL2*(ZQSAT-ZQMAX))
(  489)       ZQSAT=0.5_JPRB*((1.0_JPRB-Z1S)*ZQSAT+(1.0_JPRB+Z1S)*ZQMAX)
(  490) 
(  491)       ZCOR=1.0_JPRB/(1.0_JPRB-RETV  *ZQSAT)
(  492)       ZQSAT=ZQSAT*ZCOR
(  493) 
(  494)       Z2S=    ZOEALFA *R5ALVCP*(1.0_JPRB/(ZTARG-R4LES)**2)+&
(  495)        & (1.0_JPRB-ZOEALFA)*R5ALSCP*(1.0_JPRB/(ZTARG-R4IES)**2)  
(  496)       ZCOND1=(PQ(JL,KK)-ZQSAT)/(1.0_JPRB+ZQSAT*ZCOR*Z2S)
(  497) 
(  498)       PT(JL,KK)=PT(JL,KK)+(ZOEALFA*RALVDCP+(1.0_JPRB-ZOEALFA)*RALSDCP)*ZCOND1
(  499) 
(  500)       PQ(JL,KK)=PQ(JL,KK)-ZCOND1
(  501)     ENDDO
(  502) 
(  503)   ENDIF
(  504) 
(  505)   IF(KCALL == 4) THEN
(  506) 
(  507) !DIR$    IVDEP
(  508) !OCL NOVREC
(  509)     DO JL=KIDIA,KFDIA
(  510)       IF(LDFLAG(JL)) THEN
(  511)         ZQP    =1.0_JPRB/PSP(JL)
(  512) 
(  513)         ZTARG=PT(JL,KK)
(  514)         ZOEALFA=0.5_JPRB*(TANH(RLPAL1*(ZTARG-RLPTRC))+1.0_JPRB)






NVFORTRAN (Version     24.5)          03/19/2025  06:55:59      page 10

(  515)         ZFOEEWL=R2ES*EXP(R3LES*(ZTARG-RTT)/(ZTARG-R4LES))
(  516)         ZFOEEWI=R2ES*EXP(R3IES*(ZTARG-RTT)/(ZTARG-R4IES))
(  517)         ZQSAT=ZQP    *(ZOEALFA*ZFOEEWL+(1.0_JPRB-ZOEALFA)*ZFOEEWI)
(  518)         Z1S=TANH(RLPAL2*(ZQSAT-ZQMAX))
(  519)         ZQSAT=0.5_JPRB*((1.0_JPRB-Z1S)*ZQSAT+(1.0_JPRB+Z1S)*ZQMAX)
(  520)         
(  521)         ZCOR=1.0_JPRB/(1.0_JPRB-RETV  *ZQSAT)
(  522)         ZQSAT=ZQSAT*ZCOR
(  523)         
(  524)         Z2S=    ZOEALFA *R5ALVCP*(1.0_JPRB/(ZTARG-R4LES)**2)+&
(  525)          & (1.0_JPRB-ZOEALFA)*R5ALSCP*(1.0_JPRB/(ZTARG-R4IES)**2)  
(  526)         ZCOND=(PQ(JL,KK)-ZQSAT)/(1.0_JPRB+ZQSAT*ZCOR*Z2S)
(  527)         
(  528)         PT(JL,KK)=PT(JL,KK)+(ZOEALFA*RALVDCP+(1.0_JPRB-ZOEALFA)*RALSDCP)*ZCOND
(  529)         
(  530)         PQ(JL,KK)=PQ(JL,KK)-ZCOND
(  531)         
(  532)         ZTARG=PT(JL,KK)
(  533)         ZOEALFA=0.5_JPRB*(TANH(RLPAL1*(ZTARG-RLPTRC))+1.0_JPRB)
(  534)         ZFOEEWL=R2ES*EXP(R3LES*(ZTARG-RTT)/(ZTARG-R4LES))
(  535)         ZFOEEWI=R2ES*EXP(R3IES*(ZTARG-RTT)/(ZTARG-R4IES))
(  536)         ZQSAT=ZQP    *(ZOEALFA*ZFOEEWL+(1.0_JPRB-ZOEALFA)*ZFOEEWI)
(  537)         Z1S=TANH(RLPAL2*(ZQSAT-ZQMAX))
(  538)         ZQSAT=0.5_JPRB*((1.0_JPRB-Z1S)*ZQSAT+(1.0_JPRB+Z1S)*ZQMAX)
(  539)         
(  540)         ZQSAT=MIN(ZQMAX,ZQSAT)
(  541)         ZCOR=1.0_JPRB/(1.0_JPRB-RETV  *ZQSAT)
(  542)         ZQSAT=ZQSAT*ZCOR
(  543)         
(  544)         Z2S=    ZOEALFA *R5ALVCP*(1.0_JPRB/(ZTARG-R4LES)**2)+&
(  545)          & (1.0_JPRB-ZOEALFA)*R5ALSCP*(1.0_JPRB/(ZTARG-R4IES)**2)  
(  546)         ZCOND1=(PQ(JL,KK)-ZQSAT)/(1.0_JPRB+ZQSAT*ZCOR*Z2S)
(  547)         
(  548)         PT(JL,KK)=PT(JL,KK)+(ZOEALFA*RALVDCP+(1.0_JPRB-ZOEALFA)*RALSDCP)*ZCOND1
(  549) 
(  550)         PQ(JL,KK)=PQ(JL,KK)-ZCOND1
(  551)       ENDIF
(  552)     ENDDO
(  553) 
(  554)   ENDIF
(  555) 
(  556) !*********************************************
(  557) ENDIF
(  558) !*********************************************                 
(  559) 
(  560) END ASSOCIATE
(  561) 
(  562) !IF (LHOOK) CALL DR_HOOK('CUADJTQ',1,ZHOOK_HANDLE)
(  563) 
(  564) END SUBROUTINE CUADJTQ
(  565) 













NVFORTRAN (Version     24.5)          03/19/2025  06:55:59      page 11

(    1) # 1 "./cuadjtq.F90"
(    1) ! (C) Copyright 1988- ECMWF.
(    2) !
(    3) ! This software is licensed under the terms of the Apache Licence Version 2.0
(    4) ! which can be obtained at http://www.apache.org/licenses/LICENSE-2.0.
(    5) !
(    6) ! In applying this licence, ECMWF does not waive the privileges and immunities
(    7) ! granted to it by virtue of its status as an intergovernmental organisation
(    8) ! nor does it submit to any jurisdiction.
(    9) # 10 "./cuadjtq.F90"
(   10) SUBROUTINE CUADJTQ &
(   11)  & (YDTHF, YDCST, YDEPHLI,KIDIA,    KFDIA,    KLON,    KLEV,     KK,&
(   12)  &  PSP,      PT,       PQ,      LDFLAG,   KCALL,   LDOFLAG)  
(   13) # 14 "./cuadjtq.F90"
(   14) !          PURPOSE.
(   15) !          --------
(   16) !          TO PRODUCE T,Q AND L VALUES FOR CLOUD ASCENT
(   17) # 18 "./cuadjtq.F90"
(   18) !          INTERFACE
(   19) !          ---------
(   20) !          THIS ROUTINE IS CALLED FROM SUBROUTINES:
(   21) !              *COND*     (T AND Q AT CONDENSATION LEVEL)
(   22) !              *CUBASE*   (T AND Q AT CONDENSATION LEVEL)
(   23) !              *CUASC*    (T AND Q AT CLOUD LEVELS)
(   24) !              *CUINI*    (ENVIRONMENTAL T AND QS VALUES AT HALF LEVELS)
(   25) !              *CUSTRAT*  (T AND Q AT CONDENSATION LEVEL)
(   26) !          INPUT ARE UNADJUSTED T AND Q VALUES,
(   27) !          IT RETURNS ADJUSTED VALUES OF T AND Q
(   28) # 29 "./cuadjtq.F90"
(   29) !     PARAMETER     DESCRIPTION                                   UNITS
(   30) !     ---------     -----------                                   -----
(   31) !     INPUT PARAMETERS (INTEGER):
(   32) # 33 "./cuadjtq.F90"
(   33) !    *KIDIA*        START POINT
(   34) !    *KFDIA*        END POINT
(   35) !    *KLON*         NUMBER OF GRID POINTS PER PACKET
(   36) !    *KLEV*         NUMBER OF LEVELS
(   37) !    *KK*           LEVEL
(   38) !    *KCALL*        DEFINES CALCULATION AS
(   39) !                      KCALL=0  ENV. T AND QS IN*CUINI*
(   40) !                      KCALL=1  CONDENSATION IN UPDRAFTS  (E.G. CUBASE, CUASC)
(   41) !                      KCALL=2  EVAPORATION IN DOWNDRAFTS (E.G. CUDLFS,CUDDRAF)
(   42) # 43 "./cuadjtq.F90"
(   43) !     INPUT PARAMETERS (LOGICAL):
(   44) # 45 "./cuadjtq.F90"
(   45) !    *LDLAND*       LAND-SEA MASK (.TRUE. FOR LAND POINTS)
(   46) # 47 "./cuadjtq.F90"
(   47) !     INPUT PARAMETERS (REAL):
(   48) # 49 "./cuadjtq.F90"
(   49) !    *PSP*          PRESSURE                                        PA
(   50) # 51 "./cuadjtq.F90"
(   51) !     UPDATED PARAMETERS (REAL):
(   52) # 53 "./cuadjtq.F90"
(   53) !    *PT*           TEMPERATURE                                     K
(   54) !    *PQ*           SPECIFIC HUMIDITY                             KG/KG
(   55) # 56 "./cuadjtq.F90"
(   56) !          EXTERNALS   
(   57) !          ---------






NVFORTRAN (Version     24.5)          03/19/2025  06:55:59      page 12

(   58) !          3 LOOKUP TABLES ( TLUCUA, TLUCUB, TLUCUC )
(   59) !          FOR CONDENSATION CALCULATIONS.
(   60) !          THE TABLES ARE INITIALISED IN *SUPHEC*.
(   61) # 62 "./cuadjtq.F90"
(   62) !     AUTHOR.
(   63) !     -------
(   64) !      M.TIEDTKE         E.C.M.W.F.     12/89
(   65) # 66 "./cuadjtq.F90"
(   66) !     MODIFICATIONS.
(   67) !     --------------
(   68) !      J.HAGUE               03-01-13   MASS Vector Functions
(   69) !      J.HAGUE               03-07-07   More MASS V.F.
(   70) !      M.Hamrud              01-Oct-2003 CY28 Cleaning
(   71) !      J.Hague & D.Salmond   22-Nov-2005 Optimisations 
(   72) !     R. El Khatib 22-Jun-2022 A contribution to simplify phasing after the refactoring of YOMCLI/YOMCST/YOETHF.
(   73) !----------------------------------------------------------------------
(   74) # 75 "./cuadjtq.F90"
(   75) USE PARKIND1 , ONLY : JPIM     ,JPRB
(   76) USE YOMHOOK  , ONLY : LHOOK,   DR_HOOK, JPHOOK
(   77) # 78 "./cuadjtq.F90"
(   78) USE YOMCST   , ONLY : TCST
(   79) USE YOETHF   , ONLY : TTHF  
(   80) USE YOEPHLI  , ONLY : TEPHLI
(   81) # 82 "./cuadjtq.F90"
(   82) IMPLICIT NONE
(   83) # 84 "./cuadjtq.F90"
(   84) TYPE(TTHF)         ,INTENT(IN)               :: YDTHF
(   85) TYPE(TCST)         ,INTENT(IN)               :: YDCST
(   86) TYPE(TEPHLI)       ,INTENT(IN)               :: YDEPHLI
(   87) INTEGER(KIND=JPIM) ,INTENT(IN)               :: KIDIA 
(   88) INTEGER(KIND=JPIM) ,INTENT(IN)               :: KFDIA 
(   89) INTEGER(KIND=JPIM) ,INTENT(IN)               :: KLON 
(   90) INTEGER(KIND=JPIM) ,INTENT(IN)               :: KLEV 
(   91) INTEGER(KIND=JPIM) ,INTENT(IN)               :: KK 
(   92) REAL(KIND=JPRB)    ,INTENT(IN)               :: PSP(KLON) 
(   93) REAL(KIND=JPRB)    ,INTENT(INOUT)            :: PT(KLON,KLEV) 
(   94) REAL(KIND=JPRB)    ,INTENT(INOUT)            :: PQ(KLON,KLEV) 
(   95) LOGICAL            ,INTENT(IN)               :: LDFLAG(KLON) 
(   96) INTEGER(KIND=JPIM) ,INTENT(IN)               :: KCALL 
(   97) LOGICAL            ,INTENT(IN)    ,OPTIONAL  :: LDOFLAG(KLON) 
(   98) # 99 "./cuadjtq.F90"
(   99) INTEGER(KIND=JPIM) :: JL
(  100) # 101 "./cuadjtq.F90"
(  101) REAL(KIND=JPRB) :: Z1S, Z2S, ZCOND,ZCOND1, ZCOR, ZFOEEWI, ZFOEEWL,&
(  102)  & ZOEALFA, ZQMAX, ZQSAT, ZTARG, ZQP
(  103) REAL(KIND=JPRB) :: ZL, ZI, ZF
(  104) # 105 "./cuadjtq.F90"
(  105) LOGICAL :: LLFLAG(KLON)
(  106) # 107 "./cuadjtq.F90"
(  107) # 1 "./abor1.intfb.h"
(    1) INTERFACE
(    2) SUBROUTINE ABOR1 (CDMESS)
(    3) !$acc routine (ABOR1) seq
(    4) CHARACTER (LEN=*) :: CDMESS
(    5) END SUBROUTINE
(    6) # 7 "./abor1.intfb.h"
(    7) END INTERFACE
(    8) # 108 "./cuadjtq.F90"






NVFORTRAN (Version     24.5)          03/19/2025  06:55:59      page 13

(  108) # 109 "./cuadjtq.F90"
(  109) !DIR$ VFUNCTION EXPHF
(  110) # 110 "./cuadjtq.F90"
(  110) # 1 "./fcttre.func.h"
(    1) ! (C) Copyright 1988- ECMWF.
(    2) !
(    3) ! This software is licensed under the terms of the Apache Licence Version 2.0
(    4) ! which can be obtained at http://www.apache.org/licenses/LICENSE-2.0.
(    5) !
(    6) ! In applying this licence, ECMWF does not waive the privileges and immunities
(    7) ! granted to it by virtue of its status as an intergovernmental organisation
(    8) ! nor does it submit to any jurisdiction.
(    9) # 10 "./fcttre.func.h"
(   10) !*
(   11) !     ------------------------------------------------------------------
(   12) # 13 "./fcttre.func.h"
(   13) !     This COMDECK includes the Thermodynamical functions for the cy39
(   14) !       ECMWF Physics package.
(   15) !       Consistent with YOMCST Basic physics constants, assuming the
(   16) !       partial pressure of water vapour is given by a first order
(   17) !       Taylor expansion of Qs(T) w.r.t. to Temperature, using constants
(   18) !       in YOETHF
(   19) !       Two sets of functions are available. In the first set only the
(   20) !       cases water or ice are distinguished by temperature.  This set 
(   21) !       consists of the functions FOEDELTA,FOEEW,FOEDE and FOELH.
(   22) !       The second set considers, besides the two cases water and ice 
(   23) !       also a mix of both for the temperature range YDTHF%RTICE < T < YDTHF%RTWAT.
(   24) !       This set contains FOEALFA,FOEEWM,FOEDEM,FOELDCPM and FOELHM.
(   25) !       FKOOP modifies the ice saturation mixing ratio for homogeneous 
(   26) !       nucleation. FOE_DEWM_DT provides an approximate first derivative
(   27) !       of FOEEWM.
(   28) # 29 "./fcttre.func.h"
(   29) !       Depending on the consideration of mixed phases either the first 
(   30) !       set (e.g. surface, post-processing) or the second set 
(   31) !       (e.g. clouds, condensation, convection) should be used.
(   32) # 33 "./fcttre.func.h"
(   33) !     ------------------------------------------------------------------
(   34) !     *****************************************************************
(   35) # 36 "./fcttre.func.h"
(   36) !                NO CONSIDERATION OF MIXED PHASES
(   37) # 38 "./fcttre.func.h"
(   38) !     *****************************************************************
(   39) REAL(KIND=JPRB) :: FOEDELTA
(   40) REAL(KIND=JPRB) :: PTARE
(   41) FOEDELTA (PTARE) = MAX (0.0_JPRB,SIGN(1.0_JPRB,PTARE-YDCST%RTT))
(   42) # 43 "./fcttre.func.h"
(   43) !                  FOEDELTA = 1    water
(   44) !                  FOEDELTA = 0    ice
(   45) # 46 "./fcttre.func.h"
(   46) !     THERMODYNAMICAL FUNCTIONS .
(   47) # 48 "./fcttre.func.h"
(   48) !     Pressure of water vapour at saturation
(   49) !        INPUT : PTARE = TEMPERATURE
(   50) REAL(KIND=JPRB) :: FOEEW,FOEDE,FOEDESU,FOELH,FOELDCP
(   51) FOEEW ( PTARE ) = YDTHF%R2ES*EXP (&
(   52)   &(YDTHF%R3LES*FOEDELTA(PTARE)+YDTHF%R3IES*(1.0_JPRB-FOEDELTA(PTARE)))*(PTARE-YDCST%RTT)&
(   53) &/ (PTARE-(YDTHF%R4LES*FOEDELTA(PTARE)+YDTHF%R4IES*(1.0_JPRB-FOEDELTA(PTARE)))))
(   54) # 55 "./fcttre.func.h"






NVFORTRAN (Version     24.5)          03/19/2025  06:55:59      page 14

(   55) FOEDE ( PTARE ) = &
(   56)   &(FOEDELTA(PTARE)*YDTHF%R5ALVCP+(1.0_JPRB-FOEDELTA(PTARE))*YDTHF%R5ALSCP)&
(   57) &/ (PTARE-(YDTHF%R4LES*FOEDELTA(PTARE)+YDTHF%R4IES*(1.0_JPRB-FOEDELTA(PTARE))))**2
(   58) # 59 "./fcttre.func.h"
(   59) FOEDESU ( PTARE ) = &
(   60)   &(FOEDELTA(PTARE)*YDTHF%R5LES+(1.0_JPRB-FOEDELTA(PTARE))*YDTHF%R5IES)&
(   61) &/ (PTARE-(YDTHF%R4LES*FOEDELTA(PTARE)+YDTHF%R4IES*(1.0_JPRB-FOEDELTA(PTARE))))**2
(   62) # 63 "./fcttre.func.h"
(   63) FOELH ( PTARE ) =&
(   64)          &FOEDELTA(PTARE)*YDCST%RLVTT + (1.0_JPRB-FOEDELTA(PTARE))*YDCST%RLSTT
(   65) # 66 "./fcttre.func.h"
(   66) FOELDCP ( PTARE ) = &
(   67)          &FOEDELTA(PTARE)*YDTHF%RALVDCP + (1.0_JPRB-FOEDELTA(PTARE))*YDTHF%RALSDCP
(   68) # 69 "./fcttre.func.h"
(   69) !     *****************************************************************
(   70) # 71 "./fcttre.func.h"
(   71) !           CONSIDERATION OF MIXED PHASES
(   72) # 73 "./fcttre.func.h"
(   73) !     *****************************************************************
(   74) # 75 "./fcttre.func.h"
(   75) !     FOEALFA is calculated to distinguish the three cases:
(   76) # 77 "./fcttre.func.h"
(   77) !                       FOEALFA=1            water phase
(   78) !                       FOEALFA=0            ice phase
(   79) !                       0 < FOEALFA < 1      mixed phase
(   80) # 81 "./fcttre.func.h"
(   81) !               INPUT : PTARE = TEMPERATURE
(   82) REAL(KIND=JPRB) :: FOEALFA
(   83) FOEALFA (PTARE) = MIN(1.0_JPRB,((MAX(YDTHF%RTICE,MIN(YDTHF%RTWAT,PTARE))-YDTHF%RTICE)&
(   84)  &*YDTHF%RTWAT_RTICE_R)**2) 
(   85) # 87 "./fcttre.func.h"
(   87) !     Pressure of water vapour at saturation
(   88) !        INPUT : PTARE = TEMPERATURE
(   89) REAL(KIND=JPRB) :: FOEEWM,FOEDEM,FOELDCPM,FOELHM,FOE_DEWM_DT
(   90) FOEEWM ( PTARE ) = YDTHF%R2ES *&
(   91)      &(FOEALFA(PTARE)*EXP(YDTHF%R3LES*(PTARE-YDCST%RTT)/(PTARE-YDTHF%R4LES))+&
(   92)   &(1.0_JPRB-FOEALFA(PTARE))*EXP(YDTHF%R3IES*(PTARE-YDCST%RTT)/(PTARE-YDTHF%R4IES)))
(   93) # 94 "./fcttre.func.h"
(   94) FOE_DEWM_DT( PTARE ) = YDTHF%R2ES * ( &
(   95)      & YDTHF%R3LES*FOEALFA(PTARE)*EXP(YDTHF%R3LES*(PTARE-YDCST%RTT)/(PTARE-YDTHF%R4LES)) &
(   96)      &    *(YDCST%RTT-YDTHF%R4LES)/(PTARE-YDTHF%R4LES)**2 + &
(   97)      & YDTHF%R3IES*(1.0-FOEALFA(PTARE))*EXP(YDTHF%R3IES*(PTARE-YDCST%RTT)/(PTARE-YDTHF%R4IES)) &
(   98)      &    *(YDCST%RTT-YDTHF%R4IES)/(PTARE-YDTHF%R4IES)**2)
(   99) # 100 "./fcttre.func.h"
(  100) FOEDEM ( PTARE ) = FOEALFA(PTARE)*YDTHF%R5ALVCP*(1.0_JPRB/(PTARE-YDTHF%R4LES)**2)+&
(  101)              &(1.0_JPRB-FOEALFA(PTARE))*YDTHF%R5ALSCP*(1.0_JPRB/(PTARE-YDTHF%R4IES)**2)
(  102) # 103 "./fcttre.func.h"
(  103) FOELDCPM ( PTARE ) = FOEALFA(PTARE)*YDTHF%RALVDCP+&
(  104)             &(1.0_JPRB-FOEALFA(PTARE))*YDTHF%RALSDCP
(  105) # 106 "./fcttre.func.h"
(  106) FOELHM ( PTARE ) =&
(  107)          &FOEALFA(PTARE)*YDCST%RLVTT+(1.0_JPRB-FOEALFA(PTARE))*YDCST%RLSTT
(  108) # 110 "./fcttre.func.h"
(  110) !     Temperature normalization for humidity background change of variable
(  111) !        INPUT : PTARE = TEMPERATURE
(  112) REAL(KIND=JPRB) :: FOETB
(  113) FOETB ( PTARE )=FOEALFA(PTARE)*YDTHF%R3LES*(YDCST%RTT-YDTHF%R4LES)*(1.0_JPRB/(PTARE-YDTHF%R4LES)**2)+&
(  114)              &(1.0_JPRB-FOEALFA(PTARE))*YDTHF%R3IES*(YDCST%RTT-YDTHF%R4IES)*(1.0_JPRB/(PTARE-YDTHF%R4IES)**2)






NVFORTRAN (Version     24.5)          03/19/2025  06:55:59      page 15

(  115) # 116 "./fcttre.func.h"
(  116) !     ------------------------------------------------------------------
(  117) !     *****************************************************************
(  118) # 119 "./fcttre.func.h"
(  119) !           CONSIDERATION OF DIFFERENT MIXED PHASE FOR CONV
(  120) # 121 "./fcttre.func.h"
(  121) !     *****************************************************************
(  122) # 123 "./fcttre.func.h"
(  123) !     FOEALFCU is calculated to distinguish the three cases:
(  124) # 125 "./fcttre.func.h"
(  125) !                       FOEALFCU=1            water phase
(  126) !                       FOEALFCU=0            ice phase
(  127) !                       0 < FOEALFCU < 1      mixed phase
(  128) # 129 "./fcttre.func.h"
(  129) !               INPUT : PTARE = TEMPERATURE
(  130) REAL(KIND=JPRB) :: FOEALFCU 
(  131) FOEALFCU (PTARE) = MIN(1.0_JPRB,((MAX(YDTHF%RTICECU,MIN(YDTHF%RTWAT,PTARE))&
(  132) &-YDTHF%RTICECU)*YDTHF%RTWAT_RTICECU_R)**2) 
(  133) # 135 "./fcttre.func.h"
(  135) !     Pressure of water vapour at saturation
(  136) !        INPUT : PTARE = TEMPERATURE
(  137) REAL(KIND=JPRB) :: FOEEWMCU,FOEDEMCU,FOELDCPMCU,FOELHMCU
(  138) FOEEWMCU ( PTARE ) = YDTHF%R2ES *&
(  139)      &(FOEALFCU(PTARE)*EXP(YDTHF%R3LES*(PTARE-YDCST%RTT)/(PTARE-YDTHF%R4LES))+&
(  140)   &(1.0_JPRB-FOEALFCU(PTARE))*EXP(YDTHF%R3IES*(PTARE-YDCST%RTT)/(PTARE-YDTHF%R4IES)))
(  141) # 142 "./fcttre.func.h"
(  142) FOEDEMCU ( PTARE )=FOEALFCU(PTARE)*YDTHF%R5ALVCP*(1.0_JPRB/(PTARE-YDTHF%R4LES)**2)+&
(  143)              &(1.0_JPRB-FOEALFCU(PTARE))*YDTHF%R5ALSCP*(1.0_JPRB/(PTARE-YDTHF%R4IES)**2)
(  144) # 145 "./fcttre.func.h"
(  145) FOELDCPMCU ( PTARE ) = FOEALFCU(PTARE)*YDTHF%RALVDCP+&
(  146)             &(1.0_JPRB-FOEALFCU(PTARE))*YDTHF%RALSDCP
(  147) # 148 "./fcttre.func.h"
(  148) FOELHMCU ( PTARE ) =&
(  149)          &FOEALFCU(PTARE)*YDCST%RLVTT+(1.0_JPRB-FOEALFCU(PTARE))*YDCST%RLSTT
(  150) !     ------------------------------------------------------------------
(  151) # 152 "./fcttre.func.h"
(  152) !     Pressure of water vapour at saturation
(  153) !     This one is for the WMO definition of saturation, i.e. always
(  154) !     with respect to water.
(  155) !     
(  156) !     Duplicate to FOEELIQ and FOEEICE for separate ice variable
(  157) !     FOEELIQ always respect to water 
(  158) !     FOEEICE always respect to ice 
(  159) !     FOEELIQ2ICE is the ratio of vapour pressures over water and ice 
(  160) !       (analytically simplified to avoid a suspected Cray compiler bug and using a single call to exp)
(  161) !     (could use FOEEW and FOEEWMO, but naming convention unclear)
(  162) !     FOELSON returns e wrt liquid water using D Sonntag (1994, Met. Zeit.)
(  163) !      - now recommended for use with radiosonde data (WMO CIMO guide, 2014)
(  164) !      unlike the FOEE functions does not include 1/(YDCST%RETV+1.0_JPRB) factor
(  165) # 166 "./fcttre.func.h"
(  166) REAL(KIND=JPRB) :: FOEEWMO, FOEELIQ, FOEEICE, FOEELIQ2ICE, FOELSON 
(  167) FOEEWMO( PTARE ) = YDTHF%R2ES*EXP(YDTHF%R3LES*(PTARE-YDCST%RTT)/(PTARE-YDTHF%R4LES))
(  168) FOEELIQ( PTARE ) = YDTHF%R2ES*EXP(YDTHF%R3LES*(PTARE-YDCST%RTT)/(PTARE-YDTHF%R4LES))
(  169) FOEEICE( PTARE ) = YDTHF%R2ES*EXP(YDTHF%R3IES*(PTARE-YDCST%RTT)/(PTARE-YDTHF%R4IES))
(  170) FOEELIQ2ICE( PTARE )  = EXP(      (PTARE-YDCST%RTT)*(YDTHF%R3LES/(PTARE-YDTHF%R4LES) - YDTHF%R3IES/(PTARE-YDTHF%R4IES)))
(  171) FOELSON( PTARE ) = EXP( -6096.9385_JPRB/PTARE + 21.2409642_JPRB &
(  172) 	             - 2.711193E-2_JPRB * PTARE    &
(  173)                      + 1.673952E-5_JPRB * PTARE**2 &






NVFORTRAN (Version     24.5)          03/19/2025  06:55:59      page 16

(  174) 		     + 2.433502_JPRB * LOG(PTARE))
(  175) # 176 "./fcttre.func.h"
(  176) REAL(KIND=JPRB) :: FOEEWM_V,FOEEWMCU_V,FOELES_V,FOEIES_V
(  177) REAL(KIND=JPRB) :: EXP1,EXP2
(  178)       FOELES_V(PTARE)=YDTHF%R3LES*(PTARE-YDCST%RTT)/(PTARE-YDTHF%R4LES)
(  179)       FOEIES_V(PTARE)=YDTHF%R3IES*(PTARE-YDCST%RTT)/(PTARE-YDTHF%R4IES)
(  180)       FOEEWM_V( PTARE,EXP1,EXP2 )=YDTHF%R2ES*(FOEALFA(PTARE)*EXP1+ &
(  181)           & (1.0_JPRB-FOEALFA(PTARE))*EXP2)
(  182)       FOEEWMCU_V ( PTARE,EXP1,EXP2 ) = YDTHF%R2ES*(FOEALFCU(PTARE)*EXP1+&
(  183)           &(1.0_JPRB-FOEALFCU(PTARE))*EXP2)
(  184) # 111 "./cuadjtq.F90"
(  111) # 111 "./cuadjtq.F90"
(  111) # 1 "./cuadjtq.func.h"
(    1) # 2 "./cuadjtq.func.h"
(    2) REAL(KIND=JPRB) :: FMINJ, FMAXJ, X, Y
(    3) FMINJ(X,Y) = Y - 0.5_JPRB*(ABS(X-Y)-(X-Y))
(    4) FMAXJ(X,Y) = Y + 0.5_JPRB*(ABS(X-Y)+(X-Y))
(    5) # 112 "./cuadjtq.F90"
(  112) # 113 "./cuadjtq.F90"
(  113) !     STATEMENT FUNCTIONS
(  114) # 115 "./cuadjtq.F90"
(  115) REAL(KIND=JPHOOK) :: ZHOOK_HANDLE
(  116) # 117 "./cuadjtq.F90"
(  117) !----------------------------------------------------------------------
(  118) # 119 "./cuadjtq.F90"
(  119) !     1.           DEFINE CONSTANTS
(  120) !                  ----------------
(  121) # 123 "./cuadjtq.F90"
(  123) !IF (LHOOK) CALL DR_HOOK('CUADJTQ',0,ZHOOK_HANDLE)
(  124) # 125 "./cuadjtq.F90"
(  125) ASSOCIATE(LPHYLIN=>YDEPHLI%LPHYLIN, RLPAL1=>YDEPHLI%RLPAL1, &
(  126)  & R2ES=>YDTHF%R2ES, R3IES=>YDTHF%R3IES, R3LES=>YDTHF%R3LES, R4IES=>YDTHF%R4IES, &
(  127)  & R4LES=>YDTHF%R4LES, R5ALSCP=>YDTHF%R5ALSCP, R5ALVCP=>YDTHF%R5ALVCP, RALSDCP=>YDTHF%RALSDCP, &
(  128)  & RALVDCP=>YDTHF%RALVDCP, &
(  129)  & RLPAL2=>YDEPHLI%RLPAL2, RLPTRC=>YDEPHLI%RLPTRC, RETV=>YDCST%RETV, RTT=>YDCST%RTT)
(  130) # 131 "./cuadjtq.F90"
(  131) ZQMAX=0.5_JPRB
(  132) # 133 "./cuadjtq.F90"
(  133) !*********************************************
(  134) IF (.NOT.LPHYLIN) THEN
(  135) !*********************************************                 
(  136) # 137 "./cuadjtq.F90"
(  137) !     2.           CALCULATE CONDENSATION AND ADJUST T AND Q ACCORDINGLY
(  138) !                  -----------------------------------------------------
(  139) # 140 "./cuadjtq.F90"
(  140)   IF (KCALL == 1 .OR. KCALL == 6 ) THEN
(  141) # 142 "./cuadjtq.F90"
(  142) !   mixed phase saturation
(  143) # 144 "./cuadjtq.F90"
(  144)       LLFLAG(KIDIA:KFDIA) = LDFLAG(KIDIA:KFDIA)
(  145)       IF(KCALL == 6) THEN
(  146)         IF(PRESENT(LDOFLAG)) THEN
(  147)           LLFLAG(KIDIA:KFDIA) = LLFLAG(KIDIA:KFDIA) .AND. .NOT.LDOFLAG(KIDIA:KFDIA)
(  148)         ELSE
(  149)           CALL ABOR1("CUADJTQ: LDOFLAG has to be present when KCALL==6")
(  150)         ENDIF
(  151)       ENDIF
(  152) # 153 "./cuadjtq.F90"






NVFORTRAN (Version     24.5)          03/19/2025  06:55:59      page 17

(  153)       DO JL=KIDIA,KFDIA
(  154)       IF (LLFLAG(JL)) THEN
(  155)         ZQP    =1.0_JPRB/PSP(JL)
(  156)         ZL=1.0_JPRB/(PT(JL,KK)-R4LES)
(  157)         ZI=1.0_JPRB/(PT(JL,KK)-R4IES)
(  158) !       ZQSAT=FOEEWMCU(PT(JL,KK))*ZQP
(  159)         ZQSAT=R2ES *(FOEALFCU(PT(JL,KK))*EXP(R3LES*(PT(JL,KK)-RTT)*ZL)+&
(  160)           &(1.0_JPRB-FOEALFCU(PT(JL,KK)))*EXP(R3IES*(PT(JL,KK)-RTT)*ZI))
(  161)         ZQSAT=ZQSAT*ZQP
(  162)         ZQSAT=MIN(0.5_JPRB,ZQSAT)
(  163)         ZCOR=1.0_JPRB-RETV*ZQSAT
(  164)         ZF=FOEALFCU(PT(JL,KK))*R5ALVCP*ZL**2 +&
(  165)           &(1.0_JPRB-FOEALFCU(PT(JL,KK)))*R5ALSCP*ZI**2
(  166)         ZCOND=(PQ(JL,KK)*ZCOR**2-ZQSAT*ZCOR)/(ZCOR**2+ZQSAT*ZF)
(  167)         ZCOND=MAX(ZCOND,0.0_JPRB)
(  168)         PT(JL,KK)=PT(JL,KK)+FOELDCPMCU(PT(JL,KK))*ZCOND
(  169)         PQ(JL,KK)=PQ(JL,KK)-ZCOND
(  170)         ZL=1.0_JPRB/(PT(JL,KK)-R4LES)
(  171)         ZI=1.0_JPRB/(PT(JL,KK)-R4IES)
(  172) !       ZQSAT=FOEEWMCU(PT(JL,KK))*ZQP
(  173)         ZQSAT=R2ES *(FOEALFCU(PT(JL,KK))*EXP(R3LES*(PT(JL,KK)-RTT)*ZL)+&
(  174)           &(1.0_JPRB-FOEALFCU(PT(JL,KK)))*EXP(R3IES*(PT(JL,KK)-RTT)*ZI))
(  175)         ZQSAT=ZQSAT*ZQP
(  176)         ZQSAT=FMINJ(0.5_JPRB,ZQSAT)
(  177)         ZCOR=1.0_JPRB-RETV*ZQSAT
(  178)         ZF=FOEALFCU(PT(JL,KK))*R5ALVCP*ZL**2 +&
(  179)           &(1.0_JPRB-FOEALFCU(PT(JL,KK)))*R5ALSCP*ZI**2
(  180)         ZCOND1=(PQ(JL,KK)*ZCOR**2-ZQSAT*ZCOR)/(ZCOR**2+ZQSAT*ZF)
(  181)         IF(ZCOND ==  0.0_JPRB)ZCOND1=0.0_JPRB
(  182)         PT(JL,KK)=PT(JL,KK)+FOELDCPMCU(PT(JL,KK))*ZCOND1
(  183)         PQ(JL,KK)=PQ(JL,KK)-ZCOND1
(  184)       ENDIF
(  185)       ENDDO
(  186) # 187 "./cuadjtq.F90"
(  187)       IF(KCALL==6) THEN
(  188)   
(  189)         DO JL=KIDIA,KFDIA
(  190)         IF(LDFLAG(JL).AND.LDOFLAG(JL)) THEN
(  191)           ZQP    =1.0_JPRB/PSP(JL)
(  192)           ZL=1.0_JPRB/(PT(JL,KK)-R4LES)
(  193)           ZQSAT=R2ES *EXP(R3LES*(PT(JL,KK)-RTT)*ZL)
(  194)           ZQSAT=ZQSAT*ZQP
(  195)           ZQSAT=MIN(0.5_JPRB,ZQSAT)
(  196)           ZCOR=1.0_JPRB-RETV*ZQSAT
(  197)           ZF=R5ALVCP*ZL**2
(  198)           ZCOND=(PQ(JL,KK)*ZCOR**2-ZQSAT*ZCOR)/(ZCOR**2+ZQSAT*ZF)
(  199)           ZCOND=MAX(ZCOND,0.0_JPRB)
(  200)           PT(JL,KK)=PT(JL,KK)+RALVDCP*ZCOND
(  201)           PQ(JL,KK)=PQ(JL,KK)-ZCOND
(  202)           ZL=1.0_JPRB/(PT(JL,KK)-R4LES)
(  203)           ZQSAT=R2ES *EXP(R3LES*(PT(JL,KK)-RTT)*ZL)
(  204)           ZQSAT=ZQSAT*ZQP
(  205)           ZQSAT=FMINJ(0.5_JPRB,ZQSAT)
(  206)           ZCOR=1.0_JPRB-RETV*ZQSAT
(  207)           ZF=R5ALVCP*ZL**2
(  208)           ZCOND1=(PQ(JL,KK)*ZCOR**2-ZQSAT*ZCOR)/(ZCOR**2+ZQSAT*ZF)
(  209)           IF(ZCOND ==  0.0_JPRB)ZCOND1=0.0_JPRB
(  210)           PT(JL,KK)=PT(JL,KK)+RALVDCP*ZCOND1






NVFORTRAN (Version     24.5)          03/19/2025  06:55:59      page 18

(  211)           PQ(JL,KK)=PQ(JL,KK)-ZCOND1
(  212)         ENDIF
(  213)         ENDDO
(  214)   
(  215)       ENDIF
(  216) # 217 "./cuadjtq.F90"
(  217)   ENDIF
(  218) # 219 "./cuadjtq.F90"
(  219)   IF(KCALL == 2) THEN
(  220) # 221 "./cuadjtq.F90"
(  221) !DIR$    IVDEP
(  222) !OCL NOVREC
(  223)     DO JL=KIDIA,KFDIA
(  224)       IF(LDFLAG(JL)) THEN
(  225)         ZQP    =1.0_JPRB/PSP(JL)
(  226)         ZQSAT=FOEEWMCU(PT(JL,KK))*ZQP    
(  227)         ZQSAT=MIN(0.5_JPRB,ZQSAT)
(  228)         ZCOR=1.0_JPRB/(1.0_JPRB-RETV  *ZQSAT)
(  229)         ZQSAT=ZQSAT*ZCOR
(  230)         ZCOND=(PQ(JL,KK)-ZQSAT)/(1.0_JPRB+ZQSAT*ZCOR*FOEDEMCU(PT(JL,KK)))
(  231)         ZCOND=MIN(ZCOND,0.0_JPRB)
(  232)         PT(JL,KK)=PT(JL,KK)+FOELDCPMCU(PT(JL,KK))*ZCOND
(  233)         PQ(JL,KK)=PQ(JL,KK)-ZCOND
(  234)         ZQSAT=FOEEWMCU(PT(JL,KK))*ZQP    
(  235)         ZQSAT=MIN(0.5_JPRB,ZQSAT)
(  236)         ZCOR=1.0_JPRB/(1.0_JPRB-RETV  *ZQSAT)
(  237)         ZQSAT=ZQSAT*ZCOR
(  238)         ZCOND1=(PQ(JL,KK)-ZQSAT)/(1.0_JPRB+ZQSAT*ZCOR*FOEDEMCU(PT(JL,KK)))
(  239)         IF(ZCOND == 0.0_JPRB)ZCOND1=MIN(ZCOND1,0.0_JPRB)
(  240)         PT(JL,KK)=PT(JL,KK)+FOELDCPMCU(PT(JL,KK))*ZCOND1
(  241)         PQ(JL,KK)=PQ(JL,KK)-ZCOND1
(  242)       ENDIF
(  243)     ENDDO
(  244) # 245 "./cuadjtq.F90"
(  245)   ENDIF
(  246) # 247 "./cuadjtq.F90"
(  247)   IF(KCALL == 0) THEN
(  248) # 249 "./cuadjtq.F90"
(  249) !DIR$    IVDEP
(  250) !OCL NOVREC
(  251) # 252 "./cuadjtq.F90"
(  252) !DIR$ LOOP_INFO EST_TRIPS(16)
(  253)     DO JL=KIDIA,KFDIA
(  254)       ZQP    =1.0_JPRB/PSP(JL)
(  255)       ZQSAT=FOEEWM(PT(JL,KK))*ZQP    
(  256)       ZQSAT=MIN(0.5_JPRB,ZQSAT)
(  257)       ZCOR=1.0_JPRB/(1.0_JPRB-RETV  *ZQSAT)
(  258)       ZQSAT=ZQSAT*ZCOR
(  259)       ZCOND1=(PQ(JL,KK)-ZQSAT)/(1.0_JPRB+ZQSAT*ZCOR*FOEDEM(PT(JL,KK)))
(  260)       PT(JL,KK)=PT(JL,KK)+FOELDCPM(PT(JL,KK))*ZCOND1
(  261)       PQ(JL,KK)=PQ(JL,KK)-ZCOND1
(  262)       ZQSAT=FOEEWM(PT(JL,KK))*ZQP    
(  263)       ZQSAT=MIN(0.5_JPRB,ZQSAT)
(  264)       ZCOR=1.0_JPRB/(1.0_JPRB-RETV  *ZQSAT)
(  265)       ZQSAT=ZQSAT*ZCOR
(  266)       ZCOND1=(PQ(JL,KK)-ZQSAT)/(1.0_JPRB+ZQSAT*ZCOR*FOEDEM(PT(JL,KK)))
(  267)       PT(JL,KK)=PT(JL,KK)+FOELDCPM(PT(JL,KK))*ZCOND1
(  268)       PQ(JL,KK)=PQ(JL,KK)-ZCOND1






NVFORTRAN (Version     24.5)          03/19/2025  06:55:59      page 19

(  269)     ENDDO
(  270) # 271 "./cuadjtq.F90"
(  271)   ENDIF
(  272) # 273 "./cuadjtq.F90"
(  273)   IF(KCALL == 4 )THEN
(  274) # 275 "./cuadjtq.F90"
(  275)     DO JL=KIDIA,KFDIA
(  276)       IF(LDFLAG(JL)) THEN
(  277)         ZQP    =1.0_JPRB/PSP(JL)
(  278)         ZQSAT=FOEEWM(PT(JL,KK))*ZQP
(  279)         ZQSAT=MIN(0.5_JPRB,ZQSAT)
(  280)         ZCOR=1.0_JPRB/(1.0_JPRB-RETV  *ZQSAT)
(  281)         ZQSAT=ZQSAT*ZCOR
(  282)         ZCOND=(PQ(JL,KK)-ZQSAT)/(1.0_JPRB+ZQSAT*ZCOR*FOEDEM(PT(JL,KK)))
(  283)         PT(JL,KK)=PT(JL,KK)+FOELDCPM(PT(JL,KK))*ZCOND
(  284)         PQ(JL,KK)=PQ(JL,KK)-ZCOND
(  285)         ZQSAT=FOEEWM(PT(JL,KK))*ZQP
(  286)         ZQSAT=MIN(0.5_JPRB,ZQSAT)
(  287)         ZCOR=1.0_JPRB/(1.0_JPRB-RETV  *ZQSAT)
(  288)         ZQSAT=ZQSAT*ZCOR
(  289)         ZCOND1=(PQ(JL,KK)-ZQSAT)/(1.0_JPRB+ZQSAT*ZCOR*FOEDEM(PT(JL,KK)))
(  290)         PT(JL,KK)=PT(JL,KK)+FOELDCPM(PT(JL,KK))*ZCOND1
(  291)         PQ(JL,KK)=PQ(JL,KK)-ZCOND1
(  292)       ENDIF
(  293)     ENDDO
(  294)       
(  295)   ENDIF 
(  296) # 297 "./cuadjtq.F90"
(  297)   IF(KCALL == 5) THEN  ! Same as 4 but with LDFLAG all true
(  298) # 299 "./cuadjtq.F90"
(  299) !OCL NOVREC
(  300) !DIR$    IVDEP
(  301) !DIR$ LOOP_INFO EST_TRIPS(16)
(  302)       DO JL=KIDIA,KFDIA
(  303)         ZQP    =1.0_JPRB/PSP(JL)
(  304)         ZQSAT=FOEEWM(PT(JL,KK))*ZQP    
(  305)         ZQSAT=MIN(0.5_JPRB,ZQSAT)
(  306)         ZCOR=1.0_JPRB/(1.0_JPRB-RETV  *ZQSAT)
(  307)         ZQSAT=ZQSAT*ZCOR
(  308)         ZCOND=(PQ(JL,KK)-ZQSAT)/(1.0_JPRB+ZQSAT*ZCOR*FOEDEM(PT(JL,KK)))
(  309)         PT(JL,KK)=PT(JL,KK)+FOELDCPM(PT(JL,KK))*ZCOND
(  310)         PQ(JL,KK)=PQ(JL,KK)-ZCOND
(  311)         ZQSAT=FOEEWM(PT(JL,KK))*ZQP    
(  312)         ZQSAT=MIN(0.5_JPRB,ZQSAT)
(  313)         ZCOR=1.0_JPRB/(1.0_JPRB-RETV  *ZQSAT)
(  314)         ZQSAT=ZQSAT*ZCOR
(  315)         ZCOND1=(PQ(JL,KK)-ZQSAT)/(1.0_JPRB+ZQSAT*ZCOR*FOEDEM(PT(JL,KK)))
(  316)         PT(JL,KK)=PT(JL,KK)+FOELDCPM(PT(JL,KK))*ZCOND1
(  317)         PQ(JL,KK)=PQ(JL,KK)-ZCOND1
(  318)       ENDDO
(  319)   ENDIF 
(  320) # 321 "./cuadjtq.F90"
(  321)   IF(KCALL == 3) THEN 
(  322) !DIR$ LOOP_INFO EST_TRIPS(16)
(  323)       DO JL=KIDIA,KFDIA
(  324)         ZQP    =1.0_JPRB/PSP(JL)
(  325)         ZQSAT=FOEEWMCU(PT(JL,KK))*ZQP
(  326)         ZQSAT=MIN(0.5_JPRB,ZQSAT)






NVFORTRAN (Version     24.5)          03/19/2025  06:55:59      page 20

(  327)         ZCOR=1.0_JPRB/(1.0_JPRB-RETV  *ZQSAT)
(  328)         ZQSAT=ZQSAT*ZCOR
(  329)         ZCOND1=(PQ(JL,KK)-ZQSAT)/(1.0_JPRB+ZQSAT*ZCOR*FOEDEMCU(PT(JL,KK)))
(  330)         PT(JL,KK)=PT(JL,KK)+FOELDCPMCU(PT(JL,KK))*ZCOND1
(  331)         PQ(JL,KK)=PQ(JL,KK)-ZCOND1
(  332)         ZQSAT=FOEEWMCU(PT(JL,KK))*ZQP
(  333)         ZQSAT=MIN(0.5_JPRB,ZQSAT)
(  334)         ZCOR=1.0_JPRB/(1.0_JPRB-RETV  *ZQSAT)
(  335)         ZQSAT=ZQSAT*ZCOR
(  336)         ZCOND1=(PQ(JL,KK)-ZQSAT)/(1.0_JPRB+ZQSAT*ZCOR*FOEDEMCU(PT(JL,KK)))
(  337)         PT(JL,KK)=PT(JL,KK)+FOELDCPMCU(PT(JL,KK))*ZCOND1
(  338)         PQ(JL,KK)=PQ(JL,KK)-ZCOND1
(  339)       ENDDO
(  340) # 341 "./cuadjtq.F90"
(  341)   ENDIF
(  342) !*********************************************
(  343) ELSE
(  344) !*********************************************                 
(  345) # 346 "./cuadjtq.F90"
(  346) !     2.           CALCULATE CONDENSATION AND ADJUST T AND Q ACCORDINGLY
(  347) !                  -----------------------------------------------------
(  348) # 349 "./cuadjtq.F90"
(  349)   IF (KCALL == 1 ) THEN
(  350) # 351 "./cuadjtq.F90"
(  351) !DIR$    IVDEP
(  352) !OCL NOVREC
(  353) !DIR$ LOOP_INFO EST_TRIPS(16)
(  354)     DO JL=KIDIA,KFDIA
(  355)       IF(LDFLAG(JL)) THEN
(  356)         ZQP    =1.0_JPRB/PSP(JL)
(  357)         ZTARG=PT(JL,KK)
(  358)         ZOEALFA=0.5_JPRB*(TANH(RLPAL1*(ZTARG-RLPTRC))+1.0_JPRB)
(  359)         ZFOEEWL=R2ES*EXP(R3LES*(ZTARG-RTT)/(ZTARG-R4LES))
(  360)         ZFOEEWI=R2ES*EXP(R3IES*(ZTARG-RTT)/(ZTARG-R4IES))
(  361)         ZQSAT=ZQP    *(ZOEALFA*ZFOEEWL+(1.0_JPRB-ZOEALFA)*ZFOEEWI)
(  362)         Z1S=TANH(RLPAL2*(ZQSAT-ZQMAX))
(  363)         ZQSAT=0.5_JPRB*((1.0_JPRB-Z1S)*ZQSAT+(1.0_JPRB+Z1S)*ZQMAX)
(  364) # 365 "./cuadjtq.F90"
(  365)         ZCOR=1.0_JPRB/(1.0_JPRB-RETV  *ZQSAT)
(  366)         ZQSAT=ZQSAT*ZCOR
(  367) # 368 "./cuadjtq.F90"
(  368)         Z2S=    ZOEALFA *R5ALVCP*(1.0_JPRB/(ZTARG-R4LES)**2)+&
(  369)          & (1.0_JPRB-ZOEALFA)*R5ALSCP*(1.0_JPRB/(ZTARG-R4IES)**2)  
(  370)         ZCOND=(PQ(JL,KK)-ZQSAT)/(1.0_JPRB+ZQSAT*ZCOR*Z2S)
(  371) # 372 "./cuadjtq.F90"
(  372)         ZCOND=MAX(ZCOND,0.0_JPRB)
(  373) # 374 "./cuadjtq.F90"
(  374)         IF(ZCOND /= 0.0_JPRB) THEN
(  375) # 376 "./cuadjtq.F90"
(  376)           PT(JL,KK)=PT(JL,KK)+&
(  377)            & (ZOEALFA*RALVDCP+(1.0_JPRB-ZOEALFA)*RALSDCP)*ZCOND  
(  378)           PQ(JL,KK)=PQ(JL,KK)-ZCOND
(  379)           ZTARG=PT(JL,KK)
(  380)           ZOEALFA=0.5_JPRB*(TANH(RLPAL1*(ZTARG-RLPTRC))+1.0_JPRB)
(  381)           ZFOEEWL=R2ES*EXP(R3LES*(ZTARG-RTT)/(ZTARG-R4LES))
(  382)           ZFOEEWI=R2ES*EXP(R3IES*(ZTARG-RTT)/(ZTARG-R4IES))
(  383)           ZQSAT=ZQP    *(ZOEALFA*ZFOEEWL+(1.0_JPRB-ZOEALFA)*ZFOEEWI)
(  384)           Z1S=TANH(RLPAL2*(ZQSAT-ZQMAX))






NVFORTRAN (Version     24.5)          03/19/2025  06:55:59      page 21

(  385)           ZQSAT=0.5_JPRB*((1.0_JPRB-Z1S)*ZQSAT+(1.0_JPRB+Z1S)*ZQMAX)
(  386)   
(  387)           ZCOR=1.0_JPRB/(1.0_JPRB-RETV  *ZQSAT)
(  388)           ZQSAT=ZQSAT*ZCOR
(  389)   
(  390)           Z2S=    ZOEALFA *R5ALVCP*(1.0_JPRB/(ZTARG-R4LES)**2)+&
(  391)            & (1.0_JPRB-ZOEALFA)*R5ALSCP*(1.0_JPRB/(ZTARG-R4IES)**2)  
(  392)           ZCOND1=(PQ(JL,KK)-ZQSAT)/(1.0_JPRB+ZQSAT*ZCOR*Z2S)
(  393)   
(  394)           PT(JL,KK)=PT(JL,KK)+(ZOEALFA*RALVDCP+(1.0_JPRB-ZOEALFA)*RALSDCP)*ZCOND1
(  395)   
(  396)           PQ(JL,KK)=PQ(JL,KK)-ZCOND1
(  397)         ENDIF
(  398)       ENDIF
(  399)     ENDDO
(  400) # 401 "./cuadjtq.F90"
(  401)   ENDIF
(  402) # 403 "./cuadjtq.F90"
(  403)   IF(KCALL == 2) THEN
(  404) # 405 "./cuadjtq.F90"
(  405) !DIR$    IVDEP
(  406) !OCL NOVREC
(  407)     DO JL=KIDIA,KFDIA
(  408)       IF(LDFLAG(JL)) THEN
(  409)         ZQP    =1.0_JPRB/PSP(JL)
(  410) # 411 "./cuadjtq.F90"
(  411)         ZTARG=PT(JL,KK)
(  412)         ZOEALFA=0.5_JPRB*(TANH(RLPAL1*(ZTARG-RLPTRC))+1.0_JPRB)
(  413)         ZFOEEWL=R2ES*EXP(R3LES*(ZTARG-RTT)/(ZTARG-R4LES))
(  414)         ZFOEEWI=R2ES*EXP(R3IES*(ZTARG-RTT)/(ZTARG-R4IES))
(  415)         ZQSAT=ZQP    *(ZOEALFA*ZFOEEWL+(1.0_JPRB-ZOEALFA)*ZFOEEWI)
(  416)         Z1S=TANH(RLPAL2*(ZQSAT-ZQMAX))
(  417)         ZQSAT=0.5_JPRB*((1.0_JPRB-Z1S)*ZQSAT+(1.0_JPRB+Z1S)*ZQMAX)
(  418) # 419 "./cuadjtq.F90"
(  419)         ZCOR=1.0_JPRB/(1.0_JPRB-RETV  *ZQSAT)
(  420)         ZQSAT=ZQSAT*ZCOR
(  421) # 422 "./cuadjtq.F90"
(  422)         Z2S=    ZOEALFA *R5ALVCP*(1.0_JPRB/(ZTARG-R4LES)**2)+&
(  423)          & (1.0_JPRB-ZOEALFA)*R5ALSCP*(1.0_JPRB/(ZTARG-R4IES)**2)  
(  424)         ZCOND=(PQ(JL,KK)-ZQSAT)/(1.0_JPRB+ZQSAT*ZCOR*Z2S)
(  425) # 426 "./cuadjtq.F90"
(  426)         ZCOND=MIN(ZCOND,0.0_JPRB)
(  427) # 428 "./cuadjtq.F90"
(  428)         IF(ZCOND /= 0.0_JPRB) THEN
(  429) # 430 "./cuadjtq.F90"
(  430)           PT(JL,KK)=PT(JL,KK)+&
(  431)            & (ZOEALFA*RALVDCP+(1.0_JPRB-ZOEALFA)*RALSDCP)*ZCOND  
(  432)           PQ(JL,KK)=PQ(JL,KK)-ZCOND
(  433)           ZTARG=PT(JL,KK)
(  434)           ZOEALFA=0.5_JPRB*(TANH(RLPAL1*(ZTARG-RLPTRC))+1.0_JPRB)
(  435)           ZFOEEWL=R2ES*EXP(R3LES*(ZTARG-RTT)/(ZTARG-R4LES))
(  436)           ZFOEEWI=R2ES*EXP(R3IES*(ZTARG-RTT)/(ZTARG-R4IES))
(  437)           ZQSAT=ZQP    *(ZOEALFA*ZFOEEWL+(1.0_JPRB-ZOEALFA)*ZFOEEWI)
(  438)           Z1S=TANH(RLPAL2*(ZQSAT-ZQMAX))
(  439)           ZQSAT=0.5_JPRB*((1.0_JPRB-Z1S)*ZQSAT+(1.0_JPRB+Z1S)*ZQMAX)
(  440)   
(  441)           ZCOR=1.0_JPRB/(1.0_JPRB-RETV  *ZQSAT)
(  442)           ZQSAT=ZQSAT*ZCOR






NVFORTRAN (Version     24.5)          03/19/2025  06:55:59      page 22

(  443)   
(  444)           Z2S=    ZOEALFA *R5ALVCP*(1.0_JPRB/(ZTARG-R4LES)**2)+&
(  445)            & (1.0_JPRB-ZOEALFA)*R5ALSCP*(1.0_JPRB/(ZTARG-R4IES)**2)  
(  446)           ZCOND1=(PQ(JL,KK)-ZQSAT)/(1.0_JPRB+ZQSAT*ZCOR*Z2S)
(  447)   
(  448)           PT(JL,KK)=PT(JL,KK)+(ZOEALFA*RALVDCP+(1.0_JPRB-ZOEALFA)*RALSDCP)*ZCOND1
(  449)   
(  450)           PQ(JL,KK)=PQ(JL,KK)-ZCOND1
(  451)         ENDIF
(  452)       ENDIF
(  453)     ENDDO
(  454) # 455 "./cuadjtq.F90"
(  455)   ENDIF
(  456) # 457 "./cuadjtq.F90"
(  457)   IF(KCALL == 0) THEN
(  458) # 459 "./cuadjtq.F90"
(  459) !DIR$    IVDEP
(  460) !OCL NOVREC
(  461)     DO JL=KIDIA,KFDIA
(  462)       ZQP    =1.0_JPRB/PSP(JL)
(  463) # 464 "./cuadjtq.F90"
(  464)       ZTARG=PT(JL,KK)
(  465)       ZOEALFA=0.5_JPRB*(TANH(RLPAL1*(ZTARG-RLPTRC))+1.0_JPRB)
(  466)       ZFOEEWL=R2ES*EXP(R3LES*(ZTARG-RTT)/(ZTARG-R4LES))
(  467)       ZFOEEWI=R2ES*EXP(R3IES*(ZTARG-RTT)/(ZTARG-R4IES))
(  468)       ZQSAT=ZQP    *(ZOEALFA*ZFOEEWL+(1.0_JPRB-ZOEALFA)*ZFOEEWI)
(  469)       Z1S=TANH(RLPAL2*(ZQSAT-ZQMAX))
(  470)       ZQSAT=0.5_JPRB*((1.0_JPRB-Z1S)*ZQSAT+(1.0_JPRB+Z1S)*ZQMAX)
(  471) # 472 "./cuadjtq.F90"
(  472)       ZCOR=1.0_JPRB/(1.0_JPRB-RETV  *ZQSAT)
(  473)       ZQSAT=ZQSAT*ZCOR
(  474) # 475 "./cuadjtq.F90"
(  475)       Z2S=    ZOEALFA *R5ALVCP*(1.0_JPRB/(ZTARG-R4LES)**2)+&
(  476)        & (1.0_JPRB-ZOEALFA)*R5ALSCP*(1.0_JPRB/(ZTARG-R4IES)**2)  
(  477)       ZCOND1=(PQ(JL,KK)-ZQSAT)/(1.0_JPRB+ZQSAT*ZCOR*Z2S)
(  478) # 479 "./cuadjtq.F90"
(  479)       PT(JL,KK)=PT(JL,KK)+(ZOEALFA*RALVDCP+(1.0_JPRB-ZOEALFA)*RALSDCP)*ZCOND1
(  480) # 481 "./cuadjtq.F90"
(  481)       PQ(JL,KK)=PQ(JL,KK)-ZCOND1
(  482) # 483 "./cuadjtq.F90"
(  483)       ZTARG=PT(JL,KK)
(  484)       ZOEALFA=0.5_JPRB*(TANH(RLPAL1*(ZTARG-RLPTRC))+1.0_JPRB)
(  485)       ZFOEEWL=R2ES*EXP(R3LES*(ZTARG-RTT)/(ZTARG-R4LES))
(  486)       ZFOEEWI=R2ES*EXP(R3IES*(ZTARG-RTT)/(ZTARG-R4IES))
(  487)       ZQSAT=ZQP    *(ZOEALFA*ZFOEEWL+(1.0_JPRB-ZOEALFA)*ZFOEEWI)
(  488)       Z1S=TANH(RLPAL2*(ZQSAT-ZQMAX))
(  489)       ZQSAT=0.5_JPRB*((1.0_JPRB-Z1S)*ZQSAT+(1.0_JPRB+Z1S)*ZQMAX)
(  490) # 491 "./cuadjtq.F90"
(  491)       ZCOR=1.0_JPRB/(1.0_JPRB-RETV  *ZQSAT)
(  492)       ZQSAT=ZQSAT*ZCOR
(  493) # 494 "./cuadjtq.F90"
(  494)       Z2S=    ZOEALFA *R5ALVCP*(1.0_JPRB/(ZTARG-R4LES)**2)+&
(  495)        & (1.0_JPRB-ZOEALFA)*R5ALSCP*(1.0_JPRB/(ZTARG-R4IES)**2)  
(  496)       ZCOND1=(PQ(JL,KK)-ZQSAT)/(1.0_JPRB+ZQSAT*ZCOR*Z2S)
(  497) # 498 "./cuadjtq.F90"
(  498)       PT(JL,KK)=PT(JL,KK)+(ZOEALFA*RALVDCP+(1.0_JPRB-ZOEALFA)*RALSDCP)*ZCOND1
(  499) # 500 "./cuadjtq.F90"
(  500)       PQ(JL,KK)=PQ(JL,KK)-ZCOND1






NVFORTRAN (Version     24.5)          03/19/2025  06:55:59      page 23

(  501)     ENDDO
(  502) # 503 "./cuadjtq.F90"
(  503)   ENDIF
(  504) # 505 "./cuadjtq.F90"
(  505)   IF(KCALL == 4) THEN
(  506) # 507 "./cuadjtq.F90"
(  507) !DIR$    IVDEP
(  508) !OCL NOVREC
(  509)     DO JL=KIDIA,KFDIA
(  510)       IF(LDFLAG(JL)) THEN
(  511)         ZQP    =1.0_JPRB/PSP(JL)
(  512) # 513 "./cuadjtq.F90"
(  513)         ZTARG=PT(JL,KK)
(  514)         ZOEALFA=0.5_JPRB*(TANH(RLPAL1*(ZTARG-RLPTRC))+1.0_JPRB)
(  515)         ZFOEEWL=R2ES*EXP(R3LES*(ZTARG-RTT)/(ZTARG-R4LES))
(  516)         ZFOEEWI=R2ES*EXP(R3IES*(ZTARG-RTT)/(ZTARG-R4IES))
(  517)         ZQSAT=ZQP    *(ZOEALFA*ZFOEEWL+(1.0_JPRB-ZOEALFA)*ZFOEEWI)
(  518)         Z1S=TANH(RLPAL2*(ZQSAT-ZQMAX))
(  519)         ZQSAT=0.5_JPRB*((1.0_JPRB-Z1S)*ZQSAT+(1.0_JPRB+Z1S)*ZQMAX)
(  520)         
(  521)         ZCOR=1.0_JPRB/(1.0_JPRB-RETV  *ZQSAT)
(  522)         ZQSAT=ZQSAT*ZCOR
(  523)         
(  524)         Z2S=    ZOEALFA *R5ALVCP*(1.0_JPRB/(ZTARG-R4LES)**2)+&
(  525)          & (1.0_JPRB-ZOEALFA)*R5ALSCP*(1.0_JPRB/(ZTARG-R4IES)**2)  
(  526)         ZCOND=(PQ(JL,KK)-ZQSAT)/(1.0_JPRB+ZQSAT*ZCOR*Z2S)
(  527)         
(  528)         PT(JL,KK)=PT(JL,KK)+(ZOEALFA*RALVDCP+(1.0_JPRB-ZOEALFA)*RALSDCP)*ZCOND
(  529)         
(  530)         PQ(JL,KK)=PQ(JL,KK)-ZCOND
(  531)         
(  532)         ZTARG=PT(JL,KK)
(  533)         ZOEALFA=0.5_JPRB*(TANH(RLPAL1*(ZTARG-RLPTRC))+1.0_JPRB)
(  534)         ZFOEEWL=R2ES*EXP(R3LES*(ZTARG-RTT)/(ZTARG-R4LES))
(  535)         ZFOEEWI=R2ES*EXP(R3IES*(ZTARG-RTT)/(ZTARG-R4IES))
(  536)         ZQSAT=ZQP    *(ZOEALFA*ZFOEEWL+(1.0_JPRB-ZOEALFA)*ZFOEEWI)
(  537)         Z1S=TANH(RLPAL2*(ZQSAT-ZQMAX))
(  538)         ZQSAT=0.5_JPRB*((1.0_JPRB-Z1S)*ZQSAT+(1.0_JPRB+Z1S)*ZQMAX)
(  539)         
(  540)         ZQSAT=MIN(ZQMAX,ZQSAT)
(  541)         ZCOR=1.0_JPRB/(1.0_JPRB-RETV  *ZQSAT)
(  542)         ZQSAT=ZQSAT*ZCOR
(  543)         
(  544)         Z2S=    ZOEALFA *R5ALVCP*(1.0_JPRB/(ZTARG-R4LES)**2)+&
(  545)          & (1.0_JPRB-ZOEALFA)*R5ALSCP*(1.0_JPRB/(ZTARG-R4IES)**2)  
(  546)         ZCOND1=(PQ(JL,KK)-ZQSAT)/(1.0_JPRB+ZQSAT*ZCOR*Z2S)
(  547)         
(  548)         PT(JL,KK)=PT(JL,KK)+(ZOEALFA*RALVDCP+(1.0_JPRB-ZOEALFA)*RALSDCP)*ZCOND1
(  549) # 550 "./cuadjtq.F90"
(  550)         PQ(JL,KK)=PQ(JL,KK)-ZCOND1
(  551)       ENDIF
(  552)     ENDDO
(  553) # 554 "./cuadjtq.F90"
(  554)   ENDIF
(  555) # 556 "./cuadjtq.F90"
(  556) !*********************************************
(  557) ENDIF
(  558) !*********************************************                 






NVFORTRAN (Version     24.5)          03/19/2025  06:55:59      page 24

(  559) # 560 "./cuadjtq.F90"
(  560) END ASSOCIATE
(  561) # 562 "./cuadjtq.F90"
(  562) !IF (LHOOK) CALL DR_HOOK('CUADJTQ',1,ZHOOK_HANDLE)
(  563) # 564 "./cuadjtq.F90"
(  564) END SUBROUTINE CUADJTQ
