


NVFORTRAN (Version     24.5)          03/19/2025  06:56:01      page 1

Switches: -noasm -nodclchk -debug -nodlines -line -list
          -idir /opt/softs/gcc/9.2.0/hpc_sdk/Linux_x86_64/24.5/comm_libs/12.4/hpcx/hpcx-2.19/ompi/include
          -idir /opt/softs/gcc/9.2.0/hpc_sdk/Linux_x86_64/24.5/comm_libs/12.4/hpcx/hpcx-2.19/ompi/lib
          -inform severe -opt 1 -nosave -object -noonetrip
          -depchk on -nostandard     
          -symbol -noupcase    

Filename: ./cuascn.F90

(    1) !OPTIONS XOPT(HSFUN)
(    2) 
(    3) SUBROUTINE CUASCN &
(    4)  & (YDTHF, YDCST, YDEPHLI, YDECLDP,  YDECUMF, YDSPP_CONFIG, YGFL,&
(    5)  & KIDIA,    KFDIA,    KLON,    KLEV, LDTDKMF, &
(    6)  & PTSPHY,&
(    7)  & PTENH,    PQENH,    PUEN,     PVEN,&
(    8)  & PTEN,     PQEN,     PQSEN,    PLITOT,&
(    9)  & PGEO,     PGEOH,    PAP,      PAPH,&
(   10)  & PVERVEL,  PWUBASE,  PGP2DSPP,  &
(   11)  & LDLAND,   LDCUM,    KTYPE,    KLAB,     LSCVFLAG,&
(   12)  & PTU,      PQU,      PLU,      PLRAIN,&
(   13)  & PMFU,     PMFUB,    PLGLAC,&
(   14)  & PMFUS,    PMFUQ,    PMFUL,    PLUDE,    PLUDELI,        PDMFUP,&
(   15)  & PLCRIT_AER,&
(   16)  & PDMFEN,&
(   17)  & KCBOT,    KCTOP,    KCTOP0,   KDPL,     PMFUDE_RATE,    PKINEU,  PWU, PWMEAN )  
(   18) 
(   19) !          THIS ROUTINE DOES THE CALCULATIONS FOR CLOUD ASCENTS
(   20) !          FOR CUMULUS PARAMETERIZATION
(   21) 
(   22) !          PURPOSE.
(   23) !          --------
(   24) !          TO PRODUCE CLOUD ASCENTS FOR CU-PARAMETRIZATION
(   25) !          (VERTICAL PROFILES OF T,Q,L,U AND V AND CORRESPONDING
(   26) !           FLUXES AS WELL AS PRECIPITATION RATES)
(   27) 
(   28) !          INTERFACE
(   29) !          ---------
(   30) 
(   31) !          THIS ROUTINE IS CALLED FROM *CUMASTR*.
(   32) 
(   33) !          METHOD.
(   34) !          --------
(   35) !          LIFT SURFACE AIR DRY-ADIABATICALLY TO CLOUD BASE
(   36) !          AND THEN CALCULATE MOIST ASCENT FOR
(   37) !          ENTRAINING/DETRAINING PLUME.
(   38) !          ENTRAINMENT AND DETRAINMENT RATES DIFFER FOR
(   39) !          SHALLOW AND DEEP CUMULUS CONVECTION.
(   40) !          IN CASE THERE IS NO PENETRATIVE OR SHALLOW CONVECTION
(   41) !          CHECK FOR POSSIBILITY OF MID LEVEL CONVECTION
(   42) !          (CLOUD BASE VALUES CALCULATED IN *CUBASMC*)
(   43) 
(   44) !     PARAMETER     DESCRIPTION                                   UNITS
(   45) !     ---------     -----------                                   -----
(   46) !     INPUT PARAMETERS (INTEGER):
(   47) 
(   48) !    *KIDIA*        START POINT
(   49) !    *KFDIA*        END POINT
(   50) !    *KLON*         NUMBER OF GRID POINTS PER PACKET






NVFORTRAN (Version     24.5)          03/19/2025  06:56:01      page 2

(   51) !    *KLEV*         NUMBER OF LEVELS
(   52) !    *KTYPE*        TYPE OF CONVECTION
(   53) !                       1 = PENETRATIVE CONVECTION
(   54) !                       2 = SHALLOW CONVECTION
(   55) !                       3 = MIDLEVEL CONVECTION
(   56) !    *KCBOT*        CLOUD BASE LEVEL
(   57) !    *KDPL*         DEPARTURE LEVEL FOR CONVECTION
(   58) 
(   59) !    INPUT PARAMETERS (REAL):
(   60) 
(   61) !    *PTSPHY*       TIME STEP FOR THE PHYSICS                      S
(   62) !    *PTENH*        ENV. TEMPERATURE (T+1) ON HALF LEVELS          K
(   63) !    *PQENH*        ENV. SPEC. HUMIDITY (T+1) ON HALF LEVELS     KG/KG
(   64) !    *PUEN*         PROVISIONAL ENVIRONMENT U-VELOCITY (T+1)      M/S
(   65) !    *PVEN*         PROVISIONAL ENVIRONMENT V-VELOCITY (T+1)      M/S
(   66) !    *PTEN*         PROVISIONAL ENVIRONMENT TEMPERATURE (T+1)      K
(   67) !    *PQEN*         PROVISIONAL ENVIRONMENT SPEC. HUMIDITY (T+1) KG/KG
(   68) !    *PQSEN*        ENVIRONMENT SPEC. SATURATION HUMIDITY (T+1)  KG/KG
(   69) !    *PGEO*         GEOPOTENTIAL                                 M2/S2
(   70) !    *PLITOT*       GRID MEAN LIQUID WATER+ICE CONTENT           KG/KG
(   71) !    *PGEOH*        GEOPOTENTIAL ON HALF LEVELS                  M2/S2
(   72) !    *PAP*          PROVISIONAL PRESSURE ON FULL LEVELS           PA
(   73) !    *PAPH*         PROVISIONAL PRESSURE ON HALF LEVELS           PA
(   74) !    *PVERVEL*      VERTICAL VELOCITY                            PA/S
(   75) !    *PGP2DSPP*     Standard stochastic variable (mean=0, SD=1)
(   76) !    *PLCRIT_AER*   CRITICAL LIQUID MMR FOR AUTOCONVERSION PROCESS KG/KG
(   77) 
(   78) !    INPUT PARAMETERS (LOGICAL):
(   79) 
(   80) !    *LDLAND*       LAND SEA MASK (.TRUE. FOR LAND)
(   81) !    *LDCUM*        FLAG: .TRUE. FOR CONVECTIVE POINTS 
(   82) !    *LDTDKMF*      Arpege tuning (if TRUE)
(   83) 
(   84) !    UPDATED PARAMETERS (INTEGER):
(   85) 
(   86) !    *KLAB*         FLAG KLAB=1 FOR SUBCLOUD LEVELS
(   87) !                        KLAB=2 FOR CLOUD LEVELS
(   88) 
(   89) !    UPDATED PARAMETERS (REAL):
(   90) 
(   91) !    *PTU*          TEMPERATURE IN UPDRAFTS                        K
(   92) !    *PQU*          SPEC. HUMIDITY IN UPDRAFTS                   KG/KG
(   93) !    *PLU*          LIQUID WATER CONTENT IN UPDRAFTS             KG/KG
(   94) !    *PLRAIN*       RAIN   WATER CONTENT IN UPDRAFTS             KG/KG
(   95) 
(   96) !    OUTPUT PARAMETERS (INTEGER):
(   97) 
(   98) !    *KCTOP*        CLOUD TOP LEVEL
(   99) !    *KCTOP0*       FIRST GUESS OF CLOUD TOP LEVEL 
(  100) !    *LSCVFLAG*     MASK FOR LIQUID ONLY SHALLOW
(  101) 
(  102) !    OUTPUT PARAMETERS (REAL):
(  103) 
(  104) !    *PMFU*         MASSFLUX IN UPDRAFTS                         KG/(M2*S)
(  105) !    *PMFUB*        MASSFLUX IN UPDRAFTS AT CLOUD BASE           KG/(M2*S)
(  106) !    *PMFUS*        FLUX OF DRY STATIC ENERGY IN UPDRAFTS         J/(M2*S)
(  107) !    *PMFUQ*        FLUX OF SPEC. HUMIDITY IN UPDRAFTS           KG/(M2*S)
(  108) !    *PMFUL*        FLUX OF LIQUID WATER IN UPDRAFTS             KG/(M2*S)






NVFORTRAN (Version     24.5)          03/19/2025  06:56:01      page 3

(  109) !    *PLUDE*        DETRAINED TOTAL CONDENSATE                   KG/(M2*S)
(  110) !    *PLUDELI*      DETRAINED LIQUID, ICE                        KG/(M2*S)
(  111) !    *PLGLAC*       FROZEN CLOUD WATER/RAIN CONTENT              KG/KG
(  112) !    *PDMFUP*       FLUX DIFFERENCE OF PRECIP. IN UPDRAFTS       KG/(M2*S)
(  113) !    *PMFUDE_RATE*  UPDRAFT DETRAINMENT RATE                     KG/(M2*S)
(  114) !    *PKINEU*       UPDRAFT KINETIC ENERGY                       M2/S2
(  115) !    *PWMEAN*       MEAN UPDRAUGHT VELOCITY                      M/S
(  116) 
(  117) !          EXTERNALS
(  118) !          ---------
(  119) !          *CUADJTQ* ADJUST T AND Q DUE TO CONDENSATION IN ASCENT
(  120) !          *CUENTR*  CALCULATE ENTRAINMENT/DETRAINMENT RATES
(  121) !          *CUBASMC* CALCULATE CLOUD BASE VALUES FOR MIDLEVEL CONVECTION
(  122) 
(  123) !          REFERENCE
(  124) !          ---------
(  125) !          (TIEDTKE,1989)
(  126) 
(  127) !     AUTHOR.
(  128) !     -------
(  129) !      M.TIEDTKE         E.C.M.W.F.     7/86 MODIF. 12/89
(  130) 
(  131) !     MODIFICATIONS.
(  132) !     --------------
(  133) !      01-05-22 : Modified flux limiter M.CULLEN
(  134) !      02-08-14 : Allow for departure level =/ KLEV  P.BECHTOLD
(  135) !      03-08-28 : Clean-up detrainment rates         P.BECHTOLD
(  136) !      M.Hamrud      01-Oct-2003 CY28 Cleaning
(  137) !      J.Hague       08-Dec-2005 Tuning: LLFLAG indexing
(  138) !      07-06-01 : Organized entrainment based on RH  P.BECHTOLD
(  139) !      08-02-11 : Simplify entrainment to org no turb P.BECHTOLD
(  140) !      11-03-26 : Detrainment dependent on       RH  P.BECHTOLD
(  141) !      11-09-19 : JJMorcrette effect of prognostic aerosols on autoconversion
(  142) !      16-01-27 : Introduced SPP scheme (LSPP)   M. Leutbecher & S.-J. Lock 
(  143) !      30-Jan-20: Single precision fix    F. Vana
(  144) !      20-10-12 : SPP abstraction                M. Leutbecher
(  145) !      21-09-13 : Introduced LDTDKMF and ENTR_RH parameter for Arpege
(  146) !    2021-09-24 : Fix bug on PKINEU, this bug is active only in simple precision mode.
(  147) !     R. El Khatib 22-Jun-2022 A contribution to simplify phasing after the refactoring of YOMCLI/YOMCST/YOETHF.
(  148) !     R. El Khatib 06-Sep-2023 vectorization
(  149) !----------------------------------------------------------------------
(  150) 
(  151) USE PARKIND1 , ONLY : JPIM, JPRB
(  152) USE YOMHOOK  , ONLY : LHOOK, DR_HOOK, JPHOOK
(  153) USE YOMCST   , ONLY : TCST 
(  154) USE YOETHF   , ONLY : TTHF  
(  155) USE YOECUMF  , ONLY : TECUMF
(  156) USE YOEPHLI  , ONLY : TEPHLI
(  157) USE YOECLDP  , ONLY : TECLDP
(  158) USE YOM_YGFL , ONLY : TYPE_GFLD
(  159) USE SPP_MOD     , ONLY : TSPP_CONFIG
(  160) USE SPP_GEN_MOD , ONLY : SPP_PERT
(  161) 
(  162) IMPLICIT NONE
(  163) 
(  164) TYPE(TTHF)        ,INTENT(IN)    :: YDTHF
(  165) TYPE(TCST)        ,INTENT(IN)    :: YDCST
(  166) TYPE(TECLDP)      ,INTENT(IN)    :: YDECLDP






NVFORTRAN (Version     24.5)          03/19/2025  06:56:01      page 4

(  167) TYPE(TECUMF)      ,INTENT(IN)    :: YDECUMF
(  168) TYPE(TEPHLI)      ,INTENT(IN)    :: YDEPHLI
(  169) TYPE(TSPP_CONFIG) ,INTENT(IN)    :: YDSPP_CONFIG
(  170) TYPE(TYPE_GFLD)   ,INTENT(IN)    :: YGFL
(  171) INTEGER(KIND=JPIM),INTENT(IN)    :: KLON 
(  172) INTEGER(KIND=JPIM),INTENT(IN)    :: KLEV 
(  173) INTEGER(KIND=JPIM),INTENT(IN)    :: KIDIA 
(  174) INTEGER(KIND=JPIM),INTENT(IN)    :: KFDIA 
(  175) REAL(KIND=JPRB)   ,INTENT(IN)    :: PTSPHY 
(  176) REAL(KIND=JPRB)   ,INTENT(IN)    :: PLCRIT_AER(KLON,KLEV)
(  177) REAL(KIND=JPRB)   ,INTENT(INOUT) :: PTENH(KLON,KLEV) 
(  178) REAL(KIND=JPRB)   ,INTENT(INOUT) :: PQENH(KLON,KLEV) 
(  179) REAL(KIND=JPRB)   ,INTENT(IN)    :: PUEN(KLON,KLEV) 
(  180) REAL(KIND=JPRB)   ,INTENT(IN)    :: PVEN(KLON,KLEV) 
(  181) REAL(KIND=JPRB)   ,INTENT(IN)    :: PTEN(KLON,KLEV) 
(  182) REAL(KIND=JPRB)   ,INTENT(IN)    :: PQEN(KLON,KLEV) 
(  183) REAL(KIND=JPRB)   ,INTENT(IN)    :: PQSEN(KLON,KLEV) 
(  184) REAL(KIND=JPRB)   ,INTENT(IN)    :: PLITOT(KLON,KLEV) 
(  185) REAL(KIND=JPRB)   ,INTENT(IN)    :: PGEO(KLON,KLEV) 
(  186) REAL(KIND=JPRB)   ,INTENT(IN)    :: PGEOH(KLON,KLEV+1) 
(  187) REAL(KIND=JPRB)   ,INTENT(IN)    :: PAP(KLON,KLEV) 
(  188) REAL(KIND=JPRB)   ,INTENT(IN)    :: PAPH(KLON,KLEV+1) 
(  189) REAL(KIND=JPRB)   ,INTENT(IN)    :: PVERVEL(KLON,KLEV) 
(  190) REAL(KIND=JPRB)   ,INTENT(IN)    :: PWUBASE(KLON)
(  191) REAL(KIND=JPRB)   ,INTENT(IN)    :: PGP2DSPP(KLON,YDSPP_CONFIG%SM%NRFTOTAL)
(  192) LOGICAL           ,INTENT(IN)    :: LDLAND(KLON) 
(  193) LOGICAL           ,INTENT(INOUT) :: LDCUM(KLON) 
(  194) LOGICAL           ,INTENT(IN)    :: LDTDKMF
(  195) LOGICAL           ,INTENT(OUT)   :: LSCVFLAG(KLON) 
(  196) INTEGER(KIND=JPIM),INTENT(INOUT) :: KTYPE(KLON) 
(  197) INTEGER(KIND=JPIM),INTENT(INOUT) :: KLAB(KLON,KLEV) 
(  198) REAL(KIND=JPRB)   ,INTENT(INOUT) :: PTU(KLON,KLEV) 
(  199) REAL(KIND=JPRB)   ,INTENT(INOUT) :: PQU(KLON,KLEV) 
(  200) REAL(KIND=JPRB)   ,INTENT(INOUT) :: PLU(KLON,KLEV) 
(  201) REAL(KIND=JPRB)   ,INTENT(INOUT) :: PLRAIN(KLON,KLEV) 
(  202) REAL(KIND=JPRB)   ,INTENT(INOUT) :: PMFU(KLON,KLEV) 
(  203) REAL(KIND=JPRB)   ,INTENT(INOUT) :: PMFUB(KLON) 
(  204) REAL(KIND=JPRB)   ,INTENT(OUT)   :: PLGLAC(KLON,KLEV) 
(  205) REAL(KIND=JPRB)   ,INTENT(OUT)   :: PMFUS(KLON,KLEV) 
(  206) REAL(KIND=JPRB)   ,INTENT(OUT)   :: PMFUQ(KLON,KLEV) 
(  207) REAL(KIND=JPRB)   ,INTENT(OUT)   :: PMFUL(KLON,KLEV) 
(  208) REAL(KIND=JPRB)   ,INTENT(OUT)   :: PLUDE(KLON,KLEV) 
(  209) REAL(KIND=JPRB)   ,INTENT(OUT)   :: PLUDELI(KLON,KLEV,2) 
(  210) REAL(KIND=JPRB)   ,INTENT(OUT)   :: PDMFUP(KLON,KLEV) 
(  211) REAL(KIND=JPRB)   ,INTENT(OUT)   :: PDMFEN(KLON,KLEV) 
(  212) INTEGER(KIND=JPIM),INTENT(INOUT) :: KCBOT(KLON) 
(  213) INTEGER(KIND=JPIM),INTENT(OUT)   :: KCTOP(KLON) 
(  214) INTEGER(KIND=JPIM),INTENT(INOUT) :: KCTOP0(KLON) 
(  215) INTEGER(KIND=JPIM),INTENT(IN)    :: KDPL(KLON) 
(  216) REAL(KIND=JPRB)   ,INTENT(OUT)   :: PMFUDE_RATE(KLON,KLEV) 
(  217) REAL(KIND=JPRB)   ,INTENT(OUT)   :: PKINEU(KLON,KLEV) 
(  218) REAL(KIND=JPRB)   ,INTENT(OUT)   :: PWU(KLON,KLEV) 
(  219) REAL(KIND=JPRB)   ,INTENT(OUT)   :: PWMEAN(KLON) 
(  220) 
(  221) REAL(KIND=JPRB) ::     ZDMFEN(KLON), ZDMFDE(KLON),&
(  222)  & ZQOLD(KLON),        ZPRECIP(KLON),&
(  223)  & ZBUO(KLON,KLEV),    ZLUOLD(KLON)
(  224) REAL(KIND=JPRB) ::     ZDPMEAN(KLON)






NVFORTRAN (Version     24.5)          03/19/2025  06:56:01      page 5

(  225) REAL(KIND=JPRB) ::     ZOENTR(KLON), ZPH(KLON)
(  226) LOGICAL ::  LLFLAG(KLON), LLFLAGUV(KLON), LLO1(KLON), LLO3
(  227) 
(  228) INTEGER(KIND=JPIM) :: IK, IS, JK, JL, IKB
(  229) INTEGER(KIND=JPIM) :: JLL, JLM, JLX(KLON)
(  230) 
(  231) REAL(KIND=JPRB) :: Z_CLDMAX, Z_CPRC2, Z_CWDRAG, Z_CWIFRAC, ZALFAW,&
(  232)  & ZBC, ZBE, ZBUOC, ZC, ZCBF, ZCONS2, ZD, ZDFI, &
(  233)  & ZDKBUO, ZDKEN, ZDNOPRC, ZRG, ZORCPD,&
(  234)  & ZDT, ZFAC, ZFACBUO, ZINT, ZKEDKE, ZLCRIT, &
(  235)  & ZLEEN, ZLNEW, ZMFMAX, ZMFTEST, ZMFULK, ZMFUN, &
(  236)  & ZMFUQK, ZMFUSK, ZOEALFA, ZOEALFAP, ZPRCDGW, &
(  237)  & ZPRCON, ZQEEN, ZQUDE, ZRNEW, ZROLD, ZSCDE, &
(  238)  & ZSEEN, ZVI, ZVV, ZVW, ZZCO, ZOCUDET, ZGLAC
(  239) REAL(KIND=JPRB) :: ZXENTRORG, ZXENTSHALP, ZXPRCDGW
(  240) 
(  241) ! A bunch of SPP variables
(  242) LOGICAL            :: LLPERT_ENTRORG, LLPERT_ENTSHALP, LLPERT_RPRCON    ! SPP perturbation on?
(  243) INTEGER(KIND=JPIM) :: IPENTRORG,  IPENTSHALP,  IPRPRCON   ! SPP random field pointer
(  244) INTEGER(KIND=JPIM) :: IPN  ! SPP perturbation pointer
(  245) TYPE(SPP_PERT)     :: PN1ENTRORG, PN1ENTSHALP, PN1RPRCON  ! SPP pertn. configs. for ENTRORG, ENTSHALP and RPRCON, respective
(  246) 
(  247) REAL(KIND=JPRB) ::  ZCHANGE,ZXS,ZXE
(  248) REAL(KIND=JPHOOK) :: ZHOOK_HANDLE
(  249) 
(  250) LOGICAL :: LLKLAB(KLON)
(  251) 
(  252) #include "cuadjtq.intfb.h"
(  253) #include "cubasmcn.intfb.h"
(  254) #include "cuentr.intfb.h"
(  255) 
(  256) !DIR$ VFUNCTION EXPHF
(  257) #include "fcttre.func.h"
(  258) !----------------------------------------------------------------------
(  259) 
(  260) !*    1.           SPECIFY PARAMETERS
(  261) !                  ------------------
(  262) 
(  263) IF (LHOOK) CALL DR_HOOK('CUASCN',0,ZHOOK_HANDLE)
(  264) ASSOCIATE(NACTAERO=>YGFL%NACTAERO, &
(  265)  & LAERLIQAUTOCP=>YDECLDP%LAERLIQAUTOCP, LAERLIQAUTOCPB=>YDECLDP%LAERLIQAUTOCPB, &
(  266)  & RLMIN=>YDECLDP%RLMIN, RCPD=>YDCST%RCPD, RETV=>YDCST%RETV, RG=>YDCST%RG, RTT=>YDCST%RTT, &
(  267)  & RALFDCP=>YDTHF%RALFDCP, RTBERCU=>YDTHF%RTBERCU, RTICECU=>YDTHF%RTICECU, &
(  268)  & ENTRORG=>YDECUMF%ENTRORG, ENTR_RH=>YDECUMF%ENTR_RH, ENTSHALP=>YDECUMF%ENTSHALP, RMFCFL=>YDECUMF%RMFCFL, &
(  269)  & RMFCMIN=>YDECUMF%RMFCMIN, RPRCON=>YDECUMF%RPRCON, LMFGLAC=>YDECUMF%LMFGLAC, &
(  270)  & LSCVLIQ=>YDECUMF%LSCVLIQ, LPHYLIN=>YDEPHLI%LPHYLIN, RLPTRC=>YDEPHLI%RLPTRC)
(  271) 
(  272) ZCONS2=RMFCFL/(RG*PTSPHY)
(  273) ZRG=1.0_JPRB/RG
(  274) ZORCPD=1.0_JPRB/RCPD
(  275) ZFACBUO=0.5_JPRB/(1.0_JPRB+0.5_JPRB)
(  276) ZPRCDGW=RPRCON/RG
(  277) ZDNOPRC=3.E-4_JPRB !condensate threshold for precip
(  278) Z_CLDMAX=5.E-3_JPRB
(  279) Z_CWIFRAC=0.5_JPRB
(  280) Z_CPRC2=0.5_JPRB
(  281) Z_CWDRAG=(3._JPRB/8._JPRB)*0.506_JPRB/0.2_JPRB
(  282) 






NVFORTRAN (Version     24.5)          03/19/2025  06:56:01      page 6

(  283) IF(LMFGLAC) THEN
(  284)   ZGLAC=1.0_JPRB
(  285) ELSE
(  286)   ZGLAC=0.0_JPRB
(  287) ENDIF
(  288) 
(  289) !----------------------------------------------------------------------
(  290) 
(  291) !     2.           SET DEFAULT VALUES
(  292) !                  ------------------
(  293) 
(  294) LLO3=.FALSE.
(  295) DO JL=KIDIA,KFDIA
(  296)   ZLUOLD(JL)=0.0_JPRB
(  297)   IF(.NOT.LDCUM(JL)) THEN
(  298)     KCBOT(JL)=-1
(  299)     PMFUB(JL)=0.0_JPRB
(  300)     PQU(JL,KLEV)=0.0_JPRB
(  301)     KTYPE(JL)=0
(  302)   ENDIF
(  303)   PWMEAN(JL)=0.0_JPRB
(  304)   ZDPMEAN(JL)=0.0_JPRB
(  305)   ZOENTR(JL)=0.0_JPRB
(  306)   LSCVFLAG(JL)=.FALSE.
(  307)   IF(KTYPE(JL)>1.AND.LSCVLIQ) LSCVFLAG(JL)=.TRUE.
(  308) ENDDO
(  309) 
(  310) !  Prepare SPP
(  311) IF (YDSPP_CONFIG%LSPP) THEN
(  312)   
(  313)   IPN = YDSPP_CONFIG%PPTR%ENTRORG
(  314)   LLPERT_ENTRORG=IPN > 0
(  315)   IF (LLPERT_ENTRORG) THEN
(  316)     PN1ENTRORG = YDSPP_CONFIG%SM%PN(IPN)
(  317)     IPENTRORG  = PN1ENTRORG%MP
(  318)   ENDIF
(  319) 
(  320)   IPN = YDSPP_CONFIG%PPTR%ENTSHALP
(  321)   LLPERT_ENTSHALP= IPN > 0
(  322)   IF (LLPERT_ENTSHALP) THEN
(  323)     PN1ENTSHALP = YDSPP_CONFIG%SM%PN(IPN)
(  324)     IPENTSHALP  = PN1ENTSHALP%MP
(  325)   ENDIF
(  326) 
(  327)   IPN = YDSPP_CONFIG%PPTR%RPRCON
(  328)   LLPERT_RPRCON= IPN > 0
(  329)   IF (LLPERT_RPRCON) THEN
(  330)     PN1RPRCON = YDSPP_CONFIG%SM%PN(IPN)
(  331)     IPRPRCON  = PN1RPRCON%MP
(  332)   ENDIF
(  333) 
(  334) ELSE
(  335)   LLPERT_ENTRORG  =.FALSE.
(  336)   LLPERT_ENTSHALP =.FALSE.
(  337)   LLPERT_RPRCON   =.FALSE.
(  338) ENDIF
(  339) 
(  340) 






NVFORTRAN (Version     24.5)          03/19/2025  06:56:01      page 7

(  341) ! initalize various quantities
(  342) ! note that liquid water and kinetic energy at cloud base is 
(  343) ! preserved from cubase
(  344) 
(  345) DO JL=KIDIA,KFDIA
(  346)   LLKLAB(JL)=.FALSE.
(  347)   IF(.NOT.LDCUM(JL).OR.KTYPE(JL) == 3) LLKLAB(JL)=.TRUE.
(  348) ENDDO
(  349) 
(  350) DO JK=1,KLEV
(  351)   DO JL=KIDIA,KFDIA
(  352)     IF (JK /= KCBOT(JL)) THEN 
(  353)       PLU(JL,JK)=0.0_JPRB
(  354)     ENDIF
(  355)     PKINEU(JL,JK)=0.0_JPRB
(  356)   ENDDO
(  357)   DO JL=KIDIA,KFDIA
(  358)     PMFU(JL,JK)=0.0_JPRB
(  359)     PMFUS(JL,JK)=0.0_JPRB
(  360)     PMFUQ(JL,JK)=0.0_JPRB
(  361)     PMFUL(JL,JK)=0.0_JPRB
(  362)     PWU(JL,JK)=0.0_JPRB
(  363)   ENDDO
(  364)   DO JL=KIDIA,KFDIA
(  365)     PLUDE(JL,JK)=0.0_JPRB
(  366)     PLUDELI(JL,JK,1)=0.0_JPRB
(  367)     PLUDELI(JL,JK,2)=0.0_JPRB
(  368)     PLGLAC(JL,JK)=0.0_JPRB
(  369)     PDMFUP(JL,JK)=0.0_JPRB
(  370)     PLRAIN(JL,JK)=0.0_JPRB
(  371)   ENDDO
(  372)   DO JL=KIDIA,KFDIA
(  373)     ZBUO(JL,JK)=0.0_JPRB
(  374)     IF( LLKLAB(JL) ) KLAB(JL,JK)=0
(  375)     IF(.NOT.LDCUM(JL).AND.PAPH(JL,JK) < 4.E4_JPRB) KCTOP0(JL)=JK
(  376)     PDMFEN(JL,JK)=0.0_JPRB
(  377)     PMFUDE_RATE(JL,JK)=0.0_JPRB
(  378)   ENDDO
(  379) ENDDO
(  380) !DIR$ IVDEP
(  381) !NEC$ IVDEP
(  382) !OCL NOVREC
(  383) DO JL=KIDIA,KFDIA
(  384)   IF(KTYPE(JL) == 3) LDCUM(JL)=.FALSE.
(  385) ENDDO
(  386) 
(  387) !----------------------------------------------------------------------
(  388) 
(  389) !     3.0          INITIALIZE VALUES AT cloud base LEVEL
(  390) !                  -------------------------------------
(  391) 
(  392) DO JL=KIDIA,KFDIA
(  393)   KCTOP(JL)=KCBOT(JL)
(  394)   IF(LDCUM(JL)) THEN
(  395)     IKB=KCBOT(JL)
(  396)     PKINEU(JL,IKB)=0.5*PWUBASE(JL)**2
(  397)     PMFU(JL,IKB)=PMFUB(JL)
(  398)     PMFUS(JL,IKB)=PMFUB(JL)*(RCPD*PTU(JL,IKB)+PGEOH(JL,IKB))






NVFORTRAN (Version     24.5)          03/19/2025  06:56:01      page 8

(  399)     PMFUQ(JL,IKB)=PMFUB(JL)*PQU(JL,IKB)
(  400)     PMFUL(JL,IKB)=PMFUB(JL)*PLU(JL,IKB)
(  401)   ENDIF
(  402) ENDDO
(  403) 
(  404) !----------------------------------------------------------------------
(  405) 
(  406) !     4.           DO ASCENT: SUBCLOUD LAYER (KLAB=1) ,CLOUDS (KLAB=2)
(  407) !                  BY DOING FIRST DRY-ADIABATIC ASCENT AND THEN
(  408) !                  BY ADJUSTING T,Q AND L ACCORDINGLY IN *CUADJTQ*,
(  409) !                  THEN CHECK FOR BUOYANCY AND SET FLAGS ACCORDINGLY
(  410) !                  -------------------------------------------------
(  411) 
(  412) DO JK=KLEV-1,3,-1
(  413) 
(  414) !                  SPECIFY CLOUD BASE VALUES FOR MIDLEVEL CONVECTION
(  415) !                  IN *CUBASMC* IN CASE THERE IS NOT ALREADY CONVECTION
(  416) !                  ----------------------------------------------------
(  417) 
(  418)   IK=JK
(  419)   CALL CUBASMCN &
(  420)    & (YDCST, YDECUMF, KIDIA,    KFDIA,    KLON,    KLEV,&
(  421)    & IK,&
(  422)    & PTEN,     PQEN,     PQSEN,&
(  423)    & PVERVEL,  PGEO,     PGEOH,    LDCUM,    KTYPE,    KLAB,&
(  424)    & KCBOT,    PMFU,     PMFUB,    PLRAIN,&
(  425)    & PTU,      PQU,      PLU,&
(  426)    & PMFUS,    PMFUQ,    PMFUL,    PDMFUP)  
(  427) 
(  428)   IS=0
(  429)   JLM=0
(  430)   DO JL=KIDIA,KFDIA
(  431)  ! also liquid only for ktype=3
(  432)   ! IF(KTYPE(JL)>1.AND.LSCVLIQ) LSCVFLAG(JL)=.TRUE.
(  433)     LLFLAG(JL)=.FALSE.
(  434)     ZPRECIP(JL)=0.0_JPRB
(  435)     LLO1(JL)=.FALSE.
(  436)     IS=IS+KLAB(JL,JK+1)
(  437)     IF(KLAB(JL,JK+1) == 0) KLAB(JL,JK)=0
(  438)     IF((LDCUM(JL).AND.KLAB(JL,JK+1) == 2).OR.&
(  439)        & (KTYPE(JL) == 3 .AND. KLAB(JL,JK+1) == 1)) THEN  
(  440)       LLFLAG(JL)=.TRUE.
(  441)       JLM=JLM+1
(  442)       JLX(JLM)=JL
(  443)     ENDIF
(  444)     IF(KLAB(JL,JK+1) > 0) THEN
(  445)       LLFLAGUV(JL)=.TRUE.
(  446)     ELSE
(  447)       LLFLAGUV(JL)=.FALSE.
(  448)     ENDIF
(  449)     ZPH(JL)=PAPH(JL,JK)
(  450)     IF(KTYPE(JL) == 3.AND.JK == KCBOT(JL)) THEN
(  451)       ZMFMAX=(PAPH(JL,JK)-PAPH(JL,JK-1))*ZCONS2
(  452)       IF(PMFUB(JL) > ZMFMAX) THEN
(  453)         ZFAC=ZMFMAX/PMFUB(JL)
(  454)         PMFU(JL,JK+1)=PMFU(JL,JK+1)*ZFAC
(  455)         PMFUS(JL,JK+1)=PMFUS(JL,JK+1)*ZFAC
(  456)         PMFUQ(JL,JK+1)=PMFUQ(JL,JK+1)*ZFAC






NVFORTRAN (Version     24.5)          03/19/2025  06:56:01      page 9

(  457)         PMFUB(JL)=ZMFMAX
(  458)       ENDIF
(  459)     ENDIF
(  460)   ENDDO
(  461) 
(  462)   IF(IS > 0) LLO3=.TRUE.
(  463) 
(  464) !*                  SPECIFY ENTRAINMENT RATES IN *CUENTR*
(  465) !                   -------------------------------------
(  466) 
(  467)   IK=JK
(  468)   CALL CUENTR &
(  469)    & (YDCST, YDECUMF, YDSPP_CONFIG, KIDIA,    KFDIA,    KLON,     KLEV, &
(  470)    & IK,       KCBOT,         KTYPE,&
(  471)    & LDCUM,    LLO3,&
(  472)    & PQSEN,    PAPH,          PGEOH,&
(  473)    & PMFU,     PGP2DSPP,      ZDMFEN,   ZDMFDE )  
(  474) 
(  475) !                  DO ADIABATIC ASCENT FOR ENTRAINING/DETRAINING PLUME
(  476) !                  ---------------------------------------------------
(  477) 
(  478)   IF(LLO3) THEN
(  479) 
(  480)     DO JL=KIDIA,KFDIA
(  481)       ZQOLD(JL)=0.0_JPRB
(  482)     ENDDO
(  483)     DO JL=KIDIA,KFDIA  
(  484)         !JL=JLX(JLL)
(  485)         IF (LLFLAG(JL)) THEN
(  486)           ZDMFDE(JL)=MIN(ZDMFDE(JL),0.75_JPRB*PMFU(JL,JK+1))
(  487)           IF(JK==KCBOT(JL)) THEN
(  488)             IF (YDSPP_CONFIG%LSPP .AND. LLPERT_ENTRORG) THEN
(  489)               ZXENTRORG=ENTRORG*EXP(PN1ENTRORG%MU(1)+PN1ENTRORG%XMAG(1)*PGP2DSPP(JL, IPENTRORG))
(  490)             ELSE
(  491)               ZXENTRORG=ENTRORG
(  492)             ENDIF
(  493)             ZOENTR(JL)=-ZXENTRORG*(MIN(1.0_JPRB,PQEN(JL,JK)/PQSEN(JL,JK))-ENTR_RH)*&
(  494)             &(PGEOH(JL,JK)-PGEOH(JL,JK+1))*ZRG
(  495)             ZOENTR(JL)=MIN(0.4_JPRB,ZOENTR(JL))*PMFU(JL,JK+1)
(  496)           ENDIF
(  497)           IF(JK < KCBOT(JL)) THEN
(  498)             ZMFMAX=(PAPH(JL,JK)-PAPH(JL,JK-1))*ZCONS2
(  499)             ZXS=MAX(PMFU(JL,JK+1)-ZMFMAX,0.0_JPRB)
(  500)             PWMEAN(JL)=PWMEAN(JL)+PKINEU(JL,JK+1)*(PAP(JL,JK+1)-PAP(JL,JK))
(  501)             ZDPMEAN(JL)=ZDPMEAN(JL)+PAP(JL,JK+1)-PAP(JL,JK)
(  502)             ZDMFEN(JL)=ZOENTR(JL)
(  503)             IF(KTYPE(JL)>=2)THEN
(  504)               IF (YDSPP_CONFIG%LSPP .AND. LLPERT_ENTSHALP) THEN
(  505)                 ZXENTSHALP=ENTSHALP*EXP(PN1ENTSHALP%MU(1)+PN1ENTSHALP%XMAG(1)*PGP2DSPP(JL, IPENTSHALP))
(  506)               ELSE
(  507)                 ZXENTSHALP=ENTSHALP
(  508)               ENDIF
(  509)                ZDMFEN(JL)=ZXENTSHALP*ZDMFEN(JL)
(  510)                ZDMFDE(JL)=ZDMFEN(JL)
(  511)              ! ZDMFDE(JL)=MAX(ZDMFDE(JL),ZDMFEN(JL))
(  512)             ENDIF
(  513)             ZDMFDE(JL)=ZDMFDE(JL)*(1.6_JPRB-MIN(1.0_JPRB,PQEN(JL,JK)/PQSEN(JL,JK)))
(  514)             ZMFTEST=PMFU(JL,JK+1)+ZDMFEN(JL)-ZDMFDE(JL)






NVFORTRAN (Version     24.5)          03/19/2025  06:56:01      page 10

(  515)             ZCHANGE=MAX(ZMFTEST-ZMFMAX,0.0_JPRB)
(  516)             ZXE=MAX(ZCHANGE-ZXS,0.0_JPRB)
(  517)             ZDMFEN(JL)=ZDMFEN(JL)-ZXE
(  518)             ZCHANGE=ZCHANGE-ZXE
(  519)             ZDMFDE(JL)=ZDMFDE(JL)+ZCHANGE
(  520)           ENDIF
(  521) 
(  522)           PDMFEN(JL,JK) = ZDMFEN(JL)-ZDMFDE(JL)
(  523) 
(  524)           PMFU(JL,JK)=PMFU(JL,JK+1)+ZDMFEN(JL)-ZDMFDE(JL)
(  525)           ZQEEN=PQENH(JL,JK+1)*ZDMFEN(JL)
(  526)           ZSEEN=(RCPD*PTENH(JL,JK+1)+PGEOH(JL,JK+1))*ZDMFEN(JL)
(  527)           IF(PLITOT(JL,JK) > RLMIN) THEN
(  528)             ZLEEN=PLITOT(JL,JK)*ZDMFEN(JL)
(  529)           ELSE
(  530)             ZLEEN=0.0_JPRB
(  531)           ENDIF
(  532)           ZSCDE=(RCPD*PTU(JL,JK+1)+PGEOH(JL,JK+1))*ZDMFDE(JL)
(  533)           ZQUDE=PQU(JL,JK+1)*ZDMFDE(JL)
(  534)           PLUDE(JL,JK)=PLU(JL,JK+1)*ZDMFDE(JL)
(  535)           ZMFUSK=PMFUS(JL,JK+1)+ZSEEN-ZSCDE
(  536)           ZMFUQK=PMFUQ(JL,JK+1)+ZQEEN-ZQUDE
(  537)           ZMFULK=PMFUL(JL,JK+1)+ZLEEN-PLUDE(JL,JK)
(  538)           ZFAC=1.0_JPRB/MAX(RMFCMIN,PMFU(JL,JK))
(  539)           PLU(JL,JK)=ZMFULK*ZFAC
(  540)           PQU(JL,JK)=ZMFUQK*ZFAC
(  541)           PTU(JL,JK)=(ZMFUSK*ZFAC-PGEOH(JL,JK))*ZORCPD
(  542)           PTU(JL,JK)=MAX(100._JPRB,PTU(JL,JK))
(  543)           PTU(JL,JK)=MIN(400._JPRB,PTU(JL,JK))
(  544)           ZQOLD(JL)=PQU(JL,JK)
(  545)           PLRAIN(JL,JK)=PLRAIN(JL,JK+1)*MAX(0.0_JPRB,PMFU(JL,JK+1)-ZDMFDE(JL))*ZFAC
(  546)           ZLUOLD(JL)=PLU(JL,JK)
(  547)         ENDIF
(  548)     ENDDO
(  549)         ! reset to environmental values if below departure level
(  550)     DO JL=KIDIA,KFDIA
(  551)       IF ( JK > KDPL(JL) ) THEN
(  552)         PTU(JL,JK)=PTENH(JL,JK)      
(  553)         PQU(JL,JK)=PQENH(JL,JK)      
(  554)         PLU(JL,JK)=0.0_JPRB
(  555)         ZLUOLD(JL)=PLU(JL,JK)
(  556)       ENDIF
(  557)     ENDDO
(  558) 
(  559) !                  DO CORRECTIONS FOR MOIST ASCENT
(  560) !                  BY ADJUSTING T,Q AND L IN *CUADJTQ*
(  561) !                  -----------------------------------
(  562) 
(  563)     IK=JK
(  564)     IF(JLM > 0) THEN
(  565)       IF (LSCVLIQ) THEN
(  566)       CALL CUADJTQ &
(  567)        & ( YDTHF, YDCST, YDEPHLI, KIDIA,    KFDIA,    KLON,     KLEV,    IK,&
(  568)        &   ZPH,      PTU,      PQU,      LLFLAG,  6,  LSCVFLAG )  
(  569)       ELSE
(  570)       CALL CUADJTQ &
(  571)        & ( YDTHF, YDCST, YDEPHLI, KIDIA,    KFDIA,    KLON,     KLEV,    IK,&
(  572)        &   ZPH,      PTU,      PQU,      LLFLAG,  1,  LSCVFLAG )  






NVFORTRAN (Version     24.5)          03/19/2025  06:56:01      page 11

(  573)       ENDIF
(  574)     ENDIF
(  575) 
(  576)     IF (LPHYLIN) THEN
(  577) 
(  578) !DIR$ IVDEP
(  579) !NEC$ IVDEP
(  580) !OCL NOVREC
(  581)       DO JL=KIDIA,KFDIA 
(  582)         !JL=JLX(JLL)
(  583)         IF (LLFLAG(JL)) THEN
(  584)           IF(PQU(JL,JK) /= ZQOLD(JL)) THEN
(  585)             ZOEALFA   = MIN(1.0_JPRB,0.545_JPRB*(TANH(0.17_JPRB*(PTU(JL,JK  )-RLPTRC))+1.0_JPRB))
(  586)             ZOEALFAP  = MIN(1.0_JPRB,0.545_JPRB*(TANH(0.17_JPRB*(PTU(JL,JK+1)-RLPTRC))+1.0_JPRB))
(  587)             PLGLAC(JL,JK)=PLU(JL,JK)*((1.0_JPRB-ZOEALFA)-(1.0_JPRB-ZOEALFAP))
(  588)             ! add glaciation of rain
(  589)             ZFAC      = 0.545_JPRB*(TANH(0.17_JPRB*(PTEN(JL,JK  )-RLPTRC))+1.0_JPRB)
(  590)             PLGLAC(JL,JK)=PLGLAC(JL,JK)+ZFAC*PDMFUP(JL,JK+1)/MAX(RMFCMIN,PMFU(JL,JK+1))*&
(  591)                          &(0.5_JPRB+SIGN(0.5_JPRB,RTT-PTEN(JL,JK)))*ZGLAC
(  592)             PTU(JL,JK)=PTU(JL,JK)+RALFDCP*PLGLAC(JL,JK)
(  593)           ENDIF
(  594)         ENDIF
(  595)       ENDDO
(  596) 
(  597)     ELSE
(  598) 
(  599) !DIR$ IVDEP
(  600) !NEC$ IVDEP
(  601) !OCL NOVREC
(  602)       DO JL=KIDIA,KFDIA  
(  603)         !JL=JLX(JLL)
(  604)         IF (LLFLAG(JL)) THEN
(  605)           IF(PQU(JL,JK) /= ZQOLD(JL)) THEN
(  606)             PLGLAC(JL,JK)=PLU(JL,JK)*((1.0_JPRB-FOEALFCU(PTU(JL,JK)))-&
(  607)              & (1.0_JPRB-FOEALFCU(PTU(JL,JK+1))))  
(  608)             IF(LSCVFLAG(JL)) PLGLAC(JL,JK)=0.0_JPRB
(  609)             ! add glaciation of rain, only fraction added to updraught heat
(  610)              ZFAC=FOEALFCU(PTEN(JL,JK))
(  611)              PLGLAC(JL,JK)=PLGLAC(JL,JK)+ZFAC*PDMFUP(JL,JK+1)/MAX(RMFCMIN,PMFU(JL,JK+1))*&
(  612)                          &(0.5_JPRB+SIGN(0.5_JPRB,RTT-PTEN(JL,JK)))*ZGLAC
(  613)             PTU(JL,JK)=PTU(JL,JK)+RALFDCP*PLGLAC(JL,JK)
(  614)           ENDIF
(  615)         ENDIF
(  616)       ENDDO
(  617) 
(  618)     ENDIF
(  619) 
(  620)     DO JL=KIDIA,KFDIA 
(  621)       !JL=JLX(JLL)
(  622)       IF (LLFLAG(JL)) THEN
(  623)         IF(PQU(JL,JK) /= ZQOLD(JL)) THEN
(  624)           KLAB(JL,JK)=2
(  625)           PLU(JL,JK)=PLU(JL,JK)+ZQOLD(JL)-PQU(JL,JK)
(  626)           ZBC=PTU(JL,JK)*(1.0_JPRB+RETV*PQU(JL,JK)-PLU(JL,JK+1)-PLRAIN(JL,JK+1))
(  627)           ZBE=PTENH(JL,JK)*(1.0_JPRB+RETV*PQENH(JL,JK))
(  628)           ZBUO(JL,JK)=ZBC-ZBE
(  629) 
(  630) ! set   flags in case of midlevel convection






NVFORTRAN (Version     24.5)          03/19/2025  06:56:01      page 12

(  631) 
(  632)           IF(KTYPE(JL) == 3 .AND. KLAB(JL,JK+1)== 1) THEN
(  633)             IF(ZBUO(JL,JK) > -0.5_JPRB) THEN
(  634)               LDCUM(JL)=.TRUE.
(  635)               KCTOP(JL)=JK
(  636)               PKINEU(JL,JK)=0.5_JPRB
(  637)             ELSE
(  638)               KLAB(JL,JK)=0
(  639)               PMFU(JL,JK)=0.0_JPRB
(  640)               PLUDE(JL,JK)=0.0_JPRB
(  641)               PLU(JL,JK)=0.0_JPRB
(  642)             ENDIF
(  643)           ENDIF
(  644) 
(  645)           IF(KLAB(JL,JK+1) == 2) THEN
(  646) 
(  647)            !IF(ZBUO(JL,JK) < 0.0_JPRB.AND.KTYPE(JL)==1) THEN
(  648)             IF(ZBUO(JL,JK) < -0.1_JPRB) THEN
(  649)               PTENH(JL,JK)=0.5_JPRB*(PTEN(JL,JK)+PTEN(JL,JK-1))
(  650)               PQENH(JL,JK)=0.5_JPRB*(PQEN(JL,JK)+PQEN(JL,JK-1))
(  651)               ZBUO(JL,JK)=ZBC-PTENH(JL,JK)*(1.0_JPRB+RETV*PQENH(JL,JK))
(  652)             ENDIF
(  653)             ZBUOC=0.5*(ZBUO(JL,JK)+ZBUO(JL,JK+1))/(PTENH(JL,JK)*(1.0_JPRB+RETV*PQENH(JL,JK)))
(  654)             ZDKBUO=(PGEOH(JL,JK)-PGEOH(JL,JK+1))*ZFACBUO*ZBUOC
(  655) 
(  656) ! eith  er use entrainment rate or if zero
(  657) ! use   detrainmnet rate as a substitute for 
(  658) ! mixi  ng and "pressure" gradient term in upper
(  659) ! trop  osphere
(  660) 
(  661)             IF(ZDMFEN(JL) > 0.0_JPRB)THEN
(  662)               ZDKEN=MIN(1.0_JPRB,(1 + Z_CWDRAG)*&
(  663)                & ZDMFEN(JL)/MAX(RMFCMIN,PMFU(JL,JK+1)))  
(  664)             ELSE
(  665)               ZDKEN=MIN(1.0_JPRB,(1 + Z_CWDRAG)*&
(  666)                & ZDMFDE(JL)/MAX(RMFCMIN,PMFU(JL,JK+1)))  
(  667)             ENDIF
(  668)             
(  669)             IF (LDTDKMF) THEN
(  670)                PKINEU(JL,JK)=(PKINEU(JL,JK+1)*(1-ZDKEN)+ZDKBUO)/(1+ZDKEN)
(  671)                ZBUOC = ZBUO(JL,JK)
(  672)             ELSE
(  673)                PKINEU(JL,JK)=MAX(-1.E3_JPRB,(PKINEU(JL,JK+1)*(1-ZDKEN)+ZDKBUO)/(1+ZDKEN))
(  674)             ENDIF    
(  675)             IF(ZBUOC < 0.0_JPRB) THEN
(  676)               ZKEDKE=PKINEU(JL,JK)/MAX(1.E-3_JPRB,PKINEU(JL,JK+1))
(  677)               ZKEDKE=MAX(0.0_JPRB,MIN(1.0_JPRB,ZKEDKE))
(  678)               ZOCUDET=(1.6_JPRB-MIN(1.0_JPRB,PQEN(JL,JK)/PQSEN(JL,JK)))
(  679)               ZMFUN=ZOCUDET*SQRT(ZKEDKE)
(  680)               ZDMFDE(JL)=MAX(ZDMFDE(JL),PMFU(JL,JK+1)*(1.0_JPRB-ZMFUN))
(  681)               PLUDE(JL,JK)=PLU(JL,JK+1)*ZDMFDE(JL)
(  682)               PMFU(JL,JK)=PMFU(JL,JK+1)+ZDMFEN(JL)-ZDMFDE(JL)
(  683)             ENDIF
(  684) 
(  685)             IF(ZBUO(JL,JK) > -0.2_JPRB) THEN
(  686)               IKB=KCBOT(JL)
(  687)               IF (YDSPP_CONFIG%LSPP .AND. LLPERT_ENTRORG) THEN
(  688)                 ZXENTRORG=ENTRORG*EXP(PN1ENTRORG%MU(1)+PN1ENTRORG%XMAG(1)*PGP2DSPP(JL, IPENTRORG))






NVFORTRAN (Version     24.5)          03/19/2025  06:56:01      page 13

(  689)               ELSE
(  690)                 ZXENTRORG=ENTRORG
(  691)               ENDIF
(  692)               ZOENTR(JL)=ZXENTRORG*(0.3_JPRB-(MIN(1.0_JPRB,PQEN(JL,JK-1)/PQSEN(JL,JK-1))-ENTR_RH))*&
(  693)                 &(PGEOH(JL,JK-1)-PGEOH(JL,JK))*ZRG*MIN(1.0_JPRB,PQSEN(JL,JK)/PQSEN(JL,IKB))**3
(  694)               ZOENTR(JL)=MIN(0.4_JPRB,ZOENTR(JL))*PMFU(JL,JK)
(  695)             ELSE
(  696)               ZOENTR(JL)=0.0_JPRB
(  697)             ENDIF
(  698) 
(  699)              ! Erase values if below departure level
(  700)             IF ( JK > KDPL(JL) ) THEN
(  701)               PMFU(JL,JK)=PMFU(JL,JK+1)
(  702)               PKINEU(JL,JK)=0.5_JPRB
(  703)             ENDIF
(  704)             IF(PKINEU(JL,JK) > 0.0_JPRB .AND. PMFU(JL,JK) > 0.0_JPRB .AND. &
(  705)           ! add overshoot limiter for convective top evaluation 
(  706)            &(ZBUO(JL,JK)>-2._JPRB.OR.(PTEN(JL,JK-1)-PTEN(JL,JK))/(ZRG*(PGEO(JL,JK-1)-PGEO(JL,JK)))&
(  707)            &<-3.E-3_JPRB) ) THEN
(  708)               KCTOP(JL)=JK
(  709)               LLO1(JL)=.TRUE.
(  710)             ELSE
(  711)               KLAB(JL,JK)=0
(  712)               PMFU(JL,JK)=0.0_JPRB
(  713)               PKINEU(JL,JK)=0.0_JPRB
(  714)               ZDMFDE(JL)=PMFU(JL,JK+1)
(  715)               PLUDE(JL,JK)=PLU(JL,JK+1)*ZDMFDE(JL)
(  716)             ENDIF
(  717)             
(  718) ! stor  e detrainment rates for updraught
(  719) 
(  720)             IF ( PMFU(JL,JK+1) > 0.0_JPRB ) THEN
(  721)               PMFUDE_RATE(JL,JK)=ZDMFDE(JL)
(  722)             ENDIF
(  723)             
(  724)           ENDIF
(  725) 
(  726) !       ELSEIF(LLFLAG(JL).AND.KTYPE(JL)==2.AND.PQU(JL,JK) == ZQOLD(JL)) THEN
(  727)         ELSEIF(KTYPE(JL)==2.AND.PQU(JL,JK) == ZQOLD(JL)) THEN
(  728)           KLAB(JL,JK)=0
(  729)           PMFU(JL,JK)=0.0_JPRB
(  730)           PKINEU(JL,JK)=0.0_JPRB
(  731)           ZDMFDE(JL)=PMFU(JL,JK+1)
(  732)           PLUDE(JL,JK)=PLU(JL,JK+1)*ZDMFDE(JL)
(  733)           PMFUDE_RATE(JL,JK)=ZDMFDE(JL)
(  734) 
(  735)         ENDIF
(  736)       ENDIF
(  737)     ENDDO
(  738) 
(  739) !              CALCULATE PRECIPITATION RATE BY
(  740) !              ANALYTIC INTEGRATION OF EQUATION FOR L
(  741) 
(  742)     DO JL=KIDIA,KFDIA
(  743)       IF(LLO1(JL)) THEN
(  744)         IF(PLU(JL,JK) > ZDNOPRC) THEN
(  745)           PWU(JL,JK)=MIN(15._JPRB,SQRT(2.0_JPRB*MAX(0.5_JPRB,PKINEU(JL,JK+1))))
(  746) !       increase conversion for liquid phase only






NVFORTRAN (Version     24.5)          03/19/2025  06:56:01      page 14

(  747)           IF (LDTDKMF) THEN
(  748)              ZZCO=FOEALFCU(PTU(JL,JK))*1.3_JPRB+(1.0_JPRB-FOEALFCU(PTU(JL,JK)))
(  749)           ELSE
(  750)              ZZCO=1.0_JPRB+0.3_JPRB*FOEALFCU(PTU(JL,JK))
(  751)           ENDIF   
(  752)         ! IF(LSCVFLAG(JL)) ZZCO=1.3_JPRB
(  753) 
(  754)           IF (YDSPP_CONFIG%LSPP .AND. LLPERT_RPRCON) THEN
(  755)             ZXPRCDGW=ZPRCDGW*EXP(PN1RPRCON%MU(1)+PN1RPRCON%XMAG(1)*PGP2DSPP(JL, IPRPRCON))
(  756)           ELSE
(  757)             ZXPRCDGW=ZPRCDGW
(  758)           ENDIF
(  759)           ZPRCON=ZXPRCDGW/(0.75_JPRB*PWU(JL,JK))*ZZCO
(  760) 
(  761) !           PARAMETERS FOR BERGERON-FINDEISEN PROCESS (T < -5C)
(  762) 
(  763)           ZDT=MIN(RTBERCU-RTICECU,MAX(RTBERCU-PTU(JL,JK),0.0_JPRB))
(  764)           ZCBF=1+Z_CPRC2*SQRT(ZDT)
(  765)           ZZCO=ZPRCON*ZCBF
(  766) 
(  767)           IF (NACTAERO > 0) THEN
(  768) !         (Prognostic) aerosols in clouds, CCN effect only in pure warm phase
(  769) !         then phases out in mixed phase - ***NOT*** linear physics 
(  770) ! CCN number taken at each height from environment
(  771)             IF (LAERLIQAUTOCP) THEN
(  772)               ZALFAW=FOEALFCU(PTU(JL,JK))
(  773)               ZLCRIT=ZALFAW*PLCRIT_AER(JL,JK)+(1.0_JPRB-ZALFAW)*ZDNOPRC
(  774) ! CCN number determined at cloud base (entrainment ignored)
(  775)             ELSEIF (LAERLIQAUTOCPB) THEN 
(  776)               ZALFAW=FOEALFCU(PTU(JL,JK))
(  777)               ZLCRIT=ZALFAW*PLCRIT_AER(JL,KCBOT(JL))+(1.0_JPRB-ZALFAW)*ZDNOPRC
(  778)             ELSE
(  779)               ZLCRIT=ZDNOPRC/ZCBF
(  780)             ENDIF
(  781)           ELSE
(  782)             ZLCRIT=ZDNOPRC/ZCBF
(  783)          ENDIF
(  784) 
(  785)           ZDFI=PGEOH(JL,JK)-PGEOH(JL,JK+1)
(  786)           ZC=(PLU(JL,JK)-ZLUOLD(JL))
(  787)           ZD=ZZCO*(1.0_JPRB-EXP(-(PLU(JL,JK)/ZLCRIT)**2))*ZDFI
(  788)           ZINT=EXP(-ZD)
(  789)           ZLNEW=ZLUOLD(JL)*ZINT+ZC/ZD*(1.0_JPRB-ZINT)
(  790)           ZLNEW=MAX(0.0_JPRB,MIN(PLU(JL,JK),ZLNEW))
(  791)           ZLNEW=MIN(Z_CLDMAX,ZLNEW)
(  792)           ZPRECIP(JL)=MAX(0.0_JPRB,ZLUOLD(JL)+ZC-ZLNEW)
(  793)           PDMFUP(JL,JK)=ZPRECIP(JL)*PMFU(JL,JK)
(  794)           PLRAIN(JL,JK)=PLRAIN(JL,JK)+ZPRECIP(JL)
(  795)           PLU(JL,JK)=ZLNEW
(  796)         ENDIF
(  797)       ENDIF
(  798)     ENDDO
(  799) 
(  800)     IF (LPHYLIN) THEN
(  801) 
(  802) !DEC$ IVDEP
(  803) !NEC$ IVDEP
(  804)       DO JL=KIDIA,KFDIA






NVFORTRAN (Version     24.5)          03/19/2025  06:56:01      page 15

(  805)         IF(LLO1(JL)) THEN
(  806)           IF(PLRAIN(JL,JK) > 0.0_JPRB) THEN
(  807)             ZVW=21.18_JPRB*PLRAIN(JL,JK)**0.2_JPRB
(  808)             ZVI=Z_CWIFRAC*ZVW
(  809)             ZALFAW=MIN(1.0_JPRB,0.545_JPRB*(TANH(0.17_JPRB*(PTU(JL,JK)-RLPTRC))+1.0_JPRB))
(  810)             ZVV=ZALFAW*ZVW+(1.0_JPRB-ZALFAW)*ZVI
(  811)             ZROLD=PLRAIN(JL,JK)-ZPRECIP(JL)
(  812)             ZC=ZPRECIP(JL)
(  813)             PWU(JL,JK)=MIN(15._JPRB,SQRT(2.0_JPRB*MAX(0.1_JPRB,PKINEU(JL,JK))))
(  814)             ZD=ZVV/PWU(JL,JK)
(  815)             ZINT=EXP(-ZD)
(  816)             ZRNEW=ZROLD*ZINT+ZC/ZD*(1.0_JPRB-ZINT)
(  817)             ZRNEW=MAX(0.0_JPRB,MIN(PLRAIN(JL,JK),ZRNEW))
(  818)             PLRAIN(JL,JK)=ZRNEW
(  819)           ENDIF
(  820)         ENDIF
(  821)       ENDDO
(  822) 
(  823)     ELSE
(  824) 
(  825)       DO JL=KIDIA,KFDIA
(  826)         IF(LLO1(JL)) THEN
(  827)           IF(PLRAIN(JL,JK) > 0.0_JPRB) THEN
(  828)             ZVW=21.18_JPRB*PLRAIN(JL,JK)**0.2_JPRB
(  829)             ZVI=Z_CWIFRAC*ZVW
(  830)             ZALFAW=FOEALFCU(PTU(JL,JK))
(  831)             IF(LSCVFLAG(JL)) ZALFAW=1.0_JPRB
(  832)             ZVV=ZALFAW*ZVW+(1.0_JPRB-ZALFAW)*ZVI
(  833)             ZROLD=PLRAIN(JL,JK)-ZPRECIP(JL)
(  834)             ZC=ZPRECIP(JL)
(  835)             PWU(JL,JK)=MIN(15._JPRB,SQRT(2.0_JPRB*MAX(0.1_JPRB,PKINEU(JL,JK))))
(  836)             ZD=ZVV/PWU(JL,JK)
(  837)             ZINT=EXP(-ZD)
(  838)             ZRNEW=ZROLD*ZINT+ZC/ZD*(1.0_JPRB-ZINT)
(  839)             ZRNEW=MAX(0.0_JPRB,MIN(PLRAIN(JL,JK),ZRNEW))
(  840)             PLRAIN(JL,JK)=ZRNEW
(  841)           ENDIF
(  842)         ENDIF
(  843)       ENDDO
(  844) 
(  845)     ENDIF
(  846) 
(  847)     DO JL=KIDIA,KFDIA 
(  848)       !JL=JLX(JLL)
(  849)       IF (LLFLAG(JL)) THEN
(  850)         PMFUL(JL,JK)=PLU(JL,JK)*PMFU(JL,JK)
(  851)         PMFUS(JL,JK)=(RCPD*PTU(JL,JK)+PGEOH(JL,JK))*PMFU(JL,JK)
(  852)         PMFUQ(JL,JK)=PQU(JL,JK)*PMFU(JL,JK)
(  853)         ZALFAW=FOEALFCU(PTU(JL,JK))
(  854)         IF(LSCVFLAG(JL)) ZALFAW=1.0_JPRB
(  855)         PLUDELI(JL,JK,1)=ZALFAW*PLUDE(JL,JK)
(  856)         PLUDELI(JL,JK,2)=(1.0_JPRB-ZALFAW)*PLUDE(JL,JK)
(  857)       ENDIF
(  858)     ENDDO
(  859) 
(  860)   ENDIF
(  861) ENDDO
(  862) 






NVFORTRAN (Version     24.5)          03/19/2025  06:56:01      page 16

(  863) !----------------------------------------------------------------------
(  864) 
(  865) !     5.           FINAL CALCULATIONS 
(  866) !                  ------------------
(  867) 
(  868) DO JL=KIDIA,KFDIA
(  869)   IF(KCTOP(JL) == -1) LDCUM(JL)=.FALSE.
(  870)   KCBOT(JL)=MAX(KCBOT(JL),KCTOP(JL))
(  871)   IF(LDCUM(JL)) THEN
(  872)     PWMEAN(JL)=MAX(1.E-2_JPRB,PWMEAN(JL)/MAX(1.0_JPRB,ZDPMEAN(JL)))
(  873)     PWMEAN(JL)=SQRT(2.0_JPRB*PWMEAN(JL))
(  874)   ENDIF
(  875) ENDDO
(  876) 
(  877) END ASSOCIATE
(  878) IF (LHOOK) CALL DR_HOOK('CUASCN',1,ZHOOK_HANDLE)
(  879) END SUBROUTINE CUASCN















































NVFORTRAN (Version     24.5)          03/19/2025  06:56:01      page 17

(    1) # 1 "./cuascn.F90"
(    1) !OPTIONS XOPT(HSFUN)
(    2) # 3 "./cuascn.F90"
(    3) SUBROUTINE CUASCN &
(    4)  & (YDTHF, YDCST, YDEPHLI, YDECLDP,  YDECUMF, YDSPP_CONFIG, YGFL,&
(    5)  & KIDIA,    KFDIA,    KLON,    KLEV, LDTDKMF, &
(    6)  & PTSPHY,&
(    7)  & PTENH,    PQENH,    PUEN,     PVEN,&
(    8)  & PTEN,     PQEN,     PQSEN,    PLITOT,&
(    9)  & PGEO,     PGEOH,    PAP,      PAPH,&
(   10)  & PVERVEL,  PWUBASE,  PGP2DSPP,  &
(   11)  & LDLAND,   LDCUM,    KTYPE,    KLAB,     LSCVFLAG,&
(   12)  & PTU,      PQU,      PLU,      PLRAIN,&
(   13)  & PMFU,     PMFUB,    PLGLAC,&
(   14)  & PMFUS,    PMFUQ,    PMFUL,    PLUDE,    PLUDELI,        PDMFUP,&
(   15)  & PLCRIT_AER,&
(   16)  & PDMFEN,&
(   17)  & KCBOT,    KCTOP,    KCTOP0,   KDPL,     PMFUDE_RATE,    PKINEU,  PWU, PWMEAN )  
(   18) # 19 "./cuascn.F90"
(   19) !          THIS ROUTINE DOES THE CALCULATIONS FOR CLOUD ASCENTS
(   20) !          FOR CUMULUS PARAMETERIZATION
(   21) # 22 "./cuascn.F90"
(   22) !          PURPOSE.
(   23) !          --------
(   24) !          TO PRODUCE CLOUD ASCENTS FOR CU-PARAMETRIZATION
(   25) !          (VERTICAL PROFILES OF T,Q,L,U AND V AND CORRESPONDING
(   26) !           FLUXES AS WELL AS PRECIPITATION RATES)
(   27) # 28 "./cuascn.F90"
(   28) !          INTERFACE
(   29) !          ---------
(   30) # 31 "./cuascn.F90"
(   31) !          THIS ROUTINE IS CALLED FROM *CUMASTR*.
(   32) # 33 "./cuascn.F90"
(   33) !          METHOD.
(   34) !          --------
(   35) !          LIFT SURFACE AIR DRY-ADIABATICALLY TO CLOUD BASE
(   36) !          AND THEN CALCULATE MOIST ASCENT FOR
(   37) !          ENTRAINING/DETRAINING PLUME.
(   38) !          ENTRAINMENT AND DETRAINMENT RATES DIFFER FOR
(   39) !          SHALLOW AND DEEP CUMULUS CONVECTION.
(   40) !          IN CASE THERE IS NO PENETRATIVE OR SHALLOW CONVECTION
(   41) !          CHECK FOR POSSIBILITY OF MID LEVEL CONVECTION
(   42) !          (CLOUD BASE VALUES CALCULATED IN *CUBASMC*)
(   43) # 44 "./cuascn.F90"
(   44) !     PARAMETER     DESCRIPTION                                   UNITS
(   45) !     ---------     -----------                                   -----
(   46) !     INPUT PARAMETERS (INTEGER):
(   47) # 48 "./cuascn.F90"
(   48) !    *KIDIA*        START POINT
(   49) !    *KFDIA*        END POINT
(   50) !    *KLON*         NUMBER OF GRID POINTS PER PACKET
(   51) !    *KLEV*         NUMBER OF LEVELS
(   52) !    *KTYPE*        TYPE OF CONVECTION
(   53) !                       1 = PENETRATIVE CONVECTION
(   54) !                       2 = SHALLOW CONVECTION
(   55) !                       3 = MIDLEVEL CONVECTION
(   56) !    *KCBOT*        CLOUD BASE LEVEL
(   57) !    *KDPL*         DEPARTURE LEVEL FOR CONVECTION






NVFORTRAN (Version     24.5)          03/19/2025  06:56:01      page 18

(   58) # 59 "./cuascn.F90"
(   59) !    INPUT PARAMETERS (REAL):
(   60) # 61 "./cuascn.F90"
(   61) !    *PTSPHY*       TIME STEP FOR THE PHYSICS                      S
(   62) !    *PTENH*        ENV. TEMPERATURE (T+1) ON HALF LEVELS          K
(   63) !    *PQENH*        ENV. SPEC. HUMIDITY (T+1) ON HALF LEVELS     KG/KG
(   64) !    *PUEN*         PROVISIONAL ENVIRONMENT U-VELOCITY (T+1)      M/S
(   65) !    *PVEN*         PROVISIONAL ENVIRONMENT V-VELOCITY (T+1)      M/S
(   66) !    *PTEN*         PROVISIONAL ENVIRONMENT TEMPERATURE (T+1)      K
(   67) !    *PQEN*         PROVISIONAL ENVIRONMENT SPEC. HUMIDITY (T+1) KG/KG
(   68) !    *PQSEN*        ENVIRONMENT SPEC. SATURATION HUMIDITY (T+1)  KG/KG
(   69) !    *PGEO*         GEOPOTENTIAL                                 M2/S2
(   70) !    *PLITOT*       GRID MEAN LIQUID WATER+ICE CONTENT           KG/KG
(   71) !    *PGEOH*        GEOPOTENTIAL ON HALF LEVELS                  M2/S2
(   72) !    *PAP*          PROVISIONAL PRESSURE ON FULL LEVELS           PA
(   73) !    *PAPH*         PROVISIONAL PRESSURE ON HALF LEVELS           PA
(   74) !    *PVERVEL*      VERTICAL VELOCITY                            PA/S
(   75) !    *PGP2DSPP*     Standard stochastic variable (mean=0, SD=1)
(   76) !    *PLCRIT_AER*   CRITICAL LIQUID MMR FOR AUTOCONVERSION PROCESS KG/KG
(   77) # 78 "./cuascn.F90"
(   78) !    INPUT PARAMETERS (LOGICAL):
(   79) # 80 "./cuascn.F90"
(   80) !    *LDLAND*       LAND SEA MASK (.TRUE. FOR LAND)
(   81) !    *LDCUM*        FLAG: .TRUE. FOR CONVECTIVE POINTS 
(   82) !    *LDTDKMF*      Arpege tuning (if TRUE)
(   83) # 84 "./cuascn.F90"
(   84) !    UPDATED PARAMETERS (INTEGER):
(   85) # 86 "./cuascn.F90"
(   86) !    *KLAB*         FLAG KLAB=1 FOR SUBCLOUD LEVELS
(   87) !                        KLAB=2 FOR CLOUD LEVELS
(   88) # 89 "./cuascn.F90"
(   89) !    UPDATED PARAMETERS (REAL):
(   90) # 91 "./cuascn.F90"
(   91) !    *PTU*          TEMPERATURE IN UPDRAFTS                        K
(   92) !    *PQU*          SPEC. HUMIDITY IN UPDRAFTS                   KG/KG
(   93) !    *PLU*          LIQUID WATER CONTENT IN UPDRAFTS             KG/KG
(   94) !    *PLRAIN*       RAIN   WATER CONTENT IN UPDRAFTS             KG/KG
(   95) # 96 "./cuascn.F90"
(   96) !    OUTPUT PARAMETERS (INTEGER):
(   97) # 98 "./cuascn.F90"
(   98) !    *KCTOP*        CLOUD TOP LEVEL
(   99) !    *KCTOP0*       FIRST GUESS OF CLOUD TOP LEVEL 
(  100) !    *LSCVFLAG*     MASK FOR LIQUID ONLY SHALLOW
(  101) # 102 "./cuascn.F90"
(  102) !    OUTPUT PARAMETERS (REAL):
(  103) # 104 "./cuascn.F90"
(  104) !    *PMFU*         MASSFLUX IN UPDRAFTS                         KG/(M2*S)
(  105) !    *PMFUB*        MASSFLUX IN UPDRAFTS AT CLOUD BASE           KG/(M2*S)
(  106) !    *PMFUS*        FLUX OF DRY STATIC ENERGY IN UPDRAFTS         J/(M2*S)
(  107) !    *PMFUQ*        FLUX OF SPEC. HUMIDITY IN UPDRAFTS           KG/(M2*S)
(  108) !    *PMFUL*        FLUX OF LIQUID WATER IN UPDRAFTS             KG/(M2*S)
(  109) !    *PLUDE*        DETRAINED TOTAL CONDENSATE                   KG/(M2*S)
(  110) !    *PLUDELI*      DETRAINED LIQUID, ICE                        KG/(M2*S)
(  111) !    *PLGLAC*       FROZEN CLOUD WATER/RAIN CONTENT              KG/KG
(  112) !    *PDMFUP*       FLUX DIFFERENCE OF PRECIP. IN UPDRAFTS       KG/(M2*S)
(  113) !    *PMFUDE_RATE*  UPDRAFT DETRAINMENT RATE                     KG/(M2*S)
(  114) !    *PKINEU*       UPDRAFT KINETIC ENERGY                       M2/S2
(  115) !    *PWMEAN*       MEAN UPDRAUGHT VELOCITY                      M/S






NVFORTRAN (Version     24.5)          03/19/2025  06:56:01      page 19

(  116) # 117 "./cuascn.F90"
(  117) !          EXTERNALS
(  118) !          ---------
(  119) !          *CUADJTQ* ADJUST T AND Q DUE TO CONDENSATION IN ASCENT
(  120) !          *CUENTR*  CALCULATE ENTRAINMENT/DETRAINMENT RATES
(  121) !          *CUBASMC* CALCULATE CLOUD BASE VALUES FOR MIDLEVEL CONVECTION
(  122) # 123 "./cuascn.F90"
(  123) !          REFERENCE
(  124) !          ---------
(  125) !          (TIEDTKE,1989)
(  126) # 127 "./cuascn.F90"
(  127) !     AUTHOR.
(  128) !     -------
(  129) !      M.TIEDTKE         E.C.M.W.F.     7/86 MODIF. 12/89
(  130) # 131 "./cuascn.F90"
(  131) !     MODIFICATIONS.
(  132) !     --------------
(  133) !      01-05-22 : Modified flux limiter M.CULLEN
(  134) !      02-08-14 : Allow for departure level =/ KLEV  P.BECHTOLD
(  135) !      03-08-28 : Clean-up detrainment rates         P.BECHTOLD
(  136) !      M.Hamrud      01-Oct-2003 CY28 Cleaning
(  137) !      J.Hague       08-Dec-2005 Tuning: LLFLAG indexing
(  138) !      07-06-01 : Organized entrainment based on RH  P.BECHTOLD
(  139) !      08-02-11 : Simplify entrainment to org no turb P.BECHTOLD
(  140) !      11-03-26 : Detrainment dependent on       RH  P.BECHTOLD
(  141) !      11-09-19 : JJMorcrette effect of prognostic aerosols on autoconversion
(  142) !      16-01-27 : Introduced SPP scheme (LSPP)   M. Leutbecher & S.-J. Lock 
(  143) !      30-Jan-20: Single precision fix    F. Vana
(  144) !      20-10-12 : SPP abstraction                M. Leutbecher
(  145) !      21-09-13 : Introduced LDTDKMF and ENTR_RH parameter for Arpege
(  146) !    2021-09-24 : Fix bug on PKINEU, this bug is active only in simple precision mode.
(  147) !     R. El Khatib 22-Jun-2022 A contribution to simplify phasing after the refactoring of YOMCLI/YOMCST/YOETHF.
(  148) !     R. El Khatib 06-Sep-2023 vectorization
(  149) !----------------------------------------------------------------------
(  150) # 151 "./cuascn.F90"
(  151) USE PARKIND1 , ONLY : JPIM, JPRB
(  152) USE YOMHOOK  , ONLY : LHOOK, DR_HOOK, JPHOOK
(  153) USE YOMCST   , ONLY : TCST 
(  154) USE YOETHF   , ONLY : TTHF  
(  155) USE YOECUMF  , ONLY : TECUMF
(  156) USE YOEPHLI  , ONLY : TEPHLI
(  157) USE YOECLDP  , ONLY : TECLDP
(  158) USE YOM_YGFL , ONLY : TYPE_GFLD
(  159) USE SPP_MOD     , ONLY : TSPP_CONFIG
(  160) USE SPP_GEN_MOD , ONLY : SPP_PERT
(  161) # 162 "./cuascn.F90"
(  162) IMPLICIT NONE
(  163) # 164 "./cuascn.F90"
(  164) TYPE(TTHF)        ,INTENT(IN)    :: YDTHF
(  165) TYPE(TCST)        ,INTENT(IN)    :: YDCST
(  166) TYPE(TECLDP)      ,INTENT(IN)    :: YDECLDP
(  167) TYPE(TECUMF)      ,INTENT(IN)    :: YDECUMF
(  168) TYPE(TEPHLI)      ,INTENT(IN)    :: YDEPHLI
(  169) TYPE(TSPP_CONFIG) ,INTENT(IN)    :: YDSPP_CONFIG
(  170) TYPE(TYPE_GFLD)   ,INTENT(IN)    :: YGFL
(  171) INTEGER(KIND=JPIM),INTENT(IN)    :: KLON 
(  172) INTEGER(KIND=JPIM),INTENT(IN)    :: KLEV 
(  173) INTEGER(KIND=JPIM),INTENT(IN)    :: KIDIA 






NVFORTRAN (Version     24.5)          03/19/2025  06:56:01      page 20

(  174) INTEGER(KIND=JPIM),INTENT(IN)    :: KFDIA 
(  175) REAL(KIND=JPRB)   ,INTENT(IN)    :: PTSPHY 
(  176) REAL(KIND=JPRB)   ,INTENT(IN)    :: PLCRIT_AER(KLON,KLEV)
(  177) REAL(KIND=JPRB)   ,INTENT(INOUT) :: PTENH(KLON,KLEV) 
(  178) REAL(KIND=JPRB)   ,INTENT(INOUT) :: PQENH(KLON,KLEV) 
(  179) REAL(KIND=JPRB)   ,INTENT(IN)    :: PUEN(KLON,KLEV) 
(  180) REAL(KIND=JPRB)   ,INTENT(IN)    :: PVEN(KLON,KLEV) 
(  181) REAL(KIND=JPRB)   ,INTENT(IN)    :: PTEN(KLON,KLEV) 
(  182) REAL(KIND=JPRB)   ,INTENT(IN)    :: PQEN(KLON,KLEV) 
(  183) REAL(KIND=JPRB)   ,INTENT(IN)    :: PQSEN(KLON,KLEV) 
(  184) REAL(KIND=JPRB)   ,INTENT(IN)    :: PLITOT(KLON,KLEV) 
(  185) REAL(KIND=JPRB)   ,INTENT(IN)    :: PGEO(KLON,KLEV) 
(  186) REAL(KIND=JPRB)   ,INTENT(IN)    :: PGEOH(KLON,KLEV+1) 
(  187) REAL(KIND=JPRB)   ,INTENT(IN)    :: PAP(KLON,KLEV) 
(  188) REAL(KIND=JPRB)   ,INTENT(IN)    :: PAPH(KLON,KLEV+1) 
(  189) REAL(KIND=JPRB)   ,INTENT(IN)    :: PVERVEL(KLON,KLEV) 
(  190) REAL(KIND=JPRB)   ,INTENT(IN)    :: PWUBASE(KLON)
(  191) REAL(KIND=JPRB)   ,INTENT(IN)    :: PGP2DSPP(KLON,YDSPP_CONFIG%SM%NRFTOTAL)
(  192) LOGICAL           ,INTENT(IN)    :: LDLAND(KLON) 
(  193) LOGICAL           ,INTENT(INOUT) :: LDCUM(KLON) 
(  194) LOGICAL           ,INTENT(IN)    :: LDTDKMF
(  195) LOGICAL           ,INTENT(OUT)   :: LSCVFLAG(KLON) 
(  196) INTEGER(KIND=JPIM),INTENT(INOUT) :: KTYPE(KLON) 
(  197) INTEGER(KIND=JPIM),INTENT(INOUT) :: KLAB(KLON,KLEV) 
(  198) REAL(KIND=JPRB)   ,INTENT(INOUT) :: PTU(KLON,KLEV) 
(  199) REAL(KIND=JPRB)   ,INTENT(INOUT) :: PQU(KLON,KLEV) 
(  200) REAL(KIND=JPRB)   ,INTENT(INOUT) :: PLU(KLON,KLEV) 
(  201) REAL(KIND=JPRB)   ,INTENT(INOUT) :: PLRAIN(KLON,KLEV) 
(  202) REAL(KIND=JPRB)   ,INTENT(INOUT) :: PMFU(KLON,KLEV) 
(  203) REAL(KIND=JPRB)   ,INTENT(INOUT) :: PMFUB(KLON) 
(  204) REAL(KIND=JPRB)   ,INTENT(OUT)   :: PLGLAC(KLON,KLEV) 
(  205) REAL(KIND=JPRB)   ,INTENT(OUT)   :: PMFUS(KLON,KLEV) 
(  206) REAL(KIND=JPRB)   ,INTENT(OUT)   :: PMFUQ(KLON,KLEV) 
(  207) REAL(KIND=JPRB)   ,INTENT(OUT)   :: PMFUL(KLON,KLEV) 
(  208) REAL(KIND=JPRB)   ,INTENT(OUT)   :: PLUDE(KLON,KLEV) 
(  209) REAL(KIND=JPRB)   ,INTENT(OUT)   :: PLUDELI(KLON,KLEV,2) 
(  210) REAL(KIND=JPRB)   ,INTENT(OUT)   :: PDMFUP(KLON,KLEV) 
(  211) REAL(KIND=JPRB)   ,INTENT(OUT)   :: PDMFEN(KLON,KLEV) 
(  212) INTEGER(KIND=JPIM),INTENT(INOUT) :: KCBOT(KLON) 
(  213) INTEGER(KIND=JPIM),INTENT(OUT)   :: KCTOP(KLON) 
(  214) INTEGER(KIND=JPIM),INTENT(INOUT) :: KCTOP0(KLON) 
(  215) INTEGER(KIND=JPIM),INTENT(IN)    :: KDPL(KLON) 
(  216) REAL(KIND=JPRB)   ,INTENT(OUT)   :: PMFUDE_RATE(KLON,KLEV) 
(  217) REAL(KIND=JPRB)   ,INTENT(OUT)   :: PKINEU(KLON,KLEV) 
(  218) REAL(KIND=JPRB)   ,INTENT(OUT)   :: PWU(KLON,KLEV) 
(  219) REAL(KIND=JPRB)   ,INTENT(OUT)   :: PWMEAN(KLON) 
(  220) # 221 "./cuascn.F90"
(  221) REAL(KIND=JPRB) ::     ZDMFEN(KLON), ZDMFDE(KLON),&
(  222)  & ZQOLD(KLON),        ZPRECIP(KLON),&
(  223)  & ZBUO(KLON,KLEV),    ZLUOLD(KLON)
(  224) REAL(KIND=JPRB) ::     ZDPMEAN(KLON)
(  225) REAL(KIND=JPRB) ::     ZOENTR(KLON), ZPH(KLON)
(  226) LOGICAL ::  LLFLAG(KLON), LLFLAGUV(KLON), LLO1(KLON), LLO3
(  227) # 228 "./cuascn.F90"
(  228) INTEGER(KIND=JPIM) :: IK, IS, JK, JL, IKB
(  229) INTEGER(KIND=JPIM) :: JLL, JLM, JLX(KLON)
(  230) # 231 "./cuascn.F90"
(  231) REAL(KIND=JPRB) :: Z_CLDMAX, Z_CPRC2, Z_CWDRAG, Z_CWIFRAC, ZALFAW,&






NVFORTRAN (Version     24.5)          03/19/2025  06:56:01      page 21

(  232)  & ZBC, ZBE, ZBUOC, ZC, ZCBF, ZCONS2, ZD, ZDFI, &
(  233)  & ZDKBUO, ZDKEN, ZDNOPRC, ZRG, ZORCPD,&
(  234)  & ZDT, ZFAC, ZFACBUO, ZINT, ZKEDKE, ZLCRIT, &
(  235)  & ZLEEN, ZLNEW, ZMFMAX, ZMFTEST, ZMFULK, ZMFUN, &
(  236)  & ZMFUQK, ZMFUSK, ZOEALFA, ZOEALFAP, ZPRCDGW, &
(  237)  & ZPRCON, ZQEEN, ZQUDE, ZRNEW, ZROLD, ZSCDE, &
(  238)  & ZSEEN, ZVI, ZVV, ZVW, ZZCO, ZOCUDET, ZGLAC
(  239) REAL(KIND=JPRB) :: ZXENTRORG, ZXENTSHALP, ZXPRCDGW
(  240) # 241 "./cuascn.F90"
(  241) ! A bunch of SPP variables
(  242) LOGICAL            :: LLPERT_ENTRORG, LLPERT_ENTSHALP, LLPERT_RPRCON    ! SPP perturbation on?
(  243) INTEGER(KIND=JPIM) :: IPENTRORG,  IPENTSHALP,  IPRPRCON   ! SPP random field pointer
(  244) INTEGER(KIND=JPIM) :: IPN  ! SPP perturbation pointer
(  245) TYPE(SPP_PERT)     :: PN1ENTRORG, PN1ENTSHALP, PN1RPRCON  ! SPP pertn. configs. for ENTRORG, ENTSHALP and RPRCON, respectively
(  246) # 247 "./cuascn.F90"
(  247) REAL(KIND=JPRB) ::  ZCHANGE,ZXS,ZXE
(  248) REAL(KIND=JPHOOK) :: ZHOOK_HANDLE
(  249) # 250 "./cuascn.F90"
(  250) LOGICAL :: LLKLAB(KLON)
(  251) # 252 "./cuascn.F90"
(  252) # 1 "./cuadjtq.intfb.h"
(    1) INTERFACE
(    2) # 3 "./cuadjtq.intfb.h"
(    3) SUBROUTINE CUADJTQ &
(    4) & (YDTHF, YDCST, YDEPHLI,KIDIA,    KFDIA,    KLON,    KLEV,     KK,&
(    5) &  PSP,      PT,       PQ,      LDFLAG,   KCALL,   LDOFLAG)
(    6) USE PARKIND1 , ONLY : JPIM     ,JPRB
(    7) USE YOMHOOK  , ONLY : LHOOK,   DR_HOOK, JPHOOK
(    8) USE YOMCST   , ONLY : TCST
(    9) USE YOETHF   , ONLY : TTHF
(   10) USE YOEPHLI  , ONLY : TEPHLI
(   11) IMPLICIT NONE
(   12) TYPE(TTHF)         ,INTENT(IN)               :: YDTHF
(   13) TYPE(TCST)         ,INTENT(IN)               :: YDCST
(   14) TYPE(TEPHLI)       ,INTENT(IN)               :: YDEPHLI
(   15) INTEGER(KIND=JPIM) ,INTENT(IN)               :: KIDIA
(   16) INTEGER(KIND=JPIM) ,INTENT(IN)               :: KFDIA
(   17) INTEGER(KIND=JPIM) ,INTENT(IN)               :: KLON
(   18) INTEGER(KIND=JPIM) ,INTENT(IN)               :: KLEV
(   19) INTEGER(KIND=JPIM) ,INTENT(IN)               :: KK
(   20) REAL(KIND=JPRB)    ,INTENT(IN)               :: PSP(KLON)
(   21) REAL(KIND=JPRB)    ,INTENT(INOUT)            :: PT(KLON,KLEV)
(   22) REAL(KIND=JPRB)    ,INTENT(INOUT)            :: PQ(KLON,KLEV)
(   23) LOGICAL            ,INTENT(IN)               :: LDFLAG(KLON)
(   24) INTEGER(KIND=JPIM) ,INTENT(IN)               :: KCALL
(   25) LOGICAL            ,INTENT(IN)    ,OPTIONAL  :: LDOFLAG(KLON)
(   26) END SUBROUTINE CUADJTQ
(   27) # 28 "./cuadjtq.intfb.h"
(   28) END INTERFACE
(   29) # 253 "./cuascn.F90"
(  253) # 253 "./cuascn.F90"
(  253) # 1 "./cubasmcn.intfb.h"
(    1) INTERFACE
(    2) SUBROUTINE CUBASMCN &
(    3) & (YDCST, YDECUMF,KIDIA,    KFDIA,    KLON,    KLEV,&
(    4) & KK,&
(    5) & PTEN,     PQEN,     PQSEN,&
(    6) & PVERVEL,  PGEO,     PGEOH,    LDCUM,    KTYPE,    KLAB,&






NVFORTRAN (Version     24.5)          03/19/2025  06:56:01      page 22

(    7) & KCBOT,    PMFU,     PMFUB,    PLRAIN,&
(    8) & PTU,      PQU,      PLU,&
(    9) & PMFUS,    PMFUQ,    PMFUL,    PDMFUP )
(   10) USE PARKIND1  ,ONLY : JPIM     ,JPRB
(   11) USE YOMHOOK   ,ONLY : LHOOK,   DR_HOOK, JPHOOK
(   12) USE YOMCST   , ONLY : TCST
(   13) USE YOECUMF  , ONLY : TECUMF
(   14) IMPLICIT NONE
(   15) TYPE(TCST)        ,INTENT(IN)    :: YDCST
(   16) TYPE(TECUMF)      ,INTENT(IN)    :: YDECUMF
(   17) INTEGER(KIND=JPIM),INTENT(IN)    :: KLON
(   18) INTEGER(KIND=JPIM),INTENT(IN)    :: KLEV
(   19) INTEGER(KIND=JPIM),INTENT(IN)    :: KIDIA
(   20) INTEGER(KIND=JPIM),INTENT(IN)    :: KFDIA
(   21) INTEGER(KIND=JPIM),INTENT(IN)    :: KK
(   22) REAL(KIND=JPRB)   ,INTENT(IN)    :: PTEN(KLON,KLEV)
(   23) REAL(KIND=JPRB)   ,INTENT(IN)    :: PQEN(KLON,KLEV)
(   24) REAL(KIND=JPRB)   ,INTENT(IN)    :: PQSEN(KLON,KLEV)
(   25) REAL(KIND=JPRB)   ,INTENT(IN)    :: PVERVEL(KLON,KLEV)
(   26) REAL(KIND=JPRB)   ,INTENT(IN)    :: PGEO(KLON,KLEV)
(   27) REAL(KIND=JPRB)   ,INTENT(IN)    :: PGEOH(KLON,KLEV+1)
(   28) LOGICAL           ,INTENT(IN)    :: LDCUM(KLON)
(   29) INTEGER(KIND=JPIM),INTENT(OUT)   :: KTYPE(KLON)
(   30) INTEGER(KIND=JPIM),INTENT(INOUT) :: KLAB(KLON,KLEV)
(   31) INTEGER(KIND=JPIM),INTENT(OUT)   :: KCBOT(KLON)
(   32) REAL(KIND=JPRB)   ,INTENT(OUT)   :: PMFU(KLON,KLEV)
(   33) REAL(KIND=JPRB)   ,INTENT(OUT)   :: PMFUB(KLON)
(   34) REAL(KIND=JPRB)   ,INTENT(OUT)   :: PLRAIN(KLON,KLEV)
(   35) REAL(KIND=JPRB)   ,INTENT(OUT)   :: PTU(KLON,KLEV)
(   36) REAL(KIND=JPRB)   ,INTENT(OUT)   :: PQU(KLON,KLEV)
(   37) REAL(KIND=JPRB)   ,INTENT(OUT)   :: PLU(KLON,KLEV)
(   38) REAL(KIND=JPRB)   ,INTENT(OUT)   :: PMFUS(KLON,KLEV)
(   39) REAL(KIND=JPRB)   ,INTENT(OUT)   :: PMFUQ(KLON,KLEV)
(   40) REAL(KIND=JPRB)   ,INTENT(OUT)   :: PMFUL(KLON,KLEV)
(   41) REAL(KIND=JPRB)   ,INTENT(OUT)   :: PDMFUP(KLON,KLEV)
(   42) END SUBROUTINE CUBASMCN
(   43) # 44 "./cubasmcn.intfb.h"
(   44) END INTERFACE
(   45) # 254 "./cuascn.F90"
(  254) # 254 "./cuascn.F90"
(  254) # 1 "./cuentr.intfb.h"
(    1) INTERFACE
(    2) SUBROUTINE CUENTR &
(    3) & ( YDCST, YDECUMF, YDSPP_CONFIG,&
(    4) & KIDIA,     KFDIA,    KLON,     KLEV,&
(    5) & KK,        KCBOT,    KTYPE,&
(    6) & LDCUM,     LDWORK,&
(    7) & PQSEN,     PAPH,     PGEOH,&
(    8) & PMFU,      PGP2DSPP, PDMFEN,   PDMFDE )
(    9) USE PARKIND1 , ONLY : JPIM     ,JPRB
(   10) USE YOMHOOK  , ONLY : LHOOK,   DR_HOOK, JPHOOK
(   11) USE YOMCST   , ONLY : TCST
(   12) USE YOECUMF  , ONLY : TECUMF
(   13) USE SPP_MOD     , ONLY : TSPP_CONFIG
(   14) USE SPP_GEN_MOD , ONLY : SPP_PERT
(   15) IMPLICIT NONE
(   16) TYPE(TCST)        ,INTENT(IN)    :: YDCST
(   17) TYPE(TECUMF)      ,INTENT(IN)    :: YDECUMF






NVFORTRAN (Version     24.5)          03/19/2025  06:56:01      page 23

(   18) TYPE(TSPP_CONFIG) ,INTENT(IN)    :: YDSPP_CONFIG
(   19) INTEGER(KIND=JPIM),INTENT(IN)    :: KLON
(   20) INTEGER(KIND=JPIM),INTENT(IN)    :: KLEV
(   21) INTEGER(KIND=JPIM),INTENT(IN)    :: KIDIA
(   22) INTEGER(KIND=JPIM),INTENT(IN)    :: KFDIA
(   23) INTEGER(KIND=JPIM),INTENT(IN)    :: KK
(   24) INTEGER(KIND=JPIM),INTENT(IN)    :: KCBOT(KLON)
(   25) INTEGER(KIND=JPIM),INTENT(IN)    :: KTYPE(KLON)
(   26) LOGICAL           ,INTENT(IN)    :: LDCUM(KLON)
(   27) LOGICAL           ,INTENT(IN)    :: LDWORK
(   28) REAL(KIND=JPRB)   ,INTENT(IN)    :: PQSEN(KLON,KLEV)
(   29) REAL(KIND=JPRB)   ,INTENT(IN)    :: PAPH(KLON,KLEV+1)
(   30) REAL(KIND=JPRB)   ,INTENT(IN)    :: PGEOH(KLON,KLEV+1)
(   31) REAL(KIND=JPRB)   ,INTENT(IN)    :: PMFU(KLON,KLEV)
(   32) REAL(KIND=JPRB)   ,INTENT(IN)    :: PGP2DSPP(KLON,YDSPP_CONFIG%SM%NRFTOTAL)
(   33) REAL(KIND=JPRB)   ,INTENT(OUT)   :: PDMFEN(KLON)
(   34) REAL(KIND=JPRB)   ,INTENT(OUT)   :: PDMFDE(KLON)
(   35) END SUBROUTINE CUENTR
(   36) # 37 "./cuentr.intfb.h"
(   37) END INTERFACE
(   38) # 255 "./cuascn.F90"
(  255) # 256 "./cuascn.F90"
(  256) !DIR$ VFUNCTION EXPHF
(  257) # 257 "./cuascn.F90"
(  257) # 1 "./fcttre.func.h"
(    1) ! (C) Copyright 1988- ECMWF.
(    2) !
(    3) ! This software is licensed under the terms of the Apache Licence Version 2.0
(    4) ! which can be obtained at http://www.apache.org/licenses/LICENSE-2.0.
(    5) !
(    6) ! In applying this licence, ECMWF does not waive the privileges and immunities
(    7) ! granted to it by virtue of its status as an intergovernmental organisation
(    8) ! nor does it submit to any jurisdiction.
(    9) # 10 "./fcttre.func.h"
(   10) !*
(   11) !     ------------------------------------------------------------------
(   12) # 13 "./fcttre.func.h"
(   13) !     This COMDECK includes the Thermodynamical functions for the cy39
(   14) !       ECMWF Physics package.
(   15) !       Consistent with YOMCST Basic physics constants, assuming the
(   16) !       partial pressure of water vapour is given by a first order
(   17) !       Taylor expansion of Qs(T) w.r.t. to Temperature, using constants
(   18) !       in YOETHF
(   19) !       Two sets of functions are available. In the first set only the
(   20) !       cases water or ice are distinguished by temperature.  This set 
(   21) !       consists of the functions FOEDELTA,FOEEW,FOEDE and FOELH.
(   22) !       The second set considers, besides the two cases water and ice 
(   23) !       also a mix of both for the temperature range YDTHF%RTICE < T < YDTHF%RTWAT.
(   24) !       This set contains FOEALFA,FOEEWM,FOEDEM,FOELDCPM and FOELHM.
(   25) !       FKOOP modifies the ice saturation mixing ratio for homogeneous 
(   26) !       nucleation. FOE_DEWM_DT provides an approximate first derivative
(   27) !       of FOEEWM.
(   28) # 29 "./fcttre.func.h"
(   29) !       Depending on the consideration of mixed phases either the first 
(   30) !       set (e.g. surface, post-processing) or the second set 
(   31) !       (e.g. clouds, condensation, convection) should be used.
(   32) # 33 "./fcttre.func.h"
(   33) !     ------------------------------------------------------------------






NVFORTRAN (Version     24.5)          03/19/2025  06:56:01      page 24

(   34) !     *****************************************************************
(   35) # 36 "./fcttre.func.h"
(   36) !                NO CONSIDERATION OF MIXED PHASES
(   37) # 38 "./fcttre.func.h"
(   38) !     *****************************************************************
(   39) REAL(KIND=JPRB) :: FOEDELTA
(   40) REAL(KIND=JPRB) :: PTARE
(   41) FOEDELTA (PTARE) = MAX (0.0_JPRB,SIGN(1.0_JPRB,PTARE-YDCST%RTT))
(   42) # 43 "./fcttre.func.h"
(   43) !                  FOEDELTA = 1    water
(   44) !                  FOEDELTA = 0    ice
(   45) # 46 "./fcttre.func.h"
(   46) !     THERMODYNAMICAL FUNCTIONS .
(   47) # 48 "./fcttre.func.h"
(   48) !     Pressure of water vapour at saturation
(   49) !        INPUT : PTARE = TEMPERATURE
(   50) REAL(KIND=JPRB) :: FOEEW,FOEDE,FOEDESU,FOELH,FOELDCP
(   51) FOEEW ( PTARE ) = YDTHF%R2ES*EXP (&
(   52)   &(YDTHF%R3LES*FOEDELTA(PTARE)+YDTHF%R3IES*(1.0_JPRB-FOEDELTA(PTARE)))*(PTARE-YDCST%RTT)&
(   53) &/ (PTARE-(YDTHF%R4LES*FOEDELTA(PTARE)+YDTHF%R4IES*(1.0_JPRB-FOEDELTA(PTARE)))))
(   54) # 55 "./fcttre.func.h"
(   55) FOEDE ( PTARE ) = &
(   56)   &(FOEDELTA(PTARE)*YDTHF%R5ALVCP+(1.0_JPRB-FOEDELTA(PTARE))*YDTHF%R5ALSCP)&
(   57) &/ (PTARE-(YDTHF%R4LES*FOEDELTA(PTARE)+YDTHF%R4IES*(1.0_JPRB-FOEDELTA(PTARE))))**2
(   58) # 59 "./fcttre.func.h"
(   59) FOEDESU ( PTARE ) = &
(   60)   &(FOEDELTA(PTARE)*YDTHF%R5LES+(1.0_JPRB-FOEDELTA(PTARE))*YDTHF%R5IES)&
(   61) &/ (PTARE-(YDTHF%R4LES*FOEDELTA(PTARE)+YDTHF%R4IES*(1.0_JPRB-FOEDELTA(PTARE))))**2
(   62) # 63 "./fcttre.func.h"
(   63) FOELH ( PTARE ) =&
(   64)          &FOEDELTA(PTARE)*YDCST%RLVTT + (1.0_JPRB-FOEDELTA(PTARE))*YDCST%RLSTT
(   65) # 66 "./fcttre.func.h"
(   66) FOELDCP ( PTARE ) = &
(   67)          &FOEDELTA(PTARE)*YDTHF%RALVDCP + (1.0_JPRB-FOEDELTA(PTARE))*YDTHF%RALSDCP
(   68) # 69 "./fcttre.func.h"
(   69) !     *****************************************************************
(   70) # 71 "./fcttre.func.h"
(   71) !           CONSIDERATION OF MIXED PHASES
(   72) # 73 "./fcttre.func.h"
(   73) !     *****************************************************************
(   74) # 75 "./fcttre.func.h"
(   75) !     FOEALFA is calculated to distinguish the three cases:
(   76) # 77 "./fcttre.func.h"
(   77) !                       FOEALFA=1            water phase
(   78) !                       FOEALFA=0            ice phase
(   79) !                       0 < FOEALFA < 1      mixed phase
(   80) # 81 "./fcttre.func.h"
(   81) !               INPUT : PTARE = TEMPERATURE
(   82) REAL(KIND=JPRB) :: FOEALFA
(   83) FOEALFA (PTARE) = MIN(1.0_JPRB,((MAX(YDTHF%RTICE,MIN(YDTHF%RTWAT,PTARE))-YDTHF%RTICE)&
(   84)  &*YDTHF%RTWAT_RTICE_R)**2) 
(   85) # 87 "./fcttre.func.h"
(   87) !     Pressure of water vapour at saturation
(   88) !        INPUT : PTARE = TEMPERATURE
(   89) REAL(KIND=JPRB) :: FOEEWM,FOEDEM,FOELDCPM,FOELHM,FOE_DEWM_DT
(   90) FOEEWM ( PTARE ) = YDTHF%R2ES *&
(   91)      &(FOEALFA(PTARE)*EXP(YDTHF%R3LES*(PTARE-YDCST%RTT)/(PTARE-YDTHF%R4LES))+&
(   92)   &(1.0_JPRB-FOEALFA(PTARE))*EXP(YDTHF%R3IES*(PTARE-YDCST%RTT)/(PTARE-YDTHF%R4IES)))






NVFORTRAN (Version     24.5)          03/19/2025  06:56:01      page 25

(   93) # 94 "./fcttre.func.h"
(   94) FOE_DEWM_DT( PTARE ) = YDTHF%R2ES * ( &
(   95)      & YDTHF%R3LES*FOEALFA(PTARE)*EXP(YDTHF%R3LES*(PTARE-YDCST%RTT)/(PTARE-YDTHF%R4LES)) &
(   96)      &    *(YDCST%RTT-YDTHF%R4LES)/(PTARE-YDTHF%R4LES)**2 + &
(   97)      & YDTHF%R3IES*(1.0-FOEALFA(PTARE))*EXP(YDTHF%R3IES*(PTARE-YDCST%RTT)/(PTARE-YDTHF%R4IES)) &
(   98)      &    *(YDCST%RTT-YDTHF%R4IES)/(PTARE-YDTHF%R4IES)**2)
(   99) # 100 "./fcttre.func.h"
(  100) FOEDEM ( PTARE ) = FOEALFA(PTARE)*YDTHF%R5ALVCP*(1.0_JPRB/(PTARE-YDTHF%R4LES)**2)+&
(  101)              &(1.0_JPRB-FOEALFA(PTARE))*YDTHF%R5ALSCP*(1.0_JPRB/(PTARE-YDTHF%R4IES)**2)
(  102) # 103 "./fcttre.func.h"
(  103) FOELDCPM ( PTARE ) = FOEALFA(PTARE)*YDTHF%RALVDCP+&
(  104)             &(1.0_JPRB-FOEALFA(PTARE))*YDTHF%RALSDCP
(  105) # 106 "./fcttre.func.h"
(  106) FOELHM ( PTARE ) =&
(  107)          &FOEALFA(PTARE)*YDCST%RLVTT+(1.0_JPRB-FOEALFA(PTARE))*YDCST%RLSTT
(  108) # 110 "./fcttre.func.h"
(  110) !     Temperature normalization for humidity background change of variable
(  111) !        INPUT : PTARE = TEMPERATURE
(  112) REAL(KIND=JPRB) :: FOETB
(  113) FOETB ( PTARE )=FOEALFA(PTARE)*YDTHF%R3LES*(YDCST%RTT-YDTHF%R4LES)*(1.0_JPRB/(PTARE-YDTHF%R4LES)**2)+&
(  114)              &(1.0_JPRB-FOEALFA(PTARE))*YDTHF%R3IES*(YDCST%RTT-YDTHF%R4IES)*(1.0_JPRB/(PTARE-YDTHF%R4IES)**2)
(  115) # 116 "./fcttre.func.h"
(  116) !     ------------------------------------------------------------------
(  117) !     *****************************************************************
(  118) # 119 "./fcttre.func.h"
(  119) !           CONSIDERATION OF DIFFERENT MIXED PHASE FOR CONV
(  120) # 121 "./fcttre.func.h"
(  121) !     *****************************************************************
(  122) # 123 "./fcttre.func.h"
(  123) !     FOEALFCU is calculated to distinguish the three cases:
(  124) # 125 "./fcttre.func.h"
(  125) !                       FOEALFCU=1            water phase
(  126) !                       FOEALFCU=0            ice phase
(  127) !                       0 < FOEALFCU < 1      mixed phase
(  128) # 129 "./fcttre.func.h"
(  129) !               INPUT : PTARE = TEMPERATURE
(  130) REAL(KIND=JPRB) :: FOEALFCU 
(  131) FOEALFCU (PTARE) = MIN(1.0_JPRB,((MAX(YDTHF%RTICECU,MIN(YDTHF%RTWAT,PTARE))&
(  132) &-YDTHF%RTICECU)*YDTHF%RTWAT_RTICECU_R)**2) 
(  133) # 135 "./fcttre.func.h"
(  135) !     Pressure of water vapour at saturation
(  136) !        INPUT : PTARE = TEMPERATURE
(  137) REAL(KIND=JPRB) :: FOEEWMCU,FOEDEMCU,FOELDCPMCU,FOELHMCU
(  138) FOEEWMCU ( PTARE ) = YDTHF%R2ES *&
(  139)      &(FOEALFCU(PTARE)*EXP(YDTHF%R3LES*(PTARE-YDCST%RTT)/(PTARE-YDTHF%R4LES))+&
(  140)   &(1.0_JPRB-FOEALFCU(PTARE))*EXP(YDTHF%R3IES*(PTARE-YDCST%RTT)/(PTARE-YDTHF%R4IES)))
(  141) # 142 "./fcttre.func.h"
(  142) FOEDEMCU ( PTARE )=FOEALFCU(PTARE)*YDTHF%R5ALVCP*(1.0_JPRB/(PTARE-YDTHF%R4LES)**2)+&
(  143)              &(1.0_JPRB-FOEALFCU(PTARE))*YDTHF%R5ALSCP*(1.0_JPRB/(PTARE-YDTHF%R4IES)**2)
(  144) # 145 "./fcttre.func.h"
(  145) FOELDCPMCU ( PTARE ) = FOEALFCU(PTARE)*YDTHF%RALVDCP+&
(  146)             &(1.0_JPRB-FOEALFCU(PTARE))*YDTHF%RALSDCP
(  147) # 148 "./fcttre.func.h"
(  148) FOELHMCU ( PTARE ) =&
(  149)          &FOEALFCU(PTARE)*YDCST%RLVTT+(1.0_JPRB-FOEALFCU(PTARE))*YDCST%RLSTT
(  150) !     ------------------------------------------------------------------
(  151) # 152 "./fcttre.func.h"
(  152) !     Pressure of water vapour at saturation






NVFORTRAN (Version     24.5)          03/19/2025  06:56:01      page 26

(  153) !     This one is for the WMO definition of saturation, i.e. always
(  154) !     with respect to water.
(  155) !     
(  156) !     Duplicate to FOEELIQ and FOEEICE for separate ice variable
(  157) !     FOEELIQ always respect to water 
(  158) !     FOEEICE always respect to ice 
(  159) !     FOEELIQ2ICE is the ratio of vapour pressures over water and ice 
(  160) !       (analytically simplified to avoid a suspected Cray compiler bug and using a single call to exp)
(  161) !     (could use FOEEW and FOEEWMO, but naming convention unclear)
(  162) !     FOELSON returns e wrt liquid water using D Sonntag (1994, Met. Zeit.)
(  163) !      - now recommended for use with radiosonde data (WMO CIMO guide, 2014)
(  164) !      unlike the FOEE functions does not include 1/(YDCST%RETV+1.0_JPRB) factor
(  165) # 166 "./fcttre.func.h"
(  166) REAL(KIND=JPRB) :: FOEEWMO, FOEELIQ, FOEEICE, FOEELIQ2ICE, FOELSON 
(  167) FOEEWMO( PTARE ) = YDTHF%R2ES*EXP(YDTHF%R3LES*(PTARE-YDCST%RTT)/(PTARE-YDTHF%R4LES))
(  168) FOEELIQ( PTARE ) = YDTHF%R2ES*EXP(YDTHF%R3LES*(PTARE-YDCST%RTT)/(PTARE-YDTHF%R4LES))
(  169) FOEEICE( PTARE ) = YDTHF%R2ES*EXP(YDTHF%R3IES*(PTARE-YDCST%RTT)/(PTARE-YDTHF%R4IES))
(  170) FOEELIQ2ICE( PTARE )  = EXP(      (PTARE-YDCST%RTT)*(YDTHF%R3LES/(PTARE-YDTHF%R4LES) - YDTHF%R3IES/(PTARE-YDTHF%R4IES)))
(  171) FOELSON( PTARE ) = EXP( -6096.9385_JPRB/PTARE + 21.2409642_JPRB &
(  172) 	             - 2.711193E-2_JPRB * PTARE    &
(  173)                      + 1.673952E-5_JPRB * PTARE**2 &
(  174) 		     + 2.433502_JPRB * LOG(PTARE))
(  175) # 176 "./fcttre.func.h"
(  176) REAL(KIND=JPRB) :: FOEEWM_V,FOEEWMCU_V,FOELES_V,FOEIES_V
(  177) REAL(KIND=JPRB) :: EXP1,EXP2
(  178)       FOELES_V(PTARE)=YDTHF%R3LES*(PTARE-YDCST%RTT)/(PTARE-YDTHF%R4LES)
(  179)       FOEIES_V(PTARE)=YDTHF%R3IES*(PTARE-YDCST%RTT)/(PTARE-YDTHF%R4IES)
(  180)       FOEEWM_V( PTARE,EXP1,EXP2 )=YDTHF%R2ES*(FOEALFA(PTARE)*EXP1+ &
(  181)           & (1.0_JPRB-FOEALFA(PTARE))*EXP2)
(  182)       FOEEWMCU_V ( PTARE,EXP1,EXP2 ) = YDTHF%R2ES*(FOEALFCU(PTARE)*EXP1+&
(  183)           &(1.0_JPRB-FOEALFCU(PTARE))*EXP2)
(  184) # 258 "./cuascn.F90"
(  258) # 258 "./cuascn.F90"
(  258) !----------------------------------------------------------------------
(  259) # 260 "./cuascn.F90"
(  260) !*    1.           SPECIFY PARAMETERS
(  261) !                  ------------------
(  262) # 263 "./cuascn.F90"
(  263) IF (LHOOK) CALL DR_HOOK('CUASCN',0,ZHOOK_HANDLE)
(  264) ASSOCIATE(NACTAERO=>YGFL%NACTAERO, &
(  265)  & LAERLIQAUTOCP=>YDECLDP%LAERLIQAUTOCP, LAERLIQAUTOCPB=>YDECLDP%LAERLIQAUTOCPB, &
(  266)  & RLMIN=>YDECLDP%RLMIN, RCPD=>YDCST%RCPD, RETV=>YDCST%RETV, RG=>YDCST%RG, RTT=>YDCST%RTT, &
(  267)  & RALFDCP=>YDTHF%RALFDCP, RTBERCU=>YDTHF%RTBERCU, RTICECU=>YDTHF%RTICECU, &
(  268)  & ENTRORG=>YDECUMF%ENTRORG, ENTR_RH=>YDECUMF%ENTR_RH, ENTSHALP=>YDECUMF%ENTSHALP, RMFCFL=>YDECUMF%RMFCFL, &
(  269)  & RMFCMIN=>YDECUMF%RMFCMIN, RPRCON=>YDECUMF%RPRCON, LMFGLAC=>YDECUMF%LMFGLAC, &
(  270)  & LSCVLIQ=>YDECUMF%LSCVLIQ, LPHYLIN=>YDEPHLI%LPHYLIN, RLPTRC=>YDEPHLI%RLPTRC)
(  271) # 272 "./cuascn.F90"
(  272) ZCONS2=RMFCFL/(RG*PTSPHY)
(  273) ZRG=1.0_JPRB/RG
(  274) ZORCPD=1.0_JPRB/RCPD
(  275) ZFACBUO=0.5_JPRB/(1.0_JPRB+0.5_JPRB)
(  276) ZPRCDGW=RPRCON/RG
(  277) ZDNOPRC=3.E-4_JPRB !condensate threshold for precip
(  278) Z_CLDMAX=5.E-3_JPRB
(  279) Z_CWIFRAC=0.5_JPRB
(  280) Z_CPRC2=0.5_JPRB
(  281) Z_CWDRAG=(3._JPRB/8._JPRB)*0.506_JPRB/0.2_JPRB
(  282) # 283 "./cuascn.F90"






NVFORTRAN (Version     24.5)          03/19/2025  06:56:01      page 27

(  283) IF(LMFGLAC) THEN
(  284)   ZGLAC=1.0_JPRB
(  285) ELSE
(  286)   ZGLAC=0.0_JPRB
(  287) ENDIF
(  288) # 289 "./cuascn.F90"
(  289) !----------------------------------------------------------------------
(  290) # 291 "./cuascn.F90"
(  291) !     2.           SET DEFAULT VALUES
(  292) !                  ------------------
(  293) # 294 "./cuascn.F90"
(  294) LLO3=.FALSE.
(  295) DO JL=KIDIA,KFDIA
(  296)   ZLUOLD(JL)=0.0_JPRB
(  297)   IF(.NOT.LDCUM(JL)) THEN
(  298)     KCBOT(JL)=-1
(  299)     PMFUB(JL)=0.0_JPRB
(  300)     PQU(JL,KLEV)=0.0_JPRB
(  301)     KTYPE(JL)=0
(  302)   ENDIF
(  303)   PWMEAN(JL)=0.0_JPRB
(  304)   ZDPMEAN(JL)=0.0_JPRB
(  305)   ZOENTR(JL)=0.0_JPRB
(  306)   LSCVFLAG(JL)=.FALSE.
(  307)   IF(KTYPE(JL)>1.AND.LSCVLIQ) LSCVFLAG(JL)=.TRUE.
(  308) ENDDO
(  309) # 310 "./cuascn.F90"
(  310) !  Prepare SPP
(  311) IF (YDSPP_CONFIG%LSPP) THEN
(  312)   
(  313)   IPN = YDSPP_CONFIG%PPTR%ENTRORG
(  314)   LLPERT_ENTRORG=IPN > 0
(  315)   IF (LLPERT_ENTRORG) THEN
(  316)     PN1ENTRORG = YDSPP_CONFIG%SM%PN(IPN)
(  317)     IPENTRORG  = PN1ENTRORG%MP
(  318)   ENDIF
(  319) # 320 "./cuascn.F90"
(  320)   IPN = YDSPP_CONFIG%PPTR%ENTSHALP
(  321)   LLPERT_ENTSHALP= IPN > 0
(  322)   IF (LLPERT_ENTSHALP) THEN
(  323)     PN1ENTSHALP = YDSPP_CONFIG%SM%PN(IPN)
(  324)     IPENTSHALP  = PN1ENTSHALP%MP
(  325)   ENDIF
(  326) # 327 "./cuascn.F90"
(  327)   IPN = YDSPP_CONFIG%PPTR%RPRCON
(  328)   LLPERT_RPRCON= IPN > 0
(  329)   IF (LLPERT_RPRCON) THEN
(  330)     PN1RPRCON = YDSPP_CONFIG%SM%PN(IPN)
(  331)     IPRPRCON  = PN1RPRCON%MP
(  332)   ENDIF
(  333) # 334 "./cuascn.F90"
(  334) ELSE
(  335)   LLPERT_ENTRORG  =.FALSE.
(  336)   LLPERT_ENTSHALP =.FALSE.
(  337)   LLPERT_RPRCON   =.FALSE.
(  338) ENDIF
(  339) # 341 "./cuascn.F90"
(  341) ! initalize various quantities






NVFORTRAN (Version     24.5)          03/19/2025  06:56:01      page 28

(  342) ! note that liquid water and kinetic energy at cloud base is 
(  343) ! preserved from cubase
(  344) # 345 "./cuascn.F90"
(  345) DO JL=KIDIA,KFDIA
(  346)   LLKLAB(JL)=.FALSE.
(  347)   IF(.NOT.LDCUM(JL).OR.KTYPE(JL) == 3) LLKLAB(JL)=.TRUE.
(  348) ENDDO
(  349) # 350 "./cuascn.F90"
(  350) DO JK=1,KLEV
(  351)   DO JL=KIDIA,KFDIA
(  352)     IF (JK /= KCBOT(JL)) THEN 
(  353)       PLU(JL,JK)=0.0_JPRB
(  354)     ENDIF
(  355)     PKINEU(JL,JK)=0.0_JPRB
(  356)   ENDDO
(  357)   DO JL=KIDIA,KFDIA
(  358)     PMFU(JL,JK)=0.0_JPRB
(  359)     PMFUS(JL,JK)=0.0_JPRB
(  360)     PMFUQ(JL,JK)=0.0_JPRB
(  361)     PMFUL(JL,JK)=0.0_JPRB
(  362)     PWU(JL,JK)=0.0_JPRB
(  363)   ENDDO
(  364)   DO JL=KIDIA,KFDIA
(  365)     PLUDE(JL,JK)=0.0_JPRB
(  366)     PLUDELI(JL,JK,1)=0.0_JPRB
(  367)     PLUDELI(JL,JK,2)=0.0_JPRB
(  368)     PLGLAC(JL,JK)=0.0_JPRB
(  369)     PDMFUP(JL,JK)=0.0_JPRB
(  370)     PLRAIN(JL,JK)=0.0_JPRB
(  371)   ENDDO
(  372)   DO JL=KIDIA,KFDIA
(  373)     ZBUO(JL,JK)=0.0_JPRB
(  374)     IF( LLKLAB(JL) ) KLAB(JL,JK)=0
(  375)     IF(.NOT.LDCUM(JL).AND.PAPH(JL,JK) < 4.E4_JPRB) KCTOP0(JL)=JK
(  376)     PDMFEN(JL,JK)=0.0_JPRB
(  377)     PMFUDE_RATE(JL,JK)=0.0_JPRB
(  378)   ENDDO
(  379) ENDDO
(  380) !DIR$ IVDEP
(  381) !NEC$ IVDEP
(  382) !OCL NOVREC
(  383) DO JL=KIDIA,KFDIA
(  384)   IF(KTYPE(JL) == 3) LDCUM(JL)=.FALSE.
(  385) ENDDO
(  386) # 387 "./cuascn.F90"
(  387) !----------------------------------------------------------------------
(  388) # 389 "./cuascn.F90"
(  389) !     3.0          INITIALIZE VALUES AT cloud base LEVEL
(  390) !                  -------------------------------------
(  391) # 392 "./cuascn.F90"
(  392) DO JL=KIDIA,KFDIA
(  393)   KCTOP(JL)=KCBOT(JL)
(  394)   IF(LDCUM(JL)) THEN
(  395)     IKB=KCBOT(JL)
(  396)     PKINEU(JL,IKB)=0.5*PWUBASE(JL)**2
(  397)     PMFU(JL,IKB)=PMFUB(JL)
(  398)     PMFUS(JL,IKB)=PMFUB(JL)*(RCPD*PTU(JL,IKB)+PGEOH(JL,IKB))
(  399)     PMFUQ(JL,IKB)=PMFUB(JL)*PQU(JL,IKB)






NVFORTRAN (Version     24.5)          03/19/2025  06:56:01      page 29

(  400)     PMFUL(JL,IKB)=PMFUB(JL)*PLU(JL,IKB)
(  401)   ENDIF
(  402) ENDDO
(  403) # 404 "./cuascn.F90"
(  404) !----------------------------------------------------------------------
(  405) # 406 "./cuascn.F90"
(  406) !     4.           DO ASCENT: SUBCLOUD LAYER (KLAB=1) ,CLOUDS (KLAB=2)
(  407) !                  BY DOING FIRST DRY-ADIABATIC ASCENT AND THEN
(  408) !                  BY ADJUSTING T,Q AND L ACCORDINGLY IN *CUADJTQ*,
(  409) !                  THEN CHECK FOR BUOYANCY AND SET FLAGS ACCORDINGLY
(  410) !                  -------------------------------------------------
(  411) # 412 "./cuascn.F90"
(  412) DO JK=KLEV-1,3,-1
(  413) # 414 "./cuascn.F90"
(  414) !                  SPECIFY CLOUD BASE VALUES FOR MIDLEVEL CONVECTION
(  415) !                  IN *CUBASMC* IN CASE THERE IS NOT ALREADY CONVECTION
(  416) !                  ----------------------------------------------------
(  417) # 418 "./cuascn.F90"
(  418)   IK=JK
(  419)   CALL CUBASMCN &
(  420)    & (YDCST, YDECUMF, KIDIA,    KFDIA,    KLON,    KLEV,&
(  421)    & IK,&
(  422)    & PTEN,     PQEN,     PQSEN,&
(  423)    & PVERVEL,  PGEO,     PGEOH,    LDCUM,    KTYPE,    KLAB,&
(  424)    & KCBOT,    PMFU,     PMFUB,    PLRAIN,&
(  425)    & PTU,      PQU,      PLU,&
(  426)    & PMFUS,    PMFUQ,    PMFUL,    PDMFUP)  
(  427) # 428 "./cuascn.F90"
(  428)   IS=0
(  429)   JLM=0
(  430)   DO JL=KIDIA,KFDIA
(  431)  ! also liquid only for ktype=3
(  432)   ! IF(KTYPE(JL)>1.AND.LSCVLIQ) LSCVFLAG(JL)=.TRUE.
(  433)     LLFLAG(JL)=.FALSE.
(  434)     ZPRECIP(JL)=0.0_JPRB
(  435)     LLO1(JL)=.FALSE.
(  436)     IS=IS+KLAB(JL,JK+1)
(  437)     IF(KLAB(JL,JK+1) == 0) KLAB(JL,JK)=0
(  438)     IF((LDCUM(JL).AND.KLAB(JL,JK+1) == 2).OR.&
(  439)        & (KTYPE(JL) == 3 .AND. KLAB(JL,JK+1) == 1)) THEN  
(  440)       LLFLAG(JL)=.TRUE.
(  441)       JLM=JLM+1
(  442)       JLX(JLM)=JL
(  443)     ENDIF
(  444)     IF(KLAB(JL,JK+1) > 0) THEN
(  445)       LLFLAGUV(JL)=.TRUE.
(  446)     ELSE
(  447)       LLFLAGUV(JL)=.FALSE.
(  448)     ENDIF
(  449)     ZPH(JL)=PAPH(JL,JK)
(  450)     IF(KTYPE(JL) == 3.AND.JK == KCBOT(JL)) THEN
(  451)       ZMFMAX=(PAPH(JL,JK)-PAPH(JL,JK-1))*ZCONS2
(  452)       IF(PMFUB(JL) > ZMFMAX) THEN
(  453)         ZFAC=ZMFMAX/PMFUB(JL)
(  454)         PMFU(JL,JK+1)=PMFU(JL,JK+1)*ZFAC
(  455)         PMFUS(JL,JK+1)=PMFUS(JL,JK+1)*ZFAC
(  456)         PMFUQ(JL,JK+1)=PMFUQ(JL,JK+1)*ZFAC
(  457)         PMFUB(JL)=ZMFMAX






NVFORTRAN (Version     24.5)          03/19/2025  06:56:01      page 30

(  458)       ENDIF
(  459)     ENDIF
(  460)   ENDDO
(  461) # 462 "./cuascn.F90"
(  462)   IF(IS > 0) LLO3=.TRUE.
(  463) # 464 "./cuascn.F90"
(  464) !*                  SPECIFY ENTRAINMENT RATES IN *CUENTR*
(  465) !                   -------------------------------------
(  466) # 467 "./cuascn.F90"
(  467)   IK=JK
(  468)   CALL CUENTR &
(  469)    & (YDCST, YDECUMF, YDSPP_CONFIG, KIDIA,    KFDIA,    KLON,     KLEV, &
(  470)    & IK,       KCBOT,         KTYPE,&
(  471)    & LDCUM,    LLO3,&
(  472)    & PQSEN,    PAPH,          PGEOH,&
(  473)    & PMFU,     PGP2DSPP,      ZDMFEN,   ZDMFDE )  
(  474) # 475 "./cuascn.F90"
(  475) !                  DO ADIABATIC ASCENT FOR ENTRAINING/DETRAINING PLUME
(  476) !                  ---------------------------------------------------
(  477) # 478 "./cuascn.F90"
(  478)   IF(LLO3) THEN
(  479) # 480 "./cuascn.F90"
(  480)     DO JL=KIDIA,KFDIA
(  481)       ZQOLD(JL)=0.0_JPRB
(  482)     ENDDO
(  483)     DO JL=KIDIA,KFDIA  
(  484)         !JL=JLX(JLL)
(  485)         IF (LLFLAG(JL)) THEN
(  486)           ZDMFDE(JL)=MIN(ZDMFDE(JL),0.75_JPRB*PMFU(JL,JK+1))
(  487)           IF(JK==KCBOT(JL)) THEN
(  488)             IF (YDSPP_CONFIG%LSPP .AND. LLPERT_ENTRORG) THEN
(  489)               ZXENTRORG=ENTRORG*EXP(PN1ENTRORG%MU(1)+PN1ENTRORG%XMAG(1)*PGP2DSPP(JL, IPENTRORG))
(  490)             ELSE
(  491)               ZXENTRORG=ENTRORG
(  492)             ENDIF
(  493)             ZOENTR(JL)=-ZXENTRORG*(MIN(1.0_JPRB,PQEN(JL,JK)/PQSEN(JL,JK))-ENTR_RH)*&
(  494)             &(PGEOH(JL,JK)-PGEOH(JL,JK+1))*ZRG
(  495)             ZOENTR(JL)=MIN(0.4_JPRB,ZOENTR(JL))*PMFU(JL,JK+1)
(  496)           ENDIF
(  497)           IF(JK < KCBOT(JL)) THEN
(  498)             ZMFMAX=(PAPH(JL,JK)-PAPH(JL,JK-1))*ZCONS2
(  499)             ZXS=MAX(PMFU(JL,JK+1)-ZMFMAX,0.0_JPRB)
(  500)             PWMEAN(JL)=PWMEAN(JL)+PKINEU(JL,JK+1)*(PAP(JL,JK+1)-PAP(JL,JK))
(  501)             ZDPMEAN(JL)=ZDPMEAN(JL)+PAP(JL,JK+1)-PAP(JL,JK)
(  502)             ZDMFEN(JL)=ZOENTR(JL)
(  503)             IF(KTYPE(JL)>=2)THEN
(  504)               IF (YDSPP_CONFIG%LSPP .AND. LLPERT_ENTSHALP) THEN
(  505)                 ZXENTSHALP=ENTSHALP*EXP(PN1ENTSHALP%MU(1)+PN1ENTSHALP%XMAG(1)*PGP2DSPP(JL, IPENTSHALP))
(  506)               ELSE
(  507)                 ZXENTSHALP=ENTSHALP
(  508)               ENDIF
(  509)                ZDMFEN(JL)=ZXENTSHALP*ZDMFEN(JL)
(  510)                ZDMFDE(JL)=ZDMFEN(JL)
(  511)              ! ZDMFDE(JL)=MAX(ZDMFDE(JL),ZDMFEN(JL))
(  512)             ENDIF
(  513)             ZDMFDE(JL)=ZDMFDE(JL)*(1.6_JPRB-MIN(1.0_JPRB,PQEN(JL,JK)/PQSEN(JL,JK)))
(  514)             ZMFTEST=PMFU(JL,JK+1)+ZDMFEN(JL)-ZDMFDE(JL)
(  515)             ZCHANGE=MAX(ZMFTEST-ZMFMAX,0.0_JPRB)






NVFORTRAN (Version     24.5)          03/19/2025  06:56:01      page 31

(  516)             ZXE=MAX(ZCHANGE-ZXS,0.0_JPRB)
(  517)             ZDMFEN(JL)=ZDMFEN(JL)-ZXE
(  518)             ZCHANGE=ZCHANGE-ZXE
(  519)             ZDMFDE(JL)=ZDMFDE(JL)+ZCHANGE
(  520)           ENDIF
(  521) # 522 "./cuascn.F90"
(  522)           PDMFEN(JL,JK) = ZDMFEN(JL)-ZDMFDE(JL)
(  523) # 524 "./cuascn.F90"
(  524)           PMFU(JL,JK)=PMFU(JL,JK+1)+ZDMFEN(JL)-ZDMFDE(JL)
(  525)           ZQEEN=PQENH(JL,JK+1)*ZDMFEN(JL)
(  526)           ZSEEN=(RCPD*PTENH(JL,JK+1)+PGEOH(JL,JK+1))*ZDMFEN(JL)
(  527)           IF(PLITOT(JL,JK) > RLMIN) THEN
(  528)             ZLEEN=PLITOT(JL,JK)*ZDMFEN(JL)
(  529)           ELSE
(  530)             ZLEEN=0.0_JPRB
(  531)           ENDIF
(  532)           ZSCDE=(RCPD*PTU(JL,JK+1)+PGEOH(JL,JK+1))*ZDMFDE(JL)
(  533)           ZQUDE=PQU(JL,JK+1)*ZDMFDE(JL)
(  534)           PLUDE(JL,JK)=PLU(JL,JK+1)*ZDMFDE(JL)
(  535)           ZMFUSK=PMFUS(JL,JK+1)+ZSEEN-ZSCDE
(  536)           ZMFUQK=PMFUQ(JL,JK+1)+ZQEEN-ZQUDE
(  537)           ZMFULK=PMFUL(JL,JK+1)+ZLEEN-PLUDE(JL,JK)
(  538)           ZFAC=1.0_JPRB/MAX(RMFCMIN,PMFU(JL,JK))
(  539)           PLU(JL,JK)=ZMFULK*ZFAC
(  540)           PQU(JL,JK)=ZMFUQK*ZFAC
(  541)           PTU(JL,JK)=(ZMFUSK*ZFAC-PGEOH(JL,JK))*ZORCPD
(  542)           PTU(JL,JK)=MAX(100._JPRB,PTU(JL,JK))
(  543)           PTU(JL,JK)=MIN(400._JPRB,PTU(JL,JK))
(  544)           ZQOLD(JL)=PQU(JL,JK)
(  545)           PLRAIN(JL,JK)=PLRAIN(JL,JK+1)*MAX(0.0_JPRB,PMFU(JL,JK+1)-ZDMFDE(JL))*ZFAC
(  546)           ZLUOLD(JL)=PLU(JL,JK)
(  547)         ENDIF
(  548)     ENDDO
(  549)         ! reset to environmental values if below departure level
(  550)     DO JL=KIDIA,KFDIA
(  551)       IF ( JK > KDPL(JL) ) THEN
(  552)         PTU(JL,JK)=PTENH(JL,JK)      
(  553)         PQU(JL,JK)=PQENH(JL,JK)      
(  554)         PLU(JL,JK)=0.0_JPRB
(  555)         ZLUOLD(JL)=PLU(JL,JK)
(  556)       ENDIF
(  557)     ENDDO
(  558) # 559 "./cuascn.F90"
(  559) !                  DO CORRECTIONS FOR MOIST ASCENT
(  560) !                  BY ADJUSTING T,Q AND L IN *CUADJTQ*
(  561) !                  -----------------------------------
(  562) # 563 "./cuascn.F90"
(  563)     IK=JK
(  564)     IF(JLM > 0) THEN
(  565)       IF (LSCVLIQ) THEN
(  566)       CALL CUADJTQ &
(  567)        & ( YDTHF, YDCST, YDEPHLI, KIDIA,    KFDIA,    KLON,     KLEV,    IK,&
(  568)        &   ZPH,      PTU,      PQU,      LLFLAG,  6,  LSCVFLAG )  
(  569)       ELSE
(  570)       CALL CUADJTQ &
(  571)        & ( YDTHF, YDCST, YDEPHLI, KIDIA,    KFDIA,    KLON,     KLEV,    IK,&
(  572)        &   ZPH,      PTU,      PQU,      LLFLAG,  1,  LSCVFLAG )  
(  573)       ENDIF






NVFORTRAN (Version     24.5)          03/19/2025  06:56:01      page 32

(  574)     ENDIF
(  575) # 576 "./cuascn.F90"
(  576)     IF (LPHYLIN) THEN
(  577) # 578 "./cuascn.F90"
(  578) !DIR$ IVDEP
(  579) !NEC$ IVDEP
(  580) !OCL NOVREC
(  581)       DO JL=KIDIA,KFDIA 
(  582)         !JL=JLX(JLL)
(  583)         IF (LLFLAG(JL)) THEN
(  584)           IF(PQU(JL,JK) /= ZQOLD(JL)) THEN
(  585)             ZOEALFA   = MIN(1.0_JPRB,0.545_JPRB*(TANH(0.17_JPRB*(PTU(JL,JK  )-RLPTRC))+1.0_JPRB))
(  586)             ZOEALFAP  = MIN(1.0_JPRB,0.545_JPRB*(TANH(0.17_JPRB*(PTU(JL,JK+1)-RLPTRC))+1.0_JPRB))
(  587)             PLGLAC(JL,JK)=PLU(JL,JK)*((1.0_JPRB-ZOEALFA)-(1.0_JPRB-ZOEALFAP))
(  588)             ! add glaciation of rain
(  589)             ZFAC      = 0.545_JPRB*(TANH(0.17_JPRB*(PTEN(JL,JK  )-RLPTRC))+1.0_JPRB)
(  590)             PLGLAC(JL,JK)=PLGLAC(JL,JK)+ZFAC*PDMFUP(JL,JK+1)/MAX(RMFCMIN,PMFU(JL,JK+1))*&
(  591)                          &(0.5_JPRB+SIGN(0.5_JPRB,RTT-PTEN(JL,JK)))*ZGLAC
(  592)             PTU(JL,JK)=PTU(JL,JK)+RALFDCP*PLGLAC(JL,JK)
(  593)           ENDIF
(  594)         ENDIF
(  595)       ENDDO
(  596) # 597 "./cuascn.F90"
(  597)     ELSE
(  598) # 599 "./cuascn.F90"
(  599) !DIR$ IVDEP
(  600) !NEC$ IVDEP
(  601) !OCL NOVREC
(  602)       DO JL=KIDIA,KFDIA  
(  603)         !JL=JLX(JLL)
(  604)         IF (LLFLAG(JL)) THEN
(  605)           IF(PQU(JL,JK) /= ZQOLD(JL)) THEN
(  606)             PLGLAC(JL,JK)=PLU(JL,JK)*((1.0_JPRB-FOEALFCU(PTU(JL,JK)))-&
(  607)              & (1.0_JPRB-FOEALFCU(PTU(JL,JK+1))))  
(  608)             IF(LSCVFLAG(JL)) PLGLAC(JL,JK)=0.0_JPRB
(  609)             ! add glaciation of rain, only fraction added to updraught heat
(  610)              ZFAC=FOEALFCU(PTEN(JL,JK))
(  611)              PLGLAC(JL,JK)=PLGLAC(JL,JK)+ZFAC*PDMFUP(JL,JK+1)/MAX(RMFCMIN,PMFU(JL,JK+1))*&
(  612)                          &(0.5_JPRB+SIGN(0.5_JPRB,RTT-PTEN(JL,JK)))*ZGLAC
(  613)             PTU(JL,JK)=PTU(JL,JK)+RALFDCP*PLGLAC(JL,JK)
(  614)           ENDIF
(  615)         ENDIF
(  616)       ENDDO
(  617) # 618 "./cuascn.F90"
(  618)     ENDIF
(  619) # 620 "./cuascn.F90"
(  620)     DO JL=KIDIA,KFDIA 
(  621)       !JL=JLX(JLL)
(  622)       IF (LLFLAG(JL)) THEN
(  623)         IF(PQU(JL,JK) /= ZQOLD(JL)) THEN
(  624)           KLAB(JL,JK)=2
(  625)           PLU(JL,JK)=PLU(JL,JK)+ZQOLD(JL)-PQU(JL,JK)
(  626)           ZBC=PTU(JL,JK)*(1.0_JPRB+RETV*PQU(JL,JK)-PLU(JL,JK+1)-PLRAIN(JL,JK+1))
(  627)           ZBE=PTENH(JL,JK)*(1.0_JPRB+RETV*PQENH(JL,JK))
(  628)           ZBUO(JL,JK)=ZBC-ZBE
(  629) # 630 "./cuascn.F90"
(  630) ! set   flags in case of midlevel convection
(  631) # 632 "./cuascn.F90"






NVFORTRAN (Version     24.5)          03/19/2025  06:56:01      page 33

(  632)           IF(KTYPE(JL) == 3 .AND. KLAB(JL,JK+1)== 1) THEN
(  633)             IF(ZBUO(JL,JK) > -0.5_JPRB) THEN
(  634)               LDCUM(JL)=.TRUE.
(  635)               KCTOP(JL)=JK
(  636)               PKINEU(JL,JK)=0.5_JPRB
(  637)             ELSE
(  638)               KLAB(JL,JK)=0
(  639)               PMFU(JL,JK)=0.0_JPRB
(  640)               PLUDE(JL,JK)=0.0_JPRB
(  641)               PLU(JL,JK)=0.0_JPRB
(  642)             ENDIF
(  643)           ENDIF
(  644) # 645 "./cuascn.F90"
(  645)           IF(KLAB(JL,JK+1) == 2) THEN
(  646) # 647 "./cuascn.F90"
(  647)            !IF(ZBUO(JL,JK) < 0.0_JPRB.AND.KTYPE(JL)==1) THEN
(  648)             IF(ZBUO(JL,JK) < -0.1_JPRB) THEN
(  649)               PTENH(JL,JK)=0.5_JPRB*(PTEN(JL,JK)+PTEN(JL,JK-1))
(  650)               PQENH(JL,JK)=0.5_JPRB*(PQEN(JL,JK)+PQEN(JL,JK-1))
(  651)               ZBUO(JL,JK)=ZBC-PTENH(JL,JK)*(1.0_JPRB+RETV*PQENH(JL,JK))
(  652)             ENDIF
(  653)             ZBUOC=0.5*(ZBUO(JL,JK)+ZBUO(JL,JK+1))/(PTENH(JL,JK)*(1.0_JPRB+RETV*PQENH(JL,JK)))
(  654)             ZDKBUO=(PGEOH(JL,JK)-PGEOH(JL,JK+1))*ZFACBUO*ZBUOC
(  655) # 656 "./cuascn.F90"
(  656) ! eith  er use entrainment rate or if zero
(  657) ! use   detrainmnet rate as a substitute for 
(  658) ! mixi  ng and "pressure" gradient term in upper
(  659) ! trop  osphere
(  660) # 661 "./cuascn.F90"
(  661)             IF(ZDMFEN(JL) > 0.0_JPRB)THEN
(  662)               ZDKEN=MIN(1.0_JPRB,(1 + Z_CWDRAG)*&
(  663)                & ZDMFEN(JL)/MAX(RMFCMIN,PMFU(JL,JK+1)))  
(  664)             ELSE
(  665)               ZDKEN=MIN(1.0_JPRB,(1 + Z_CWDRAG)*&
(  666)                & ZDMFDE(JL)/MAX(RMFCMIN,PMFU(JL,JK+1)))  
(  667)             ENDIF
(  668)             
(  669)             IF (LDTDKMF) THEN
(  670)                PKINEU(JL,JK)=(PKINEU(JL,JK+1)*(1-ZDKEN)+ZDKBUO)/(1+ZDKEN)
(  671)                ZBUOC = ZBUO(JL,JK)
(  672)             ELSE
(  673)                PKINEU(JL,JK)=MAX(-1.E3_JPRB,(PKINEU(JL,JK+1)*(1-ZDKEN)+ZDKBUO)/(1+ZDKEN))
(  674)             ENDIF    
(  675)             IF(ZBUOC < 0.0_JPRB) THEN
(  676)               ZKEDKE=PKINEU(JL,JK)/MAX(1.E-3_JPRB,PKINEU(JL,JK+1))
(  677)               ZKEDKE=MAX(0.0_JPRB,MIN(1.0_JPRB,ZKEDKE))
(  678)               ZOCUDET=(1.6_JPRB-MIN(1.0_JPRB,PQEN(JL,JK)/PQSEN(JL,JK)))
(  679)               ZMFUN=ZOCUDET*SQRT(ZKEDKE)
(  680)               ZDMFDE(JL)=MAX(ZDMFDE(JL),PMFU(JL,JK+1)*(1.0_JPRB-ZMFUN))
(  681)               PLUDE(JL,JK)=PLU(JL,JK+1)*ZDMFDE(JL)
(  682)               PMFU(JL,JK)=PMFU(JL,JK+1)+ZDMFEN(JL)-ZDMFDE(JL)
(  683)             ENDIF
(  684) # 685 "./cuascn.F90"
(  685)             IF(ZBUO(JL,JK) > -0.2_JPRB) THEN
(  686)               IKB=KCBOT(JL)
(  687)               IF (YDSPP_CONFIG%LSPP .AND. LLPERT_ENTRORG) THEN
(  688)                 ZXENTRORG=ENTRORG*EXP(PN1ENTRORG%MU(1)+PN1ENTRORG%XMAG(1)*PGP2DSPP(JL, IPENTRORG))
(  689)               ELSE






NVFORTRAN (Version     24.5)          03/19/2025  06:56:01      page 34

(  690)                 ZXENTRORG=ENTRORG
(  691)               ENDIF
(  692)               ZOENTR(JL)=ZXENTRORG*(0.3_JPRB-(MIN(1.0_JPRB,PQEN(JL,JK-1)/PQSEN(JL,JK-1))-ENTR_RH))*&
(  693)                 &(PGEOH(JL,JK-1)-PGEOH(JL,JK))*ZRG*MIN(1.0_JPRB,PQSEN(JL,JK)/PQSEN(JL,IKB))**3
(  694)               ZOENTR(JL)=MIN(0.4_JPRB,ZOENTR(JL))*PMFU(JL,JK)
(  695)             ELSE
(  696)               ZOENTR(JL)=0.0_JPRB
(  697)             ENDIF
(  698) # 699 "./cuascn.F90"
(  699)              ! Erase values if below departure level
(  700)             IF ( JK > KDPL(JL) ) THEN
(  701)               PMFU(JL,JK)=PMFU(JL,JK+1)
(  702)               PKINEU(JL,JK)=0.5_JPRB
(  703)             ENDIF
(  704)             IF(PKINEU(JL,JK) > 0.0_JPRB .AND. PMFU(JL,JK) > 0.0_JPRB .AND. &
(  705)           ! add overshoot limiter for convective top evaluation 
(  706)            &(ZBUO(JL,JK)>-2._JPRB.OR.(PTEN(JL,JK-1)-PTEN(JL,JK))/(ZRG*(PGEO(JL,JK-1)-PGEO(JL,JK)))&
(  707)            &<-3.E-3_JPRB) ) THEN
(  708)               KCTOP(JL)=JK
(  709)               LLO1(JL)=.TRUE.
(  710)             ELSE
(  711)               KLAB(JL,JK)=0
(  712)               PMFU(JL,JK)=0.0_JPRB
(  713)               PKINEU(JL,JK)=0.0_JPRB
(  714)               ZDMFDE(JL)=PMFU(JL,JK+1)
(  715)               PLUDE(JL,JK)=PLU(JL,JK+1)*ZDMFDE(JL)
(  716)             ENDIF
(  717)             
(  718) ! stor  e detrainment rates for updraught
(  719) # 720 "./cuascn.F90"
(  720)             IF ( PMFU(JL,JK+1) > 0.0_JPRB ) THEN
(  721)               PMFUDE_RATE(JL,JK)=ZDMFDE(JL)
(  722)             ENDIF
(  723)             
(  724)           ENDIF
(  725) # 726 "./cuascn.F90"
(  726) !       ELSEIF(LLFLAG(JL).AND.KTYPE(JL)==2.AND.PQU(JL,JK) == ZQOLD(JL)) THEN
(  727)         ELSEIF(KTYPE(JL)==2.AND.PQU(JL,JK) == ZQOLD(JL)) THEN
(  728)           KLAB(JL,JK)=0
(  729)           PMFU(JL,JK)=0.0_JPRB
(  730)           PKINEU(JL,JK)=0.0_JPRB
(  731)           ZDMFDE(JL)=PMFU(JL,JK+1)
(  732)           PLUDE(JL,JK)=PLU(JL,JK+1)*ZDMFDE(JL)
(  733)           PMFUDE_RATE(JL,JK)=ZDMFDE(JL)
(  734) # 735 "./cuascn.F90"
(  735)         ENDIF
(  736)       ENDIF
(  737)     ENDDO
(  738) # 739 "./cuascn.F90"
(  739) !              CALCULATE PRECIPITATION RATE BY
(  740) !              ANALYTIC INTEGRATION OF EQUATION FOR L
(  741) # 742 "./cuascn.F90"
(  742)     DO JL=KIDIA,KFDIA
(  743)       IF(LLO1(JL)) THEN
(  744)         IF(PLU(JL,JK) > ZDNOPRC) THEN
(  745)           PWU(JL,JK)=MIN(15._JPRB,SQRT(2.0_JPRB*MAX(0.5_JPRB,PKINEU(JL,JK+1))))
(  746) !       increase conversion for liquid phase only
(  747)           IF (LDTDKMF) THEN






NVFORTRAN (Version     24.5)          03/19/2025  06:56:01      page 35

(  748)              ZZCO=FOEALFCU(PTU(JL,JK))*1.3_JPRB+(1.0_JPRB-FOEALFCU(PTU(JL,JK)))
(  749)           ELSE
(  750)              ZZCO=1.0_JPRB+0.3_JPRB*FOEALFCU(PTU(JL,JK))
(  751)           ENDIF   
(  752)         ! IF(LSCVFLAG(JL)) ZZCO=1.3_JPRB
(  753) # 754 "./cuascn.F90"
(  754)           IF (YDSPP_CONFIG%LSPP .AND. LLPERT_RPRCON) THEN
(  755)             ZXPRCDGW=ZPRCDGW*EXP(PN1RPRCON%MU(1)+PN1RPRCON%XMAG(1)*PGP2DSPP(JL, IPRPRCON))
(  756)           ELSE
(  757)             ZXPRCDGW=ZPRCDGW
(  758)           ENDIF
(  759)           ZPRCON=ZXPRCDGW/(0.75_JPRB*PWU(JL,JK))*ZZCO
(  760) # 761 "./cuascn.F90"
(  761) !           PARAMETERS FOR BERGERON-FINDEISEN PROCESS (T < -5C)
(  762) # 763 "./cuascn.F90"
(  763)           ZDT=MIN(RTBERCU-RTICECU,MAX(RTBERCU-PTU(JL,JK),0.0_JPRB))
(  764)           ZCBF=1+Z_CPRC2*SQRT(ZDT)
(  765)           ZZCO=ZPRCON*ZCBF
(  766) # 767 "./cuascn.F90"
(  767)           IF (NACTAERO > 0) THEN
(  768) !         (Prognostic) aerosols in clouds, CCN effect only in pure warm phase
(  769) !         then phases out in mixed phase - ***NOT*** linear physics 
(  770) ! CCN number taken at each height from environment
(  771)             IF (LAERLIQAUTOCP) THEN
(  772)               ZALFAW=FOEALFCU(PTU(JL,JK))
(  773)               ZLCRIT=ZALFAW*PLCRIT_AER(JL,JK)+(1.0_JPRB-ZALFAW)*ZDNOPRC
(  774) ! CCN number determined at cloud base (entrainment ignored)
(  775)             ELSEIF (LAERLIQAUTOCPB) THEN 
(  776)               ZALFAW=FOEALFCU(PTU(JL,JK))
(  777)               ZLCRIT=ZALFAW*PLCRIT_AER(JL,KCBOT(JL))+(1.0_JPRB-ZALFAW)*ZDNOPRC
(  778)             ELSE
(  779)               ZLCRIT=ZDNOPRC/ZCBF
(  780)             ENDIF
(  781)           ELSE
(  782)             ZLCRIT=ZDNOPRC/ZCBF
(  783)          ENDIF
(  784) # 785 "./cuascn.F90"
(  785)           ZDFI=PGEOH(JL,JK)-PGEOH(JL,JK+1)
(  786)           ZC=(PLU(JL,JK)-ZLUOLD(JL))
(  787)           ZD=ZZCO*(1.0_JPRB-EXP(-(PLU(JL,JK)/ZLCRIT)**2))*ZDFI
(  788)           ZINT=EXP(-ZD)
(  789)           ZLNEW=ZLUOLD(JL)*ZINT+ZC/ZD*(1.0_JPRB-ZINT)
(  790)           ZLNEW=MAX(0.0_JPRB,MIN(PLU(JL,JK),ZLNEW))
(  791)           ZLNEW=MIN(Z_CLDMAX,ZLNEW)
(  792)           ZPRECIP(JL)=MAX(0.0_JPRB,ZLUOLD(JL)+ZC-ZLNEW)
(  793)           PDMFUP(JL,JK)=ZPRECIP(JL)*PMFU(JL,JK)
(  794)           PLRAIN(JL,JK)=PLRAIN(JL,JK)+ZPRECIP(JL)
(  795)           PLU(JL,JK)=ZLNEW
(  796)         ENDIF
(  797)       ENDIF
(  798)     ENDDO
(  799) # 800 "./cuascn.F90"
(  800)     IF (LPHYLIN) THEN
(  801) # 802 "./cuascn.F90"
(  802) !DEC$ IVDEP
(  803) !NEC$ IVDEP
(  804)       DO JL=KIDIA,KFDIA
(  805)         IF(LLO1(JL)) THEN






NVFORTRAN (Version     24.5)          03/19/2025  06:56:01      page 36

(  806)           IF(PLRAIN(JL,JK) > 0.0_JPRB) THEN
(  807)             ZVW=21.18_JPRB*PLRAIN(JL,JK)**0.2_JPRB
(  808)             ZVI=Z_CWIFRAC*ZVW
(  809)             ZALFAW=MIN(1.0_JPRB,0.545_JPRB*(TANH(0.17_JPRB*(PTU(JL,JK)-RLPTRC))+1.0_JPRB))
(  810)             ZVV=ZALFAW*ZVW+(1.0_JPRB-ZALFAW)*ZVI
(  811)             ZROLD=PLRAIN(JL,JK)-ZPRECIP(JL)
(  812)             ZC=ZPRECIP(JL)
(  813)             PWU(JL,JK)=MIN(15._JPRB,SQRT(2.0_JPRB*MAX(0.1_JPRB,PKINEU(JL,JK))))
(  814)             ZD=ZVV/PWU(JL,JK)
(  815)             ZINT=EXP(-ZD)
(  816)             ZRNEW=ZROLD*ZINT+ZC/ZD*(1.0_JPRB-ZINT)
(  817)             ZRNEW=MAX(0.0_JPRB,MIN(PLRAIN(JL,JK),ZRNEW))
(  818)             PLRAIN(JL,JK)=ZRNEW
(  819)           ENDIF
(  820)         ENDIF
(  821)       ENDDO
(  822) # 823 "./cuascn.F90"
(  823)     ELSE
(  824) # 825 "./cuascn.F90"
(  825)       DO JL=KIDIA,KFDIA
(  826)         IF(LLO1(JL)) THEN
(  827)           IF(PLRAIN(JL,JK) > 0.0_JPRB) THEN
(  828)             ZVW=21.18_JPRB*PLRAIN(JL,JK)**0.2_JPRB
(  829)             ZVI=Z_CWIFRAC*ZVW
(  830)             ZALFAW=FOEALFCU(PTU(JL,JK))
(  831)             IF(LSCVFLAG(JL)) ZALFAW=1.0_JPRB
(  832)             ZVV=ZALFAW*ZVW+(1.0_JPRB-ZALFAW)*ZVI
(  833)             ZROLD=PLRAIN(JL,JK)-ZPRECIP(JL)
(  834)             ZC=ZPRECIP(JL)
(  835)             PWU(JL,JK)=MIN(15._JPRB,SQRT(2.0_JPRB*MAX(0.1_JPRB,PKINEU(JL,JK))))
(  836)             ZD=ZVV/PWU(JL,JK)
(  837)             ZINT=EXP(-ZD)
(  838)             ZRNEW=ZROLD*ZINT+ZC/ZD*(1.0_JPRB-ZINT)
(  839)             ZRNEW=MAX(0.0_JPRB,MIN(PLRAIN(JL,JK),ZRNEW))
(  840)             PLRAIN(JL,JK)=ZRNEW
(  841)           ENDIF
(  842)         ENDIF
(  843)       ENDDO
(  844) # 845 "./cuascn.F90"
(  845)     ENDIF
(  846) # 847 "./cuascn.F90"
(  847)     DO JL=KIDIA,KFDIA 
(  848)       !JL=JLX(JLL)
(  849)       IF (LLFLAG(JL)) THEN
(  850)         PMFUL(JL,JK)=PLU(JL,JK)*PMFU(JL,JK)
(  851)         PMFUS(JL,JK)=(RCPD*PTU(JL,JK)+PGEOH(JL,JK))*PMFU(JL,JK)
(  852)         PMFUQ(JL,JK)=PQU(JL,JK)*PMFU(JL,JK)
(  853)         ZALFAW=FOEALFCU(PTU(JL,JK))
(  854)         IF(LSCVFLAG(JL)) ZALFAW=1.0_JPRB
(  855)         PLUDELI(JL,JK,1)=ZALFAW*PLUDE(JL,JK)
(  856)         PLUDELI(JL,JK,2)=(1.0_JPRB-ZALFAW)*PLUDE(JL,JK)
(  857)       ENDIF
(  858)     ENDDO
(  859) # 860 "./cuascn.F90"
(  860)   ENDIF
(  861) ENDDO
(  862) # 863 "./cuascn.F90"
(  863) !----------------------------------------------------------------------






NVFORTRAN (Version     24.5)          03/19/2025  06:56:01      page 37

(  864) # 865 "./cuascn.F90"
(  865) !     5.           FINAL CALCULATIONS 
(  866) !                  ------------------
(  867) # 868 "./cuascn.F90"
(  868) DO JL=KIDIA,KFDIA
(  869)   IF(KCTOP(JL) == -1) LDCUM(JL)=.FALSE.
(  870)   KCBOT(JL)=MAX(KCBOT(JL),KCTOP(JL))
(  871)   IF(LDCUM(JL)) THEN
(  872)     PWMEAN(JL)=MAX(1.E-2_JPRB,PWMEAN(JL)/MAX(1.0_JPRB,ZDPMEAN(JL)))
(  873)     PWMEAN(JL)=SQRT(2.0_JPRB*PWMEAN(JL))
(  874)   ENDIF
(  875) ENDDO
(  876) # 877 "./cuascn.F90"
(  877) END ASSOCIATE
(  878) IF (LHOOK) CALL DR_HOOK('CUASCN',1,ZHOOK_HANDLE)
(  879) END SUBROUTINE CUASCN
