


NVFORTRAN (Version     24.5)          03/24/2025  13:20:28      page 1

Switches: -noasm -nodclchk -debug -nodlines -line -list
          -idir /opt/softs/gcc/9.2.0/hpc_sdk/Linux_x86_64/24.5/comm_libs/12.4/hpcx/hpcx-2.19/ompi/include
          -idir /opt/softs/gcc/9.2.0/hpc_sdk/Linux_x86_64/24.5/comm_libs/12.4/hpcx/hpcx-2.19/ompi/lib
          -inform severe -opt 1 -nosave -object -noonetrip
          -depchk on -nostandard     
          -symbol -noupcase    

Filename: ./cudlfsn.scc_stack.F90

(    1) MODULE CUDLFSN_LOKI_MOD
(    2)   CONTAINS
(    3)   SUBROUTINE CUDLFSN_LOKI (YDTHF, YDCST, YDEPHLI, YDECUMF, KIDIA, KFDIA, KLON, KLEV, KCBOT, KCTOP, LDCUM, PTENH, PQENH, PTEN
(    4)   & PQSEN, PGEO, PGEOH, PAPH, PTU, PQU, PMFUB, PRFL, PTD, PQD, PMFD, PMFDS, PMFDQ, PDMFDP, KDTOP, LDDRAF, YDSTACK_L)
(    5)     
(    6)     !          THIS ROUTINE CALCULATES LEVEL OF FREE SINKING FOR
(    7)     !          CUMULUS DOWNDRAFTS AND SPECIFIES T,Q,U AND V VALUES
(    8)     
(    9)     !          PURPOSE.
(   10)     !          --------
(   11)     !          TO PRODUCE LFS-VALUES FOR CUMULUS DOWNDRAFTS
(   12)     !          FOR MASSFLUX CUMULUS PARAMETERIZATION
(   13)     
(   14)     !          INTERFACE
(   15)     !          ---------
(   16)     !          THIS ROUTINE IS CALLED FROM *CUMASTR*.
(   17)     !          INPUT ARE ENVIRONMENTAL VALUES OF T,Q,U,V,P,PHI
(   18)     !          AND UPDRAFT VALUES T,Q,U AND V AND ALSO
(   19)     !          CLOUD BASE MASSFLUX AND CU-PRECIPITATION RATE.
(   20)     !          IT RETURNS T,Q,U AND V VALUES AND MASSFLUX AT LFS.
(   21)     
(   22)     !          METHOD.
(   23)     
(   24)     !          CHECK FOR NEGATIVE BUOYANCY OF AIR OF EQUAL PARTS OF
(   25)     !          MOIST ENVIRONMENTAL AIR AND CLOUD AIR.
(   26)     
(   27)     !     PARAMETER     DESCRIPTION                                   UNITS
(   28)     !     ---------     -----------                                   -----
(   29)     !     INPUT PARAMETERS (INTEGER):
(   30)     
(   31)     !    *KIDIA*        START POINT
(   32)     !    *KFDIA*        END POINT
(   33)     !    *KLON*         NUMBER OF GRID POINTS PER PACKET
(   34)     !    *KLEV*         NUMBER OF LEVELS
(   35)     !    *KCBOT*        CLOUD BASE LEVEL
(   36)     !    *KCTOP*        CLOUD TOP LEVEL
(   37)     
(   38)     !    INPUT PARAMETERS (LOGICAL):
(   39)     
(   40)     !    *LDCUM*        FLAG: .TRUE. FOR CONVECTIVE POINTS
(   41)     
(   42)     !    INPUT PARAMETERS (REAL):
(   43)     
(   44)     !    *PTENH*        ENV. TEMPERATURE (T+1) ON HALF LEVELS          K
(   45)     !    *PQENH*        ENV. SPEC. HUMIDITY (T+1) ON HALF LEVELS     KG/KG
(   46)     !    *PTEN*         PROVISIONAL ENVIRONMENT TEMPERATURE (T+1)       K
(   47)     !    *PQSEN*        ENVIRONMENT SPEC. SATURATION HUMIDITY (T+1)   KG/KG
(   48)     !    *PGEO*         GEOPOTENTIAL                                  M2/S2
(   49)     !    *PGEOH*        GEOPOTENTIAL ON HALF LEVELS                  M2/S2
(   50)     !    *PAPH*         PROVISIONAL PRESSURE ON HALF LEVELS           PA






NVFORTRAN (Version     24.5)          03/24/2025  13:20:28      page 2

(   51)     !    *PTU*          TEMPERATURE IN UPDRAFTS                        K
(   52)     !    *PQU*          SPEC. HUMIDITY IN UPDRAFTS                   KG/KG
(   53)     !    *PMFUB*        MASSFLUX IN UPDRAFTS AT CLOUD BASE           KG/(M2*S)
(   54)     
(   55)     !    UPDATED PARAMETERS (REAL):
(   56)     
(   57)     !    *PRFL*         PRECIPITATION RATE                           KG/(M2*S)
(   58)     
(   59)     !    OUTPUT PARAMETERS (REAL):
(   60)     
(   61)     !    *PTD*          TEMPERATURE IN DOWNDRAFTS                      K
(   62)     !    *PQD*          SPEC. HUMIDITY IN DOWNDRAFTS                 KG/KG
(   63)     !    *PMFD*         MASSFLUX IN DOWNDRAFTS                       KG/(M2*S)
(   64)     !    *PMFDS*        FLUX OF DRY STATIC ENERGY IN DOWNDRAFTS       J/(M2*S)
(   65)     !    *PMFDQ*        FLUX OF SPEC. HUMIDITY IN DOWNDRAFTS         KG/(M2*S)
(   66)     !    *PDMFDP*       FLUX DIFFERENCE OF PRECIP. IN DOWNDRAFTS     KG/(M2*S)
(   67)     
(   68)     !    OUTPUT PARAMETERS (INTEGER):
(   69)     
(   70)     !    *KDTOP*        TOP LEVEL OF DOWNDRAFTS
(   71)     
(   72)     !    OUTPUT PARAMETERS (LOGICAL):
(   73)     
(   74)     !    *LDDRAF*       .TRUE. IF DOWNDRAFTS EXIST
(   75)     
(   76)     !          EXTERNALS
(   77)     !          ---------
(   78)     !          *CUADJTQ* FOR CALCULATING WET BULB T AND Q AT LFS
(   79)     
(   80)     !     AUTHOR.
(   81)     !     -------
(   82)     !      M.TIEDTKE         E.C.M.W.F.    12/86 MODIF. 12/89
(   83)     
(   84)     !     MODIFICATIONS.
(   85)     !     --------------
(   86)     !      M.Hamrud      01-Oct-2003 CY28 Cleaning
(   87)     !      P. Lopez      20-Jun-2007 CY32R2 Bug correction in latent heat when LPHYLIN=T.
(   88)     !     R. El Khatib 22-Jun-2022 A contribution to simplify phasing after the refactoring of YOMCLI/YOMCST/YOETHF.
(   89)     !----------------------------------------------------------------------
(   90)     
(   91)     USE, intrinsic :: ISO_FORTRAN_ENV, ONLY: REAL64
(   92)     USE, intrinsic :: ISO_C_BINDING, ONLY: C_SIZEOF
(   93)     USE PARKIND1, ONLY: JPIM, JPRB
(   94)     USE YOMHOOK, ONLY: LHOOK, JPHOOK
(   95)     
(   96)     USE YOMCST, ONLY: TCST
(   97)     USE YOETHF, ONLY: TTHF
(   98)     USE YOECUMF, ONLY: TECUMF
(   99)     USE YOEPHLI, ONLY: TEPHLI
(  100)     
(  101)     IMPLICIT NONE
(  102)     
(  103)     TYPE(TTHF), INTENT(IN) :: YDTHF
(  104)     TYPE(TCST), INTENT(IN) :: YDCST
(  105)     TYPE(TECUMF), INTENT(IN) :: YDECUMF
(  106)     TYPE(TEPHLI), INTENT(IN) :: YDEPHLI
(  107)     INTEGER(KIND=JPIM), INTENT(IN) :: KLON
(  108)     INTEGER(KIND=JPIM), INTENT(IN) :: KLEV






NVFORTRAN (Version     24.5)          03/24/2025  13:20:28      page 3

(  109)     INTEGER(KIND=JPIM), INTENT(IN) :: KIDIA
(  110)     INTEGER(KIND=JPIM), INTENT(IN) :: KFDIA
(  111)     INTEGER(KIND=JPIM), INTENT(IN) :: KCBOT(KLON)
(  112)     INTEGER(KIND=JPIM), INTENT(IN) :: KCTOP(KLON)
(  113)     LOGICAL, INTENT(IN) :: LDCUM(KLON)
(  114)     REAL(KIND=JPRB), INTENT(IN) :: PTENH(KLON, KLEV)
(  115)     REAL(KIND=JPRB), INTENT(IN) :: PQENH(KLON, KLEV)
(  116)     REAL(KIND=JPRB), INTENT(IN) :: PTEN(KLON, KLEV)
(  117)     REAL(KIND=JPRB), INTENT(IN) :: PQSEN(KLON, KLEV)
(  118)     REAL(KIND=JPRB), INTENT(IN) :: PGEO(KLON, KLEV)
(  119)     REAL(KIND=JPRB), INTENT(IN) :: PGEOH(KLON, KLEV + 1)
(  120)     REAL(KIND=JPRB), INTENT(IN) :: PAPH(KLON, KLEV + 1)
(  121)     REAL(KIND=JPRB), INTENT(IN) :: PTU(KLON, KLEV)
(  122)     REAL(KIND=JPRB), INTENT(IN) :: PQU(KLON, KLEV)
(  123)     REAL(KIND=JPRB), INTENT(IN) :: PMFUB(KLON)
(  124)     REAL(KIND=JPRB), INTENT(INOUT) :: PRFL(KLON)
(  125)     REAL(KIND=JPRB), INTENT(OUT) :: PTD(KLON, KLEV)
(  126)     REAL(KIND=JPRB), INTENT(OUT) :: PQD(KLON, KLEV)
(  127)     REAL(KIND=JPRB), INTENT(INOUT) :: PMFD(KLON, KLEV)
(  128)     REAL(KIND=JPRB), INTENT(OUT) :: PMFDS(KLON, KLEV)
(  129)     REAL(KIND=JPRB), INTENT(OUT) :: PMFDQ(KLON, KLEV)
(  130)     REAL(KIND=JPRB), INTENT(OUT) :: PDMFDP(KLON, KLEV)
(  131)     INTEGER(KIND=JPIM), INTENT(OUT) :: KDTOP(KLON)
(  132)     LOGICAL, INTENT(OUT) :: LDDRAF(KLON)
(  133)     INTEGER(KIND=JPIM) :: IKHSMIN
(  134)     REAL(KIND=JPRB) :: ZTENWB(KLON, KLEV), ZQENWB(KLON, KLEV), ZCOND, ZPH, ZHSMIN
(  135)     LOGICAL :: LLO2
(  136)     
(  137)     INTEGER(KIND=JPIM) :: IK, IKE, IS, JK, JL
(  138)     
(  139)     REAL(KIND=JPRB) :: ZBUO, ZHSK, ZMFTOP, ZOEALFA, ZOELHM, ZQTEST, ZTARG, ZTTEST
(  140)     REAL(KIND=JPHOOK) :: ZHOOK_HANDLE
(  141)     
(  142)     
(  143) #include "fcttre.func.h"
(  144)     REAL(KIND=JPRB) :: Z1S, Z2S, CUADJTQ_ZCOND, ZCOND1, ZCOR, ZFOEEWI, ZFOEEWL, CUADJTQ_ZOEALFA, ZQMAX, ZQSAT, CUADJTQ_ZTARG
(  145)     REAL(KIND=JPRB) :: ZL, ZI, ZF
(  146)     LOGICAL :: LLFLAG
(  147)     REAL(KIND=JPHOOK) :: CUADJTQ_ZHOOK_HANDLE
(  148) #include "abor1.intfb.h"
(  149) #include "cuadjtq.func.h"
(  150) !$acc routine vector
(  151)     INTEGER(KIND=8) :: YLSTACK_L
(  152)     INTEGER(KIND=8), INTENT(INOUT) :: YDSTACK_L
(  153)     POINTER(IP_ZTENWB, ZTENWB)
(  154)     POINTER(IP_ZQENWB, ZQENWB)
(  155)     YLSTACK_L = YDSTACK_L
(  156)     IP_ZTENWB = YLSTACK_L
(  157)     YLSTACK_L = YLSTACK_L + ISHFT(ISHFT(KLON*KLEV*C_SIZEOF(REAL(1, kind=JPRB)) + 7, -3), 3)
(  158)     IP_ZQENWB = YLSTACK_L
(  159)     YLSTACK_L = YLSTACK_L + ISHFT(ISHFT(KLON*KLEV*C_SIZEOF(REAL(1, kind=JPRB)) + 7, -3), 3)
(  160) !$acc data present( KCBOT, KCTOP, LDCUM, PTENH, PQENH, PTEN, PQSEN, PGEO, PGEOH, PAPH, PTU, PQU, PMFUB, PRFL, PTD, PQD, PMFD
(  161) !$acc & PMFDS, PMFDQ, PDMFDP, KDTOP, LDDRAF, YDTHF, YDCST, YDEPHLI, YDECUMF )
(  162)     !----------------------------------------------------------------------
(  163)     
(  164)     !     1.           SET DEFAULT VALUES FOR DOWNDRAFTS
(  165)     !                  ---------------------------------
(  166)     






NVFORTRAN (Version     24.5)          03/24/2025  13:20:28      page 4

(  167)     
(  168) !$acc loop vector
(  169)     DO JL=KIDIA,KFDIA
(  170)       LDDRAF(JL) = .false.
(  171)       KDTOP(JL) = KLEV + 1
(  172)       IKHSMIN = KLEV + 1
(  173)       ZHSMIN = 1.E8_JPRB
(  174)       
(  175)       !orig IF(.NOT.LMFDD) GO TO 300
(  176)       IF (YDECUMF%LMFDD) THEN
(  177)         
(  178)         !----------------------------------------------------------------------
(  179)         
(  180)         !     2.           DETERMINE LEVEL OF FREE SINKING:
(  181)         !                  DOWNDRAFTS SHALL START AT MODEL LEVEL OF MINIMUM
(  182)         !                  OF SATURATION MOIST STATIC ENERGY OR BELOW
(  183)         !                  RESPECTIVELY
(  184)         
(  185)         !                  FOR EVERY POINT AND PROCEED AS FOLLOWS:
(  186)         
(  187)         !                    (1) DETERMINE LEVEL OF MINIMUM OF HS
(  188)         !                    (2) DETERMINE WET BULB ENVIRONMENTAL T AND Q
(  189)         !                    (3) DO MIXING WITH CUMULUS CLOUD AIR
(  190)         !                    (4) CHECK FOR NEGATIVE BUOYANCY
(  191)         !                    (5) IF BUOYANCY>0 REPEAT (2) TO (4) FOR NEXT
(  192)         !                        LEVEL BELOW
(  193)         
(  194)         !                  THE ASSUMPTION IS THAT AIR OF DOWNDRAFTS IS MIXTURE
(  195)         !                  OF 50% CLOUD AIR + 50% ENVIRONMENTAL AIR AT WET BULB
(  196)         !                  TEMPERATURE (I.E. WHICH BECAME SATURATED DUE TO
(  197)         !                  EVAPORATION OF RAIN AND CLOUD WATER)
(  198)         !                  ----------------------------------------------------
(  199)         
(  200) !$acc loop seq
(  201)         DO JK=3,KLEV - 2
(  202)           
(  203)           IF (YDEPHLI%LPHYLIN) THEN
(  204)             
(  205)             ZTARG = PTEN(JL, JK)
(  206)             ZOEALFA = MIN(1.0_JPRB, 0.545_JPRB*(TANH(0.17_JPRB*(ZTARG - YDEPHLI%RLPTRC)) + 1.0_JPRB))
(  207)             ZOELHM = ZOEALFA*YDCST%RLVTT + (1.0_JPRB - ZOEALFA)*YDCST%RLSTT
(  208)             ZHSK = YDCST%RCPD*PTEN(JL, JK) + PGEO(JL, JK) + ZOELHM*PQSEN(JL, JK)
(  209)             IF (ZHSK < ZHSMIN) THEN
(  210)               ZHSMIN = ZHSK
(  211)               IKHSMIN = JK
(  212)             END IF
(  213)             
(  214)           ELSE
(  215)             
(  216)             ZHSK = YDCST%RCPD*PTEN(JL, JK) + PGEO(JL, JK) + FOELHMCU(PTEN(JL, JK))*PQSEN(JL, JK)
(  217)             IF (ZHSK < ZHSMIN) THEN
(  218)               ZHSMIN = ZHSK
(  219)               IKHSMIN = JK
(  220)             END IF
(  221)             
(  222)           END IF
(  223)           
(  224)         END DO






NVFORTRAN (Version     24.5)          03/24/2025  13:20:28      page 5

(  225)         IKE = KLEV - 3
(  226) !$acc loop seq
(  227)         DO JK=3,IKE
(  228)           
(  229)           !     2.1          CALCULATE WET-BULB TEMPERATURE AND MOISTURE
(  230)           !                  FOR ENVIRONMENTAL AIR IN *CUADJTQ*
(  231)           !                  -------------------------------------------
(  232)           
(  233)           IS = 0
(  234)           ZTENWB(JL, JK) = PTENH(JL, JK)
(  235)           ZQENWB(JL, JK) = PQENH(JL, JK)
(  236)           ZPH = PAPH(JL, JK)
(  237)           LLO2 = LDCUM(JL) .and. PRFL(JL) > 0.0_JPRB .and. .not.LDDRAF(JL) .and. JK < KCBOT(JL) .and. JK > KCTOP(JL) .and. J
(  238)           & IKHSMIN
(  239)           IF (LLO2) THEN
(  240)             IS = IS + 1
(  241)           END IF
(  242)           !orig   IF(IS.EQ.0) GO TO 290
(  243)           IF (IS == 0) CYCLE
(  244)           
(  245)           IK = JK
(  246)           ! [Loki] inlined child subroutine: CUADJTQ
(  247)           ! =========================================
(  248)           
(  249)           !----------------------------------------------------------------------
(  250)           
(  251)           !     1.           DEFINE CONSTANTS
(  252)           !                  ----------------
(  253)           
(  254)           
(  255)           !IF (LHOOK) CALL DR_HOOK('CUADJTQ',0,ZHOOK_HANDLE)
(  256)           
(  257)           
(  258)           ZQMAX = 0.5_JPRB
(  259)           
(  260)           !*********************************************
(  261)           IF (.not.YDEPHLI%LPHYLIN) THEN
(  262)             !*********************************************
(  263)             
(  264)             !     2.           CALCULATE CONDENSATION AND ADJUST T AND Q ACCORDINGLY
(  265)             !                  -----------------------------------------------------
(  266)             
(  267)             
(  268)             
(  269)             !DIR$    IVDEP
(  270)             !OCL NOVREC
(  271)             IF (LLO2) THEN
(  272)               ZQP = 1.0_JPRB / ZPH
(  273)               ZQSAT = FOEEWMCU(ZTENWB(JL, IK))*ZQP
(  274)               ZQSAT = MIN(0.5_JPRB, ZQSAT)
(  275)               ZCOR = 1.0_JPRB / (1.0_JPRB - YDCST%RETV*ZQSAT)
(  276)               ZQSAT = ZQSAT*ZCOR
(  277)               CUADJTQ_ZCOND = (ZQENWB(JL, IK) - ZQSAT) / (1.0_JPRB + ZQSAT*ZCOR*FOEDEMCU(ZTENWB(JL, IK)))
(  278)               CUADJTQ_ZCOND = MIN(CUADJTQ_ZCOND, 0.0_JPRB)
(  279)               ZTENWB(JL, IK) = ZTENWB(JL, IK) + FOELDCPMCU(ZTENWB(JL, IK))*CUADJTQ_ZCOND
(  280)               ZQENWB(JL, IK) = ZQENWB(JL, IK) - CUADJTQ_ZCOND
(  281)               ZQSAT = FOEEWMCU(ZTENWB(JL, IK))*ZQP
(  282)               ZQSAT = MIN(0.5_JPRB, ZQSAT)






NVFORTRAN (Version     24.5)          03/24/2025  13:20:28      page 6

(  283)               ZCOR = 1.0_JPRB / (1.0_JPRB - YDCST%RETV*ZQSAT)
(  284)               ZQSAT = ZQSAT*ZCOR
(  285)               ZCOND1 = (ZQENWB(JL, IK) - ZQSAT) / (1.0_JPRB + ZQSAT*ZCOR*FOEDEMCU(ZTENWB(JL, IK)))
(  286)               IF (CUADJTQ_ZCOND == 0.0_JPRB) ZCOND1 = MIN(ZCOND1, 0.0_JPRB)
(  287)               ZTENWB(JL, IK) = ZTENWB(JL, IK) + FOELDCPMCU(ZTENWB(JL, IK))*ZCOND1
(  288)               ZQENWB(JL, IK) = ZQENWB(JL, IK) - ZCOND1
(  289)             END IF
(  290)             
(  291)             
(  292)             
(  293)             
(  294)             
(  295)             !*********************************************
(  296)           ELSE
(  297)             !*********************************************
(  298)             
(  299)             !     2.           CALCULATE CONDENSATION AND ADJUST T AND Q ACCORDINGLY
(  300)             !                  -----------------------------------------------------
(  301)             
(  302)             
(  303)             
(  304)             !DIR$    IVDEP
(  305)             !OCL NOVREC
(  306)             IF (LLO2) THEN
(  307)               ZQP = 1.0_JPRB / ZPH
(  308)               
(  309)               CUADJTQ_ZTARG = ZTENWB(JL, IK)
(  310)               CUADJTQ_ZOEALFA = 0.5_JPRB*(TANH(YDEPHLI%RLPAL1*(CUADJTQ_ZTARG - YDEPHLI%RLPTRC)) + 1.0_JPRB)
(  311)               ZFOEEWL = YDTHF%R2ES*EXP(YDTHF%R3LES*(CUADJTQ_ZTARG - YDCST%RTT) / (CUADJTQ_ZTARG - YDTHF%R4LES))
(  312)               ZFOEEWI = YDTHF%R2ES*EXP(YDTHF%R3IES*(CUADJTQ_ZTARG - YDCST%RTT) / (CUADJTQ_ZTARG - YDTHF%R4IES))
(  313)               ZQSAT = ZQP*(CUADJTQ_ZOEALFA*ZFOEEWL + (1.0_JPRB - CUADJTQ_ZOEALFA)*ZFOEEWI)
(  314)               Z1S = TANH(YDEPHLI%RLPAL2*(ZQSAT - ZQMAX))
(  315)               ZQSAT = 0.5_JPRB*((1.0_JPRB - Z1S)*ZQSAT + (1.0_JPRB + Z1S)*ZQMAX)
(  316)               
(  317)               ZCOR = 1.0_JPRB / (1.0_JPRB - YDCST%RETV*ZQSAT)
(  318)               ZQSAT = ZQSAT*ZCOR
(  319)               
(  320)               Z2S = CUADJTQ_ZOEALFA*YDTHF%R5ALVCP*(1.0_JPRB / (CUADJTQ_ZTARG - YDTHF%R4LES)**2) + (1.0_JPRB - CUADJTQ_ZOEALF
(  321)               & *YDTHF%R5ALSCP*(1.0_JPRB / (CUADJTQ_ZTARG - YDTHF%R4IES)**2)
(  322)               CUADJTQ_ZCOND = (ZQENWB(JL, IK) - ZQSAT) / (1.0_JPRB + ZQSAT*ZCOR*Z2S)
(  323)               
(  324)               CUADJTQ_ZCOND = MIN(CUADJTQ_ZCOND, 0.0_JPRB)
(  325)               
(  326)               IF (CUADJTQ_ZCOND /= 0.0_JPRB) THEN
(  327)                 
(  328)                 ZTENWB(JL, IK) =  &
(  329)                 & ZTENWB(JL, IK) + (CUADJTQ_ZOEALFA*YDTHF%RALVDCP + (1.0_JPRB - CUADJTQ_ZOEALFA)*YDTHF%RALSDCP)*CUADJTQ_ZCON
(  330)                 ZQENWB(JL, IK) = ZQENWB(JL, IK) - CUADJTQ_ZCOND
(  331)                 CUADJTQ_ZTARG = ZTENWB(JL, IK)
(  332)                 CUADJTQ_ZOEALFA = 0.5_JPRB*(TANH(YDEPHLI%RLPAL1*(CUADJTQ_ZTARG - YDEPHLI%RLPTRC)) + 1.0_JPRB)
(  333)                 ZFOEEWL = YDTHF%R2ES*EXP(YDTHF%R3LES*(CUADJTQ_ZTARG - YDCST%RTT) / (CUADJTQ_ZTARG - YDTHF%R4LES))
(  334)                 ZFOEEWI = YDTHF%R2ES*EXP(YDTHF%R3IES*(CUADJTQ_ZTARG - YDCST%RTT) / (CUADJTQ_ZTARG - YDTHF%R4IES))
(  335)                 ZQSAT = ZQP*(CUADJTQ_ZOEALFA*ZFOEEWL + (1.0_JPRB - CUADJTQ_ZOEALFA)*ZFOEEWI)
(  336)                 Z1S = TANH(YDEPHLI%RLPAL2*(ZQSAT - ZQMAX))
(  337)                 ZQSAT = 0.5_JPRB*((1.0_JPRB - Z1S)*ZQSAT + (1.0_JPRB + Z1S)*ZQMAX)
(  338)                 
(  339)                 ZCOR = 1.0_JPRB / (1.0_JPRB - YDCST%RETV*ZQSAT)
(  340)                 ZQSAT = ZQSAT*ZCOR






NVFORTRAN (Version     24.5)          03/24/2025  13:20:28      page 7

(  341)                 
(  342)                 Z2S = CUADJTQ_ZOEALFA*YDTHF%R5ALVCP*(1.0_JPRB / (CUADJTQ_ZTARG - YDTHF%R4LES)**2) + (1.0_JPRB - CUADJTQ_ZOEA
(  343)                 & *YDTHF%R5ALSCP*(1.0_JPRB / (CUADJTQ_ZTARG - YDTHF%R4IES)**2)
(  344)                 ZCOND1 = (ZQENWB(JL, IK) - ZQSAT) / (1.0_JPRB + ZQSAT*ZCOR*Z2S)
(  345)                 
(  346)                 ZTENWB(JL, IK) =  &
(  347)                 & ZTENWB(JL, IK) + (CUADJTQ_ZOEALFA*YDTHF%RALVDCP + (1.0_JPRB - CUADJTQ_ZOEALFA)*YDTHF%RALSDCP)*ZCOND1
(  348)                 
(  349)                 ZQENWB(JL, IK) = ZQENWB(JL, IK) - ZCOND1
(  350)               END IF
(  351)             END IF
(  352)             
(  353)             
(  354)             
(  355)             
(  356)             !*********************************************
(  357)           END IF
(  358)           !*********************************************
(  359)           
(  360)           
(  361)           !IF (LHOOK) CALL DR_HOOK('CUADJTQ',1,ZHOOK_HANDLE)
(  362)           
(  363)           ! =========================================
(  364)           
(  365)           !     2.2          DO MIXING OF CUMULUS AND ENVIRONMENTAL AIR
(  366)           !                  AND CHECK FOR NEGATIVE BUOYANCY.
(  367)           !                  THEN SET VALUES FOR DOWNDRAFT AT LFS.
(  368)           !                  ----------------------------------------
(  369)           
(  370)           !DIR$ IVDEP
(  371)           !OCL NOVREC
(  372)           IF (LLO2) THEN
(  373)             ZTTEST = 0.5_JPRB*(PTU(JL, JK) + ZTENWB(JL, JK))
(  374)             ZQTEST = 0.5_JPRB*(PQU(JL, JK) + ZQENWB(JL, JK))
(  375)             ZBUO = ZTTEST*(1.0_JPRB + YDCST%RETV*ZQTEST) - PTENH(JL, JK)*(1.0_JPRB + YDCST%RETV*PQENH(JL, JK))
(  376)             ZCOND = PQENH(JL, JK) - ZQENWB(JL, JK)
(  377)             ZMFTOP = -YDECUMF%RMFDEPS*PMFUB(JL)
(  378)             IF (ZBUO < 0.0_JPRB .and. PRFL(JL) > 10._JPRB*ZMFTOP*ZCOND) THEN
(  379)               KDTOP(JL) = JK
(  380)               LDDRAF(JL) = .true.
(  381)               PTD(JL, JK) = ZTTEST
(  382)               PQD(JL, JK) = ZQTEST
(  383)               PMFD(JL, JK) = ZMFTOP
(  384)               PMFDS(JL, JK) = PMFD(JL, JK)*(YDCST%RCPD*PTD(JL, JK) + PGEOH(JL, JK))
(  385)               PMFDQ(JL, JK) = PMFD(JL, JK)*PQD(JL, JK)
(  386)               PDMFDP(JL, JK - 1) = -0.5_JPRB*PMFD(JL, JK)*ZCOND
(  387)               PRFL(JL) = PRFL(JL) + PDMFDP(JL, JK - 1)
(  388)             END IF
(  389)           END IF
(  390)           
(  391)           ! 290   continue
(  392)         END DO
(  393)         
(  394)         !300  CONTINUE
(  395)       END IF
(  396)     END DO
(  397)     
(  398)     






NVFORTRAN (Version     24.5)          03/24/2025  13:20:28      page 8

(  399)     
(  400) !$acc end data
(  401)   END SUBROUTINE CUDLFSN_LOKI
(  402) END MODULE CUDLFSN_LOKI_MOD




























































NVFORTRAN (Version     24.5)          03/24/2025  13:20:28      page 9

(    1) # 1 "./cudlfsn.scc_stack.F90"
(    1) MODULE CUDLFSN_LOKI_MOD
(    2)   CONTAINS
(    3)   SUBROUTINE CUDLFSN_LOKI (YDTHF, YDCST, YDEPHLI, YDECUMF, KIDIA, KFDIA, KLON, KLEV, KCBOT, KCTOP, LDCUM, PTENH, PQENH, PTEN,  &
(    4)   & PQSEN, PGEO, PGEOH, PAPH, PTU, PQU, PMFUB, PRFL, PTD, PQD, PMFD, PMFDS, PMFDQ, PDMFDP, KDTOP, LDDRAF, YDSTACK_L)
(    5)     
(    6)     !          THIS ROUTINE CALCULATES LEVEL OF FREE SINKING FOR
(    7)     !          CUMULUS DOWNDRAFTS AND SPECIFIES T,Q,U AND V VALUES
(    8)     
(    9)     !          PURPOSE.
(   10)     !          --------
(   11)     !          TO PRODUCE LFS-VALUES FOR CUMULUS DOWNDRAFTS
(   12)     !          FOR MASSFLUX CUMULUS PARAMETERIZATION
(   13)     
(   14)     !          INTERFACE
(   15)     !          ---------
(   16)     !          THIS ROUTINE IS CALLED FROM *CUMASTR*.
(   17)     !          INPUT ARE ENVIRONMENTAL VALUES OF T,Q,U,V,P,PHI
(   18)     !          AND UPDRAFT VALUES T,Q,U AND V AND ALSO
(   19)     !          CLOUD BASE MASSFLUX AND CU-PRECIPITATION RATE.
(   20)     !          IT RETURNS T,Q,U AND V VALUES AND MASSFLUX AT LFS.
(   21)     
(   22)     !          METHOD.
(   23)     
(   24)     !          CHECK FOR NEGATIVE BUOYANCY OF AIR OF EQUAL PARTS OF
(   25)     !          MOIST ENVIRONMENTAL AIR AND CLOUD AIR.
(   26)     
(   27)     !     PARAMETER     DESCRIPTION                                   UNITS
(   28)     !     ---------     -----------                                   -----
(   29)     !     INPUT PARAMETERS (INTEGER):
(   30)     
(   31)     !    *KIDIA*        START POINT
(   32)     !    *KFDIA*        END POINT
(   33)     !    *KLON*         NUMBER OF GRID POINTS PER PACKET
(   34)     !    *KLEV*         NUMBER OF LEVELS
(   35)     !    *KCBOT*        CLOUD BASE LEVEL
(   36)     !    *KCTOP*        CLOUD TOP LEVEL
(   37)     
(   38)     !    INPUT PARAMETERS (LOGICAL):
(   39)     
(   40)     !    *LDCUM*        FLAG: .TRUE. FOR CONVECTIVE POINTS
(   41)     
(   42)     !    INPUT PARAMETERS (REAL):
(   43)     
(   44)     !    *PTENH*        ENV. TEMPERATURE (T+1) ON HALF LEVELS          K
(   45)     !    *PQENH*        ENV. SPEC. HUMIDITY (T+1) ON HALF LEVELS     KG/KG
(   46)     !    *PTEN*         PROVISIONAL ENVIRONMENT TEMPERATURE (T+1)       K
(   47)     !    *PQSEN*        ENVIRONMENT SPEC. SATURATION HUMIDITY (T+1)   KG/KG
(   48)     !    *PGEO*         GEOPOTENTIAL                                  M2/S2
(   49)     !    *PGEOH*        GEOPOTENTIAL ON HALF LEVELS                  M2/S2
(   50)     !    *PAPH*         PROVISIONAL PRESSURE ON HALF LEVELS           PA
(   51)     !    *PTU*          TEMPERATURE IN UPDRAFTS                        K
(   52)     !    *PQU*          SPEC. HUMIDITY IN UPDRAFTS                   KG/KG
(   53)     !    *PMFUB*        MASSFLUX IN UPDRAFTS AT CLOUD BASE           KG/(M2*S)
(   54)     
(   55)     !    UPDATED PARAMETERS (REAL):
(   56)     
(   57)     !    *PRFL*         PRECIPITATION RATE                           KG/(M2*S)






NVFORTRAN (Version     24.5)          03/24/2025  13:20:28      page 10

(   58)     
(   59)     !    OUTPUT PARAMETERS (REAL):
(   60)     
(   61)     !    *PTD*          TEMPERATURE IN DOWNDRAFTS                      K
(   62)     !    *PQD*          SPEC. HUMIDITY IN DOWNDRAFTS                 KG/KG
(   63)     !    *PMFD*         MASSFLUX IN DOWNDRAFTS                       KG/(M2*S)
(   64)     !    *PMFDS*        FLUX OF DRY STATIC ENERGY IN DOWNDRAFTS       J/(M2*S)
(   65)     !    *PMFDQ*        FLUX OF SPEC. HUMIDITY IN DOWNDRAFTS         KG/(M2*S)
(   66)     !    *PDMFDP*       FLUX DIFFERENCE OF PRECIP. IN DOWNDRAFTS     KG/(M2*S)
(   67)     
(   68)     !    OUTPUT PARAMETERS (INTEGER):
(   69)     
(   70)     !    *KDTOP*        TOP LEVEL OF DOWNDRAFTS
(   71)     
(   72)     !    OUTPUT PARAMETERS (LOGICAL):
(   73)     
(   74)     !    *LDDRAF*       .TRUE. IF DOWNDRAFTS EXIST
(   75)     
(   76)     !          EXTERNALS
(   77)     !          ---------
(   78)     !          *CUADJTQ* FOR CALCULATING WET BULB T AND Q AT LFS
(   79)     
(   80)     !     AUTHOR.
(   81)     !     -------
(   82)     !      M.TIEDTKE         E.C.M.W.F.    12/86 MODIF. 12/89
(   83)     
(   84)     !     MODIFICATIONS.
(   85)     !     --------------
(   86)     !      M.Hamrud      01-Oct-2003 CY28 Cleaning
(   87)     !      P. Lopez      20-Jun-2007 CY32R2 Bug correction in latent heat when LPHYLIN=T.
(   88)     !     R. El Khatib 22-Jun-2022 A contribution to simplify phasing after the refactoring of YOMCLI/YOMCST/YOETHF.
(   89)     !----------------------------------------------------------------------
(   90)     
(   91)     USE, intrinsic :: ISO_FORTRAN_ENV, ONLY: REAL64
(   92)     USE, intrinsic :: ISO_C_BINDING, ONLY: C_SIZEOF
(   93)     USE PARKIND1, ONLY: JPIM, JPRB
(   94)     USE YOMHOOK, ONLY: LHOOK, JPHOOK
(   95)     
(   96)     USE YOMCST, ONLY: TCST
(   97)     USE YOETHF, ONLY: TTHF
(   98)     USE YOECUMF, ONLY: TECUMF
(   99)     USE YOEPHLI, ONLY: TEPHLI
(  100)     
(  101)     IMPLICIT NONE
(  102)     
(  103)     TYPE(TTHF), INTENT(IN) :: YDTHF
(  104)     TYPE(TCST), INTENT(IN) :: YDCST
(  105)     TYPE(TECUMF), INTENT(IN) :: YDECUMF
(  106)     TYPE(TEPHLI), INTENT(IN) :: YDEPHLI
(  107)     INTEGER(KIND=JPIM), INTENT(IN) :: KLON
(  108)     INTEGER(KIND=JPIM), INTENT(IN) :: KLEV
(  109)     INTEGER(KIND=JPIM), INTENT(IN) :: KIDIA
(  110)     INTEGER(KIND=JPIM), INTENT(IN) :: KFDIA
(  111)     INTEGER(KIND=JPIM), INTENT(IN) :: KCBOT(KLON)
(  112)     INTEGER(KIND=JPIM), INTENT(IN) :: KCTOP(KLON)
(  113)     LOGICAL, INTENT(IN) :: LDCUM(KLON)
(  114)     REAL(KIND=JPRB), INTENT(IN) :: PTENH(KLON, KLEV)
(  115)     REAL(KIND=JPRB), INTENT(IN) :: PQENH(KLON, KLEV)






NVFORTRAN (Version     24.5)          03/24/2025  13:20:28      page 11

(  116)     REAL(KIND=JPRB), INTENT(IN) :: PTEN(KLON, KLEV)
(  117)     REAL(KIND=JPRB), INTENT(IN) :: PQSEN(KLON, KLEV)
(  118)     REAL(KIND=JPRB), INTENT(IN) :: PGEO(KLON, KLEV)
(  119)     REAL(KIND=JPRB), INTENT(IN) :: PGEOH(KLON, KLEV + 1)
(  120)     REAL(KIND=JPRB), INTENT(IN) :: PAPH(KLON, KLEV + 1)
(  121)     REAL(KIND=JPRB), INTENT(IN) :: PTU(KLON, KLEV)
(  122)     REAL(KIND=JPRB), INTENT(IN) :: PQU(KLON, KLEV)
(  123)     REAL(KIND=JPRB), INTENT(IN) :: PMFUB(KLON)
(  124)     REAL(KIND=JPRB), INTENT(INOUT) :: PRFL(KLON)
(  125)     REAL(KIND=JPRB), INTENT(OUT) :: PTD(KLON, KLEV)
(  126)     REAL(KIND=JPRB), INTENT(OUT) :: PQD(KLON, KLEV)
(  127)     REAL(KIND=JPRB), INTENT(INOUT) :: PMFD(KLON, KLEV)
(  128)     REAL(KIND=JPRB), INTENT(OUT) :: PMFDS(KLON, KLEV)
(  129)     REAL(KIND=JPRB), INTENT(OUT) :: PMFDQ(KLON, KLEV)
(  130)     REAL(KIND=JPRB), INTENT(OUT) :: PDMFDP(KLON, KLEV)
(  131)     INTEGER(KIND=JPIM), INTENT(OUT) :: KDTOP(KLON)
(  132)     LOGICAL, INTENT(OUT) :: LDDRAF(KLON)
(  133)     INTEGER(KIND=JPIM) :: IKHSMIN
(  134)     REAL(KIND=JPRB) :: ZTENWB(KLON, KLEV), ZQENWB(KLON, KLEV), ZCOND, ZPH, ZHSMIN
(  135)     LOGICAL :: LLO2
(  136)     
(  137)     INTEGER(KIND=JPIM) :: IK, IKE, IS, JK, JL
(  138)     
(  139)     REAL(KIND=JPRB) :: ZBUO, ZHSK, ZMFTOP, ZOEALFA, ZOELHM, ZQTEST, ZTARG, ZTTEST
(  140)     REAL(KIND=JPHOOK) :: ZHOOK_HANDLE
(  141)     
(  142)     
(  143) # 143 "./cudlfsn.scc_stack.F90"
(  143) # 1 "./fcttre.func.h"
(    1) ! (C) Copyright 1988- ECMWF.
(    2) !
(    3) ! This software is licensed under the terms of the Apache Licence Version 2.0
(    4) ! which can be obtained at http://www.apache.org/licenses/LICENSE-2.0.
(    5) !
(    6) ! In applying this licence, ECMWF does not waive the privileges and immunities
(    7) ! granted to it by virtue of its status as an intergovernmental organisation
(    8) ! nor does it submit to any jurisdiction.
(    9) # 10 "./fcttre.func.h"
(   10) !*
(   11) !     ------------------------------------------------------------------
(   12) # 13 "./fcttre.func.h"
(   13) !     This COMDECK includes the Thermodynamical functions for the cy39
(   14) !       ECMWF Physics package.
(   15) !       Consistent with YOMCST Basic physics constants, assuming the
(   16) !       partial pressure of water vapour is given by a first order
(   17) !       Taylor expansion of Qs(T) w.r.t. to Temperature, using constants
(   18) !       in YOETHF
(   19) !       Two sets of functions are available. In the first set only the
(   20) !       cases water or ice are distinguished by temperature.  This set 
(   21) !       consists of the functions FOEDELTA,FOEEW,FOEDE and FOELH.
(   22) !       The second set considers, besides the two cases water and ice 
(   23) !       also a mix of both for the temperature range YDTHF%RTICE < T < YDTHF%RTWAT.
(   24) !       This set contains FOEALFA,FOEEWM,FOEDEM,FOELDCPM and FOELHM.
(   25) !       FKOOP modifies the ice saturation mixing ratio for homogeneous 
(   26) !       nucleation. FOE_DEWM_DT provides an approximate first derivative
(   27) !       of FOEEWM.
(   28) # 29 "./fcttre.func.h"
(   29) !       Depending on the consideration of mixed phases either the first 






NVFORTRAN (Version     24.5)          03/24/2025  13:20:28      page 12

(   30) !       set (e.g. surface, post-processing) or the second set 
(   31) !       (e.g. clouds, condensation, convection) should be used.
(   32) # 33 "./fcttre.func.h"
(   33) !     ------------------------------------------------------------------
(   34) !     *****************************************************************
(   35) # 36 "./fcttre.func.h"
(   36) !                NO CONSIDERATION OF MIXED PHASES
(   37) # 38 "./fcttre.func.h"
(   38) !     *****************************************************************
(   39) REAL(KIND=JPRB) :: FOEDELTA
(   40) REAL(KIND=JPRB) :: PTARE
(   41) FOEDELTA (PTARE) = MAX (0.0_JPRB,SIGN(1.0_JPRB,PTARE-YDCST%RTT))
(   42) # 43 "./fcttre.func.h"
(   43) !                  FOEDELTA = 1    water
(   44) !                  FOEDELTA = 0    ice
(   45) # 46 "./fcttre.func.h"
(   46) !     THERMODYNAMICAL FUNCTIONS .
(   47) # 48 "./fcttre.func.h"
(   48) !     Pressure of water vapour at saturation
(   49) !        INPUT : PTARE = TEMPERATURE
(   50) REAL(KIND=JPRB) :: FOEEW,FOEDE,FOEDESU,FOELH,FOELDCP
(   51) FOEEW ( PTARE ) = YDTHF%R2ES*EXP (&
(   52)   &(YDTHF%R3LES*FOEDELTA(PTARE)+YDTHF%R3IES*(1.0_JPRB-FOEDELTA(PTARE)))*(PTARE-YDCST%RTT)&
(   53) &/ (PTARE-(YDTHF%R4LES*FOEDELTA(PTARE)+YDTHF%R4IES*(1.0_JPRB-FOEDELTA(PTARE)))))
(   54) # 55 "./fcttre.func.h"
(   55) FOEDE ( PTARE ) = &
(   56)   &(FOEDELTA(PTARE)*YDTHF%R5ALVCP+(1.0_JPRB-FOEDELTA(PTARE))*YDTHF%R5ALSCP)&
(   57) &/ (PTARE-(YDTHF%R4LES*FOEDELTA(PTARE)+YDTHF%R4IES*(1.0_JPRB-FOEDELTA(PTARE))))**2
(   58) # 59 "./fcttre.func.h"
(   59) FOEDESU ( PTARE ) = &
(   60)   &(FOEDELTA(PTARE)*YDTHF%R5LES+(1.0_JPRB-FOEDELTA(PTARE))*YDTHF%R5IES)&
(   61) &/ (PTARE-(YDTHF%R4LES*FOEDELTA(PTARE)+YDTHF%R4IES*(1.0_JPRB-FOEDELTA(PTARE))))**2
(   62) # 63 "./fcttre.func.h"
(   63) FOELH ( PTARE ) =&
(   64)          &FOEDELTA(PTARE)*YDCST%RLVTT + (1.0_JPRB-FOEDELTA(PTARE))*YDCST%RLSTT
(   65) # 66 "./fcttre.func.h"
(   66) FOELDCP ( PTARE ) = &
(   67)          &FOEDELTA(PTARE)*YDTHF%RALVDCP + (1.0_JPRB-FOEDELTA(PTARE))*YDTHF%RALSDCP
(   68) # 69 "./fcttre.func.h"
(   69) !     *****************************************************************
(   70) # 71 "./fcttre.func.h"
(   71) !           CONSIDERATION OF MIXED PHASES
(   72) # 73 "./fcttre.func.h"
(   73) !     *****************************************************************
(   74) # 75 "./fcttre.func.h"
(   75) !     FOEALFA is calculated to distinguish the three cases:
(   76) # 77 "./fcttre.func.h"
(   77) !                       FOEALFA=1            water phase
(   78) !                       FOEALFA=0            ice phase
(   79) !                       0 < FOEALFA < 1      mixed phase
(   80) # 81 "./fcttre.func.h"
(   81) !               INPUT : PTARE = TEMPERATURE
(   82) REAL(KIND=JPRB) :: FOEALFA
(   83) FOEALFA (PTARE) = MIN(1.0_JPRB,((MAX(YDTHF%RTICE,MIN(YDTHF%RTWAT,PTARE))-YDTHF%RTICE)&
(   84)  &*YDTHF%RTWAT_RTICE_R)**2) 
(   85) # 87 "./fcttre.func.h"
(   87) !     Pressure of water vapour at saturation
(   88) !        INPUT : PTARE = TEMPERATURE






NVFORTRAN (Version     24.5)          03/24/2025  13:20:28      page 13

(   89) REAL(KIND=JPRB) :: FOEEWM,FOEDEM,FOELDCPM,FOELHM,FOE_DEWM_DT
(   90) FOEEWM ( PTARE ) = YDTHF%R2ES *&
(   91)      &(FOEALFA(PTARE)*EXP(YDTHF%R3LES*(PTARE-YDCST%RTT)/(PTARE-YDTHF%R4LES))+&
(   92)   &(1.0_JPRB-FOEALFA(PTARE))*EXP(YDTHF%R3IES*(PTARE-YDCST%RTT)/(PTARE-YDTHF%R4IES)))
(   93) # 94 "./fcttre.func.h"
(   94) FOE_DEWM_DT( PTARE ) = YDTHF%R2ES * ( &
(   95)      & YDTHF%R3LES*FOEALFA(PTARE)*EXP(YDTHF%R3LES*(PTARE-YDCST%RTT)/(PTARE-YDTHF%R4LES)) &
(   96)      &    *(YDCST%RTT-YDTHF%R4LES)/(PTARE-YDTHF%R4LES)**2 + &
(   97)      & YDTHF%R3IES*(1.0-FOEALFA(PTARE))*EXP(YDTHF%R3IES*(PTARE-YDCST%RTT)/(PTARE-YDTHF%R4IES)) &
(   98)      &    *(YDCST%RTT-YDTHF%R4IES)/(PTARE-YDTHF%R4IES)**2)
(   99) # 100 "./fcttre.func.h"
(  100) FOEDEM ( PTARE ) = FOEALFA(PTARE)*YDTHF%R5ALVCP*(1.0_JPRB/(PTARE-YDTHF%R4LES)**2)+&
(  101)              &(1.0_JPRB-FOEALFA(PTARE))*YDTHF%R5ALSCP*(1.0_JPRB/(PTARE-YDTHF%R4IES)**2)
(  102) # 103 "./fcttre.func.h"
(  103) FOELDCPM ( PTARE ) = FOEALFA(PTARE)*YDTHF%RALVDCP+&
(  104)             &(1.0_JPRB-FOEALFA(PTARE))*YDTHF%RALSDCP
(  105) # 106 "./fcttre.func.h"
(  106) FOELHM ( PTARE ) =&
(  107)          &FOEALFA(PTARE)*YDCST%RLVTT+(1.0_JPRB-FOEALFA(PTARE))*YDCST%RLSTT
(  108) # 110 "./fcttre.func.h"
(  110) !     Temperature normalization for humidity background change of variable
(  111) !        INPUT : PTARE = TEMPERATURE
(  112) REAL(KIND=JPRB) :: FOETB
(  113) FOETB ( PTARE )=FOEALFA(PTARE)*YDTHF%R3LES*(YDCST%RTT-YDTHF%R4LES)*(1.0_JPRB/(PTARE-YDTHF%R4LES)**2)+&
(  114)              &(1.0_JPRB-FOEALFA(PTARE))*YDTHF%R3IES*(YDCST%RTT-YDTHF%R4IES)*(1.0_JPRB/(PTARE-YDTHF%R4IES)**2)
(  115) # 116 "./fcttre.func.h"
(  116) !     ------------------------------------------------------------------
(  117) !     *****************************************************************
(  118) # 119 "./fcttre.func.h"
(  119) !           CONSIDERATION OF DIFFERENT MIXED PHASE FOR CONV
(  120) # 121 "./fcttre.func.h"
(  121) !     *****************************************************************
(  122) # 123 "./fcttre.func.h"
(  123) !     FOEALFCU is calculated to distinguish the three cases:
(  124) # 125 "./fcttre.func.h"
(  125) !                       FOEALFCU=1            water phase
(  126) !                       FOEALFCU=0            ice phase
(  127) !                       0 < FOEALFCU < 1      mixed phase
(  128) # 129 "./fcttre.func.h"
(  129) !               INPUT : PTARE = TEMPERATURE
(  130) REAL(KIND=JPRB) :: FOEALFCU 
(  131) FOEALFCU (PTARE) = MIN(1.0_JPRB,((MAX(YDTHF%RTICECU,MIN(YDTHF%RTWAT,PTARE))&
(  132) &-YDTHF%RTICECU)*YDTHF%RTWAT_RTICECU_R)**2) 
(  133) # 135 "./fcttre.func.h"
(  135) !     Pressure of water vapour at saturation
(  136) !        INPUT : PTARE = TEMPERATURE
(  137) REAL(KIND=JPRB) :: FOEEWMCU,FOEDEMCU,FOELDCPMCU,FOELHMCU
(  138) FOEEWMCU ( PTARE ) = YDTHF%R2ES *&
(  139)      &(FOEALFCU(PTARE)*EXP(YDTHF%R3LES*(PTARE-YDCST%RTT)/(PTARE-YDTHF%R4LES))+&
(  140)   &(1.0_JPRB-FOEALFCU(PTARE))*EXP(YDTHF%R3IES*(PTARE-YDCST%RTT)/(PTARE-YDTHF%R4IES)))
(  141) # 142 "./fcttre.func.h"
(  142) FOEDEMCU ( PTARE )=FOEALFCU(PTARE)*YDTHF%R5ALVCP*(1.0_JPRB/(PTARE-YDTHF%R4LES)**2)+&
(  143)              &(1.0_JPRB-FOEALFCU(PTARE))*YDTHF%R5ALSCP*(1.0_JPRB/(PTARE-YDTHF%R4IES)**2)
(  144) # 145 "./fcttre.func.h"
(  145) FOELDCPMCU ( PTARE ) = FOEALFCU(PTARE)*YDTHF%RALVDCP+&
(  146)             &(1.0_JPRB-FOEALFCU(PTARE))*YDTHF%RALSDCP
(  147) # 148 "./fcttre.func.h"
(  148) FOELHMCU ( PTARE ) =&






NVFORTRAN (Version     24.5)          03/24/2025  13:20:28      page 14

(  149)          &FOEALFCU(PTARE)*YDCST%RLVTT+(1.0_JPRB-FOEALFCU(PTARE))*YDCST%RLSTT
(  150) !     ------------------------------------------------------------------
(  151) # 152 "./fcttre.func.h"
(  152) !     Pressure of water vapour at saturation
(  153) !     This one is for the WMO definition of saturation, i.e. always
(  154) !     with respect to water.
(  155) !     
(  156) !     Duplicate to FOEELIQ and FOEEICE for separate ice variable
(  157) !     FOEELIQ always respect to water 
(  158) !     FOEEICE always respect to ice 
(  159) !     FOEELIQ2ICE is the ratio of vapour pressures over water and ice 
(  160) !       (analytically simplified to avoid a suspected Cray compiler bug and using a single call to exp)
(  161) !     (could use FOEEW and FOEEWMO, but naming convention unclear)
(  162) !     FOELSON returns e wrt liquid water using D Sonntag (1994, Met. Zeit.)
(  163) !      - now recommended for use with radiosonde data (WMO CIMO guide, 2014)
(  164) !      unlike the FOEE functions does not include 1/(YDCST%RETV+1.0_JPRB) factor
(  165) # 166 "./fcttre.func.h"
(  166) REAL(KIND=JPRB) :: FOEEWMO, FOEELIQ, FOEEICE, FOEELIQ2ICE, FOELSON 
(  167) FOEEWMO( PTARE ) = YDTHF%R2ES*EXP(YDTHF%R3LES*(PTARE-YDCST%RTT)/(PTARE-YDTHF%R4LES))
(  168) FOEELIQ( PTARE ) = YDTHF%R2ES*EXP(YDTHF%R3LES*(PTARE-YDCST%RTT)/(PTARE-YDTHF%R4LES))
(  169) FOEEICE( PTARE ) = YDTHF%R2ES*EXP(YDTHF%R3IES*(PTARE-YDCST%RTT)/(PTARE-YDTHF%R4IES))
(  170) FOEELIQ2ICE( PTARE )  = EXP(      (PTARE-YDCST%RTT)*(YDTHF%R3LES/(PTARE-YDTHF%R4LES) - YDTHF%R3IES/(PTARE-YDTHF%R4IES)))
(  171) FOELSON( PTARE ) = EXP( -6096.9385_JPRB/PTARE + 21.2409642_JPRB &
(  172) 	             - 2.711193E-2_JPRB * PTARE    &
(  173)                      + 1.673952E-5_JPRB * PTARE**2 &
(  174) 		     + 2.433502_JPRB * LOG(PTARE))
(  175) # 176 "./fcttre.func.h"
(  176) REAL(KIND=JPRB) :: FOEEWM_V,FOEEWMCU_V,FOELES_V,FOEIES_V
(  177) REAL(KIND=JPRB) :: EXP1,EXP2
(  178)       FOELES_V(PTARE)=YDTHF%R3LES*(PTARE-YDCST%RTT)/(PTARE-YDTHF%R4LES)
(  179)       FOEIES_V(PTARE)=YDTHF%R3IES*(PTARE-YDCST%RTT)/(PTARE-YDTHF%R4IES)
(  180)       FOEEWM_V( PTARE,EXP1,EXP2 )=YDTHF%R2ES*(FOEALFA(PTARE)*EXP1+ &
(  181)           & (1.0_JPRB-FOEALFA(PTARE))*EXP2)
(  182)       FOEEWMCU_V ( PTARE,EXP1,EXP2 ) = YDTHF%R2ES*(FOEALFCU(PTARE)*EXP1+&
(  183)           &(1.0_JPRB-FOEALFCU(PTARE))*EXP2)
(  184) # 144 "./cudlfsn.scc_stack.F90"
(  144) # 144 "./cudlfsn.scc_stack.F90"
(  144)     REAL(KIND=JPRB) :: Z1S, Z2S, CUADJTQ_ZCOND, ZCOND1, ZCOR, ZFOEEWI, ZFOEEWL, CUADJTQ_ZOEALFA, ZQMAX, ZQSAT, CUADJTQ_ZTARG, ZQP
(  145)     REAL(KIND=JPRB) :: ZL, ZI, ZF
(  146)     LOGICAL :: LLFLAG
(  147)     REAL(KIND=JPHOOK) :: CUADJTQ_ZHOOK_HANDLE
(  148) # 148 "./cudlfsn.scc_stack.F90"
(  148) # 1 "./abor1.intfb.h"
(    1) INTERFACE
(    2) SUBROUTINE ABOR1 (CDMESS)
(    3) !$acc routine (ABOR1) seq
(    4) CHARACTER (LEN=*) :: CDMESS
(    5) END SUBROUTINE
(    6) # 7 "./abor1.intfb.h"
(    7) END INTERFACE
(    8) # 149 "./cudlfsn.scc_stack.F90"
(  149) # 149 "./cudlfsn.scc_stack.F90"
(  149) # 1 "./cuadjtq.func.h"
(    1) # 2 "./cuadjtq.func.h"
(    2) REAL(KIND=JPRB) :: FMINJ, FMAXJ, X, Y
(    3) FMINJ(X,Y) = Y - 0.5_JPRB*(ABS(X-Y)-(X-Y))
(    4) FMAXJ(X,Y) = Y + 0.5_JPRB*(ABS(X-Y)+(X-Y))
(    5) # 150 "./cudlfsn.scc_stack.F90"






NVFORTRAN (Version     24.5)          03/24/2025  13:20:28      page 15

(  150) # 150 "./cudlfsn.scc_stack.F90"
(  150) !$acc routine vector
(  151)     INTEGER(KIND=8) :: YLSTACK_L
(  152)     INTEGER(KIND=8), INTENT(INOUT) :: YDSTACK_L
(  153)     POINTER(IP_ZTENWB, ZTENWB)
(  154)     POINTER(IP_ZQENWB, ZQENWB)
(  155)     YLSTACK_L = YDSTACK_L
(  156)     IP_ZTENWB = YLSTACK_L
(  157)     YLSTACK_L = YLSTACK_L + ISHFT(ISHFT(KLON*KLEV*C_SIZEOF(REAL(1, kind=JPRB)) + 7, -3), 3)
(  158)     IP_ZQENWB = YLSTACK_L
(  159)     YLSTACK_L = YLSTACK_L + ISHFT(ISHFT(KLON*KLEV*C_SIZEOF(REAL(1, kind=JPRB)) + 7, -3), 3)
(  161) !$acc & PMFDS, PMFDQ, PDMFDP, KDTOP, LDDRAF, YDTHF, YDCST, YDEPHLI, YDECUMF )
(  162)     !----------------------------------------------------------------------
(  163)     
(  164)     !     1.           SET DEFAULT VALUES FOR DOWNDRAFTS
(  165)     !                  ---------------------------------
(  166)     
(  167)     
(  168) !$acc loop vector
(  169)     DO JL=KIDIA,KFDIA
(  170)       LDDRAF(JL) = .false.
(  171)       KDTOP(JL) = KLEV + 1
(  172)       IKHSMIN = KLEV + 1
(  173)       ZHSMIN = 1.E8_JPRB
(  174)       
(  175)       !orig IF(.NOT.LMFDD) GO TO 300
(  176)       IF (YDECUMF%LMFDD) THEN
(  177)         
(  178)         !----------------------------------------------------------------------
(  179)         
(  180)         !     2.           DETERMINE LEVEL OF FREE SINKING:
(  181)         !                  DOWNDRAFTS SHALL START AT MODEL LEVEL OF MINIMUM
(  182)         !                  OF SATURATION MOIST STATIC ENERGY OR BELOW
(  183)         !                  RESPECTIVELY
(  184)         
(  185)         !                  FOR EVERY POINT AND PROCEED AS FOLLOWS:
(  186)         
(  187)         !                    (1) DETERMINE LEVEL OF MINIMUM OF HS
(  188)         !                    (2) DETERMINE WET BULB ENVIRONMENTAL T AND Q
(  189)         !                    (3) DO MIXING WITH CUMULUS CLOUD AIR
(  190)         !                    (4) CHECK FOR NEGATIVE BUOYANCY
(  191)         !                    (5) IF BUOYANCY>0 REPEAT (2) TO (4) FOR NEXT
(  192)         !                        LEVEL BELOW
(  193)         
(  194)         !                  THE ASSUMPTION IS THAT AIR OF DOWNDRAFTS IS MIXTURE
(  195)         !                  OF 50% CLOUD AIR + 50% ENVIRONMENTAL AIR AT WET BULB
(  196)         !                  TEMPERATURE (I.E. WHICH BECAME SATURATED DUE TO
(  197)         !                  EVAPORATION OF RAIN AND CLOUD WATER)
(  198)         !                  ----------------------------------------------------
(  199)         
(  200) !$acc loop seq
(  201)         DO JK=3,KLEV - 2
(  202)           
(  203)           IF (YDEPHLI%LPHYLIN) THEN
(  204)             
(  205)             ZTARG = PTEN(JL, JK)
(  206)             ZOEALFA = MIN(1.0_JPRB, 0.545_JPRB*(TANH(0.17_JPRB*(ZTARG - YDEPHLI%RLPTRC)) + 1.0_JPRB))
(  207)             ZOELHM = ZOEALFA*YDCST%RLVTT + (1.0_JPRB - ZOEALFA)*YDCST%RLSTT






NVFORTRAN (Version     24.5)          03/24/2025  13:20:28      page 16

(  208)             ZHSK = YDCST%RCPD*PTEN(JL, JK) + PGEO(JL, JK) + ZOELHM*PQSEN(JL, JK)
(  209)             IF (ZHSK < ZHSMIN) THEN
(  210)               ZHSMIN = ZHSK
(  211)               IKHSMIN = JK
(  212)             END IF
(  213)             
(  214)           ELSE
(  215)             
(  216)             ZHSK = YDCST%RCPD*PTEN(JL, JK) + PGEO(JL, JK) + FOELHMCU(PTEN(JL, JK))*PQSEN(JL, JK)
(  217)             IF (ZHSK < ZHSMIN) THEN
(  218)               ZHSMIN = ZHSK
(  219)               IKHSMIN = JK
(  220)             END IF
(  221)             
(  222)           END IF
(  223)           
(  224)         END DO
(  225)         IKE = KLEV - 3
(  226) !$acc loop seq
(  227)         DO JK=3,IKE
(  228)           
(  229)           !     2.1          CALCULATE WET-BULB TEMPERATURE AND MOISTURE
(  230)           !                  FOR ENVIRONMENTAL AIR IN *CUADJTQ*
(  231)           !                  -------------------------------------------
(  232)           
(  233)           IS = 0
(  234)           ZTENWB(JL, JK) = PTENH(JL, JK)
(  235)           ZQENWB(JL, JK) = PQENH(JL, JK)
(  236)           ZPH = PAPH(JL, JK)
(  237)           LLO2 = LDCUM(JL) .and. PRFL(JL) > 0.0_JPRB .and. .not.LDDRAF(JL) .and. JK < KCBOT(JL) .and. JK > KCTOP(JL) .and. JK >=  &
(  238)           & IKHSMIN
(  239)           IF (LLO2) THEN
(  240)             IS = IS + 1
(  241)           END IF
(  242)           !orig   IF(IS.EQ.0) GO TO 290
(  243)           IF (IS == 0) CYCLE
(  244)           
(  245)           IK = JK
(  246)           ! [Loki] inlined child subroutine: CUADJTQ
(  247)           ! =========================================
(  248)           
(  249)           !----------------------------------------------------------------------
(  250)           
(  251)           !     1.           DEFINE CONSTANTS
(  252)           !                  ----------------
(  253)           
(  254)           
(  255)           !IF (LHOOK) CALL DR_HOOK('CUADJTQ',0,ZHOOK_HANDLE)
(  256)           
(  257)           
(  258)           ZQMAX = 0.5_JPRB
(  259)           
(  260)           !*********************************************
(  261)           IF (.not.YDEPHLI%LPHYLIN) THEN
(  262)             !*********************************************
(  263)             
(  264)             !     2.           CALCULATE CONDENSATION AND ADJUST T AND Q ACCORDINGLY
(  265)             !                  -----------------------------------------------------






NVFORTRAN (Version     24.5)          03/24/2025  13:20:28      page 17

(  266)             
(  267)             
(  268)             
(  269)             !DIR$    IVDEP
(  270)             !OCL NOVREC
(  271)             IF (LLO2) THEN
(  272)               ZQP = 1.0_JPRB / ZPH
(  273)               ZQSAT = FOEEWMCU(ZTENWB(JL, IK))*ZQP
(  274)               ZQSAT = MIN(0.5_JPRB, ZQSAT)
(  275)               ZCOR = 1.0_JPRB / (1.0_JPRB - YDCST%RETV*ZQSAT)
(  276)               ZQSAT = ZQSAT*ZCOR
(  277)               CUADJTQ_ZCOND = (ZQENWB(JL, IK) - ZQSAT) / (1.0_JPRB + ZQSAT*ZCOR*FOEDEMCU(ZTENWB(JL, IK)))
(  278)               CUADJTQ_ZCOND = MIN(CUADJTQ_ZCOND, 0.0_JPRB)
(  279)               ZTENWB(JL, IK) = ZTENWB(JL, IK) + FOELDCPMCU(ZTENWB(JL, IK))*CUADJTQ_ZCOND
(  280)               ZQENWB(JL, IK) = ZQENWB(JL, IK) - CUADJTQ_ZCOND
(  281)               ZQSAT = FOEEWMCU(ZTENWB(JL, IK))*ZQP
(  282)               ZQSAT = MIN(0.5_JPRB, ZQSAT)
(  283)               ZCOR = 1.0_JPRB / (1.0_JPRB - YDCST%RETV*ZQSAT)
(  284)               ZQSAT = ZQSAT*ZCOR
(  285)               ZCOND1 = (ZQENWB(JL, IK) - ZQSAT) / (1.0_JPRB + ZQSAT*ZCOR*FOEDEMCU(ZTENWB(JL, IK)))
(  286)               IF (CUADJTQ_ZCOND == 0.0_JPRB) ZCOND1 = MIN(ZCOND1, 0.0_JPRB)
(  287)               ZTENWB(JL, IK) = ZTENWB(JL, IK) + FOELDCPMCU(ZTENWB(JL, IK))*ZCOND1
(  288)               ZQENWB(JL, IK) = ZQENWB(JL, IK) - ZCOND1
(  289)             END IF
(  290)             
(  291)             
(  292)             
(  293)             
(  294)             
(  295)             !*********************************************
(  296)           ELSE
(  297)             !*********************************************
(  298)             
(  299)             !     2.           CALCULATE CONDENSATION AND ADJUST T AND Q ACCORDINGLY
(  300)             !                  -----------------------------------------------------
(  301)             
(  302)             
(  303)             
(  304)             !DIR$    IVDEP
(  305)             !OCL NOVREC
(  306)             IF (LLO2) THEN
(  307)               ZQP = 1.0_JPRB / ZPH
(  308)               
(  309)               CUADJTQ_ZTARG = ZTENWB(JL, IK)
(  310)               CUADJTQ_ZOEALFA = 0.5_JPRB*(TANH(YDEPHLI%RLPAL1*(CUADJTQ_ZTARG - YDEPHLI%RLPTRC)) + 1.0_JPRB)
(  311)               ZFOEEWL = YDTHF%R2ES*EXP(YDTHF%R3LES*(CUADJTQ_ZTARG - YDCST%RTT) / (CUADJTQ_ZTARG - YDTHF%R4LES))
(  312)               ZFOEEWI = YDTHF%R2ES*EXP(YDTHF%R3IES*(CUADJTQ_ZTARG - YDCST%RTT) / (CUADJTQ_ZTARG - YDTHF%R4IES))
(  313)               ZQSAT = ZQP*(CUADJTQ_ZOEALFA*ZFOEEWL + (1.0_JPRB - CUADJTQ_ZOEALFA)*ZFOEEWI)
(  314)               Z1S = TANH(YDEPHLI%RLPAL2*(ZQSAT - ZQMAX))
(  315)               ZQSAT = 0.5_JPRB*((1.0_JPRB - Z1S)*ZQSAT + (1.0_JPRB + Z1S)*ZQMAX)
(  316)               
(  317)               ZCOR = 1.0_JPRB / (1.0_JPRB - YDCST%RETV*ZQSAT)
(  318)               ZQSAT = ZQSAT*ZCOR
(  319)               
(  320)               Z2S = CUADJTQ_ZOEALFA*YDTHF%R5ALVCP*(1.0_JPRB / (CUADJTQ_ZTARG - YDTHF%R4LES)**2) + (1.0_JPRB - CUADJTQ_ZOEALFA) &
(  321)               & *YDTHF%R5ALSCP*(1.0_JPRB / (CUADJTQ_ZTARG - YDTHF%R4IES)**2)
(  322)               CUADJTQ_ZCOND = (ZQENWB(JL, IK) - ZQSAT) / (1.0_JPRB + ZQSAT*ZCOR*Z2S)
(  323)               






NVFORTRAN (Version     24.5)          03/24/2025  13:20:28      page 18

(  324)               CUADJTQ_ZCOND = MIN(CUADJTQ_ZCOND, 0.0_JPRB)
(  325)               
(  326)               IF (CUADJTQ_ZCOND /= 0.0_JPRB) THEN
(  327)                 
(  328)                 ZTENWB(JL, IK) =  &
(  329)                 & ZTENWB(JL, IK) + (CUADJTQ_ZOEALFA*YDTHF%RALVDCP + (1.0_JPRB - CUADJTQ_ZOEALFA)*YDTHF%RALSDCP)*CUADJTQ_ZCOND
(  330)                 ZQENWB(JL, IK) = ZQENWB(JL, IK) - CUADJTQ_ZCOND
(  331)                 CUADJTQ_ZTARG = ZTENWB(JL, IK)
(  332)                 CUADJTQ_ZOEALFA = 0.5_JPRB*(TANH(YDEPHLI%RLPAL1*(CUADJTQ_ZTARG - YDEPHLI%RLPTRC)) + 1.0_JPRB)
(  333)                 ZFOEEWL = YDTHF%R2ES*EXP(YDTHF%R3LES*(CUADJTQ_ZTARG - YDCST%RTT) / (CUADJTQ_ZTARG - YDTHF%R4LES))
(  334)                 ZFOEEWI = YDTHF%R2ES*EXP(YDTHF%R3IES*(CUADJTQ_ZTARG - YDCST%RTT) / (CUADJTQ_ZTARG - YDTHF%R4IES))
(  335)                 ZQSAT = ZQP*(CUADJTQ_ZOEALFA*ZFOEEWL + (1.0_JPRB - CUADJTQ_ZOEALFA)*ZFOEEWI)
(  336)                 Z1S = TANH(YDEPHLI%RLPAL2*(ZQSAT - ZQMAX))
(  337)                 ZQSAT = 0.5_JPRB*((1.0_JPRB - Z1S)*ZQSAT + (1.0_JPRB + Z1S)*ZQMAX)
(  338)                 
(  339)                 ZCOR = 1.0_JPRB / (1.0_JPRB - YDCST%RETV*ZQSAT)
(  340)                 ZQSAT = ZQSAT*ZCOR
(  341)                 
(  342)                 Z2S = CUADJTQ_ZOEALFA*YDTHF%R5ALVCP*(1.0_JPRB / (CUADJTQ_ZTARG - YDTHF%R4LES)**2) + (1.0_JPRB - CUADJTQ_ZOEALFA) &
(  343)                 & *YDTHF%R5ALSCP*(1.0_JPRB / (CUADJTQ_ZTARG - YDTHF%R4IES)**2)
(  344)                 ZCOND1 = (ZQENWB(JL, IK) - ZQSAT) / (1.0_JPRB + ZQSAT*ZCOR*Z2S)
(  345)                 
(  346)                 ZTENWB(JL, IK) =  &
(  347)                 & ZTENWB(JL, IK) + (CUADJTQ_ZOEALFA*YDTHF%RALVDCP + (1.0_JPRB - CUADJTQ_ZOEALFA)*YDTHF%RALSDCP)*ZCOND1
(  348)                 
(  349)                 ZQENWB(JL, IK) = ZQENWB(JL, IK) - ZCOND1
(  350)               END IF
(  351)             END IF
(  352)             
(  353)             
(  354)             
(  355)             
(  356)             !*********************************************
(  357)           END IF
(  358)           !*********************************************
(  359)           
(  360)           
(  361)           !IF (LHOOK) CALL DR_HOOK('CUADJTQ',1,ZHOOK_HANDLE)
(  362)           
(  363)           ! =========================================
(  364)           
(  365)           !     2.2          DO MIXING OF CUMULUS AND ENVIRONMENTAL AIR
(  366)           !                  AND CHECK FOR NEGATIVE BUOYANCY.
(  367)           !                  THEN SET VALUES FOR DOWNDRAFT AT LFS.
(  368)           !                  ----------------------------------------
(  369)           
(  370)           !DIR$ IVDEP
(  371)           !OCL NOVREC
(  372)           IF (LLO2) THEN
(  373)             ZTTEST = 0.5_JPRB*(PTU(JL, JK) + ZTENWB(JL, JK))
(  374)             ZQTEST = 0.5_JPRB*(PQU(JL, JK) + ZQENWB(JL, JK))
(  375)             ZBUO = ZTTEST*(1.0_JPRB + YDCST%RETV*ZQTEST) - PTENH(JL, JK)*(1.0_JPRB + YDCST%RETV*PQENH(JL, JK))
(  376)             ZCOND = PQENH(JL, JK) - ZQENWB(JL, JK)
(  377)             ZMFTOP = -YDECUMF%RMFDEPS*PMFUB(JL)
(  378)             IF (ZBUO < 0.0_JPRB .and. PRFL(JL) > 10._JPRB*ZMFTOP*ZCOND) THEN
(  379)               KDTOP(JL) = JK
(  380)               LDDRAF(JL) = .true.
(  381)               PTD(JL, JK) = ZTTEST






NVFORTRAN (Version     24.5)          03/24/2025  13:20:28      page 19

(  382)               PQD(JL, JK) = ZQTEST
(  383)               PMFD(JL, JK) = ZMFTOP
(  384)               PMFDS(JL, JK) = PMFD(JL, JK)*(YDCST%RCPD*PTD(JL, JK) + PGEOH(JL, JK))
(  385)               PMFDQ(JL, JK) = PMFD(JL, JK)*PQD(JL, JK)
(  386)               PDMFDP(JL, JK - 1) = -0.5_JPRB*PMFD(JL, JK)*ZCOND
(  387)               PRFL(JL) = PRFL(JL) + PDMFDP(JL, JK - 1)
(  388)             END IF
(  389)           END IF
(  390)           
(  391)           ! 290   continue
(  392)         END DO
(  393)         
(  394)         !300  CONTINUE
(  395)       END IF
(  396)     END DO
(  397)     
(  398)     
(  399)     
(  400) !$acc end data
(  401)   END SUBROUTINE CUDLFSN_LOKI
(  402) END MODULE CUDLFSN_LOKI_MOD
