


NVFORTRAN (Version     24.5)          03/19/2025  06:56:07      page 1

Switches: -noasm -nodclchk -debug -nodlines -line -list
          -idir /opt/softs/gcc/9.2.0/hpc_sdk/Linux_x86_64/24.5/comm_libs/12.4/hpcx/hpcx-2.19/ompi/include
          -idir /opt/softs/gcc/9.2.0/hpc_sdk/Linux_x86_64/24.5/comm_libs/12.4/hpcx/hpcx-2.19/ompi/lib
          -inform severe -opt 1 -nosave -object -noonetrip
          -depchk on -nostandard     
          -symbol -noupcase    

Filename: ./satur.F90

(    1) ! (C) Copyright 1996- ECMWF.
(    2) !
(    3) ! This software is licensed under the terms of the Apache Licence Version 2.0
(    4) ! which can be obtained at http://www.apache.org/licenses/LICENSE-2.0.
(    5) !
(    6) ! In applying this licence, ECMWF does not waive the privileges and immunities
(    7) ! granted to it by virtue of its status as an intergovernmental organisation
(    8) ! nor does it submit to any jurisdiction.
(    9) 
(   10) SUBROUTINE SATUR ( YDTHF, YDCST, KIDIA , KFDIA , KLON  , KTDIA , KLEV, LDPHYLIN, &
(   11)  & PAPRSF, PT    , PQSAT , KFLAG)
(   12) 
(   13) !***
(   14) 
(   15) ! **   *SATUR* -  COMPUTES SPECIFIC HUMIDITY AT SATURATION
(   16) 
(   17) !       J.F. MAHFOUF       E.C.M.W.F.     15/05/96
(   18) 
(   19) !       Modified J. HAGUE          13/01/03 MASS Vector Functions
(   20) 
(   21) !       PURPOSE.
(   22) !       --------
(   23) 
(   24) !       SPECIFIC HUMIDITY AT SATURATION IS USED BY THE
(   25) !       DIAGNOSTIC CLOUD SCHEME TO COMPUTE RELATIVE HUMIDITY
(   26) !       AND LIQUID WATER CONTENT
(   27) 
(   28) !       INTERFACE
(   29) !       ---------
(   30) 
(   31) !       THIS ROUTINE IS CALLED FROM *CALLPAR*.
(   32) 
(   33) !       PARAMETER     DESCRIPTION                                 UNITS
(   34) !       ---------     -----------                                 -----
(   35) !       INPUT PARAMETERS (INTEGER):
(   36) 
(   37) !      *KIDIA*        START POINT
(   38) !      *KFDIA*        END POINT
(   39) !      *KLON*         NUMBER OF GRID POINTS PER PACKET
(   40) !      *KTDIA*        START OF THE VERTICAL LOOP
(   41) !      *KLEV*         NUMBER OF LEVELS
(   42) 
(   43) !       INPUT PARAMETERS (REAL):
(   44) 
(   45) !      *PAPRSF*        PRESSURE ON FULL LEVELS                      PA
(   46) !      *PT*            TEMPERATURE AT T-DT                          K
(   47) 
(   48) !       INPUT PARAMETERS (INTEGER):
(   49) 
(   50) !      *KFLAG*         FLAG TO DETECT CALL FROM






NVFORTRAN (Version     24.5)          03/19/2025  06:56:07      page 2

(   51) 
(   52) !                      CONVECTION  KFLAG=1
(   53) !                      OTHER       KFLAG=2
(   54) 
(   55) !       OUTPUT PARAMETER (REAL):
(   56) 
(   57) !      *PQSAT*         SATURATION SPECIFIC HUMIDITY                 KG/KG
(   58) 
(   59) !     R. El Khatib 22-Jun-2022 A contribution to simplify phasing after the refactoring of YOMCLI/YOMCST/YOETHF.
(   60) !-------------------------------------------------------------------------
(   61) 
(   62) USE PARKIND1  ,ONLY : JPIM     ,JPRB
(   63) USE YOMHOOK   ,ONLY : LHOOK,   DR_HOOK, JPHOOK
(   64) 
(   65) USE YOMCST   , ONLY : TCST
(   66) USE YOETHF   , ONLY : TTHF  
(   67) 
(   68) IMPLICIT NONE
(   69) 
(   70) TYPE(TTHF)        ,INTENT(IN)    :: YDTHF
(   71) TYPE(TCST)        ,INTENT(IN)    :: YDCST
(   72) INTEGER(KIND=JPIM),INTENT(IN)    :: KIDIA 
(   73) INTEGER(KIND=JPIM),INTENT(IN)    :: KFDIA 
(   74) INTEGER(KIND=JPIM),INTENT(IN)    :: KLON 
(   75) INTEGER(KIND=JPIM),INTENT(IN)    :: KTDIA 
(   76) INTEGER(KIND=JPIM),INTENT(IN)    :: KLEV 
(   77) LOGICAL           ,INTENT(IN)    :: LDPHYLIN
(   78) REAL(KIND=JPRB)   ,INTENT(IN)    :: PAPRSF(KLON,KLEV)
(   79) REAL(KIND=JPRB)   ,INTENT(IN)    :: PT(KLON,KLEV)
(   80) REAL(KIND=JPRB)   ,INTENT(OUT)   :: PQSAT(KLON,KLEV)
(   81) INTEGER(KIND=JPIM),INTENT(IN)    :: KFLAG
(   82) INTEGER(KIND=JPIM) :: JK, JL
(   83) 
(   84) REAL(KIND=JPRB) :: ZCOR, ZEW, ZFOEEW, ZQMAX, ZQS, ZTARG
(   85) REAL(KIND=JPRB) :: ZALFA, ZFOEEWL, ZFOEEWI
(   86) REAL(KIND=JPHOOK) :: ZHOOK_HANDLE
(   87) 
(   88) !DIR$ VFUNCTION EXPHF
(   89) 
(   90) #include "fcttre.func.h"
(   91) 
(   92) !----------------------------------------------------------------------
(   93) 
(   94) !*    1.           DEFINE CONSTANTS
(   95) !                  ----------------
(   96) 
(   97) IF (LHOOK) CALL DR_HOOK('SATUR',0,ZHOOK_HANDLE)
(   98) ASSOCIATE(RETV=>YDCST%RETV, RTT=>YDCST%RTT, &
(   99)  & R2ES=>YDTHF%R2ES, R3IES=>YDTHF%R3IES, R3LES=>YDTHF%R3LES, R4IES=>YDTHF%R4IES, &
(  100)  & R4LES=>YDTHF%R4LES)
(  101) 
(  102) ZQMAX=0.5_JPRB
(  103) 
(  104) !     *
(  105) !----------------------------------------------------------------------
(  106) 
(  107) !     *    2.           CALCULATE SATURATION SPECIFIC HUMIDITY
(  108) !                       --------------------------------------






NVFORTRAN (Version     24.5)          03/19/2025  06:56:07      page 3

(  109) 
(  110) IF (LDPHYLIN) THEN
(  111)   DO JK=KTDIA,KLEV
(  112)     DO JL=KIDIA, KFDIA
(  113)       ZTARG = PT(JL,JK)
(  114)       ZALFA = FOEALFA(ZTARG)
(  115) 
(  116)       ZFOEEWL = R2ES*EXP(R3LES*(ZTARG-RTT)/(ZTARG-R4LES))
(  117)       ZFOEEWI = R2ES*EXP(R3IES*(ZTARG-RTT)/(ZTARG-R4IES))
(  118)       ZFOEEW = ZALFA*ZFOEEWL+(1.0_JPRB-ZALFA)*ZFOEEWI
(  119) 
(  120)       ZQS    = ZFOEEW/PAPRSF(JL,JK)
(  121)       IF (ZQS > ZQMAX) THEN
(  122)         ZQS=ZQMAX
(  123)       ENDIF
(  124)       ZCOR = 1.0_JPRB/(1.0_JPRB-RETV*ZQS)
(  125)       PQSAT(JL,JK)=ZQS*ZCOR
(  126)     ENDDO
(  127)   ENDDO
(  128) ELSE
(  129) 
(  130)   DO JK=KTDIA,KLEV
(  131)     DO JL=KIDIA, KFDIA
(  132)       IF(KFLAG == 1) THEN
(  133)         ZEW  = FOEEWMCU(PT(JL,JK))
(  134)       ELSE
(  135)         ZEW  = FOEEWM(PT(JL,JK))
(  136)       ENDIF
(  137)       ZQS  = ZEW/PAPRSF(JL,JK)
(  138)       ZQS  = MIN(ZQMAX,ZQS)
(  139)       ZCOR = 1.0_JPRB/(1.0_JPRB-RETV*ZQS)
(  140)       PQSAT(JL,JK)=ZQS*ZCOR
(  141)     ENDDO
(  142)   ENDDO
(  143) 
(  144) ENDIF
(  145) 
(  146) END ASSOCIATE
(  147) IF (LHOOK) CALL DR_HOOK('SATUR',1,ZHOOK_HANDLE)
(  148) END SUBROUTINE SATUR
























NVFORTRAN (Version     24.5)          03/19/2025  06:56:07      page 4

(    1) # 1 "./satur.F90"
(    1) ! (C) Copyright 1996- ECMWF.
(    2) !
(    3) ! This software is licensed under the terms of the Apache Licence Version 2.0
(    4) ! which can be obtained at http://www.apache.org/licenses/LICENSE-2.0.
(    5) !
(    6) ! In applying this licence, ECMWF does not waive the privileges and immunities
(    7) ! granted to it by virtue of its status as an intergovernmental organisation
(    8) ! nor does it submit to any jurisdiction.
(    9) # 10 "./satur.F90"
(   10) SUBROUTINE SATUR ( YDTHF, YDCST, KIDIA , KFDIA , KLON  , KTDIA , KLEV, LDPHYLIN, &
(   11)  & PAPRSF, PT    , PQSAT , KFLAG)
(   12) # 13 "./satur.F90"
(   13) !***
(   14) # 15 "./satur.F90"
(   15) ! **   *SATUR* -  COMPUTES SPECIFIC HUMIDITY AT SATURATION
(   16) # 17 "./satur.F90"
(   17) !       J.F. MAHFOUF       E.C.M.W.F.     15/05/96
(   18) # 19 "./satur.F90"
(   19) !       Modified J. HAGUE          13/01/03 MASS Vector Functions
(   20) # 21 "./satur.F90"
(   21) !       PURPOSE.
(   22) !       --------
(   23) # 24 "./satur.F90"
(   24) !       SPECIFIC HUMIDITY AT SATURATION IS USED BY THE
(   25) !       DIAGNOSTIC CLOUD SCHEME TO COMPUTE RELATIVE HUMIDITY
(   26) !       AND LIQUID WATER CONTENT
(   27) # 28 "./satur.F90"
(   28) !       INTERFACE
(   29) !       ---------
(   30) # 31 "./satur.F90"
(   31) !       THIS ROUTINE IS CALLED FROM *CALLPAR*.
(   32) # 33 "./satur.F90"
(   33) !       PARAMETER     DESCRIPTION                                 UNITS
(   34) !       ---------     -----------                                 -----
(   35) !       INPUT PARAMETERS (INTEGER):
(   36) # 37 "./satur.F90"
(   37) !      *KIDIA*        START POINT
(   38) !      *KFDIA*        END POINT
(   39) !      *KLON*         NUMBER OF GRID POINTS PER PACKET
(   40) !      *KTDIA*        START OF THE VERTICAL LOOP
(   41) !      *KLEV*         NUMBER OF LEVELS
(   42) # 43 "./satur.F90"
(   43) !       INPUT PARAMETERS (REAL):
(   44) # 45 "./satur.F90"
(   45) !      *PAPRSF*        PRESSURE ON FULL LEVELS                      PA
(   46) !      *PT*            TEMPERATURE AT T-DT                          K
(   47) # 48 "./satur.F90"
(   48) !       INPUT PARAMETERS (INTEGER):
(   49) # 50 "./satur.F90"
(   50) !      *KFLAG*         FLAG TO DETECT CALL FROM
(   51) # 52 "./satur.F90"
(   52) !                      CONVECTION  KFLAG=1
(   53) !                      OTHER       KFLAG=2
(   54) # 55 "./satur.F90"
(   55) !       OUTPUT PARAMETER (REAL):
(   56) # 57 "./satur.F90"
(   57) !      *PQSAT*         SATURATION SPECIFIC HUMIDITY                 KG/KG






NVFORTRAN (Version     24.5)          03/19/2025  06:56:07      page 5

(   58) # 59 "./satur.F90"
(   59) !     R. El Khatib 22-Jun-2022 A contribution to simplify phasing after the refactoring of YOMCLI/YOMCST/YOETHF.
(   60) !-------------------------------------------------------------------------
(   61) # 62 "./satur.F90"
(   62) USE PARKIND1  ,ONLY : JPIM     ,JPRB
(   63) USE YOMHOOK   ,ONLY : LHOOK,   DR_HOOK, JPHOOK
(   64) # 65 "./satur.F90"
(   65) USE YOMCST   , ONLY : TCST
(   66) USE YOETHF   , ONLY : TTHF  
(   67) # 68 "./satur.F90"
(   68) IMPLICIT NONE
(   69) # 70 "./satur.F90"
(   70) TYPE(TTHF)        ,INTENT(IN)    :: YDTHF
(   71) TYPE(TCST)        ,INTENT(IN)    :: YDCST
(   72) INTEGER(KIND=JPIM),INTENT(IN)    :: KIDIA 
(   73) INTEGER(KIND=JPIM),INTENT(IN)    :: KFDIA 
(   74) INTEGER(KIND=JPIM),INTENT(IN)    :: KLON 
(   75) INTEGER(KIND=JPIM),INTENT(IN)    :: KTDIA 
(   76) INTEGER(KIND=JPIM),INTENT(IN)    :: KLEV 
(   77) LOGICAL           ,INTENT(IN)    :: LDPHYLIN
(   78) REAL(KIND=JPRB)   ,INTENT(IN)    :: PAPRSF(KLON,KLEV)
(   79) REAL(KIND=JPRB)   ,INTENT(IN)    :: PT(KLON,KLEV)
(   80) REAL(KIND=JPRB)   ,INTENT(OUT)   :: PQSAT(KLON,KLEV)
(   81) INTEGER(KIND=JPIM),INTENT(IN)    :: KFLAG
(   82) INTEGER(KIND=JPIM) :: JK, JL
(   83) # 84 "./satur.F90"
(   84) REAL(KIND=JPRB) :: ZCOR, ZEW, ZFOEEW, ZQMAX, ZQS, ZTARG
(   85) REAL(KIND=JPRB) :: ZALFA, ZFOEEWL, ZFOEEWI
(   86) REAL(KIND=JPHOOK) :: ZHOOK_HANDLE
(   87) # 88 "./satur.F90"
(   88) !DIR$ VFUNCTION EXPHF
(   89) # 90 "./satur.F90"
(   90) # 1 "./fcttre.func.h"
(    1) ! (C) Copyright 1988- ECMWF.
(    2) !
(    3) ! This software is licensed under the terms of the Apache Licence Version 2.0
(    4) ! which can be obtained at http://www.apache.org/licenses/LICENSE-2.0.
(    5) !
(    6) ! In applying this licence, ECMWF does not waive the privileges and immunities
(    7) ! granted to it by virtue of its status as an intergovernmental organisation
(    8) ! nor does it submit to any jurisdiction.
(    9) # 10 "./fcttre.func.h"
(   10) !*
(   11) !     ------------------------------------------------------------------
(   12) # 13 "./fcttre.func.h"
(   13) !     This COMDECK includes the Thermodynamical functions for the cy39
(   14) !       ECMWF Physics package.
(   15) !       Consistent with YOMCST Basic physics constants, assuming the
(   16) !       partial pressure of water vapour is given by a first order
(   17) !       Taylor expansion of Qs(T) w.r.t. to Temperature, using constants
(   18) !       in YOETHF
(   19) !       Two sets of functions are available. In the first set only the
(   20) !       cases water or ice are distinguished by temperature.  This set 
(   21) !       consists of the functions FOEDELTA,FOEEW,FOEDE and FOELH.
(   22) !       The second set considers, besides the two cases water and ice 
(   23) !       also a mix of both for the temperature range YDTHF%RTICE < T < YDTHF%RTWAT.
(   24) !       This set contains FOEALFA,FOEEWM,FOEDEM,FOELDCPM and FOELHM.
(   25) !       FKOOP modifies the ice saturation mixing ratio for homogeneous 






NVFORTRAN (Version     24.5)          03/19/2025  06:56:07      page 6

(   26) !       nucleation. FOE_DEWM_DT provides an approximate first derivative
(   27) !       of FOEEWM.
(   28) # 29 "./fcttre.func.h"
(   29) !       Depending on the consideration of mixed phases either the first 
(   30) !       set (e.g. surface, post-processing) or the second set 
(   31) !       (e.g. clouds, condensation, convection) should be used.
(   32) # 33 "./fcttre.func.h"
(   33) !     ------------------------------------------------------------------
(   34) !     *****************************************************************
(   35) # 36 "./fcttre.func.h"
(   36) !                NO CONSIDERATION OF MIXED PHASES
(   37) # 38 "./fcttre.func.h"
(   38) !     *****************************************************************
(   39) REAL(KIND=JPRB) :: FOEDELTA
(   40) REAL(KIND=JPRB) :: PTARE
(   41) FOEDELTA (PTARE) = MAX (0.0_JPRB,SIGN(1.0_JPRB,PTARE-YDCST%RTT))
(   42) # 43 "./fcttre.func.h"
(   43) !                  FOEDELTA = 1    water
(   44) !                  FOEDELTA = 0    ice
(   45) # 46 "./fcttre.func.h"
(   46) !     THERMODYNAMICAL FUNCTIONS .
(   47) # 48 "./fcttre.func.h"
(   48) !     Pressure of water vapour at saturation
(   49) !        INPUT : PTARE = TEMPERATURE
(   50) REAL(KIND=JPRB) :: FOEEW,FOEDE,FOEDESU,FOELH,FOELDCP
(   51) FOEEW ( PTARE ) = YDTHF%R2ES*EXP (&
(   52)   &(YDTHF%R3LES*FOEDELTA(PTARE)+YDTHF%R3IES*(1.0_JPRB-FOEDELTA(PTARE)))*(PTARE-YDCST%RTT)&
(   53) &/ (PTARE-(YDTHF%R4LES*FOEDELTA(PTARE)+YDTHF%R4IES*(1.0_JPRB-FOEDELTA(PTARE)))))
(   54) # 55 "./fcttre.func.h"
(   55) FOEDE ( PTARE ) = &
(   56)   &(FOEDELTA(PTARE)*YDTHF%R5ALVCP+(1.0_JPRB-FOEDELTA(PTARE))*YDTHF%R5ALSCP)&
(   57) &/ (PTARE-(YDTHF%R4LES*FOEDELTA(PTARE)+YDTHF%R4IES*(1.0_JPRB-FOEDELTA(PTARE))))**2
(   58) # 59 "./fcttre.func.h"
(   59) FOEDESU ( PTARE ) = &
(   60)   &(FOEDELTA(PTARE)*YDTHF%R5LES+(1.0_JPRB-FOEDELTA(PTARE))*YDTHF%R5IES)&
(   61) &/ (PTARE-(YDTHF%R4LES*FOEDELTA(PTARE)+YDTHF%R4IES*(1.0_JPRB-FOEDELTA(PTARE))))**2
(   62) # 63 "./fcttre.func.h"
(   63) FOELH ( PTARE ) =&
(   64)          &FOEDELTA(PTARE)*YDCST%RLVTT + (1.0_JPRB-FOEDELTA(PTARE))*YDCST%RLSTT
(   65) # 66 "./fcttre.func.h"
(   66) FOELDCP ( PTARE ) = &
(   67)          &FOEDELTA(PTARE)*YDTHF%RALVDCP + (1.0_JPRB-FOEDELTA(PTARE))*YDTHF%RALSDCP
(   68) # 69 "./fcttre.func.h"
(   69) !     *****************************************************************
(   70) # 71 "./fcttre.func.h"
(   71) !           CONSIDERATION OF MIXED PHASES
(   72) # 73 "./fcttre.func.h"
(   73) !     *****************************************************************
(   74) # 75 "./fcttre.func.h"
(   75) !     FOEALFA is calculated to distinguish the three cases:
(   76) # 77 "./fcttre.func.h"
(   77) !                       FOEALFA=1            water phase
(   78) !                       FOEALFA=0            ice phase
(   79) !                       0 < FOEALFA < 1      mixed phase
(   80) # 81 "./fcttre.func.h"
(   81) !               INPUT : PTARE = TEMPERATURE
(   82) REAL(KIND=JPRB) :: FOEALFA
(   83) FOEALFA (PTARE) = MIN(1.0_JPRB,((MAX(YDTHF%RTICE,MIN(YDTHF%RTWAT,PTARE))-YDTHF%RTICE)&






NVFORTRAN (Version     24.5)          03/19/2025  06:56:07      page 7

(   84)  &*YDTHF%RTWAT_RTICE_R)**2) 
(   85) # 87 "./fcttre.func.h"
(   87) !     Pressure of water vapour at saturation
(   88) !        INPUT : PTARE = TEMPERATURE
(   89) REAL(KIND=JPRB) :: FOEEWM,FOEDEM,FOELDCPM,FOELHM,FOE_DEWM_DT
(   90) FOEEWM ( PTARE ) = YDTHF%R2ES *&
(   91)      &(FOEALFA(PTARE)*EXP(YDTHF%R3LES*(PTARE-YDCST%RTT)/(PTARE-YDTHF%R4LES))+&
(   92)   &(1.0_JPRB-FOEALFA(PTARE))*EXP(YDTHF%R3IES*(PTARE-YDCST%RTT)/(PTARE-YDTHF%R4IES)))
(   93) # 94 "./fcttre.func.h"
(   94) FOE_DEWM_DT( PTARE ) = YDTHF%R2ES * ( &
(   95)      & YDTHF%R3LES*FOEALFA(PTARE)*EXP(YDTHF%R3LES*(PTARE-YDCST%RTT)/(PTARE-YDTHF%R4LES)) &
(   96)      &    *(YDCST%RTT-YDTHF%R4LES)/(PTARE-YDTHF%R4LES)**2 + &
(   97)      & YDTHF%R3IES*(1.0-FOEALFA(PTARE))*EXP(YDTHF%R3IES*(PTARE-YDCST%RTT)/(PTARE-YDTHF%R4IES)) &
(   98)      &    *(YDCST%RTT-YDTHF%R4IES)/(PTARE-YDTHF%R4IES)**2)
(   99) # 100 "./fcttre.func.h"
(  100) FOEDEM ( PTARE ) = FOEALFA(PTARE)*YDTHF%R5ALVCP*(1.0_JPRB/(PTARE-YDTHF%R4LES)**2)+&
(  101)              &(1.0_JPRB-FOEALFA(PTARE))*YDTHF%R5ALSCP*(1.0_JPRB/(PTARE-YDTHF%R4IES)**2)
(  102) # 103 "./fcttre.func.h"
(  103) FOELDCPM ( PTARE ) = FOEALFA(PTARE)*YDTHF%RALVDCP+&
(  104)             &(1.0_JPRB-FOEALFA(PTARE))*YDTHF%RALSDCP
(  105) # 106 "./fcttre.func.h"
(  106) FOELHM ( PTARE ) =&
(  107)          &FOEALFA(PTARE)*YDCST%RLVTT+(1.0_JPRB-FOEALFA(PTARE))*YDCST%RLSTT
(  108) # 110 "./fcttre.func.h"
(  110) !     Temperature normalization for humidity background change of variable
(  111) !        INPUT : PTARE = TEMPERATURE
(  112) REAL(KIND=JPRB) :: FOETB
(  113) FOETB ( PTARE )=FOEALFA(PTARE)*YDTHF%R3LES*(YDCST%RTT-YDTHF%R4LES)*(1.0_JPRB/(PTARE-YDTHF%R4LES)**2)+&
(  114)              &(1.0_JPRB-FOEALFA(PTARE))*YDTHF%R3IES*(YDCST%RTT-YDTHF%R4IES)*(1.0_JPRB/(PTARE-YDTHF%R4IES)**2)
(  115) # 116 "./fcttre.func.h"
(  116) !     ------------------------------------------------------------------
(  117) !     *****************************************************************
(  118) # 119 "./fcttre.func.h"
(  119) !           CONSIDERATION OF DIFFERENT MIXED PHASE FOR CONV
(  120) # 121 "./fcttre.func.h"
(  121) !     *****************************************************************
(  122) # 123 "./fcttre.func.h"
(  123) !     FOEALFCU is calculated to distinguish the three cases:
(  124) # 125 "./fcttre.func.h"
(  125) !                       FOEALFCU=1            water phase
(  126) !                       FOEALFCU=0            ice phase
(  127) !                       0 < FOEALFCU < 1      mixed phase
(  128) # 129 "./fcttre.func.h"
(  129) !               INPUT : PTARE = TEMPERATURE
(  130) REAL(KIND=JPRB) :: FOEALFCU 
(  131) FOEALFCU (PTARE) = MIN(1.0_JPRB,((MAX(YDTHF%RTICECU,MIN(YDTHF%RTWAT,PTARE))&
(  132) &-YDTHF%RTICECU)*YDTHF%RTWAT_RTICECU_R)**2) 
(  133) # 135 "./fcttre.func.h"
(  135) !     Pressure of water vapour at saturation
(  136) !        INPUT : PTARE = TEMPERATURE
(  137) REAL(KIND=JPRB) :: FOEEWMCU,FOEDEMCU,FOELDCPMCU,FOELHMCU
(  138) FOEEWMCU ( PTARE ) = YDTHF%R2ES *&
(  139)      &(FOEALFCU(PTARE)*EXP(YDTHF%R3LES*(PTARE-YDCST%RTT)/(PTARE-YDTHF%R4LES))+&
(  140)   &(1.0_JPRB-FOEALFCU(PTARE))*EXP(YDTHF%R3IES*(PTARE-YDCST%RTT)/(PTARE-YDTHF%R4IES)))
(  141) # 142 "./fcttre.func.h"
(  142) FOEDEMCU ( PTARE )=FOEALFCU(PTARE)*YDTHF%R5ALVCP*(1.0_JPRB/(PTARE-YDTHF%R4LES)**2)+&
(  143)              &(1.0_JPRB-FOEALFCU(PTARE))*YDTHF%R5ALSCP*(1.0_JPRB/(PTARE-YDTHF%R4IES)**2)
(  144) # 145 "./fcttre.func.h"






NVFORTRAN (Version     24.5)          03/19/2025  06:56:07      page 8

(  145) FOELDCPMCU ( PTARE ) = FOEALFCU(PTARE)*YDTHF%RALVDCP+&
(  146)             &(1.0_JPRB-FOEALFCU(PTARE))*YDTHF%RALSDCP
(  147) # 148 "./fcttre.func.h"
(  148) FOELHMCU ( PTARE ) =&
(  149)          &FOEALFCU(PTARE)*YDCST%RLVTT+(1.0_JPRB-FOEALFCU(PTARE))*YDCST%RLSTT
(  150) !     ------------------------------------------------------------------
(  151) # 152 "./fcttre.func.h"
(  152) !     Pressure of water vapour at saturation
(  153) !     This one is for the WMO definition of saturation, i.e. always
(  154) !     with respect to water.
(  155) !     
(  156) !     Duplicate to FOEELIQ and FOEEICE for separate ice variable
(  157) !     FOEELIQ always respect to water 
(  158) !     FOEEICE always respect to ice 
(  159) !     FOEELIQ2ICE is the ratio of vapour pressures over water and ice 
(  160) !       (analytically simplified to avoid a suspected Cray compiler bug and using a single call to exp)
(  161) !     (could use FOEEW and FOEEWMO, but naming convention unclear)
(  162) !     FOELSON returns e wrt liquid water using D Sonntag (1994, Met. Zeit.)
(  163) !      - now recommended for use with radiosonde data (WMO CIMO guide, 2014)
(  164) !      unlike the FOEE functions does not include 1/(YDCST%RETV+1.0_JPRB) factor
(  165) # 166 "./fcttre.func.h"
(  166) REAL(KIND=JPRB) :: FOEEWMO, FOEELIQ, FOEEICE, FOEELIQ2ICE, FOELSON 
(  167) FOEEWMO( PTARE ) = YDTHF%R2ES*EXP(YDTHF%R3LES*(PTARE-YDCST%RTT)/(PTARE-YDTHF%R4LES))
(  168) FOEELIQ( PTARE ) = YDTHF%R2ES*EXP(YDTHF%R3LES*(PTARE-YDCST%RTT)/(PTARE-YDTHF%R4LES))
(  169) FOEEICE( PTARE ) = YDTHF%R2ES*EXP(YDTHF%R3IES*(PTARE-YDCST%RTT)/(PTARE-YDTHF%R4IES))
(  170) FOEELIQ2ICE( PTARE )  = EXP(      (PTARE-YDCST%RTT)*(YDTHF%R3LES/(PTARE-YDTHF%R4LES) - YDTHF%R3IES/(PTARE-YDTHF%R4IES)))
(  171) FOELSON( PTARE ) = EXP( -6096.9385_JPRB/PTARE + 21.2409642_JPRB &
(  172) 	             - 2.711193E-2_JPRB * PTARE    &
(  173)                      + 1.673952E-5_JPRB * PTARE**2 &
(  174) 		     + 2.433502_JPRB * LOG(PTARE))
(  175) # 176 "./fcttre.func.h"
(  176) REAL(KIND=JPRB) :: FOEEWM_V,FOEEWMCU_V,FOELES_V,FOEIES_V
(  177) REAL(KIND=JPRB) :: EXP1,EXP2
(  178)       FOELES_V(PTARE)=YDTHF%R3LES*(PTARE-YDCST%RTT)/(PTARE-YDTHF%R4LES)
(  179)       FOEIES_V(PTARE)=YDTHF%R3IES*(PTARE-YDCST%RTT)/(PTARE-YDTHF%R4IES)
(  180)       FOEEWM_V( PTARE,EXP1,EXP2 )=YDTHF%R2ES*(FOEALFA(PTARE)*EXP1+ &
(  181)           & (1.0_JPRB-FOEALFA(PTARE))*EXP2)
(  182)       FOEEWMCU_V ( PTARE,EXP1,EXP2 ) = YDTHF%R2ES*(FOEALFCU(PTARE)*EXP1+&
(  183)           &(1.0_JPRB-FOEALFCU(PTARE))*EXP2)
(  184) # 91 "./satur.F90"
(   91) # 92 "./satur.F90"
(   92) !----------------------------------------------------------------------
(   93) # 94 "./satur.F90"
(   94) !*    1.           DEFINE CONSTANTS
(   95) !                  ----------------
(   96) # 97 "./satur.F90"
(   97) IF (LHOOK) CALL DR_HOOK('SATUR',0,ZHOOK_HANDLE)
(   98) ASSOCIATE(RETV=>YDCST%RETV, RTT=>YDCST%RTT, &
(   99)  & R2ES=>YDTHF%R2ES, R3IES=>YDTHF%R3IES, R3LES=>YDTHF%R3LES, R4IES=>YDTHF%R4IES, &
(  100)  & R4LES=>YDTHF%R4LES)
(  101) # 102 "./satur.F90"
(  102) ZQMAX=0.5_JPRB
(  103) # 104 "./satur.F90"
(  104) !     *
(  105) !----------------------------------------------------------------------
(  106) # 107 "./satur.F90"
(  107) !     *    2.           CALCULATE SATURATION SPECIFIC HUMIDITY
(  108) !                       --------------------------------------






NVFORTRAN (Version     24.5)          03/19/2025  06:56:07      page 9

(  109) # 110 "./satur.F90"
(  110) IF (LDPHYLIN) THEN
(  111)   DO JK=KTDIA,KLEV
(  112)     DO JL=KIDIA, KFDIA
(  113)       ZTARG = PT(JL,JK)
(  114)       ZALFA = FOEALFA(ZTARG)
(  115) # 116 "./satur.F90"
(  116)       ZFOEEWL = R2ES*EXP(R3LES*(ZTARG-RTT)/(ZTARG-R4LES))
(  117)       ZFOEEWI = R2ES*EXP(R3IES*(ZTARG-RTT)/(ZTARG-R4IES))
(  118)       ZFOEEW = ZALFA*ZFOEEWL+(1.0_JPRB-ZALFA)*ZFOEEWI
(  119) # 120 "./satur.F90"
(  120)       ZQS    = ZFOEEW/PAPRSF(JL,JK)
(  121)       IF (ZQS > ZQMAX) THEN
(  122)         ZQS=ZQMAX
(  123)       ENDIF
(  124)       ZCOR = 1.0_JPRB/(1.0_JPRB-RETV*ZQS)
(  125)       PQSAT(JL,JK)=ZQS*ZCOR
(  126)     ENDDO
(  127)   ENDDO
(  128) ELSE
(  129) # 130 "./satur.F90"
(  130)   DO JK=KTDIA,KLEV
(  131)     DO JL=KIDIA, KFDIA
(  132)       IF(KFLAG == 1) THEN
(  133)         ZEW  = FOEEWMCU(PT(JL,JK))
(  134)       ELSE
(  135)         ZEW  = FOEEWM(PT(JL,JK))
(  136)       ENDIF
(  137)       ZQS  = ZEW/PAPRSF(JL,JK)
(  138)       ZQS  = MIN(ZQMAX,ZQS)
(  139)       ZCOR = 1.0_JPRB/(1.0_JPRB-RETV*ZQS)
(  140)       PQSAT(JL,JK)=ZQS*ZCOR
(  141)     ENDDO
(  142)   ENDDO
(  143) # 144 "./satur.F90"
(  144) ENDIF
(  145) # 146 "./satur.F90"
(  146) END ASSOCIATE
(  147) IF (LHOOK) CALL DR_HOOK('SATUR',1,ZHOOK_HANDLE)
(  148) END SUBROUTINE SATUR
