


NVFORTRAN (Version     24.5)          03/19/2025  06:54:38      page 1

Switches: -noasm -nodclchk -debug -nodlines -line -list
          -idir /opt/softs/gcc/9.2.0/hpc_sdk/Linux_x86_64/24.5/comm_libs/12.4/hpcx/hpcx-2.19/ompi/include
          -idir /opt/softs/gcc/9.2.0/hpc_sdk/Linux_x86_64/24.5/comm_libs/12.4/hpcx/hpcx-2.19/ompi/lib
          -inform severe -opt 1 -nosave -object -noonetrip
          -depchk on -nostandard     
          -symbol -noupcase    

Filename: ./util_tephli_mod.F90

(    1) MODULE UTIL_TEPHLI_MOD
(    2) 
(    3) USE YOEPHLI, ONLY : TEPHLI
(    4) 
(    5) INTERFACE SAVE
(    6) MODULE PROCEDURE SAVE_TEPHLI
(    7) END INTERFACE
(    8) 
(    9) INTERFACE LOAD
(   10) MODULE PROCEDURE LOAD_TEPHLI
(   11) END INTERFACE
(   12) 
(   13) INTERFACE COPY
(   14) MODULE PROCEDURE COPY_TEPHLI
(   15) END INTERFACE
(   16) 
(   17) INTERFACE HOST
(   18) MODULE PROCEDURE HOST_TEPHLI
(   19) END INTERFACE
(   20) 
(   21)      
(   22) INTERFACE CRC64
(   23) MODULE PROCEDURE CRC64_TEPHLI
(   24) END INTERFACE
(   25) 
(   26) INTERFACE WIPE
(   27) MODULE PROCEDURE WIPE_TEPHLI
(   28) END INTERFACE
(   29) 
(   30) INTERFACE SIZE
(   31) MODULE PROCEDURE SIZE_TEPHLI
(   32) END INTERFACE
(   33) 
(   34) 
(   35) CONTAINS
(   36) 
(   37) SUBROUTINE SAVE_TEPHLI (KLUN, YD)
(   38) 
(   39) IMPLICIT NONE
(   40) INTEGER, INTENT (IN) :: KLUN
(   41) TYPE (TEPHLI), INTENT (IN), TARGET :: YD
(   42) 
(   43) WRITE (KLUN) YD%LTLEVOL
(   44) WRITE (KLUN) YD%LPHYLIN
(   45) WRITE (KLUN) YD%LPHYSFCLIN
(   46) WRITE (KLUN) YD%LENOPERT
(   47) WRITE (KLUN) YD%LEPPCFLS
(   48) WRITE (KLUN) YD%LRAISANEN
(   49) WRITE (KLUN) YD%LOPPTWINS
(   50) WRITE (KLUN) YD%RLPTRC






NVFORTRAN (Version     24.5)          03/19/2025  06:54:38      page 2

(   51) WRITE (KLUN) YD%RLPAL1
(   52) WRITE (KLUN) YD%RLPAL2
(   53) WRITE (KLUN) YD%RLPBB
(   54) WRITE (KLUN) YD%RLPCC
(   55) WRITE (KLUN) YD%RLPDD
(   56) WRITE (KLUN) YD%RLPMIXL
(   57) WRITE (KLUN) YD%RLPBETA
(   58) WRITE (KLUN) YD%RLPDRAG
(   59) WRITE (KLUN) YD%RLPEVAP
(   60) WRITE (KLUN) YD%RLPP00
(   61) END SUBROUTINE
(   62) 
(   63) SUBROUTINE LOAD_TEPHLI (KLUN, YD)
(   64) USE PARKIND1, ONLY : JPRD
(   65) 
(   66) IMPLICIT NONE
(   67) INTEGER, INTENT (IN) :: KLUN
(   68) TYPE (TEPHLI), INTENT (OUT), TARGET :: YD
(   69) REAL(KIND=JPRD) :: ZTMP0
(   70) READ (KLUN) YD%LTLEVOL
(   71) READ (KLUN) YD%LPHYLIN
(   72) READ (KLUN) YD%LPHYSFCLIN
(   73) READ (KLUN) YD%LENOPERT
(   74) READ (KLUN) YD%LEPPCFLS
(   75) READ (KLUN) YD%LRAISANEN
(   76) READ (KLUN) YD%LOPPTWINS
(   77) READ (KLUN) ZTMP0
(   78) YD%RLPTRC = ZTMP0
(   79) READ (KLUN) ZTMP0
(   80) YD%RLPAL1 = ZTMP0
(   81) READ (KLUN) ZTMP0
(   82) YD%RLPAL2 = ZTMP0
(   83) READ (KLUN) ZTMP0
(   84) YD%RLPBB = ZTMP0
(   85) READ (KLUN) ZTMP0
(   86) YD%RLPCC = ZTMP0
(   87) READ (KLUN) ZTMP0
(   88) YD%RLPDD = ZTMP0
(   89) READ (KLUN) ZTMP0
(   90) YD%RLPMIXL = ZTMP0
(   91) READ (KLUN) ZTMP0
(   92) YD%RLPBETA = ZTMP0
(   93) READ (KLUN) ZTMP0
(   94) YD%RLPDRAG = ZTMP0
(   95) READ (KLUN) ZTMP0
(   96) YD%RLPEVAP = ZTMP0
(   97) READ (KLUN) ZTMP0
(   98) YD%RLPP00 = ZTMP0
(   99) END SUBROUTINE
(  100) 
(  101) 
(  102) SUBROUTINE COPY_TEPHLI (YD, LDCREATED, LDFIELDAPI)
(  103) 
(  104) IMPLICIT NONE
(  105) TYPE (TEPHLI), INTENT (IN), TARGET :: YD
(  106) LOGICAL, OPTIONAL, INTENT (IN) :: LDCREATED, LDFIELDAPI
(  107) LOGICAL :: LLCREATED
(  108) LOGICAL :: LLFIELDAPI






NVFORTRAN (Version     24.5)          03/19/2025  06:54:38      page 3

(  109) 
(  110) LLFIELDAPI = .FALSE.
(  111) IF (PRESENT (LDFIELDAPI)) THEN
(  112)   LLFIELDAPI = LDFIELDAPI
(  113) ENDIF
(  114) LLCREATED = .FALSE.
(  115) IF (PRESENT (LDCREATED)) THEN
(  116)   LLCREATED = LDCREATED
(  117) ENDIF
(  118) IF (.NOT. LLCREATED) THEN
(  119)   !$acc enter data create (YD)
(  120)   !$acc update device (YD)
(  121) ENDIF
(  122) 
(  123) 
(  124) 
(  125) 
(  126) 
(  127) 
(  128) 
(  129) 
(  130) 
(  131) 
(  132) 
(  133) 
(  134) 
(  135) 
(  136) 
(  137) 
(  138) 
(  139) 
(  140) END SUBROUTINE
(  141) 
(  142) SUBROUTINE HOST_TEPHLI (YD)
(  143) 
(  144) IMPLICIT NONE
(  145) TYPE (TEPHLI), TARGET :: YD
(  146) 
(  147) 
(  148) 
(  149) 
(  150) 
(  151) 
(  152) 
(  153) 
(  154) 
(  155) 
(  156) 
(  157) 
(  158) 
(  159) 
(  160) 
(  161) 
(  162) 
(  163) 
(  164) 
(  165) END SUBROUTINE
(  166) 






NVFORTRAN (Version     24.5)          03/19/2025  06:54:38      page 4

(  167)      
(  168) 
(  169) SUBROUTINE CRC64_TEPHLI (YD, KLUN, CDPATH)
(  170) USE CRC64_INTRINSIC
(  171) 
(  172) IMPLICIT NONE
(  173) TYPE (TEPHLI), TARGET :: YD
(  174) INTEGER, INTENT (IN) :: KLUN
(  175) CHARACTER(LEN=*), INTENT (IN) :: CDPATH
(  176) CHARACTER(LEN=128) :: CLIND
(  177) 
(  178) WRITE (KLUN, '(Z16.16," ",A)') CRC64 (YD%LTLEVOL), CDPATH//'%LTLEVOL'
(  179) 
(  180) WRITE (KLUN, '(Z16.16," ",A)') CRC64 (YD%LPHYLIN), CDPATH//'%LPHYLIN'
(  181) 
(  182) WRITE (KLUN, '(Z16.16," ",A)') CRC64 (YD%LPHYSFCLIN), CDPATH//'%LPHYSFCLIN'
(  183) 
(  184) WRITE (KLUN, '(Z16.16," ",A)') CRC64 (YD%LENOPERT), CDPATH//'%LENOPERT'
(  185) 
(  186) WRITE (KLUN, '(Z16.16," ",A)') CRC64 (YD%LEPPCFLS), CDPATH//'%LEPPCFLS'
(  187) 
(  188) WRITE (KLUN, '(Z16.16," ",A)') CRC64 (YD%LRAISANEN), CDPATH//'%LRAISANEN'
(  189) 
(  190) WRITE (KLUN, '(Z16.16," ",A)') CRC64 (YD%LOPPTWINS), CDPATH//'%LOPPTWINS'
(  191) 
(  192) WRITE (KLUN, '(Z16.16," ",A)') CRC64 (YD%RLPTRC), CDPATH//'%RLPTRC'
(  193) 
(  194) WRITE (KLUN, '(Z16.16," ",A)') CRC64 (YD%RLPAL1), CDPATH//'%RLPAL1'
(  195) 
(  196) WRITE (KLUN, '(Z16.16," ",A)') CRC64 (YD%RLPAL2), CDPATH//'%RLPAL2'
(  197) 
(  198) WRITE (KLUN, '(Z16.16," ",A)') CRC64 (YD%RLPBB), CDPATH//'%RLPBB'
(  199) 
(  200) WRITE (KLUN, '(Z16.16," ",A)') CRC64 (YD%RLPCC), CDPATH//'%RLPCC'
(  201) 
(  202) WRITE (KLUN, '(Z16.16," ",A)') CRC64 (YD%RLPDD), CDPATH//'%RLPDD'
(  203) 
(  204) WRITE (KLUN, '(Z16.16," ",A)') CRC64 (YD%RLPMIXL), CDPATH//'%RLPMIXL'
(  205) 
(  206) WRITE (KLUN, '(Z16.16," ",A)') CRC64 (YD%RLPBETA), CDPATH//'%RLPBETA'
(  207) 
(  208) WRITE (KLUN, '(Z16.16," ",A)') CRC64 (YD%RLPDRAG), CDPATH//'%RLPDRAG'
(  209) 
(  210) WRITE (KLUN, '(Z16.16," ",A)') CRC64 (YD%RLPEVAP), CDPATH//'%RLPEVAP'
(  211) 
(  212) WRITE (KLUN, '(Z16.16," ",A)') CRC64 (YD%RLPP00), CDPATH//'%RLPP00'
(  213) 
(  214) END SUBROUTINE
(  215) 
(  216) SUBROUTINE WIPE_TEPHLI (YD, LDDELETED, LDFIELDAPI)
(  217) 
(  218) IMPLICIT NONE
(  219) TYPE (TEPHLI), INTENT (IN), TARGET :: YD
(  220) LOGICAL, OPTIONAL, INTENT (IN) :: LDDELETED, LDFIELDAPI
(  221) LOGICAL :: LLDELETED
(  222) LOGICAL :: LLFIELDAPI
(  223) 
(  224) LLFIELDAPI = .FALSE.






NVFORTRAN (Version     24.5)          03/19/2025  06:54:38      page 5

(  225) IF (PRESENT (LDFIELDAPI)) THEN
(  226)   LLFIELDAPI = LDFIELDAPI
(  227) ENDIF
(  228) 
(  229) 
(  230) 
(  231) 
(  232) 
(  233) 
(  234) 
(  235) 
(  236) 
(  237) 
(  238) 
(  239) 
(  240) 
(  241) 
(  242) 
(  243) 
(  244) 
(  245) 
(  246) LLDELETED = .FALSE.
(  247) IF (PRESENT (LDDELETED)) THEN
(  248)   LLDELETED = LDDELETED
(  249) ENDIF
(  250) IF (.NOT. LLDELETED) THEN
(  251)   !$acc exit data delete (YD)
(  252) ENDIF
(  253) END SUBROUTINE
(  254) 
(  255) INTEGER*8 FUNCTION SIZE_TEPHLI (YD, CDPATH, LDPRINT) RESULT (KSIZE)
(  256) 
(  257) IMPLICIT NONE
(  258) TYPE (TEPHLI),     INTENT (IN), TARGET :: YD
(  259) CHARACTER(LEN=*), INTENT (IN), OPTIONAL :: CDPATH
(  260) LOGICAL,          INTENT (IN), OPTIONAL :: LDPRINT
(  261) INTEGER*8 :: ISIZE, JSIZE
(  262) LOGICAL :: LLPRINT
(  263) CHARACTER(LEN=128) :: CLPATH
(  264) 
(  265) LLPRINT = .FALSE.
(  266) IF (PRESENT (LDPRINT)) THEN
(  267)   LLPRINT = LDPRINT
(  268) ENDIF
(  269) CLPATH=''
(  270) IF (PRESENT (CDPATH)) THEN
(  271)   CLPATH = CDPATH
(  272) ENDIF
(  273) KSIZE = 0
(  274) ISIZE = KIND (YD%LTLEVOL)
(  275) IF (LLPRINT) THEN
(  276)   WRITE (*, '(I10," ")', ADVANCE='NO') ISIZE
(  277)   WRITE (*, *) TRIM (CLPATH)//'%LTLEVOL'
(  278) ENDIF
(  279) KSIZE = KSIZE + ISIZE
(  280) ISIZE = KIND (YD%LPHYLIN)
(  281) IF (LLPRINT) THEN
(  282)   WRITE (*, '(I10," ")', ADVANCE='NO') ISIZE






NVFORTRAN (Version     24.5)          03/19/2025  06:54:38      page 6

(  283)   WRITE (*, *) TRIM (CLPATH)//'%LPHYLIN'
(  284) ENDIF
(  285) KSIZE = KSIZE + ISIZE
(  286) ISIZE = KIND (YD%LPHYSFCLIN)
(  287) IF (LLPRINT) THEN
(  288)   WRITE (*, '(I10," ")', ADVANCE='NO') ISIZE
(  289)   WRITE (*, *) TRIM (CLPATH)//'%LPHYSFCLIN'
(  290) ENDIF
(  291) KSIZE = KSIZE + ISIZE
(  292) ISIZE = KIND (YD%LENOPERT)
(  293) IF (LLPRINT) THEN
(  294)   WRITE (*, '(I10," ")', ADVANCE='NO') ISIZE
(  295)   WRITE (*, *) TRIM (CLPATH)//'%LENOPERT'
(  296) ENDIF
(  297) KSIZE = KSIZE + ISIZE
(  298) ISIZE = KIND (YD%LEPPCFLS)
(  299) IF (LLPRINT) THEN
(  300)   WRITE (*, '(I10," ")', ADVANCE='NO') ISIZE
(  301)   WRITE (*, *) TRIM (CLPATH)//'%LEPPCFLS'
(  302) ENDIF
(  303) KSIZE = KSIZE + ISIZE
(  304) ISIZE = KIND (YD%LRAISANEN)
(  305) IF (LLPRINT) THEN
(  306)   WRITE (*, '(I10," ")', ADVANCE='NO') ISIZE
(  307)   WRITE (*, *) TRIM (CLPATH)//'%LRAISANEN'
(  308) ENDIF
(  309) KSIZE = KSIZE + ISIZE
(  310) ISIZE = KIND (YD%LOPPTWINS)
(  311) IF (LLPRINT) THEN
(  312)   WRITE (*, '(I10," ")', ADVANCE='NO') ISIZE
(  313)   WRITE (*, *) TRIM (CLPATH)//'%LOPPTWINS'
(  314) ENDIF
(  315) KSIZE = KSIZE + ISIZE
(  316) ISIZE = KIND (YD%RLPTRC)
(  317) IF (LLPRINT) THEN
(  318)   WRITE (*, '(I10," ")', ADVANCE='NO') ISIZE
(  319)   WRITE (*, *) TRIM (CLPATH)//'%RLPTRC'
(  320) ENDIF
(  321) KSIZE = KSIZE + ISIZE
(  322) ISIZE = KIND (YD%RLPAL1)
(  323) IF (LLPRINT) THEN
(  324)   WRITE (*, '(I10," ")', ADVANCE='NO') ISIZE
(  325)   WRITE (*, *) TRIM (CLPATH)//'%RLPAL1'
(  326) ENDIF
(  327) KSIZE = KSIZE + ISIZE
(  328) ISIZE = KIND (YD%RLPAL2)
(  329) IF (LLPRINT) THEN
(  330)   WRITE (*, '(I10," ")', ADVANCE='NO') ISIZE
(  331)   WRITE (*, *) TRIM (CLPATH)//'%RLPAL2'
(  332) ENDIF
(  333) KSIZE = KSIZE + ISIZE
(  334) ISIZE = KIND (YD%RLPBB)
(  335) IF (LLPRINT) THEN
(  336)   WRITE (*, '(I10," ")', ADVANCE='NO') ISIZE
(  337)   WRITE (*, *) TRIM (CLPATH)//'%RLPBB'
(  338) ENDIF
(  339) KSIZE = KSIZE + ISIZE
(  340) ISIZE = KIND (YD%RLPCC)






NVFORTRAN (Version     24.5)          03/19/2025  06:54:38      page 7

(  341) IF (LLPRINT) THEN
(  342)   WRITE (*, '(I10," ")', ADVANCE='NO') ISIZE
(  343)   WRITE (*, *) TRIM (CLPATH)//'%RLPCC'
(  344) ENDIF
(  345) KSIZE = KSIZE + ISIZE
(  346) ISIZE = KIND (YD%RLPDD)
(  347) IF (LLPRINT) THEN
(  348)   WRITE (*, '(I10," ")', ADVANCE='NO') ISIZE
(  349)   WRITE (*, *) TRIM (CLPATH)//'%RLPDD'
(  350) ENDIF
(  351) KSIZE = KSIZE + ISIZE
(  352) ISIZE = KIND (YD%RLPMIXL)
(  353) IF (LLPRINT) THEN
(  354)   WRITE (*, '(I10," ")', ADVANCE='NO') ISIZE
(  355)   WRITE (*, *) TRIM (CLPATH)//'%RLPMIXL'
(  356) ENDIF
(  357) KSIZE = KSIZE + ISIZE
(  358) ISIZE = KIND (YD%RLPBETA)
(  359) IF (LLPRINT) THEN
(  360)   WRITE (*, '(I10," ")', ADVANCE='NO') ISIZE
(  361)   WRITE (*, *) TRIM (CLPATH)//'%RLPBETA'
(  362) ENDIF
(  363) KSIZE = KSIZE + ISIZE
(  364) ISIZE = KIND (YD%RLPDRAG)
(  365) IF (LLPRINT) THEN
(  366)   WRITE (*, '(I10," ")', ADVANCE='NO') ISIZE
(  367)   WRITE (*, *) TRIM (CLPATH)//'%RLPDRAG'
(  368) ENDIF
(  369) KSIZE = KSIZE + ISIZE
(  370) ISIZE = KIND (YD%RLPEVAP)
(  371) IF (LLPRINT) THEN
(  372)   WRITE (*, '(I10," ")', ADVANCE='NO') ISIZE
(  373)   WRITE (*, *) TRIM (CLPATH)//'%RLPEVAP'
(  374) ENDIF
(  375) KSIZE = KSIZE + ISIZE
(  376) ISIZE = KIND (YD%RLPP00)
(  377) IF (LLPRINT) THEN
(  378)   WRITE (*, '(I10," ")', ADVANCE='NO') ISIZE
(  379)   WRITE (*, *) TRIM (CLPATH)//'%RLPP00'
(  380) ENDIF
(  381) KSIZE = KSIZE + ISIZE
(  382) END FUNCTION
(  383) 
(  384) END MODULE




















NVFORTRAN (Version     24.5)          03/19/2025  06:54:38      page 8

(    1) # 1 "./util_tephli_mod.F90"
(    1) MODULE UTIL_TEPHLI_MOD
(    2) # 3 "./util_tephli_mod.F90"
(    3) USE YOEPHLI, ONLY : TEPHLI
(    4) # 5 "./util_tephli_mod.F90"
(    5) INTERFACE SAVE
(    6) MODULE PROCEDURE SAVE_TEPHLI
(    7) END INTERFACE
(    8) # 9 "./util_tephli_mod.F90"
(    9) INTERFACE LOAD
(   10) MODULE PROCEDURE LOAD_TEPHLI
(   11) END INTERFACE
(   12) # 13 "./util_tephli_mod.F90"
(   13) INTERFACE COPY
(   14) MODULE PROCEDURE COPY_TEPHLI
(   15) END INTERFACE
(   16) # 17 "./util_tephli_mod.F90"
(   17) INTERFACE HOST
(   18) MODULE PROCEDURE HOST_TEPHLI
(   19) END INTERFACE
(   20) # 21 "./util_tephli_mod.F90"
(   21)      
(   22) INTERFACE CRC64
(   23) MODULE PROCEDURE CRC64_TEPHLI
(   24) END INTERFACE
(   25) # 26 "./util_tephli_mod.F90"
(   26) INTERFACE WIPE
(   27) MODULE PROCEDURE WIPE_TEPHLI
(   28) END INTERFACE
(   29) # 30 "./util_tephli_mod.F90"
(   30) INTERFACE SIZE
(   31) MODULE PROCEDURE SIZE_TEPHLI
(   32) END INTERFACE
(   33) # 35 "./util_tephli_mod.F90"
(   35) CONTAINS
(   36) # 37 "./util_tephli_mod.F90"
(   37) SUBROUTINE SAVE_TEPHLI (KLUN, YD)
(   38) # 39 "./util_tephli_mod.F90"
(   39) IMPLICIT NONE
(   40) INTEGER, INTENT (IN) :: KLUN
(   41) TYPE (TEPHLI), INTENT (IN), TARGET :: YD
(   42) # 43 "./util_tephli_mod.F90"
(   43) WRITE (KLUN) YD%LTLEVOL
(   44) WRITE (KLUN) YD%LPHYLIN
(   45) WRITE (KLUN) YD%LPHYSFCLIN
(   46) WRITE (KLUN) YD%LENOPERT
(   47) WRITE (KLUN) YD%LEPPCFLS
(   48) WRITE (KLUN) YD%LRAISANEN
(   49) WRITE (KLUN) YD%LOPPTWINS
(   50) WRITE (KLUN) YD%RLPTRC
(   51) WRITE (KLUN) YD%RLPAL1
(   52) WRITE (KLUN) YD%RLPAL2
(   53) WRITE (KLUN) YD%RLPBB
(   54) WRITE (KLUN) YD%RLPCC
(   55) WRITE (KLUN) YD%RLPDD
(   56) WRITE (KLUN) YD%RLPMIXL
(   57) WRITE (KLUN) YD%RLPBETA
(   58) WRITE (KLUN) YD%RLPDRAG






NVFORTRAN (Version     24.5)          03/19/2025  06:54:38      page 9

(   59) WRITE (KLUN) YD%RLPEVAP
(   60) WRITE (KLUN) YD%RLPP00
(   61) END SUBROUTINE
(   62) # 63 "./util_tephli_mod.F90"
(   63) SUBROUTINE LOAD_TEPHLI (KLUN, YD)
(   64) USE PARKIND1, ONLY : JPRD
(   65) # 66 "./util_tephli_mod.F90"
(   66) IMPLICIT NONE
(   67) INTEGER, INTENT (IN) :: KLUN
(   68) TYPE (TEPHLI), INTENT (OUT), TARGET :: YD
(   69) REAL(KIND=JPRD) :: ZTMP0
(   70) READ (KLUN) YD%LTLEVOL
(   71) READ (KLUN) YD%LPHYLIN
(   72) READ (KLUN) YD%LPHYSFCLIN
(   73) READ (KLUN) YD%LENOPERT
(   74) READ (KLUN) YD%LEPPCFLS
(   75) READ (KLUN) YD%LRAISANEN
(   76) READ (KLUN) YD%LOPPTWINS
(   77) READ (KLUN) ZTMP0
(   78) YD%RLPTRC = ZTMP0
(   79) READ (KLUN) ZTMP0
(   80) YD%RLPAL1 = ZTMP0
(   81) READ (KLUN) ZTMP0
(   82) YD%RLPAL2 = ZTMP0
(   83) READ (KLUN) ZTMP0
(   84) YD%RLPBB = ZTMP0
(   85) READ (KLUN) ZTMP0
(   86) YD%RLPCC = ZTMP0
(   87) READ (KLUN) ZTMP0
(   88) YD%RLPDD = ZTMP0
(   89) READ (KLUN) ZTMP0
(   90) YD%RLPMIXL = ZTMP0
(   91) READ (KLUN) ZTMP0
(   92) YD%RLPBETA = ZTMP0
(   93) READ (KLUN) ZTMP0
(   94) YD%RLPDRAG = ZTMP0
(   95) READ (KLUN) ZTMP0
(   96) YD%RLPEVAP = ZTMP0
(   97) READ (KLUN) ZTMP0
(   98) YD%RLPP00 = ZTMP0
(   99) END SUBROUTINE
(  100) # 102 "./util_tephli_mod.F90"
(  102) SUBROUTINE COPY_TEPHLI (YD, LDCREATED, LDFIELDAPI)
(  103) # 104 "./util_tephli_mod.F90"
(  104) IMPLICIT NONE
(  105) TYPE (TEPHLI), INTENT (IN), TARGET :: YD
(  106) LOGICAL, OPTIONAL, INTENT (IN) :: LDCREATED, LDFIELDAPI
(  107) LOGICAL :: LLCREATED
(  108) LOGICAL :: LLFIELDAPI
(  109) # 110 "./util_tephli_mod.F90"
(  110) LLFIELDAPI = .FALSE.
(  111) IF (PRESENT (LDFIELDAPI)) THEN
(  112)   LLFIELDAPI = LDFIELDAPI
(  113) ENDIF
(  114) LLCREATED = .FALSE.
(  115) IF (PRESENT (LDCREATED)) THEN
(  116)   LLCREATED = LDCREATED
(  117) ENDIF






NVFORTRAN (Version     24.5)          03/19/2025  06:54:38      page 10

(  118) IF (.NOT. LLCREATED) THEN
(  119)   !$acc enter data create (YD)
(  120)   !$acc update device (YD)
(  121) ENDIF
(  122) # 140 "./util_tephli_mod.F90"
(  140) END SUBROUTINE
(  141) # 142 "./util_tephli_mod.F90"
(  142) SUBROUTINE HOST_TEPHLI (YD)
(  143) # 144 "./util_tephli_mod.F90"
(  144) IMPLICIT NONE
(  145) TYPE (TEPHLI), TARGET :: YD
(  146) # 165 "./util_tephli_mod.F90"
(  165) END SUBROUTINE
(  166) # 167 "./util_tephli_mod.F90"
(  167)      
(  168) # 169 "./util_tephli_mod.F90"
(  169) SUBROUTINE CRC64_TEPHLI (YD, KLUN, CDPATH)
(  170) USE CRC64_INTRINSIC
(  171) # 172 "./util_tephli_mod.F90"
(  172) IMPLICIT NONE
(  173) TYPE (TEPHLI), TARGET :: YD
(  174) INTEGER, INTENT (IN) :: KLUN
(  175) CHARACTER(LEN=*), INTENT (IN) :: CDPATH
(  176) CHARACTER(LEN=128) :: CLIND
(  177) # 178 "./util_tephli_mod.F90"
(  178) WRITE (KLUN, '(Z16.16," ",A)') CRC64 (YD%LTLEVOL), CDPATH//'%LTLEVOL'
(  179) # 180 "./util_tephli_mod.F90"
(  180) WRITE (KLUN, '(Z16.16," ",A)') CRC64 (YD%LPHYLIN), CDPATH//'%LPHYLIN'
(  181) # 182 "./util_tephli_mod.F90"
(  182) WRITE (KLUN, '(Z16.16," ",A)') CRC64 (YD%LPHYSFCLIN), CDPATH//'%LPHYSFCLIN'
(  183) # 184 "./util_tephli_mod.F90"
(  184) WRITE (KLUN, '(Z16.16," ",A)') CRC64 (YD%LENOPERT), CDPATH//'%LENOPERT'
(  185) # 186 "./util_tephli_mod.F90"
(  186) WRITE (KLUN, '(Z16.16," ",A)') CRC64 (YD%LEPPCFLS), CDPATH//'%LEPPCFLS'
(  187) # 188 "./util_tephli_mod.F90"
(  188) WRITE (KLUN, '(Z16.16," ",A)') CRC64 (YD%LRAISANEN), CDPATH//'%LRAISANEN'
(  189) # 190 "./util_tephli_mod.F90"
(  190) WRITE (KLUN, '(Z16.16," ",A)') CRC64 (YD%LOPPTWINS), CDPATH//'%LOPPTWINS'
(  191) # 192 "./util_tephli_mod.F90"
(  192) WRITE (KLUN, '(Z16.16," ",A)') CRC64 (YD%RLPTRC), CDPATH//'%RLPTRC'
(  193) # 194 "./util_tephli_mod.F90"
(  194) WRITE (KLUN, '(Z16.16," ",A)') CRC64 (YD%RLPAL1), CDPATH//'%RLPAL1'
(  195) # 196 "./util_tephli_mod.F90"
(  196) WRITE (KLUN, '(Z16.16," ",A)') CRC64 (YD%RLPAL2), CDPATH//'%RLPAL2'
(  197) # 198 "./util_tephli_mod.F90"
(  198) WRITE (KLUN, '(Z16.16," ",A)') CRC64 (YD%RLPBB), CDPATH//'%RLPBB'
(  199) # 200 "./util_tephli_mod.F90"
(  200) WRITE (KLUN, '(Z16.16," ",A)') CRC64 (YD%RLPCC), CDPATH//'%RLPCC'
(  201) # 202 "./util_tephli_mod.F90"
(  202) WRITE (KLUN, '(Z16.16," ",A)') CRC64 (YD%RLPDD), CDPATH//'%RLPDD'
(  203) # 204 "./util_tephli_mod.F90"
(  204) WRITE (KLUN, '(Z16.16," ",A)') CRC64 (YD%RLPMIXL), CDPATH//'%RLPMIXL'
(  205) # 206 "./util_tephli_mod.F90"
(  206) WRITE (KLUN, '(Z16.16," ",A)') CRC64 (YD%RLPBETA), CDPATH//'%RLPBETA'
(  207) # 208 "./util_tephli_mod.F90"
(  208) WRITE (KLUN, '(Z16.16," ",A)') CRC64 (YD%RLPDRAG), CDPATH//'%RLPDRAG'
(  209) # 210 "./util_tephli_mod.F90"
(  210) WRITE (KLUN, '(Z16.16," ",A)') CRC64 (YD%RLPEVAP), CDPATH//'%RLPEVAP'






NVFORTRAN (Version     24.5)          03/19/2025  06:54:38      page 11

(  211) # 212 "./util_tephli_mod.F90"
(  212) WRITE (KLUN, '(Z16.16," ",A)') CRC64 (YD%RLPP00), CDPATH//'%RLPP00'
(  213) # 214 "./util_tephli_mod.F90"
(  214) END SUBROUTINE
(  215) # 216 "./util_tephli_mod.F90"
(  216) SUBROUTINE WIPE_TEPHLI (YD, LDDELETED, LDFIELDAPI)
(  217) # 218 "./util_tephli_mod.F90"
(  218) IMPLICIT NONE
(  219) TYPE (TEPHLI), INTENT (IN), TARGET :: YD
(  220) LOGICAL, OPTIONAL, INTENT (IN) :: LDDELETED, LDFIELDAPI
(  221) LOGICAL :: LLDELETED
(  222) LOGICAL :: LLFIELDAPI
(  223) # 224 "./util_tephli_mod.F90"
(  224) LLFIELDAPI = .FALSE.
(  225) IF (PRESENT (LDFIELDAPI)) THEN
(  226)   LLFIELDAPI = LDFIELDAPI
(  227) ENDIF
(  228) # 246 "./util_tephli_mod.F90"
(  246) LLDELETED = .FALSE.
(  247) IF (PRESENT (LDDELETED)) THEN
(  248)   LLDELETED = LDDELETED
(  249) ENDIF
(  250) IF (.NOT. LLDELETED) THEN
(  251)   !$acc exit data delete (YD)
(  252) ENDIF
(  253) END SUBROUTINE
(  254) # 255 "./util_tephli_mod.F90"
(  255) INTEGER*8 FUNCTION SIZE_TEPHLI (YD, CDPATH, LDPRINT) RESULT (KSIZE)
(  256) # 257 "./util_tephli_mod.F90"
(  257) IMPLICIT NONE
(  258) TYPE (TEPHLI),     INTENT (IN), TARGET :: YD
(  259) CHARACTER(LEN=*), INTENT (IN), OPTIONAL :: CDPATH
(  260) LOGICAL,          INTENT (IN), OPTIONAL :: LDPRINT
(  261) INTEGER*8 :: ISIZE, JSIZE
(  262) LOGICAL :: LLPRINT
(  263) CHARACTER(LEN=128) :: CLPATH
(  264) # 265 "./util_tephli_mod.F90"
(  265) LLPRINT = .FALSE.
(  266) IF (PRESENT (LDPRINT)) THEN
(  267)   LLPRINT = LDPRINT
(  268) ENDIF
(  269) CLPATH=''
(  270) IF (PRESENT (CDPATH)) THEN
(  271)   CLPATH = CDPATH
(  272) ENDIF
(  273) KSIZE = 0
(  274) ISIZE = KIND (YD%LTLEVOL)
(  275) IF (LLPRINT) THEN
(  276)   WRITE (*, '(I10," ")', ADVANCE='NO') ISIZE
(  277)   WRITE (*, *) TRIM (CLPATH)//'%LTLEVOL'
(  278) ENDIF
(  279) KSIZE = KSIZE + ISIZE
(  280) ISIZE = KIND (YD%LPHYLIN)
(  281) IF (LLPRINT) THEN
(  282)   WRITE (*, '(I10," ")', ADVANCE='NO') ISIZE
(  283)   WRITE (*, *) TRIM (CLPATH)//'%LPHYLIN'
(  284) ENDIF
(  285) KSIZE = KSIZE + ISIZE






NVFORTRAN (Version     24.5)          03/19/2025  06:54:38      page 12

(  286) ISIZE = KIND (YD%LPHYSFCLIN)
(  287) IF (LLPRINT) THEN
(  288)   WRITE (*, '(I10," ")', ADVANCE='NO') ISIZE
(  289)   WRITE (*, *) TRIM (CLPATH)//'%LPHYSFCLIN'
(  290) ENDIF
(  291) KSIZE = KSIZE + ISIZE
(  292) ISIZE = KIND (YD%LENOPERT)
(  293) IF (LLPRINT) THEN
(  294)   WRITE (*, '(I10," ")', ADVANCE='NO') ISIZE
(  295)   WRITE (*, *) TRIM (CLPATH)//'%LENOPERT'
(  296) ENDIF
(  297) KSIZE = KSIZE + ISIZE
(  298) ISIZE = KIND (YD%LEPPCFLS)
(  299) IF (LLPRINT) THEN
(  300)   WRITE (*, '(I10," ")', ADVANCE='NO') ISIZE
(  301)   WRITE (*, *) TRIM (CLPATH)//'%LEPPCFLS'
(  302) ENDIF
(  303) KSIZE = KSIZE + ISIZE
(  304) ISIZE = KIND (YD%LRAISANEN)
(  305) IF (LLPRINT) THEN
(  306)   WRITE (*, '(I10," ")', ADVANCE='NO') ISIZE
(  307)   WRITE (*, *) TRIM (CLPATH)//'%LRAISANEN'
(  308) ENDIF
(  309) KSIZE = KSIZE + ISIZE
(  310) ISIZE = KIND (YD%LOPPTWINS)
(  311) IF (LLPRINT) THEN
(  312)   WRITE (*, '(I10," ")', ADVANCE='NO') ISIZE
(  313)   WRITE (*, *) TRIM (CLPATH)//'%LOPPTWINS'
(  314) ENDIF
(  315) KSIZE = KSIZE + ISIZE
(  316) ISIZE = KIND (YD%RLPTRC)
(  317) IF (LLPRINT) THEN
(  318)   WRITE (*, '(I10," ")', ADVANCE='NO') ISIZE
(  319)   WRITE (*, *) TRIM (CLPATH)//'%RLPTRC'
(  320) ENDIF
(  321) KSIZE = KSIZE + ISIZE
(  322) ISIZE = KIND (YD%RLPAL1)
(  323) IF (LLPRINT) THEN
(  324)   WRITE (*, '(I10," ")', ADVANCE='NO') ISIZE
(  325)   WRITE (*, *) TRIM (CLPATH)//'%RLPAL1'
(  326) ENDIF
(  327) KSIZE = KSIZE + ISIZE
(  328) ISIZE = KIND (YD%RLPAL2)
(  329) IF (LLPRINT) THEN
(  330)   WRITE (*, '(I10," ")', ADVANCE='NO') ISIZE
(  331)   WRITE (*, *) TRIM (CLPATH)//'%RLPAL2'
(  332) ENDIF
(  333) KSIZE = KSIZE + ISIZE
(  334) ISIZE = KIND (YD%RLPBB)
(  335) IF (LLPRINT) THEN
(  336)   WRITE (*, '(I10," ")', ADVANCE='NO') ISIZE
(  337)   WRITE (*, *) TRIM (CLPATH)//'%RLPBB'
(  338) ENDIF
(  339) KSIZE = KSIZE + ISIZE
(  340) ISIZE = KIND (YD%RLPCC)
(  341) IF (LLPRINT) THEN
(  342)   WRITE (*, '(I10," ")', ADVANCE='NO') ISIZE
(  343)   WRITE (*, *) TRIM (CLPATH)//'%RLPCC'






NVFORTRAN (Version     24.5)          03/19/2025  06:54:38      page 13

(  344) ENDIF
(  345) KSIZE = KSIZE + ISIZE
(  346) ISIZE = KIND (YD%RLPDD)
(  347) IF (LLPRINT) THEN
(  348)   WRITE (*, '(I10," ")', ADVANCE='NO') ISIZE
(  349)   WRITE (*, *) TRIM (CLPATH)//'%RLPDD'
(  350) ENDIF
(  351) KSIZE = KSIZE + ISIZE
(  352) ISIZE = KIND (YD%RLPMIXL)
(  353) IF (LLPRINT) THEN
(  354)   WRITE (*, '(I10," ")', ADVANCE='NO') ISIZE
(  355)   WRITE (*, *) TRIM (CLPATH)//'%RLPMIXL'
(  356) ENDIF
(  357) KSIZE = KSIZE + ISIZE
(  358) ISIZE = KIND (YD%RLPBETA)
(  359) IF (LLPRINT) THEN
(  360)   WRITE (*, '(I10," ")', ADVANCE='NO') ISIZE
(  361)   WRITE (*, *) TRIM (CLPATH)//'%RLPBETA'
(  362) ENDIF
(  363) KSIZE = KSIZE + ISIZE
(  364) ISIZE = KIND (YD%RLPDRAG)
(  365) IF (LLPRINT) THEN
(  366)   WRITE (*, '(I10," ")', ADVANCE='NO') ISIZE
(  367)   WRITE (*, *) TRIM (CLPATH)//'%RLPDRAG'
(  368) ENDIF
(  369) KSIZE = KSIZE + ISIZE
(  370) ISIZE = KIND (YD%RLPEVAP)
(  371) IF (LLPRINT) THEN
(  372)   WRITE (*, '(I10," ")', ADVANCE='NO') ISIZE
(  373)   WRITE (*, *) TRIM (CLPATH)//'%RLPEVAP'
(  374) ENDIF
(  375) KSIZE = KSIZE + ISIZE
(  376) ISIZE = KIND (YD%RLPP00)
(  377) IF (LLPRINT) THEN
(  378)   WRITE (*, '(I10," ")', ADVANCE='NO') ISIZE
(  379)   WRITE (*, *) TRIM (CLPATH)//'%RLPP00'
(  380) ENDIF
(  381) KSIZE = KSIZE + ISIZE
(  382) END FUNCTION
(  383) # 384 "./util_tephli_mod.F90"
(  384) END MODULE
