


NVFORTRAN (Version     24.5)          03/19/2025  06:54:32      page 1

Switches: -noasm -nodclchk -debug -nodlines -line -list
          -idir /opt/softs/gcc/9.2.0/hpc_sdk/Linux_x86_64/24.5/comm_libs/12.4/hpcx/hpcx-2.19/ompi/include
          -idir /opt/softs/gcc/9.2.0/hpc_sdk/Linux_x86_64/24.5/comm_libs/12.4/hpcx/hpcx-2.19/ompi/lib
          -inform severe -opt 1 -nosave -object -noonetrip
          -depchk on -nostandard     
          -symbol -noupcase    

Filename: ./util_tegwd_mod.F90

(    1) MODULE UTIL_TEGWD_MOD
(    2) 
(    3) USE YOEGWD, ONLY : TEGWD
(    4) 
(    5) INTERFACE SAVE
(    6) MODULE PROCEDURE SAVE_TEGWD
(    7) END INTERFACE
(    8) 
(    9) INTERFACE LOAD
(   10) MODULE PROCEDURE LOAD_TEGWD
(   11) END INTERFACE
(   12) 
(   13) INTERFACE COPY
(   14) MODULE PROCEDURE COPY_TEGWD
(   15) END INTERFACE
(   16) 
(   17) INTERFACE HOST
(   18) MODULE PROCEDURE HOST_TEGWD
(   19) END INTERFACE
(   20) 
(   21)      
(   22) INTERFACE CRC64
(   23) MODULE PROCEDURE CRC64_TEGWD
(   24) END INTERFACE
(   25) 
(   26) INTERFACE WIPE
(   27) MODULE PROCEDURE WIPE_TEGWD
(   28) END INTERFACE
(   29) 
(   30) INTERFACE SIZE
(   31) MODULE PROCEDURE SIZE_TEGWD
(   32) END INTERFACE
(   33) 
(   34) 
(   35) CONTAINS
(   36) 
(   37) SUBROUTINE SAVE_TEGWD (KLUN, YD)
(   38) 
(   39) IMPLICIT NONE
(   40) INTEGER, INTENT (IN) :: KLUN
(   41) TYPE (TEGWD), INTENT (IN), TARGET :: YD
(   42) 
(   43) WRITE (KLUN) YD%NKTOPG
(   44) WRITE (KLUN) YD%NGWDLIM
(   45) WRITE (KLUN) YD%NGWDTOP
(   46) WRITE (KLUN) YD%NDIFF_STRATO
(   47) WRITE (KLUN) YD%GFRCRIT
(   48) WRITE (KLUN) YD%GRCRIT
(   49) WRITE (KLUN) YD%GKDRAG
(   50) WRITE (KLUN) YD%GKWAKE






NVFORTRAN (Version     24.5)          03/19/2025  06:54:32      page 2

(   51) WRITE (KLUN) YD%GSSEC
(   52) WRITE (KLUN) YD%GTSEC
(   53) WRITE (KLUN) YD%GVSEC
(   54) WRITE (KLUN) YD%GTENLIM
(   55) WRITE (KLUN) YD%GRFPLM
(   56) WRITE (KLUN) YD%LRDIFF_STRATO
(   57) WRITE (KLUN) YD%LDIAG_STRATO
(   58) END SUBROUTINE
(   59) 
(   60) SUBROUTINE LOAD_TEGWD (KLUN, YD)
(   61) USE PARKIND1, ONLY : JPRD
(   62) 
(   63) IMPLICIT NONE
(   64) INTEGER, INTENT (IN) :: KLUN
(   65) TYPE (TEGWD), INTENT (OUT), TARGET :: YD
(   66) REAL(KIND=JPRD) :: ZTMP0
(   67) READ (KLUN) YD%NKTOPG
(   68) READ (KLUN) YD%NGWDLIM
(   69) READ (KLUN) YD%NGWDTOP
(   70) READ (KLUN) YD%NDIFF_STRATO
(   71) READ (KLUN) ZTMP0
(   72) YD%GFRCRIT = ZTMP0
(   73) READ (KLUN) ZTMP0
(   74) YD%GRCRIT = ZTMP0
(   75) READ (KLUN) ZTMP0
(   76) YD%GKDRAG = ZTMP0
(   77) READ (KLUN) ZTMP0
(   78) YD%GKWAKE = ZTMP0
(   79) READ (KLUN) ZTMP0
(   80) YD%GSSEC = ZTMP0
(   81) READ (KLUN) ZTMP0
(   82) YD%GTSEC = ZTMP0
(   83) READ (KLUN) ZTMP0
(   84) YD%GVSEC = ZTMP0
(   85) READ (KLUN) ZTMP0
(   86) YD%GTENLIM = ZTMP0
(   87) READ (KLUN) ZTMP0
(   88) YD%GRFPLM = ZTMP0
(   89) READ (KLUN) YD%LRDIFF_STRATO
(   90) READ (KLUN) YD%LDIAG_STRATO
(   91) END SUBROUTINE
(   92) 
(   93) 
(   94) SUBROUTINE COPY_TEGWD (YD, LDCREATED, LDFIELDAPI)
(   95) 
(   96) IMPLICIT NONE
(   97) TYPE (TEGWD), INTENT (IN), TARGET :: YD
(   98) LOGICAL, OPTIONAL, INTENT (IN) :: LDCREATED, LDFIELDAPI
(   99) LOGICAL :: LLCREATED
(  100) LOGICAL :: LLFIELDAPI
(  101) 
(  102) LLFIELDAPI = .FALSE.
(  103) IF (PRESENT (LDFIELDAPI)) THEN
(  104)   LLFIELDAPI = LDFIELDAPI
(  105) ENDIF
(  106) LLCREATED = .FALSE.
(  107) IF (PRESENT (LDCREATED)) THEN
(  108)   LLCREATED = LDCREATED






NVFORTRAN (Version     24.5)          03/19/2025  06:54:32      page 3

(  109) ENDIF
(  110) IF (.NOT. LLCREATED) THEN
(  111)   !$acc enter data create (YD)
(  112)   !$acc update device (YD)
(  113) ENDIF
(  114) 
(  115) 
(  116) 
(  117) 
(  118) 
(  119) 
(  120) 
(  121) 
(  122) 
(  123) 
(  124) 
(  125) 
(  126) 
(  127) 
(  128) 
(  129) END SUBROUTINE
(  130) 
(  131) SUBROUTINE HOST_TEGWD (YD)
(  132) 
(  133) IMPLICIT NONE
(  134) TYPE (TEGWD), TARGET :: YD
(  135) 
(  136) 
(  137) 
(  138) 
(  139) 
(  140) 
(  141) 
(  142) 
(  143) 
(  144) 
(  145) 
(  146) 
(  147) 
(  148) 
(  149) 
(  150) 
(  151) END SUBROUTINE
(  152) 
(  153)      
(  154) 
(  155) SUBROUTINE CRC64_TEGWD (YD, KLUN, CDPATH)
(  156) USE CRC64_INTRINSIC
(  157) 
(  158) IMPLICIT NONE
(  159) TYPE (TEGWD), TARGET :: YD
(  160) INTEGER, INTENT (IN) :: KLUN
(  161) CHARACTER(LEN=*), INTENT (IN) :: CDPATH
(  162) CHARACTER(LEN=128) :: CLIND
(  163) 
(  164) WRITE (KLUN, '(Z16.16," ",A)') CRC64 (YD%NKTOPG), CDPATH//'%NKTOPG'
(  165) 
(  166) WRITE (KLUN, '(Z16.16," ",A)') CRC64 (YD%NGWDLIM), CDPATH//'%NGWDLIM'






NVFORTRAN (Version     24.5)          03/19/2025  06:54:32      page 4

(  167) 
(  168) WRITE (KLUN, '(Z16.16," ",A)') CRC64 (YD%NGWDTOP), CDPATH//'%NGWDTOP'
(  169) 
(  170) WRITE (KLUN, '(Z16.16," ",A)') CRC64 (YD%NDIFF_STRATO), CDPATH//'%NDIFF_STRATO'
(  171) 
(  172) WRITE (KLUN, '(Z16.16," ",A)') CRC64 (YD%GFRCRIT), CDPATH//'%GFRCRIT'
(  173) 
(  174) WRITE (KLUN, '(Z16.16," ",A)') CRC64 (YD%GRCRIT), CDPATH//'%GRCRIT'
(  175) 
(  176) WRITE (KLUN, '(Z16.16," ",A)') CRC64 (YD%GKDRAG), CDPATH//'%GKDRAG'
(  177) 
(  178) WRITE (KLUN, '(Z16.16," ",A)') CRC64 (YD%GKWAKE), CDPATH//'%GKWAKE'
(  179) 
(  180) WRITE (KLUN, '(Z16.16," ",A)') CRC64 (YD%GSSEC), CDPATH//'%GSSEC'
(  181) 
(  182) WRITE (KLUN, '(Z16.16," ",A)') CRC64 (YD%GTSEC), CDPATH//'%GTSEC'
(  183) 
(  184) WRITE (KLUN, '(Z16.16," ",A)') CRC64 (YD%GVSEC), CDPATH//'%GVSEC'
(  185) 
(  186) WRITE (KLUN, '(Z16.16," ",A)') CRC64 (YD%GTENLIM), CDPATH//'%GTENLIM'
(  187) 
(  188) WRITE (KLUN, '(Z16.16," ",A)') CRC64 (YD%GRFPLM), CDPATH//'%GRFPLM'
(  189) 
(  190) WRITE (KLUN, '(Z16.16," ",A)') CRC64 (YD%LRDIFF_STRATO), CDPATH//'%LRDIFF_STRATO'
(  191) 
(  192) WRITE (KLUN, '(Z16.16," ",A)') CRC64 (YD%LDIAG_STRATO), CDPATH//'%LDIAG_STRATO'
(  193) 
(  194) END SUBROUTINE
(  195) 
(  196) SUBROUTINE WIPE_TEGWD (YD, LDDELETED, LDFIELDAPI)
(  197) 
(  198) IMPLICIT NONE
(  199) TYPE (TEGWD), INTENT (IN), TARGET :: YD
(  200) LOGICAL, OPTIONAL, INTENT (IN) :: LDDELETED, LDFIELDAPI
(  201) LOGICAL :: LLDELETED
(  202) LOGICAL :: LLFIELDAPI
(  203) 
(  204) LLFIELDAPI = .FALSE.
(  205) IF (PRESENT (LDFIELDAPI)) THEN
(  206)   LLFIELDAPI = LDFIELDAPI
(  207) ENDIF
(  208) 
(  209) 
(  210) 
(  211) 
(  212) 
(  213) 
(  214) 
(  215) 
(  216) 
(  217) 
(  218) 
(  219) 
(  220) 
(  221) 
(  222) 
(  223) LLDELETED = .FALSE.
(  224) IF (PRESENT (LDDELETED)) THEN






NVFORTRAN (Version     24.5)          03/19/2025  06:54:32      page 5

(  225)   LLDELETED = LDDELETED
(  226) ENDIF
(  227) IF (.NOT. LLDELETED) THEN
(  228)   !$acc exit data delete (YD)
(  229) ENDIF
(  230) END SUBROUTINE
(  231) 
(  232) INTEGER*8 FUNCTION SIZE_TEGWD (YD, CDPATH, LDPRINT) RESULT (KSIZE)
(  233) 
(  234) IMPLICIT NONE
(  235) TYPE (TEGWD),     INTENT (IN), TARGET :: YD
(  236) CHARACTER(LEN=*), INTENT (IN), OPTIONAL :: CDPATH
(  237) LOGICAL,          INTENT (IN), OPTIONAL :: LDPRINT
(  238) INTEGER*8 :: ISIZE, JSIZE
(  239) LOGICAL :: LLPRINT
(  240) CHARACTER(LEN=128) :: CLPATH
(  241) 
(  242) LLPRINT = .FALSE.
(  243) IF (PRESENT (LDPRINT)) THEN
(  244)   LLPRINT = LDPRINT
(  245) ENDIF
(  246) CLPATH=''
(  247) IF (PRESENT (CDPATH)) THEN
(  248)   CLPATH = CDPATH
(  249) ENDIF
(  250) KSIZE = 0
(  251) ISIZE = KIND (YD%NKTOPG)
(  252) IF (LLPRINT) THEN
(  253)   WRITE (*, '(I10," ")', ADVANCE='NO') ISIZE
(  254)   WRITE (*, *) TRIM (CLPATH)//'%NKTOPG'
(  255) ENDIF
(  256) KSIZE = KSIZE + ISIZE
(  257) ISIZE = KIND (YD%NGWDLIM)
(  258) IF (LLPRINT) THEN
(  259)   WRITE (*, '(I10," ")', ADVANCE='NO') ISIZE
(  260)   WRITE (*, *) TRIM (CLPATH)//'%NGWDLIM'
(  261) ENDIF
(  262) KSIZE = KSIZE + ISIZE
(  263) ISIZE = KIND (YD%NGWDTOP)
(  264) IF (LLPRINT) THEN
(  265)   WRITE (*, '(I10," ")', ADVANCE='NO') ISIZE
(  266)   WRITE (*, *) TRIM (CLPATH)//'%NGWDTOP'
(  267) ENDIF
(  268) KSIZE = KSIZE + ISIZE
(  269) ISIZE = KIND (YD%NDIFF_STRATO)
(  270) IF (LLPRINT) THEN
(  271)   WRITE (*, '(I10," ")', ADVANCE='NO') ISIZE
(  272)   WRITE (*, *) TRIM (CLPATH)//'%NDIFF_STRATO'
(  273) ENDIF
(  274) KSIZE = KSIZE + ISIZE
(  275) ISIZE = KIND (YD%GFRCRIT)
(  276) IF (LLPRINT) THEN
(  277)   WRITE (*, '(I10," ")', ADVANCE='NO') ISIZE
(  278)   WRITE (*, *) TRIM (CLPATH)//'%GFRCRIT'
(  279) ENDIF
(  280) KSIZE = KSIZE + ISIZE
(  281) ISIZE = KIND (YD%GRCRIT)
(  282) IF (LLPRINT) THEN






NVFORTRAN (Version     24.5)          03/19/2025  06:54:32      page 6

(  283)   WRITE (*, '(I10," ")', ADVANCE='NO') ISIZE
(  284)   WRITE (*, *) TRIM (CLPATH)//'%GRCRIT'
(  285) ENDIF
(  286) KSIZE = KSIZE + ISIZE
(  287) ISIZE = KIND (YD%GKDRAG)
(  288) IF (LLPRINT) THEN
(  289)   WRITE (*, '(I10," ")', ADVANCE='NO') ISIZE
(  290)   WRITE (*, *) TRIM (CLPATH)//'%GKDRAG'
(  291) ENDIF
(  292) KSIZE = KSIZE + ISIZE
(  293) ISIZE = KIND (YD%GKWAKE)
(  294) IF (LLPRINT) THEN
(  295)   WRITE (*, '(I10," ")', ADVANCE='NO') ISIZE
(  296)   WRITE (*, *) TRIM (CLPATH)//'%GKWAKE'
(  297) ENDIF
(  298) KSIZE = KSIZE + ISIZE
(  299) ISIZE = KIND (YD%GSSEC)
(  300) IF (LLPRINT) THEN
(  301)   WRITE (*, '(I10," ")', ADVANCE='NO') ISIZE
(  302)   WRITE (*, *) TRIM (CLPATH)//'%GSSEC'
(  303) ENDIF
(  304) KSIZE = KSIZE + ISIZE
(  305) ISIZE = KIND (YD%GTSEC)
(  306) IF (LLPRINT) THEN
(  307)   WRITE (*, '(I10," ")', ADVANCE='NO') ISIZE
(  308)   WRITE (*, *) TRIM (CLPATH)//'%GTSEC'
(  309) ENDIF
(  310) KSIZE = KSIZE + ISIZE
(  311) ISIZE = KIND (YD%GVSEC)
(  312) IF (LLPRINT) THEN
(  313)   WRITE (*, '(I10," ")', ADVANCE='NO') ISIZE
(  314)   WRITE (*, *) TRIM (CLPATH)//'%GVSEC'
(  315) ENDIF
(  316) KSIZE = KSIZE + ISIZE
(  317) ISIZE = KIND (YD%GTENLIM)
(  318) IF (LLPRINT) THEN
(  319)   WRITE (*, '(I10," ")', ADVANCE='NO') ISIZE
(  320)   WRITE (*, *) TRIM (CLPATH)//'%GTENLIM'
(  321) ENDIF
(  322) KSIZE = KSIZE + ISIZE
(  323) ISIZE = KIND (YD%GRFPLM)
(  324) IF (LLPRINT) THEN
(  325)   WRITE (*, '(I10," ")', ADVANCE='NO') ISIZE
(  326)   WRITE (*, *) TRIM (CLPATH)//'%GRFPLM'
(  327) ENDIF
(  328) KSIZE = KSIZE + ISIZE
(  329) ISIZE = KIND (YD%LRDIFF_STRATO)
(  330) IF (LLPRINT) THEN
(  331)   WRITE (*, '(I10," ")', ADVANCE='NO') ISIZE
(  332)   WRITE (*, *) TRIM (CLPATH)//'%LRDIFF_STRATO'
(  333) ENDIF
(  334) KSIZE = KSIZE + ISIZE
(  335) ISIZE = KIND (YD%LDIAG_STRATO)
(  336) IF (LLPRINT) THEN
(  337)   WRITE (*, '(I10," ")', ADVANCE='NO') ISIZE
(  338)   WRITE (*, *) TRIM (CLPATH)//'%LDIAG_STRATO'
(  339) ENDIF
(  340) KSIZE = KSIZE + ISIZE






NVFORTRAN (Version     24.5)          03/19/2025  06:54:32      page 7

(  341) END FUNCTION
(  342) 
(  343) END MODULE





























































NVFORTRAN (Version     24.5)          03/19/2025  06:54:32      page 8

(    1) # 1 "./util_tegwd_mod.F90"
(    1) MODULE UTIL_TEGWD_MOD
(    2) # 3 "./util_tegwd_mod.F90"
(    3) USE YOEGWD, ONLY : TEGWD
(    4) # 5 "./util_tegwd_mod.F90"
(    5) INTERFACE SAVE
(    6) MODULE PROCEDURE SAVE_TEGWD
(    7) END INTERFACE
(    8) # 9 "./util_tegwd_mod.F90"
(    9) INTERFACE LOAD
(   10) MODULE PROCEDURE LOAD_TEGWD
(   11) END INTERFACE
(   12) # 13 "./util_tegwd_mod.F90"
(   13) INTERFACE COPY
(   14) MODULE PROCEDURE COPY_TEGWD
(   15) END INTERFACE
(   16) # 17 "./util_tegwd_mod.F90"
(   17) INTERFACE HOST
(   18) MODULE PROCEDURE HOST_TEGWD
(   19) END INTERFACE
(   20) # 21 "./util_tegwd_mod.F90"
(   21)      
(   22) INTERFACE CRC64
(   23) MODULE PROCEDURE CRC64_TEGWD
(   24) END INTERFACE
(   25) # 26 "./util_tegwd_mod.F90"
(   26) INTERFACE WIPE
(   27) MODULE PROCEDURE WIPE_TEGWD
(   28) END INTERFACE
(   29) # 30 "./util_tegwd_mod.F90"
(   30) INTERFACE SIZE
(   31) MODULE PROCEDURE SIZE_TEGWD
(   32) END INTERFACE
(   33) # 35 "./util_tegwd_mod.F90"
(   35) CONTAINS
(   36) # 37 "./util_tegwd_mod.F90"
(   37) SUBROUTINE SAVE_TEGWD (KLUN, YD)
(   38) # 39 "./util_tegwd_mod.F90"
(   39) IMPLICIT NONE
(   40) INTEGER, INTENT (IN) :: KLUN
(   41) TYPE (TEGWD), INTENT (IN), TARGET :: YD
(   42) # 43 "./util_tegwd_mod.F90"
(   43) WRITE (KLUN) YD%NKTOPG
(   44) WRITE (KLUN) YD%NGWDLIM
(   45) WRITE (KLUN) YD%NGWDTOP
(   46) WRITE (KLUN) YD%NDIFF_STRATO
(   47) WRITE (KLUN) YD%GFRCRIT
(   48) WRITE (KLUN) YD%GRCRIT
(   49) WRITE (KLUN) YD%GKDRAG
(   50) WRITE (KLUN) YD%GKWAKE
(   51) WRITE (KLUN) YD%GSSEC
(   52) WRITE (KLUN) YD%GTSEC
(   53) WRITE (KLUN) YD%GVSEC
(   54) WRITE (KLUN) YD%GTENLIM
(   55) WRITE (KLUN) YD%GRFPLM
(   56) WRITE (KLUN) YD%LRDIFF_STRATO
(   57) WRITE (KLUN) YD%LDIAG_STRATO
(   58) END SUBROUTINE






NVFORTRAN (Version     24.5)          03/19/2025  06:54:32      page 9

(   59) # 60 "./util_tegwd_mod.F90"
(   60) SUBROUTINE LOAD_TEGWD (KLUN, YD)
(   61) USE PARKIND1, ONLY : JPRD
(   62) # 63 "./util_tegwd_mod.F90"
(   63) IMPLICIT NONE
(   64) INTEGER, INTENT (IN) :: KLUN
(   65) TYPE (TEGWD), INTENT (OUT), TARGET :: YD
(   66) REAL(KIND=JPRD) :: ZTMP0
(   67) READ (KLUN) YD%NKTOPG
(   68) READ (KLUN) YD%NGWDLIM
(   69) READ (KLUN) YD%NGWDTOP
(   70) READ (KLUN) YD%NDIFF_STRATO
(   71) READ (KLUN) ZTMP0
(   72) YD%GFRCRIT = ZTMP0
(   73) READ (KLUN) ZTMP0
(   74) YD%GRCRIT = ZTMP0
(   75) READ (KLUN) ZTMP0
(   76) YD%GKDRAG = ZTMP0
(   77) READ (KLUN) ZTMP0
(   78) YD%GKWAKE = ZTMP0
(   79) READ (KLUN) ZTMP0
(   80) YD%GSSEC = ZTMP0
(   81) READ (KLUN) ZTMP0
(   82) YD%GTSEC = ZTMP0
(   83) READ (KLUN) ZTMP0
(   84) YD%GVSEC = ZTMP0
(   85) READ (KLUN) ZTMP0
(   86) YD%GTENLIM = ZTMP0
(   87) READ (KLUN) ZTMP0
(   88) YD%GRFPLM = ZTMP0
(   89) READ (KLUN) YD%LRDIFF_STRATO
(   90) READ (KLUN) YD%LDIAG_STRATO
(   91) END SUBROUTINE
(   92) # 94 "./util_tegwd_mod.F90"
(   94) SUBROUTINE COPY_TEGWD (YD, LDCREATED, LDFIELDAPI)
(   95) # 96 "./util_tegwd_mod.F90"
(   96) IMPLICIT NONE
(   97) TYPE (TEGWD), INTENT (IN), TARGET :: YD
(   98) LOGICAL, OPTIONAL, INTENT (IN) :: LDCREATED, LDFIELDAPI
(   99) LOGICAL :: LLCREATED
(  100) LOGICAL :: LLFIELDAPI
(  101) # 102 "./util_tegwd_mod.F90"
(  102) LLFIELDAPI = .FALSE.
(  103) IF (PRESENT (LDFIELDAPI)) THEN
(  104)   LLFIELDAPI = LDFIELDAPI
(  105) ENDIF
(  106) LLCREATED = .FALSE.
(  107) IF (PRESENT (LDCREATED)) THEN
(  108)   LLCREATED = LDCREATED
(  109) ENDIF
(  110) IF (.NOT. LLCREATED) THEN
(  111)   !$acc enter data create (YD)
(  112)   !$acc update device (YD)
(  113) ENDIF
(  114) # 129 "./util_tegwd_mod.F90"
(  129) END SUBROUTINE
(  130) # 131 "./util_tegwd_mod.F90"
(  131) SUBROUTINE HOST_TEGWD (YD)






NVFORTRAN (Version     24.5)          03/19/2025  06:54:32      page 10

(  132) # 133 "./util_tegwd_mod.F90"
(  133) IMPLICIT NONE
(  134) TYPE (TEGWD), TARGET :: YD
(  135) # 151 "./util_tegwd_mod.F90"
(  151) END SUBROUTINE
(  152) # 153 "./util_tegwd_mod.F90"
(  153)      
(  154) # 155 "./util_tegwd_mod.F90"
(  155) SUBROUTINE CRC64_TEGWD (YD, KLUN, CDPATH)
(  156) USE CRC64_INTRINSIC
(  157) # 158 "./util_tegwd_mod.F90"
(  158) IMPLICIT NONE
(  159) TYPE (TEGWD), TARGET :: YD
(  160) INTEGER, INTENT (IN) :: KLUN
(  161) CHARACTER(LEN=*), INTENT (IN) :: CDPATH
(  162) CHARACTER(LEN=128) :: CLIND
(  163) # 164 "./util_tegwd_mod.F90"
(  164) WRITE (KLUN, '(Z16.16," ",A)') CRC64 (YD%NKTOPG), CDPATH//'%NKTOPG'
(  165) # 166 "./util_tegwd_mod.F90"
(  166) WRITE (KLUN, '(Z16.16," ",A)') CRC64 (YD%NGWDLIM), CDPATH//'%NGWDLIM'
(  167) # 168 "./util_tegwd_mod.F90"
(  168) WRITE (KLUN, '(Z16.16," ",A)') CRC64 (YD%NGWDTOP), CDPATH//'%NGWDTOP'
(  169) # 170 "./util_tegwd_mod.F90"
(  170) WRITE (KLUN, '(Z16.16," ",A)') CRC64 (YD%NDIFF_STRATO), CDPATH//'%NDIFF_STRATO'
(  171) # 172 "./util_tegwd_mod.F90"
(  172) WRITE (KLUN, '(Z16.16," ",A)') CRC64 (YD%GFRCRIT), CDPATH//'%GFRCRIT'
(  173) # 174 "./util_tegwd_mod.F90"
(  174) WRITE (KLUN, '(Z16.16," ",A)') CRC64 (YD%GRCRIT), CDPATH//'%GRCRIT'
(  175) # 176 "./util_tegwd_mod.F90"
(  176) WRITE (KLUN, '(Z16.16," ",A)') CRC64 (YD%GKDRAG), CDPATH//'%GKDRAG'
(  177) # 178 "./util_tegwd_mod.F90"
(  178) WRITE (KLUN, '(Z16.16," ",A)') CRC64 (YD%GKWAKE), CDPATH//'%GKWAKE'
(  179) # 180 "./util_tegwd_mod.F90"
(  180) WRITE (KLUN, '(Z16.16," ",A)') CRC64 (YD%GSSEC), CDPATH//'%GSSEC'
(  181) # 182 "./util_tegwd_mod.F90"
(  182) WRITE (KLUN, '(Z16.16," ",A)') CRC64 (YD%GTSEC), CDPATH//'%GTSEC'
(  183) # 184 "./util_tegwd_mod.F90"
(  184) WRITE (KLUN, '(Z16.16," ",A)') CRC64 (YD%GVSEC), CDPATH//'%GVSEC'
(  185) # 186 "./util_tegwd_mod.F90"
(  186) WRITE (KLUN, '(Z16.16," ",A)') CRC64 (YD%GTENLIM), CDPATH//'%GTENLIM'
(  187) # 188 "./util_tegwd_mod.F90"
(  188) WRITE (KLUN, '(Z16.16," ",A)') CRC64 (YD%GRFPLM), CDPATH//'%GRFPLM'
(  189) # 190 "./util_tegwd_mod.F90"
(  190) WRITE (KLUN, '(Z16.16," ",A)') CRC64 (YD%LRDIFF_STRATO), CDPATH//'%LRDIFF_STRATO'
(  191) # 192 "./util_tegwd_mod.F90"
(  192) WRITE (KLUN, '(Z16.16," ",A)') CRC64 (YD%LDIAG_STRATO), CDPATH//'%LDIAG_STRATO'
(  193) # 194 "./util_tegwd_mod.F90"
(  194) END SUBROUTINE
(  195) # 196 "./util_tegwd_mod.F90"
(  196) SUBROUTINE WIPE_TEGWD (YD, LDDELETED, LDFIELDAPI)
(  197) # 198 "./util_tegwd_mod.F90"
(  198) IMPLICIT NONE
(  199) TYPE (TEGWD), INTENT (IN), TARGET :: YD
(  200) LOGICAL, OPTIONAL, INTENT (IN) :: LDDELETED, LDFIELDAPI
(  201) LOGICAL :: LLDELETED
(  202) LOGICAL :: LLFIELDAPI
(  203) # 204 "./util_tegwd_mod.F90"
(  204) LLFIELDAPI = .FALSE.






NVFORTRAN (Version     24.5)          03/19/2025  06:54:32      page 11

(  205) IF (PRESENT (LDFIELDAPI)) THEN
(  206)   LLFIELDAPI = LDFIELDAPI
(  207) ENDIF
(  208) # 223 "./util_tegwd_mod.F90"
(  223) LLDELETED = .FALSE.
(  224) IF (PRESENT (LDDELETED)) THEN
(  225)   LLDELETED = LDDELETED
(  226) ENDIF
(  227) IF (.NOT. LLDELETED) THEN
(  228)   !$acc exit data delete (YD)
(  229) ENDIF
(  230) END SUBROUTINE
(  231) # 232 "./util_tegwd_mod.F90"
(  232) INTEGER*8 FUNCTION SIZE_TEGWD (YD, CDPATH, LDPRINT) RESULT (KSIZE)
(  233) # 234 "./util_tegwd_mod.F90"
(  234) IMPLICIT NONE
(  235) TYPE (TEGWD),     INTENT (IN), TARGET :: YD
(  236) CHARACTER(LEN=*), INTENT (IN), OPTIONAL :: CDPATH
(  237) LOGICAL,          INTENT (IN), OPTIONAL :: LDPRINT
(  238) INTEGER*8 :: ISIZE, JSIZE
(  239) LOGICAL :: LLPRINT
(  240) CHARACTER(LEN=128) :: CLPATH
(  241) # 242 "./util_tegwd_mod.F90"
(  242) LLPRINT = .FALSE.
(  243) IF (PRESENT (LDPRINT)) THEN
(  244)   LLPRINT = LDPRINT
(  245) ENDIF
(  246) CLPATH=''
(  247) IF (PRESENT (CDPATH)) THEN
(  248)   CLPATH = CDPATH
(  249) ENDIF
(  250) KSIZE = 0
(  251) ISIZE = KIND (YD%NKTOPG)
(  252) IF (LLPRINT) THEN
(  253)   WRITE (*, '(I10," ")', ADVANCE='NO') ISIZE
(  254)   WRITE (*, *) TRIM (CLPATH)//'%NKTOPG'
(  255) ENDIF
(  256) KSIZE = KSIZE + ISIZE
(  257) ISIZE = KIND (YD%NGWDLIM)
(  258) IF (LLPRINT) THEN
(  259)   WRITE (*, '(I10," ")', ADVANCE='NO') ISIZE
(  260)   WRITE (*, *) TRIM (CLPATH)//'%NGWDLIM'
(  261) ENDIF
(  262) KSIZE = KSIZE + ISIZE
(  263) ISIZE = KIND (YD%NGWDTOP)
(  264) IF (LLPRINT) THEN
(  265)   WRITE (*, '(I10," ")', ADVANCE='NO') ISIZE
(  266)   WRITE (*, *) TRIM (CLPATH)//'%NGWDTOP'
(  267) ENDIF
(  268) KSIZE = KSIZE + ISIZE
(  269) ISIZE = KIND (YD%NDIFF_STRATO)
(  270) IF (LLPRINT) THEN
(  271)   WRITE (*, '(I10," ")', ADVANCE='NO') ISIZE
(  272)   WRITE (*, *) TRIM (CLPATH)//'%NDIFF_STRATO'
(  273) ENDIF
(  274) KSIZE = KSIZE + ISIZE
(  275) ISIZE = KIND (YD%GFRCRIT)
(  276) IF (LLPRINT) THEN






NVFORTRAN (Version     24.5)          03/19/2025  06:54:32      page 12

(  277)   WRITE (*, '(I10," ")', ADVANCE='NO') ISIZE
(  278)   WRITE (*, *) TRIM (CLPATH)//'%GFRCRIT'
(  279) ENDIF
(  280) KSIZE = KSIZE + ISIZE
(  281) ISIZE = KIND (YD%GRCRIT)
(  282) IF (LLPRINT) THEN
(  283)   WRITE (*, '(I10," ")', ADVANCE='NO') ISIZE
(  284)   WRITE (*, *) TRIM (CLPATH)//'%GRCRIT'
(  285) ENDIF
(  286) KSIZE = KSIZE + ISIZE
(  287) ISIZE = KIND (YD%GKDRAG)
(  288) IF (LLPRINT) THEN
(  289)   WRITE (*, '(I10," ")', ADVANCE='NO') ISIZE
(  290)   WRITE (*, *) TRIM (CLPATH)//'%GKDRAG'
(  291) ENDIF
(  292) KSIZE = KSIZE + ISIZE
(  293) ISIZE = KIND (YD%GKWAKE)
(  294) IF (LLPRINT) THEN
(  295)   WRITE (*, '(I10," ")', ADVANCE='NO') ISIZE
(  296)   WRITE (*, *) TRIM (CLPATH)//'%GKWAKE'
(  297) ENDIF
(  298) KSIZE = KSIZE + ISIZE
(  299) ISIZE = KIND (YD%GSSEC)
(  300) IF (LLPRINT) THEN
(  301)   WRITE (*, '(I10," ")', ADVANCE='NO') ISIZE
(  302)   WRITE (*, *) TRIM (CLPATH)//'%GSSEC'
(  303) ENDIF
(  304) KSIZE = KSIZE + ISIZE
(  305) ISIZE = KIND (YD%GTSEC)
(  306) IF (LLPRINT) THEN
(  307)   WRITE (*, '(I10," ")', ADVANCE='NO') ISIZE
(  308)   WRITE (*, *) TRIM (CLPATH)//'%GTSEC'
(  309) ENDIF
(  310) KSIZE = KSIZE + ISIZE
(  311) ISIZE = KIND (YD%GVSEC)
(  312) IF (LLPRINT) THEN
(  313)   WRITE (*, '(I10," ")', ADVANCE='NO') ISIZE
(  314)   WRITE (*, *) TRIM (CLPATH)//'%GVSEC'
(  315) ENDIF
(  316) KSIZE = KSIZE + ISIZE
(  317) ISIZE = KIND (YD%GTENLIM)
(  318) IF (LLPRINT) THEN
(  319)   WRITE (*, '(I10," ")', ADVANCE='NO') ISIZE
(  320)   WRITE (*, *) TRIM (CLPATH)//'%GTENLIM'
(  321) ENDIF
(  322) KSIZE = KSIZE + ISIZE
(  323) ISIZE = KIND (YD%GRFPLM)
(  324) IF (LLPRINT) THEN
(  325)   WRITE (*, '(I10," ")', ADVANCE='NO') ISIZE
(  326)   WRITE (*, *) TRIM (CLPATH)//'%GRFPLM'
(  327) ENDIF
(  328) KSIZE = KSIZE + ISIZE
(  329) ISIZE = KIND (YD%LRDIFF_STRATO)
(  330) IF (LLPRINT) THEN
(  331)   WRITE (*, '(I10," ")', ADVANCE='NO') ISIZE
(  332)   WRITE (*, *) TRIM (CLPATH)//'%LRDIFF_STRATO'
(  333) ENDIF
(  334) KSIZE = KSIZE + ISIZE






NVFORTRAN (Version     24.5)          03/19/2025  06:54:32      page 13

(  335) ISIZE = KIND (YD%LDIAG_STRATO)
(  336) IF (LLPRINT) THEN
(  337)   WRITE (*, '(I10," ")', ADVANCE='NO') ISIZE
(  338)   WRITE (*, *) TRIM (CLPATH)//'%LDIAG_STRATO'
(  339) ENDIF
(  340) KSIZE = KSIZE + ISIZE
(  341) END FUNCTION
(  342) # 343 "./util_tegwd_mod.F90"
(  343) END MODULE
