


NVFORTRAN (Version     24.5)          03/19/2025  06:54:47      page 1

Switches: -noasm -nodclchk -debug -nodlines -line -list
          -idir /opt/softs/gcc/9.2.0/hpc_sdk/Linux_x86_64/24.5/comm_libs/12.4/hpcx/hpcx-2.19/ompi/include
          -idir /opt/softs/gcc/9.2.0/hpc_sdk/Linux_x86_64/24.5/comm_libs/12.4/hpcx/hpcx-2.19/ompi/lib
          -inform severe -opt 1 -nosave -object -noonetrip
          -depchk on -nostandard     
          -symbol -noupcase    

Filename: ./util_tchem_mod.F90

(    1) MODULE UTIL_TCHEM_MOD
(    2) 
(    3) USE YOMCHEM, ONLY : TCHEM
(    4) 
(    5) INTERFACE SAVE
(    6) MODULE PROCEDURE SAVE_TCHEM
(    7) END INTERFACE
(    8) 
(    9) INTERFACE LOAD
(   10) MODULE PROCEDURE LOAD_TCHEM
(   11) END INTERFACE
(   12) 
(   13) INTERFACE COPY
(   14) MODULE PROCEDURE COPY_TCHEM
(   15) END INTERFACE
(   16) 
(   17) INTERFACE HOST
(   18) MODULE PROCEDURE HOST_TCHEM
(   19) END INTERFACE
(   20) 
(   21)      
(   22) INTERFACE CRC64
(   23) MODULE PROCEDURE CRC64_TCHEM
(   24) END INTERFACE
(   25) 
(   26) INTERFACE WIPE
(   27) MODULE PROCEDURE WIPE_TCHEM
(   28) END INTERFACE
(   29) 
(   30) INTERFACE SIZE
(   31) MODULE PROCEDURE SIZE_TCHEM
(   32) END INTERFACE
(   33) 
(   34) 
(   35) CONTAINS
(   36) 
(   37) SUBROUTINE SAVE_TCHEM (KLUN, YD)
(   38) 
(   39) IMPLICIT NONE
(   40) INTEGER, INTENT (IN) :: KLUN
(   41) TYPE (TCHEM), INTENT (IN), TARGET :: YD
(   42) LOGICAL :: LTCO2DG, LTCOTOP
(   43) WRITE (KLUN) YD%CHEM_SCHEME
(   44) WRITE (KLUN) YD%LCHEM_DIAC
(   45) WRITE (KLUN) YD%LCHEM_BASCOE_JON
(   46) WRITE (KLUN) YD%LCHEM_BASCOE_HETCHEM
(   47) WRITE (KLUN) YD%LCHEM_EXTENDJNO2
(   48) WRITE (KLUN) YD%LMOZART_RSF_DUMMY
(   49) WRITE (KLUN) YD%LCHEM_JOUT
(   50) WRITE (KLUN) YD%LCHEM_LIGHT






NVFORTRAN (Version     24.5)          03/19/2025  06:54:47      page 2

(   51) WRITE (KLUN) YD%RCHEM_LINOX_SCALING
(   52) WRITE (KLUN) YD%LCHEM_ACNOX
(   53) WRITE (KLUN) YD%KCHEM_NOXADV
(   54) WRITE (KLUN) YD%KCHEM_WETDEP
(   55) WRITE (KLUN) YD%KCHEM_DRYDEP
(   56) WRITE (KLUN) YD%LCHEM_REVCHEM
(   57) WRITE (KLUN) YD%LCHEM_STMA
(   58) WRITE (KLUN) YD%LCHEM_ANAO3
(   59) WRITE (KLUN) YD%SMASSCOR
(   60) WRITE (KLUN) YD%LCHEM_0NOX
(   61) WRITE (KLUN) YD%LCHEM_ANACH4
(   62) WRITE (KLUN) YD%LCHEM_WEAK_CH4_RELAXATION
(   63) WRITE (KLUN) YD%LCHEM_CONVSCAV
(   64) WRITE (KLUN) YD%LCHEM_CSHAPE
(   65) WRITE (KLUN) YD%LCHEM_CSHAPE98
(   66) WRITE (KLUN) YD%LCHEM_WDFR
(   67) WRITE (KLUN) YD%LCHEM_HTAP
(   68) WRITE (KLUN) YD%KCHEM_YEARPI
(   69) WRITE (KLUN) YD%RCH4CONST
(   70) WRITE (KLUN) YD%KCHEM_SOLVE
(   71) WRITE (KLUN) YD%LCHEM_O3RAD
(   72) WRITE (KLUN) YD%LCHEM_TL
(   73) WRITE (KLUN) YD%LCHEM_AEROI
(   74) WRITE (KLUN) YD%IEXTR_FREE
(   75) WRITE (KLUN) YD%NUCOCH1
(   76) WRITE (KLUN) YD%NUCOCH2
(   77) WRITE (KLUN) YD%NCHEM_LCOCOEF
(   78) WRITE (KLUN) YD%CHEM_LCOVERS
(   79) WRITE (KLUN) YD%LCHEM_LCOMESO
(   80) WRITE (KLUN) YD%LCHEM_LCOCSTCLIM
(   81) WRITE (KLUN) YD%RCHEM_LCOTAUTOP
(   82) WRITE (KLUN) YD%RCHEM_LCOCLIMTOP
(   83) WRITE (KLUN) YD%LCHEM_LCOLIMIT
(   84) WRITE (KLUN) YD%RCHEM_LCOCOEFA1
(   85) WRITE (KLUN) YD%CSOLMET_ASIS
(   86) WRITE (KLUN) YD%M_SOLITER_ASIS
(   87) WRITE (KLUN) YD%SOLCV_ASIS
(   88) WRITE (KLUN) YD%RTOL_ASIS
(   89) WRITE (KLUN) YD%ATOL_ASIS
(   90) WRITE (KLUN) YD%N_F_RTOL_ASIS
(   91) WRITE (KLUN) YD%N_F_ATOL_ASIS
(   92) LTCO2DG = ALLOCATED (YD%TCO2DG)
(   93) WRITE (KLUN) LTCO2DG
(   94) IF (LTCO2DG) THEN
(   95)   WRITE (KLUN) LBOUND (YD%TCO2DG)
(   96)   WRITE (KLUN) UBOUND (YD%TCO2DG)
(   97)   WRITE (KLUN) YD%TCO2DG
(   98) ENDIF
(   99) LTCOTOP = ALLOCATED (YD%TCOTOP)
(  100) WRITE (KLUN) LTCOTOP
(  101) IF (LTCOTOP) THEN
(  102)   WRITE (KLUN) LBOUND (YD%TCOTOP)
(  103)   WRITE (KLUN) UBOUND (YD%TCOTOP)
(  104)   WRITE (KLUN) YD%TCOTOP
(  105) ENDIF
(  106) WRITE (KLUN) YD%LCHEM_ARPCLIM
(  107) WRITE (KLUN) YD%LCHEM_EMICH4
(  108) END SUBROUTINE






NVFORTRAN (Version     24.5)          03/19/2025  06:54:47      page 3

(  109) 
(  110) SUBROUTINE LOAD_TCHEM (KLUN, YD)
(  111) USE PARKIND1, ONLY : JPRD
(  112) 
(  113) IMPLICIT NONE
(  114) INTEGER, INTENT (IN) :: KLUN
(  115) TYPE (TCHEM), INTENT (OUT), TARGET :: YD
(  116) INTEGER :: IL1(1), IU1(1), IL2(2), IU2(2)
(  117) LOGICAL :: LTCO2DG, LTCOTOP
(  118) REAL(KIND=JPRD) :: ZTMP0
(  119) REAL(KIND=JPRD), ALLOCATABLE :: ZTMP1 (:)
(  120) REAL(KIND=JPRD), ALLOCATABLE :: ZTMP2 (:,:)
(  121) READ (KLUN) YD%CHEM_SCHEME
(  122) READ (KLUN) YD%LCHEM_DIAC
(  123) READ (KLUN) YD%LCHEM_BASCOE_JON
(  124) READ (KLUN) YD%LCHEM_BASCOE_HETCHEM
(  125) READ (KLUN) YD%LCHEM_EXTENDJNO2
(  126) READ (KLUN) YD%LMOZART_RSF_DUMMY
(  127) READ (KLUN) YD%LCHEM_JOUT
(  128) READ (KLUN) YD%LCHEM_LIGHT
(  129) READ (KLUN) ZTMP0
(  130) YD%RCHEM_LINOX_SCALING = ZTMP0
(  131) READ (KLUN) YD%LCHEM_ACNOX
(  132) READ (KLUN) YD%KCHEM_NOXADV
(  133) READ (KLUN) YD%KCHEM_WETDEP
(  134) READ (KLUN) YD%KCHEM_DRYDEP
(  135) READ (KLUN) YD%LCHEM_REVCHEM
(  136) READ (KLUN) YD%LCHEM_STMA
(  137) READ (KLUN) YD%LCHEM_ANAO3
(  138) ALLOCATE (ZTMP2(LBOUND(YD%SMASSCOR,1):UBOUND(YD%SMASSCOR,1), LBOUND(YD%SMASSCOR,2):UBOUND(YD%SMASSCOR,2)))
(  139) READ (KLUN) ZTMP2
(  140) YD%SMASSCOR = ZTMP2
(  141) DEALLOCATE (ZTMP2)
(  142) READ (KLUN) YD%LCHEM_0NOX
(  143) READ (KLUN) YD%LCHEM_ANACH4
(  144) READ (KLUN) YD%LCHEM_WEAK_CH4_RELAXATION
(  145) READ (KLUN) YD%LCHEM_CONVSCAV
(  146) READ (KLUN) YD%LCHEM_CSHAPE
(  147) READ (KLUN) YD%LCHEM_CSHAPE98
(  148) READ (KLUN) YD%LCHEM_WDFR
(  149) READ (KLUN) YD%LCHEM_HTAP
(  150) READ (KLUN) YD%KCHEM_YEARPI
(  151) READ (KLUN) ZTMP0
(  152) YD%RCH4CONST = ZTMP0
(  153) READ (KLUN) YD%KCHEM_SOLVE
(  154) READ (KLUN) YD%LCHEM_O3RAD
(  155) READ (KLUN) YD%LCHEM_TL
(  156) READ (KLUN) YD%LCHEM_AEROI
(  157) READ (KLUN) YD%IEXTR_FREE
(  158) READ (KLUN) YD%NUCOCH1
(  159) READ (KLUN) YD%NUCOCH2
(  160) READ (KLUN) YD%NCHEM_LCOCOEF
(  161) READ (KLUN) YD%CHEM_LCOVERS
(  162) READ (KLUN) YD%LCHEM_LCOMESO
(  163) READ (KLUN) YD%LCHEM_LCOCSTCLIM
(  164) READ (KLUN) ZTMP0
(  165) YD%RCHEM_LCOTAUTOP = ZTMP0
(  166) READ (KLUN) ZTMP0






NVFORTRAN (Version     24.5)          03/19/2025  06:54:47      page 4

(  167) YD%RCHEM_LCOCLIMTOP = ZTMP0
(  168) READ (KLUN) YD%LCHEM_LCOLIMIT
(  169) READ (KLUN) ZTMP0
(  170) YD%RCHEM_LCOCOEFA1 = ZTMP0
(  171) READ (KLUN) YD%CSOLMET_ASIS
(  172) READ (KLUN) YD%M_SOLITER_ASIS
(  173) READ (KLUN) ZTMP0
(  174) YD%SOLCV_ASIS = ZTMP0
(  175) READ (KLUN) ZTMP0
(  176) YD%RTOL_ASIS = ZTMP0
(  177) READ (KLUN) ZTMP0
(  178) YD%ATOL_ASIS = ZTMP0
(  179) READ (KLUN) YD%N_F_RTOL_ASIS
(  180) READ (KLUN) YD%N_F_ATOL_ASIS
(  181) READ (KLUN) LTCO2DG
(  182) IF (LTCO2DG) THEN
(  183)   READ (KLUN) IL2
(  184)   READ (KLUN) IU2
(  185)   ALLOCATE (YD%TCO2DG (IL2(1):IU2(1), IL2(2):IU2(2)))
(  186)   ALLOCATE (ZTMP2(LBOUND(YD%TCO2DG,1):UBOUND(YD%TCO2DG,1), LBOUND(YD%TCO2DG,2):UBOUND(YD%TCO2DG,2)))
(  187)   READ (KLUN) ZTMP2
(  188)   YD%TCO2DG = ZTMP2
(  189)   DEALLOCATE (ZTMP2)
(  190) ENDIF
(  191) READ (KLUN) LTCOTOP
(  192) IF (LTCOTOP) THEN
(  193)   READ (KLUN) IL1
(  194)   READ (KLUN) IU1
(  195)   ALLOCATE (YD%TCOTOP (IL1(1):IU1(1)))
(  196)   ALLOCATE (ZTMP1(LBOUND(YD%TCOTOP,1):UBOUND(YD%TCOTOP,1)))
(  197)   READ (KLUN) ZTMP1
(  198)   YD%TCOTOP = ZTMP1
(  199)   DEALLOCATE (ZTMP1)
(  200) ENDIF
(  201) READ (KLUN) YD%LCHEM_ARPCLIM
(  202) READ (KLUN) YD%LCHEM_EMICH4
(  203) END SUBROUTINE
(  204) 
(  205) 
(  206) SUBROUTINE COPY_TCHEM (YD, LDCREATED, LDFIELDAPI)
(  207) 
(  208) IMPLICIT NONE
(  209) TYPE (TCHEM), INTENT (IN), TARGET :: YD
(  210) LOGICAL, OPTIONAL, INTENT (IN) :: LDCREATED, LDFIELDAPI
(  211) LOGICAL :: LLCREATED
(  212) LOGICAL :: LLFIELDAPI
(  213) LOGICAL :: LTCO2DG, LTCOTOP
(  214) 
(  215) LLFIELDAPI = .FALSE.
(  216) IF (PRESENT (LDFIELDAPI)) THEN
(  217)   LLFIELDAPI = LDFIELDAPI
(  218) ENDIF
(  219) LLCREATED = .FALSE.
(  220) IF (PRESENT (LDCREATED)) THEN
(  221)   LLCREATED = LDCREATED
(  222) ENDIF
(  223) IF (.NOT. LLCREATED) THEN
(  224)   !$acc enter data create (YD)






NVFORTRAN (Version     24.5)          03/19/2025  06:54:47      page 5

(  225)   !$acc update device (YD)
(  226) ENDIF
(  227) 
(  228) 
(  229) 
(  230) 
(  231) 
(  232) 
(  233) 
(  234) 
(  235) 
(  236) 
(  237) 
(  238) 
(  239) 
(  240) 
(  241) 
(  242) 
(  243) 
(  244) 
(  245) 
(  246) 
(  247) 
(  248) 
(  249) 
(  250) 
(  251) 
(  252) 
(  253) 
(  254) 
(  255) 
(  256) 
(  257) 
(  258) 
(  259) 
(  260) 
(  261) 
(  262) 
(  263) 
(  264) 
(  265) 
(  266) 
(  267) 
(  268) 
(  269) 
(  270) 
(  271) 
(  272) 
(  273) 
(  274) 
(  275) 
(  276) LTCO2DG = ALLOCATED (YD%TCO2DG)
(  277) IF (LTCO2DG) THEN
(  278)   !$acc enter data create (YD%TCO2DG)
(  279)   !$acc update device (YD%TCO2DG)
(  280)   !$acc enter data attach (YD%TCO2DG)
(  281) ENDIF
(  282) 






NVFORTRAN (Version     24.5)          03/19/2025  06:54:47      page 6

(  283) LTCOTOP = ALLOCATED (YD%TCOTOP)
(  284) IF (LTCOTOP) THEN
(  285)   !$acc enter data create (YD%TCOTOP)
(  286)   !$acc update device (YD%TCOTOP)
(  287)   !$acc enter data attach (YD%TCOTOP)
(  288) ENDIF
(  289) 
(  290) 
(  291) 
(  292) END SUBROUTINE
(  293) 
(  294) SUBROUTINE HOST_TCHEM (YD)
(  295) 
(  296) IMPLICIT NONE
(  297) TYPE (TCHEM), TARGET :: YD
(  298) LOGICAL :: LTCO2DG, LTCOTOP
(  299) 
(  300) 
(  301) 
(  302) 
(  303) 
(  304) 
(  305) 
(  306) 
(  307) 
(  308) 
(  309) 
(  310) 
(  311) 
(  312) 
(  313) 
(  314) 
(  315) 
(  316) 
(  317) 
(  318) 
(  319) 
(  320) 
(  321) 
(  322) 
(  323) 
(  324) 
(  325) 
(  326) 
(  327) 
(  328) 
(  329) 
(  330) 
(  331) 
(  332) 
(  333) 
(  334) 
(  335) 
(  336) 
(  337) 
(  338) 
(  339) 
(  340) 






NVFORTRAN (Version     24.5)          03/19/2025  06:54:47      page 7

(  341) 
(  342) 
(  343) 
(  344) 
(  345) 
(  346) 
(  347) 
(  348) 
(  349) 
(  350) 
(  351) 
(  352) END SUBROUTINE
(  353) 
(  354)      
(  355) 
(  356) SUBROUTINE CRC64_TCHEM (YD, KLUN, CDPATH)
(  357) USE CRC64_INTRINSIC
(  358) 
(  359) IMPLICIT NONE
(  360) TYPE (TCHEM), TARGET :: YD
(  361) INTEGER, INTENT (IN) :: KLUN
(  362) CHARACTER(LEN=*), INTENT (IN) :: CDPATH
(  363) CHARACTER(LEN=128) :: CLIND
(  364) LOGICAL :: LTCO2DG, LTCOTOP
(  365) WRITE (KLUN, '(Z16.16," ",A)') CRC64 (YD%CHEM_SCHEME), CDPATH//'%CHEM_SCHEME'
(  366) 
(  367) WRITE (KLUN, '(Z16.16," ",A)') CRC64 (YD%LCHEM_DIAC), CDPATH//'%LCHEM_DIAC'
(  368) 
(  369) WRITE (KLUN, '(Z16.16," ",A)') CRC64 (YD%LCHEM_BASCOE_JON), CDPATH//'%LCHEM_BASCOE_JON'
(  370) 
(  371) WRITE (KLUN, '(Z16.16," ",A)') CRC64 (YD%LCHEM_BASCOE_HETCHEM), CDPATH//'%LCHEM_BASCOE_HETCHEM'
(  372) 
(  373) WRITE (KLUN, '(Z16.16," ",A)') CRC64 (YD%LCHEM_EXTENDJNO2), CDPATH//'%LCHEM_EXTENDJNO2'
(  374) 
(  375) WRITE (KLUN, '(Z16.16," ",A)') CRC64 (YD%LMOZART_RSF_DUMMY), CDPATH//'%LMOZART_RSF_DUMMY'
(  376) 
(  377) WRITE (KLUN, '(Z16.16," ",A)') CRC64 (YD%LCHEM_JOUT), CDPATH//'%LCHEM_JOUT'
(  378) 
(  379) WRITE (KLUN, '(Z16.16," ",A)') CRC64 (YD%LCHEM_LIGHT), CDPATH//'%LCHEM_LIGHT'
(  380) 
(  381) WRITE (KLUN, '(Z16.16," ",A)') CRC64 (YD%RCHEM_LINOX_SCALING), CDPATH//'%RCHEM_LINOX_SCALING'
(  382) 
(  383) WRITE (KLUN, '(Z16.16," ",A)') CRC64 (YD%LCHEM_ACNOX), CDPATH//'%LCHEM_ACNOX'
(  384) 
(  385) WRITE (KLUN, '(Z16.16," ",A)') CRC64 (YD%KCHEM_NOXADV), CDPATH//'%KCHEM_NOXADV'
(  386) 
(  387) WRITE (KLUN, '(Z16.16," ",A)') CRC64 (YD%KCHEM_WETDEP), CDPATH//'%KCHEM_WETDEP'
(  388) 
(  389) WRITE (KLUN, '(Z16.16," ",A)') CRC64 (YD%KCHEM_DRYDEP), CDPATH//'%KCHEM_DRYDEP'
(  390) 
(  391) WRITE (KLUN, '(Z16.16," ",A)') CRC64 (YD%LCHEM_REVCHEM), CDPATH//'%LCHEM_REVCHEM'
(  392) 
(  393) WRITE (KLUN, '(Z16.16," ",A)') CRC64 (YD%LCHEM_STMA), CDPATH//'%LCHEM_STMA'
(  394) 
(  395) WRITE (KLUN, '(Z16.16," ",A)') CRC64 (YD%LCHEM_ANAO3), CDPATH//'%LCHEM_ANAO3'
(  396) 
(  397) WRITE (KLUN, '(Z16.16," ",A)') CRC64 (YD%SMASSCOR), CDPATH//'%SMASSCOR'
(  398) 






NVFORTRAN (Version     24.5)          03/19/2025  06:54:47      page 8

(  399) WRITE (KLUN, '(Z16.16," ",A)') CRC64 (YD%LCHEM_0NOX), CDPATH//'%LCHEM_0NOX'
(  400) 
(  401) WRITE (KLUN, '(Z16.16," ",A)') CRC64 (YD%LCHEM_ANACH4), CDPATH//'%LCHEM_ANACH4'
(  402) 
(  403) WRITE (KLUN, '(Z16.16," ",A)') CRC64 (YD%LCHEM_WEAK_CH4_RELAXATION), CDPATH//'%LCHEM_WEAK_CH4_RELAXATION'
(  404) 
(  405) WRITE (KLUN, '(Z16.16," ",A)') CRC64 (YD%LCHEM_CONVSCAV), CDPATH//'%LCHEM_CONVSCAV'
(  406) 
(  407) WRITE (KLUN, '(Z16.16," ",A)') CRC64 (YD%LCHEM_CSHAPE), CDPATH//'%LCHEM_CSHAPE'
(  408) 
(  409) WRITE (KLUN, '(Z16.16," ",A)') CRC64 (YD%LCHEM_CSHAPE98), CDPATH//'%LCHEM_CSHAPE98'
(  410) 
(  411) WRITE (KLUN, '(Z16.16," ",A)') CRC64 (YD%LCHEM_WDFR), CDPATH//'%LCHEM_WDFR'
(  412) 
(  413) WRITE (KLUN, '(Z16.16," ",A)') CRC64 (YD%LCHEM_HTAP), CDPATH//'%LCHEM_HTAP'
(  414) 
(  415) WRITE (KLUN, '(Z16.16," ",A)') CRC64 (YD%KCHEM_YEARPI), CDPATH//'%KCHEM_YEARPI'
(  416) 
(  417) WRITE (KLUN, '(Z16.16," ",A)') CRC64 (YD%RCH4CONST), CDPATH//'%RCH4CONST'
(  418) 
(  419) WRITE (KLUN, '(Z16.16," ",A)') CRC64 (YD%KCHEM_SOLVE), CDPATH//'%KCHEM_SOLVE'
(  420) 
(  421) WRITE (KLUN, '(Z16.16," ",A)') CRC64 (YD%LCHEM_O3RAD), CDPATH//'%LCHEM_O3RAD'
(  422) 
(  423) WRITE (KLUN, '(Z16.16," ",A)') CRC64 (YD%LCHEM_TL), CDPATH//'%LCHEM_TL'
(  424) 
(  425) WRITE (KLUN, '(Z16.16," ",A)') CRC64 (YD%LCHEM_AEROI), CDPATH//'%LCHEM_AEROI'
(  426) 
(  427) WRITE (KLUN, '(Z16.16," ",A)') CRC64 (YD%IEXTR_FREE), CDPATH//'%IEXTR_FREE'
(  428) 
(  429) WRITE (KLUN, '(Z16.16," ",A)') CRC64 (YD%NUCOCH1), CDPATH//'%NUCOCH1'
(  430) 
(  431) WRITE (KLUN, '(Z16.16," ",A)') CRC64 (YD%NUCOCH2), CDPATH//'%NUCOCH2'
(  432) 
(  433) WRITE (KLUN, '(Z16.16," ",A)') CRC64 (YD%NCHEM_LCOCOEF), CDPATH//'%NCHEM_LCOCOEF'
(  434) 
(  435) WRITE (KLUN, '(Z16.16," ",A)') CRC64 (YD%CHEM_LCOVERS), CDPATH//'%CHEM_LCOVERS'
(  436) 
(  437) WRITE (KLUN, '(Z16.16," ",A)') CRC64 (YD%LCHEM_LCOMESO), CDPATH//'%LCHEM_LCOMESO'
(  438) 
(  439) WRITE (KLUN, '(Z16.16," ",A)') CRC64 (YD%LCHEM_LCOCSTCLIM), CDPATH//'%LCHEM_LCOCSTCLIM'
(  440) 
(  441) WRITE (KLUN, '(Z16.16," ",A)') CRC64 (YD%RCHEM_LCOTAUTOP), CDPATH//'%RCHEM_LCOTAUTOP'
(  442) 
(  443) WRITE (KLUN, '(Z16.16," ",A)') CRC64 (YD%RCHEM_LCOCLIMTOP), CDPATH//'%RCHEM_LCOCLIMTOP'
(  444) 
(  445) WRITE (KLUN, '(Z16.16," ",A)') CRC64 (YD%LCHEM_LCOLIMIT), CDPATH//'%LCHEM_LCOLIMIT'
(  446) 
(  447) WRITE (KLUN, '(Z16.16," ",A)') CRC64 (YD%RCHEM_LCOCOEFA1), CDPATH//'%RCHEM_LCOCOEFA1'
(  448) 
(  449) WRITE (KLUN, '(Z16.16," ",A)') CRC64 (YD%CSOLMET_ASIS), CDPATH//'%CSOLMET_ASIS'
(  450) 
(  451) WRITE (KLUN, '(Z16.16," ",A)') CRC64 (YD%M_SOLITER_ASIS), CDPATH//'%M_SOLITER_ASIS'
(  452) 
(  453) WRITE (KLUN, '(Z16.16," ",A)') CRC64 (YD%SOLCV_ASIS), CDPATH//'%SOLCV_ASIS'
(  454) 
(  455) WRITE (KLUN, '(Z16.16," ",A)') CRC64 (YD%RTOL_ASIS), CDPATH//'%RTOL_ASIS'
(  456) 






NVFORTRAN (Version     24.5)          03/19/2025  06:54:47      page 9

(  457) WRITE (KLUN, '(Z16.16," ",A)') CRC64 (YD%ATOL_ASIS), CDPATH//'%ATOL_ASIS'
(  458) 
(  459) WRITE (KLUN, '(Z16.16," ",A)') CRC64 (YD%N_F_RTOL_ASIS), CDPATH//'%N_F_RTOL_ASIS'
(  460) 
(  461) WRITE (KLUN, '(Z16.16," ",A)') CRC64 (YD%N_F_ATOL_ASIS), CDPATH//'%N_F_ATOL_ASIS'
(  462) 
(  463) WRITE (KLUN, '(Z16.16," ",A)') CRC64 (YD%TCO2DG), CDPATH//'%TCO2DG'
(  464) 
(  465) WRITE (KLUN, '(Z16.16," ",A)') CRC64 (YD%TCOTOP), CDPATH//'%TCOTOP'
(  466) 
(  467) WRITE (KLUN, '(Z16.16," ",A)') CRC64 (YD%LCHEM_ARPCLIM), CDPATH//'%LCHEM_ARPCLIM'
(  468) 
(  469) WRITE (KLUN, '(Z16.16," ",A)') CRC64 (YD%LCHEM_EMICH4), CDPATH//'%LCHEM_EMICH4'
(  470) 
(  471) END SUBROUTINE
(  472) 
(  473) SUBROUTINE WIPE_TCHEM (YD, LDDELETED, LDFIELDAPI)
(  474) 
(  475) IMPLICIT NONE
(  476) TYPE (TCHEM), INTENT (IN), TARGET :: YD
(  477) LOGICAL, OPTIONAL, INTENT (IN) :: LDDELETED, LDFIELDAPI
(  478) LOGICAL :: LLDELETED
(  479) LOGICAL :: LLFIELDAPI
(  480) LOGICAL :: LTCO2DG, LTCOTOP
(  481) 
(  482) LLFIELDAPI = .FALSE.
(  483) IF (PRESENT (LDFIELDAPI)) THEN
(  484)   LLFIELDAPI = LDFIELDAPI
(  485) ENDIF
(  486) 
(  487) 
(  488) 
(  489) 
(  490) 
(  491) 
(  492) 
(  493) 
(  494) 
(  495) 
(  496) 
(  497) 
(  498) 
(  499) 
(  500) 
(  501) 
(  502) 
(  503) 
(  504) 
(  505) 
(  506) 
(  507) 
(  508) 
(  509) 
(  510) 
(  511) 
(  512) 
(  513) 
(  514) 






NVFORTRAN (Version     24.5)          03/19/2025  06:54:47      page 10

(  515) 
(  516) 
(  517) 
(  518) 
(  519) 
(  520) 
(  521) 
(  522) 
(  523) 
(  524) 
(  525) 
(  526) 
(  527) 
(  528) 
(  529) 
(  530) 
(  531) 
(  532) 
(  533) 
(  534) 
(  535) LTCO2DG = ALLOCATED (YD%TCO2DG)
(  536) IF (LTCO2DG) THEN
(  537)   !$acc exit data detach (YD%TCO2DG)
(  538)   !$acc exit data delete (YD%TCO2DG)
(  539) ENDIF
(  540) 
(  541) LTCOTOP = ALLOCATED (YD%TCOTOP)
(  542) IF (LTCOTOP) THEN
(  543)   !$acc exit data detach (YD%TCOTOP)
(  544)   !$acc exit data delete (YD%TCOTOP)
(  545) ENDIF
(  546) 
(  547) 
(  548) 
(  549) LLDELETED = .FALSE.
(  550) IF (PRESENT (LDDELETED)) THEN
(  551)   LLDELETED = LDDELETED
(  552) ENDIF
(  553) IF (.NOT. LLDELETED) THEN
(  554)   !$acc exit data delete (YD)
(  555) ENDIF
(  556) END SUBROUTINE
(  557) 
(  558) INTEGER*8 FUNCTION SIZE_TCHEM (YD, CDPATH, LDPRINT) RESULT (KSIZE)
(  559) 
(  560) IMPLICIT NONE
(  561) TYPE (TCHEM),     INTENT (IN), TARGET :: YD
(  562) CHARACTER(LEN=*), INTENT (IN), OPTIONAL :: CDPATH
(  563) LOGICAL,          INTENT (IN), OPTIONAL :: LDPRINT
(  564) INTEGER*8 :: ISIZE, JSIZE
(  565) LOGICAL :: LLPRINT
(  566) CHARACTER(LEN=128) :: CLPATH
(  567) LOGICAL :: LTCO2DG, LTCOTOP
(  568) 
(  569) LLPRINT = .FALSE.
(  570) IF (PRESENT (LDPRINT)) THEN
(  571)   LLPRINT = LDPRINT
(  572) ENDIF






NVFORTRAN (Version     24.5)          03/19/2025  06:54:47      page 11

(  573) CLPATH=''
(  574) IF (PRESENT (CDPATH)) THEN
(  575)   CLPATH = CDPATH
(  576) ENDIF
(  577) KSIZE = 0
(  578) ISIZE = KIND (YD%CHEM_SCHEME) * LEN (YD%CHEM_SCHEME)
(  579) IF (LLPRINT) THEN
(  580)   WRITE (*, '(I10," ")', ADVANCE='NO') ISIZE
(  581)   WRITE (*, *) TRIM (CLPATH)//'%CHEM_SCHEME'
(  582) ENDIF
(  583) KSIZE = KSIZE + ISIZE
(  584) ISIZE = KIND (YD%LCHEM_DIAC)
(  585) IF (LLPRINT) THEN
(  586)   WRITE (*, '(I10," ")', ADVANCE='NO') ISIZE
(  587)   WRITE (*, *) TRIM (CLPATH)//'%LCHEM_DIAC'
(  588) ENDIF
(  589) KSIZE = KSIZE + ISIZE
(  590) ISIZE = KIND (YD%LCHEM_BASCOE_JON)
(  591) IF (LLPRINT) THEN
(  592)   WRITE (*, '(I10," ")', ADVANCE='NO') ISIZE
(  593)   WRITE (*, *) TRIM (CLPATH)//'%LCHEM_BASCOE_JON'
(  594) ENDIF
(  595) KSIZE = KSIZE + ISIZE
(  596) ISIZE = KIND (YD%LCHEM_BASCOE_HETCHEM)
(  597) IF (LLPRINT) THEN
(  598)   WRITE (*, '(I10," ")', ADVANCE='NO') ISIZE
(  599)   WRITE (*, *) TRIM (CLPATH)//'%LCHEM_BASCOE_HETCHEM'
(  600) ENDIF
(  601) KSIZE = KSIZE + ISIZE
(  602) ISIZE = KIND (YD%LCHEM_EXTENDJNO2)
(  603) IF (LLPRINT) THEN
(  604)   WRITE (*, '(I10," ")', ADVANCE='NO') ISIZE
(  605)   WRITE (*, *) TRIM (CLPATH)//'%LCHEM_EXTENDJNO2'
(  606) ENDIF
(  607) KSIZE = KSIZE + ISIZE
(  608) ISIZE = KIND (YD%LMOZART_RSF_DUMMY)
(  609) IF (LLPRINT) THEN
(  610)   WRITE (*, '(I10," ")', ADVANCE='NO') ISIZE
(  611)   WRITE (*, *) TRIM (CLPATH)//'%LMOZART_RSF_DUMMY'
(  612) ENDIF
(  613) KSIZE = KSIZE + ISIZE
(  614) ISIZE = KIND (YD%LCHEM_JOUT)
(  615) IF (LLPRINT) THEN
(  616)   WRITE (*, '(I10," ")', ADVANCE='NO') ISIZE
(  617)   WRITE (*, *) TRIM (CLPATH)//'%LCHEM_JOUT'
(  618) ENDIF
(  619) KSIZE = KSIZE + ISIZE
(  620) ISIZE = KIND (YD%LCHEM_LIGHT)
(  621) IF (LLPRINT) THEN
(  622)   WRITE (*, '(I10," ")', ADVANCE='NO') ISIZE
(  623)   WRITE (*, *) TRIM (CLPATH)//'%LCHEM_LIGHT'
(  624) ENDIF
(  625) KSIZE = KSIZE + ISIZE
(  626) ISIZE = KIND (YD%RCHEM_LINOX_SCALING)
(  627) IF (LLPRINT) THEN
(  628)   WRITE (*, '(I10," ")', ADVANCE='NO') ISIZE
(  629)   WRITE (*, *) TRIM (CLPATH)//'%RCHEM_LINOX_SCALING'
(  630) ENDIF






NVFORTRAN (Version     24.5)          03/19/2025  06:54:47      page 12

(  631) KSIZE = KSIZE + ISIZE
(  632) ISIZE = KIND (YD%LCHEM_ACNOX)
(  633) IF (LLPRINT) THEN
(  634)   WRITE (*, '(I10," ")', ADVANCE='NO') ISIZE
(  635)   WRITE (*, *) TRIM (CLPATH)//'%LCHEM_ACNOX'
(  636) ENDIF
(  637) KSIZE = KSIZE + ISIZE
(  638) ISIZE = KIND (YD%KCHEM_NOXADV)
(  639) IF (LLPRINT) THEN
(  640)   WRITE (*, '(I10," ")', ADVANCE='NO') ISIZE
(  641)   WRITE (*, *) TRIM (CLPATH)//'%KCHEM_NOXADV'
(  642) ENDIF
(  643) KSIZE = KSIZE + ISIZE
(  644) ISIZE = KIND (YD%KCHEM_WETDEP)
(  645) IF (LLPRINT) THEN
(  646)   WRITE (*, '(I10," ")', ADVANCE='NO') ISIZE
(  647)   WRITE (*, *) TRIM (CLPATH)//'%KCHEM_WETDEP'
(  648) ENDIF
(  649) KSIZE = KSIZE + ISIZE
(  650) ISIZE = KIND (YD%KCHEM_DRYDEP)
(  651) IF (LLPRINT) THEN
(  652)   WRITE (*, '(I10," ")', ADVANCE='NO') ISIZE
(  653)   WRITE (*, *) TRIM (CLPATH)//'%KCHEM_DRYDEP'
(  654) ENDIF
(  655) KSIZE = KSIZE + ISIZE
(  656) ISIZE = KIND (YD%LCHEM_REVCHEM)
(  657) IF (LLPRINT) THEN
(  658)   WRITE (*, '(I10," ")', ADVANCE='NO') ISIZE
(  659)   WRITE (*, *) TRIM (CLPATH)//'%LCHEM_REVCHEM'
(  660) ENDIF
(  661) KSIZE = KSIZE + ISIZE
(  662) ISIZE = KIND (YD%LCHEM_STMA)
(  663) IF (LLPRINT) THEN
(  664)   WRITE (*, '(I10," ")', ADVANCE='NO') ISIZE
(  665)   WRITE (*, *) TRIM (CLPATH)//'%LCHEM_STMA'
(  666) ENDIF
(  667) KSIZE = KSIZE + ISIZE
(  668) ISIZE = KIND (YD%LCHEM_ANAO3)
(  669) IF (LLPRINT) THEN
(  670)   WRITE (*, '(I10," ")', ADVANCE='NO') ISIZE
(  671)   WRITE (*, *) TRIM (CLPATH)//'%LCHEM_ANAO3'
(  672) ENDIF
(  673) KSIZE = KSIZE + ISIZE
(  674) ISIZE = KIND (YD%SMASSCOR) * SIZE (YD%SMASSCOR)
(  675) IF (LLPRINT) THEN
(  676)   WRITE (*, '(I10," ")', ADVANCE='NO') ISIZE
(  677)   WRITE (*, *) TRIM (CLPATH)//'%SMASSCOR'
(  678) ENDIF
(  679) KSIZE = KSIZE + ISIZE
(  680) ISIZE = KIND (YD%LCHEM_0NOX)
(  681) IF (LLPRINT) THEN
(  682)   WRITE (*, '(I10," ")', ADVANCE='NO') ISIZE
(  683)   WRITE (*, *) TRIM (CLPATH)//'%LCHEM_0NOX'
(  684) ENDIF
(  685) KSIZE = KSIZE + ISIZE
(  686) ISIZE = KIND (YD%LCHEM_ANACH4)
(  687) IF (LLPRINT) THEN
(  688)   WRITE (*, '(I10," ")', ADVANCE='NO') ISIZE






NVFORTRAN (Version     24.5)          03/19/2025  06:54:47      page 13

(  689)   WRITE (*, *) TRIM (CLPATH)//'%LCHEM_ANACH4'
(  690) ENDIF
(  691) KSIZE = KSIZE + ISIZE
(  692) ISIZE = KIND (YD%LCHEM_WEAK_CH4_RELAXATION)
(  693) IF (LLPRINT) THEN
(  694)   WRITE (*, '(I10," ")', ADVANCE='NO') ISIZE
(  695)   WRITE (*, *) TRIM (CLPATH)//'%LCHEM_WEAK_CH4_RELAXATION'
(  696) ENDIF
(  697) KSIZE = KSIZE + ISIZE
(  698) ISIZE = KIND (YD%LCHEM_CONVSCAV)
(  699) IF (LLPRINT) THEN
(  700)   WRITE (*, '(I10," ")', ADVANCE='NO') ISIZE
(  701)   WRITE (*, *) TRIM (CLPATH)//'%LCHEM_CONVSCAV'
(  702) ENDIF
(  703) KSIZE = KSIZE + ISIZE
(  704) ISIZE = KIND (YD%LCHEM_CSHAPE)
(  705) IF (LLPRINT) THEN
(  706)   WRITE (*, '(I10," ")', ADVANCE='NO') ISIZE
(  707)   WRITE (*, *) TRIM (CLPATH)//'%LCHEM_CSHAPE'
(  708) ENDIF
(  709) KSIZE = KSIZE + ISIZE
(  710) ISIZE = KIND (YD%LCHEM_CSHAPE98)
(  711) IF (LLPRINT) THEN
(  712)   WRITE (*, '(I10," ")', ADVANCE='NO') ISIZE
(  713)   WRITE (*, *) TRIM (CLPATH)//'%LCHEM_CSHAPE98'
(  714) ENDIF
(  715) KSIZE = KSIZE + ISIZE
(  716) ISIZE = KIND (YD%LCHEM_WDFR)
(  717) IF (LLPRINT) THEN
(  718)   WRITE (*, '(I10," ")', ADVANCE='NO') ISIZE
(  719)   WRITE (*, *) TRIM (CLPATH)//'%LCHEM_WDFR'
(  720) ENDIF
(  721) KSIZE = KSIZE + ISIZE
(  722) ISIZE = KIND (YD%LCHEM_HTAP)
(  723) IF (LLPRINT) THEN
(  724)   WRITE (*, '(I10," ")', ADVANCE='NO') ISIZE
(  725)   WRITE (*, *) TRIM (CLPATH)//'%LCHEM_HTAP'
(  726) ENDIF
(  727) KSIZE = KSIZE + ISIZE
(  728) ISIZE = KIND (YD%KCHEM_YEARPI)
(  729) IF (LLPRINT) THEN
(  730)   WRITE (*, '(I10," ")', ADVANCE='NO') ISIZE
(  731)   WRITE (*, *) TRIM (CLPATH)//'%KCHEM_YEARPI'
(  732) ENDIF
(  733) KSIZE = KSIZE + ISIZE
(  734) ISIZE = KIND (YD%RCH4CONST)
(  735) IF (LLPRINT) THEN
(  736)   WRITE (*, '(I10," ")', ADVANCE='NO') ISIZE
(  737)   WRITE (*, *) TRIM (CLPATH)//'%RCH4CONST'
(  738) ENDIF
(  739) KSIZE = KSIZE + ISIZE
(  740) ISIZE = KIND (YD%KCHEM_SOLVE)
(  741) IF (LLPRINT) THEN
(  742)   WRITE (*, '(I10," ")', ADVANCE='NO') ISIZE
(  743)   WRITE (*, *) TRIM (CLPATH)//'%KCHEM_SOLVE'
(  744) ENDIF
(  745) KSIZE = KSIZE + ISIZE
(  746) ISIZE = KIND (YD%LCHEM_O3RAD)






NVFORTRAN (Version     24.5)          03/19/2025  06:54:47      page 14

(  747) IF (LLPRINT) THEN
(  748)   WRITE (*, '(I10," ")', ADVANCE='NO') ISIZE
(  749)   WRITE (*, *) TRIM (CLPATH)//'%LCHEM_O3RAD'
(  750) ENDIF
(  751) KSIZE = KSIZE + ISIZE
(  752) ISIZE = KIND (YD%LCHEM_TL)
(  753) IF (LLPRINT) THEN
(  754)   WRITE (*, '(I10," ")', ADVANCE='NO') ISIZE
(  755)   WRITE (*, *) TRIM (CLPATH)//'%LCHEM_TL'
(  756) ENDIF
(  757) KSIZE = KSIZE + ISIZE
(  758) ISIZE = KIND (YD%LCHEM_AEROI)
(  759) IF (LLPRINT) THEN
(  760)   WRITE (*, '(I10," ")', ADVANCE='NO') ISIZE
(  761)   WRITE (*, *) TRIM (CLPATH)//'%LCHEM_AEROI'
(  762) ENDIF
(  763) KSIZE = KSIZE + ISIZE
(  764) ISIZE = KIND (YD%IEXTR_FREE) * SIZE (YD%IEXTR_FREE)
(  765) IF (LLPRINT) THEN
(  766)   WRITE (*, '(I10," ")', ADVANCE='NO') ISIZE
(  767)   WRITE (*, *) TRIM (CLPATH)//'%IEXTR_FREE'
(  768) ENDIF
(  769) KSIZE = KSIZE + ISIZE
(  770) ISIZE = KIND (YD%NUCOCH1)
(  771) IF (LLPRINT) THEN
(  772)   WRITE (*, '(I10," ")', ADVANCE='NO') ISIZE
(  773)   WRITE (*, *) TRIM (CLPATH)//'%NUCOCH1'
(  774) ENDIF
(  775) KSIZE = KSIZE + ISIZE
(  776) ISIZE = KIND (YD%NUCOCH2)
(  777) IF (LLPRINT) THEN
(  778)   WRITE (*, '(I10," ")', ADVANCE='NO') ISIZE
(  779)   WRITE (*, *) TRIM (CLPATH)//'%NUCOCH2'
(  780) ENDIF
(  781) KSIZE = KSIZE + ISIZE
(  782) ISIZE = KIND (YD%NCHEM_LCOCOEF)
(  783) IF (LLPRINT) THEN
(  784)   WRITE (*, '(I10," ")', ADVANCE='NO') ISIZE
(  785)   WRITE (*, *) TRIM (CLPATH)//'%NCHEM_LCOCOEF'
(  786) ENDIF
(  787) KSIZE = KSIZE + ISIZE
(  788) ISIZE = KIND (YD%CHEM_LCOVERS) * LEN (YD%CHEM_LCOVERS)
(  789) IF (LLPRINT) THEN
(  790)   WRITE (*, '(I10," ")', ADVANCE='NO') ISIZE
(  791)   WRITE (*, *) TRIM (CLPATH)//'%CHEM_LCOVERS'
(  792) ENDIF
(  793) KSIZE = KSIZE + ISIZE
(  794) ISIZE = KIND (YD%LCHEM_LCOMESO)
(  795) IF (LLPRINT) THEN
(  796)   WRITE (*, '(I10," ")', ADVANCE='NO') ISIZE
(  797)   WRITE (*, *) TRIM (CLPATH)//'%LCHEM_LCOMESO'
(  798) ENDIF
(  799) KSIZE = KSIZE + ISIZE
(  800) ISIZE = KIND (YD%LCHEM_LCOCSTCLIM)
(  801) IF (LLPRINT) THEN
(  802)   WRITE (*, '(I10," ")', ADVANCE='NO') ISIZE
(  803)   WRITE (*, *) TRIM (CLPATH)//'%LCHEM_LCOCSTCLIM'
(  804) ENDIF






NVFORTRAN (Version     24.5)          03/19/2025  06:54:47      page 15

(  805) KSIZE = KSIZE + ISIZE
(  806) ISIZE = KIND (YD%RCHEM_LCOTAUTOP)
(  807) IF (LLPRINT) THEN
(  808)   WRITE (*, '(I10," ")', ADVANCE='NO') ISIZE
(  809)   WRITE (*, *) TRIM (CLPATH)//'%RCHEM_LCOTAUTOP'
(  810) ENDIF
(  811) KSIZE = KSIZE + ISIZE
(  812) ISIZE = KIND (YD%RCHEM_LCOCLIMTOP)
(  813) IF (LLPRINT) THEN
(  814)   WRITE (*, '(I10," ")', ADVANCE='NO') ISIZE
(  815)   WRITE (*, *) TRIM (CLPATH)//'%RCHEM_LCOCLIMTOP'
(  816) ENDIF
(  817) KSIZE = KSIZE + ISIZE
(  818) ISIZE = KIND (YD%LCHEM_LCOLIMIT)
(  819) IF (LLPRINT) THEN
(  820)   WRITE (*, '(I10," ")', ADVANCE='NO') ISIZE
(  821)   WRITE (*, *) TRIM (CLPATH)//'%LCHEM_LCOLIMIT'
(  822) ENDIF
(  823) KSIZE = KSIZE + ISIZE
(  824) ISIZE = KIND (YD%RCHEM_LCOCOEFA1)
(  825) IF (LLPRINT) THEN
(  826)   WRITE (*, '(I10," ")', ADVANCE='NO') ISIZE
(  827)   WRITE (*, *) TRIM (CLPATH)//'%RCHEM_LCOCOEFA1'
(  828) ENDIF
(  829) KSIZE = KSIZE + ISIZE
(  830) ISIZE = KIND (YD%CSOLMET_ASIS) * LEN (YD%CSOLMET_ASIS)
(  831) IF (LLPRINT) THEN
(  832)   WRITE (*, '(I10," ")', ADVANCE='NO') ISIZE
(  833)   WRITE (*, *) TRIM (CLPATH)//'%CSOLMET_ASIS'
(  834) ENDIF
(  835) KSIZE = KSIZE + ISIZE
(  836) ISIZE = KIND (YD%M_SOLITER_ASIS)
(  837) IF (LLPRINT) THEN
(  838)   WRITE (*, '(I10," ")', ADVANCE='NO') ISIZE
(  839)   WRITE (*, *) TRIM (CLPATH)//'%M_SOLITER_ASIS'
(  840) ENDIF
(  841) KSIZE = KSIZE + ISIZE
(  842) ISIZE = KIND (YD%SOLCV_ASIS)
(  843) IF (LLPRINT) THEN
(  844)   WRITE (*, '(I10," ")', ADVANCE='NO') ISIZE
(  845)   WRITE (*, *) TRIM (CLPATH)//'%SOLCV_ASIS'
(  846) ENDIF
(  847) KSIZE = KSIZE + ISIZE
(  848) ISIZE = KIND (YD%RTOL_ASIS)
(  849) IF (LLPRINT) THEN
(  850)   WRITE (*, '(I10," ")', ADVANCE='NO') ISIZE
(  851)   WRITE (*, *) TRIM (CLPATH)//'%RTOL_ASIS'
(  852) ENDIF
(  853) KSIZE = KSIZE + ISIZE
(  854) ISIZE = KIND (YD%ATOL_ASIS)
(  855) IF (LLPRINT) THEN
(  856)   WRITE (*, '(I10," ")', ADVANCE='NO') ISIZE
(  857)   WRITE (*, *) TRIM (CLPATH)//'%ATOL_ASIS'
(  858) ENDIF
(  859) KSIZE = KSIZE + ISIZE
(  860) ISIZE = KIND (YD%N_F_RTOL_ASIS)
(  861) IF (LLPRINT) THEN
(  862)   WRITE (*, '(I10," ")', ADVANCE='NO') ISIZE






NVFORTRAN (Version     24.5)          03/19/2025  06:54:47      page 16

(  863)   WRITE (*, *) TRIM (CLPATH)//'%N_F_RTOL_ASIS'
(  864) ENDIF
(  865) KSIZE = KSIZE + ISIZE
(  866) ISIZE = KIND (YD%N_F_ATOL_ASIS)
(  867) IF (LLPRINT) THEN
(  868)   WRITE (*, '(I10," ")', ADVANCE='NO') ISIZE
(  869)   WRITE (*, *) TRIM (CLPATH)//'%N_F_ATOL_ASIS'
(  870) ENDIF
(  871) KSIZE = KSIZE + ISIZE
(  872) LTCO2DG = ALLOCATED (YD%TCO2DG)
(  873) IF (LTCO2DG) THEN
(  874)   ISIZE = KIND (YD%TCO2DG) * SIZE (YD%TCO2DG)
(  875)   IF (LLPRINT) THEN
(  876)     WRITE (*, '(I10," ")', ADVANCE='NO') ISIZE
(  877)     WRITE (*, *) TRIM (CLPATH)//'%TCO2DG'
(  878)   ENDIF
(  879)   KSIZE = KSIZE + ISIZE
(  880) ENDIF
(  881) LTCOTOP = ALLOCATED (YD%TCOTOP)
(  882) IF (LTCOTOP) THEN
(  883)   ISIZE = KIND (YD%TCOTOP) * SIZE (YD%TCOTOP)
(  884)   IF (LLPRINT) THEN
(  885)     WRITE (*, '(I10," ")', ADVANCE='NO') ISIZE
(  886)     WRITE (*, *) TRIM (CLPATH)//'%TCOTOP'
(  887)   ENDIF
(  888)   KSIZE = KSIZE + ISIZE
(  889) ENDIF
(  890) ISIZE = KIND (YD%LCHEM_ARPCLIM)
(  891) IF (LLPRINT) THEN
(  892)   WRITE (*, '(I10," ")', ADVANCE='NO') ISIZE
(  893)   WRITE (*, *) TRIM (CLPATH)//'%LCHEM_ARPCLIM'
(  894) ENDIF
(  895) KSIZE = KSIZE + ISIZE
(  896) ISIZE = KIND (YD%LCHEM_EMICH4)
(  897) IF (LLPRINT) THEN
(  898)   WRITE (*, '(I10," ")', ADVANCE='NO') ISIZE
(  899)   WRITE (*, *) TRIM (CLPATH)//'%LCHEM_EMICH4'
(  900) ENDIF
(  901) KSIZE = KSIZE + ISIZE
(  902) END FUNCTION
(  903) 
(  904) END MODULE






















NVFORTRAN (Version     24.5)          03/19/2025  06:54:47      page 17

(    1) # 1 "./util_tchem_mod.F90"
(    1) MODULE UTIL_TCHEM_MOD
(    2) # 3 "./util_tchem_mod.F90"
(    3) USE YOMCHEM, ONLY : TCHEM
(    4) # 5 "./util_tchem_mod.F90"
(    5) INTERFACE SAVE
(    6) MODULE PROCEDURE SAVE_TCHEM
(    7) END INTERFACE
(    8) # 9 "./util_tchem_mod.F90"
(    9) INTERFACE LOAD
(   10) MODULE PROCEDURE LOAD_TCHEM
(   11) END INTERFACE
(   12) # 13 "./util_tchem_mod.F90"
(   13) INTERFACE COPY
(   14) MODULE PROCEDURE COPY_TCHEM
(   15) END INTERFACE
(   16) # 17 "./util_tchem_mod.F90"
(   17) INTERFACE HOST
(   18) MODULE PROCEDURE HOST_TCHEM
(   19) END INTERFACE
(   20) # 21 "./util_tchem_mod.F90"
(   21)      
(   22) INTERFACE CRC64
(   23) MODULE PROCEDURE CRC64_TCHEM
(   24) END INTERFACE
(   25) # 26 "./util_tchem_mod.F90"
(   26) INTERFACE WIPE
(   27) MODULE PROCEDURE WIPE_TCHEM
(   28) END INTERFACE
(   29) # 30 "./util_tchem_mod.F90"
(   30) INTERFACE SIZE
(   31) MODULE PROCEDURE SIZE_TCHEM
(   32) END INTERFACE
(   33) # 35 "./util_tchem_mod.F90"
(   35) CONTAINS
(   36) # 37 "./util_tchem_mod.F90"
(   37) SUBROUTINE SAVE_TCHEM (KLUN, YD)
(   38) # 39 "./util_tchem_mod.F90"
(   39) IMPLICIT NONE
(   40) INTEGER, INTENT (IN) :: KLUN
(   41) TYPE (TCHEM), INTENT (IN), TARGET :: YD
(   42) LOGICAL :: LTCO2DG, LTCOTOP
(   43) WRITE (KLUN) YD%CHEM_SCHEME
(   44) WRITE (KLUN) YD%LCHEM_DIAC
(   45) WRITE (KLUN) YD%LCHEM_BASCOE_JON
(   46) WRITE (KLUN) YD%LCHEM_BASCOE_HETCHEM
(   47) WRITE (KLUN) YD%LCHEM_EXTENDJNO2
(   48) WRITE (KLUN) YD%LMOZART_RSF_DUMMY
(   49) WRITE (KLUN) YD%LCHEM_JOUT
(   50) WRITE (KLUN) YD%LCHEM_LIGHT
(   51) WRITE (KLUN) YD%RCHEM_LINOX_SCALING
(   52) WRITE (KLUN) YD%LCHEM_ACNOX
(   53) WRITE (KLUN) YD%KCHEM_NOXADV
(   54) WRITE (KLUN) YD%KCHEM_WETDEP
(   55) WRITE (KLUN) YD%KCHEM_DRYDEP
(   56) WRITE (KLUN) YD%LCHEM_REVCHEM
(   57) WRITE (KLUN) YD%LCHEM_STMA
(   58) WRITE (KLUN) YD%LCHEM_ANAO3






NVFORTRAN (Version     24.5)          03/19/2025  06:54:47      page 18

(   59) WRITE (KLUN) YD%SMASSCOR
(   60) WRITE (KLUN) YD%LCHEM_0NOX
(   61) WRITE (KLUN) YD%LCHEM_ANACH4
(   62) WRITE (KLUN) YD%LCHEM_WEAK_CH4_RELAXATION
(   63) WRITE (KLUN) YD%LCHEM_CONVSCAV
(   64) WRITE (KLUN) YD%LCHEM_CSHAPE
(   65) WRITE (KLUN) YD%LCHEM_CSHAPE98
(   66) WRITE (KLUN) YD%LCHEM_WDFR
(   67) WRITE (KLUN) YD%LCHEM_HTAP
(   68) WRITE (KLUN) YD%KCHEM_YEARPI
(   69) WRITE (KLUN) YD%RCH4CONST
(   70) WRITE (KLUN) YD%KCHEM_SOLVE
(   71) WRITE (KLUN) YD%LCHEM_O3RAD
(   72) WRITE (KLUN) YD%LCHEM_TL
(   73) WRITE (KLUN) YD%LCHEM_AEROI
(   74) WRITE (KLUN) YD%IEXTR_FREE
(   75) WRITE (KLUN) YD%NUCOCH1
(   76) WRITE (KLUN) YD%NUCOCH2
(   77) WRITE (KLUN) YD%NCHEM_LCOCOEF
(   78) WRITE (KLUN) YD%CHEM_LCOVERS
(   79) WRITE (KLUN) YD%LCHEM_LCOMESO
(   80) WRITE (KLUN) YD%LCHEM_LCOCSTCLIM
(   81) WRITE (KLUN) YD%RCHEM_LCOTAUTOP
(   82) WRITE (KLUN) YD%RCHEM_LCOCLIMTOP
(   83) WRITE (KLUN) YD%LCHEM_LCOLIMIT
(   84) WRITE (KLUN) YD%RCHEM_LCOCOEFA1
(   85) WRITE (KLUN) YD%CSOLMET_ASIS
(   86) WRITE (KLUN) YD%M_SOLITER_ASIS
(   87) WRITE (KLUN) YD%SOLCV_ASIS
(   88) WRITE (KLUN) YD%RTOL_ASIS
(   89) WRITE (KLUN) YD%ATOL_ASIS
(   90) WRITE (KLUN) YD%N_F_RTOL_ASIS
(   91) WRITE (KLUN) YD%N_F_ATOL_ASIS
(   92) LTCO2DG = ALLOCATED (YD%TCO2DG)
(   93) WRITE (KLUN) LTCO2DG
(   94) IF (LTCO2DG) THEN
(   95)   WRITE (KLUN) LBOUND (YD%TCO2DG)
(   96)   WRITE (KLUN) UBOUND (YD%TCO2DG)
(   97)   WRITE (KLUN) YD%TCO2DG
(   98) ENDIF
(   99) LTCOTOP = ALLOCATED (YD%TCOTOP)
(  100) WRITE (KLUN) LTCOTOP
(  101) IF (LTCOTOP) THEN
(  102)   WRITE (KLUN) LBOUND (YD%TCOTOP)
(  103)   WRITE (KLUN) UBOUND (YD%TCOTOP)
(  104)   WRITE (KLUN) YD%TCOTOP
(  105) ENDIF
(  106) WRITE (KLUN) YD%LCHEM_ARPCLIM
(  107) WRITE (KLUN) YD%LCHEM_EMICH4
(  108) END SUBROUTINE
(  109) # 110 "./util_tchem_mod.F90"
(  110) SUBROUTINE LOAD_TCHEM (KLUN, YD)
(  111) USE PARKIND1, ONLY : JPRD
(  112) # 113 "./util_tchem_mod.F90"
(  113) IMPLICIT NONE
(  114) INTEGER, INTENT (IN) :: KLUN
(  115) TYPE (TCHEM), INTENT (OUT), TARGET :: YD
(  116) INTEGER :: IL1(1), IU1(1), IL2(2), IU2(2)






NVFORTRAN (Version     24.5)          03/19/2025  06:54:47      page 19

(  117) LOGICAL :: LTCO2DG, LTCOTOP
(  118) REAL(KIND=JPRD) :: ZTMP0
(  119) REAL(KIND=JPRD), ALLOCATABLE :: ZTMP1 (:)
(  120) REAL(KIND=JPRD), ALLOCATABLE :: ZTMP2 (:,:)
(  121) READ (KLUN) YD%CHEM_SCHEME
(  122) READ (KLUN) YD%LCHEM_DIAC
(  123) READ (KLUN) YD%LCHEM_BASCOE_JON
(  124) READ (KLUN) YD%LCHEM_BASCOE_HETCHEM
(  125) READ (KLUN) YD%LCHEM_EXTENDJNO2
(  126) READ (KLUN) YD%LMOZART_RSF_DUMMY
(  127) READ (KLUN) YD%LCHEM_JOUT
(  128) READ (KLUN) YD%LCHEM_LIGHT
(  129) READ (KLUN) ZTMP0
(  130) YD%RCHEM_LINOX_SCALING = ZTMP0
(  131) READ (KLUN) YD%LCHEM_ACNOX
(  132) READ (KLUN) YD%KCHEM_NOXADV
(  133) READ (KLUN) YD%KCHEM_WETDEP
(  134) READ (KLUN) YD%KCHEM_DRYDEP
(  135) READ (KLUN) YD%LCHEM_REVCHEM
(  136) READ (KLUN) YD%LCHEM_STMA
(  137) READ (KLUN) YD%LCHEM_ANAO3
(  138) ALLOCATE (ZTMP2(LBOUND(YD%SMASSCOR,1):UBOUND(YD%SMASSCOR,1), LBOUND(YD%SMASSCOR,2):UBOUND(YD%SMASSCOR,2)))
(  139) READ (KLUN) ZTMP2
(  140) YD%SMASSCOR = ZTMP2
(  141) DEALLOCATE (ZTMP2)
(  142) READ (KLUN) YD%LCHEM_0NOX
(  143) READ (KLUN) YD%LCHEM_ANACH4
(  144) READ (KLUN) YD%LCHEM_WEAK_CH4_RELAXATION
(  145) READ (KLUN) YD%LCHEM_CONVSCAV
(  146) READ (KLUN) YD%LCHEM_CSHAPE
(  147) READ (KLUN) YD%LCHEM_CSHAPE98
(  148) READ (KLUN) YD%LCHEM_WDFR
(  149) READ (KLUN) YD%LCHEM_HTAP
(  150) READ (KLUN) YD%KCHEM_YEARPI
(  151) READ (KLUN) ZTMP0
(  152) YD%RCH4CONST = ZTMP0
(  153) READ (KLUN) YD%KCHEM_SOLVE
(  154) READ (KLUN) YD%LCHEM_O3RAD
(  155) READ (KLUN) YD%LCHEM_TL
(  156) READ (KLUN) YD%LCHEM_AEROI
(  157) READ (KLUN) YD%IEXTR_FREE
(  158) READ (KLUN) YD%NUCOCH1
(  159) READ (KLUN) YD%NUCOCH2
(  160) READ (KLUN) YD%NCHEM_LCOCOEF
(  161) READ (KLUN) YD%CHEM_LCOVERS
(  162) READ (KLUN) YD%LCHEM_LCOMESO
(  163) READ (KLUN) YD%LCHEM_LCOCSTCLIM
(  164) READ (KLUN) ZTMP0
(  165) YD%RCHEM_LCOTAUTOP = ZTMP0
(  166) READ (KLUN) ZTMP0
(  167) YD%RCHEM_LCOCLIMTOP = ZTMP0
(  168) READ (KLUN) YD%LCHEM_LCOLIMIT
(  169) READ (KLUN) ZTMP0
(  170) YD%RCHEM_LCOCOEFA1 = ZTMP0
(  171) READ (KLUN) YD%CSOLMET_ASIS
(  172) READ (KLUN) YD%M_SOLITER_ASIS
(  173) READ (KLUN) ZTMP0
(  174) YD%SOLCV_ASIS = ZTMP0






NVFORTRAN (Version     24.5)          03/19/2025  06:54:47      page 20

(  175) READ (KLUN) ZTMP0
(  176) YD%RTOL_ASIS = ZTMP0
(  177) READ (KLUN) ZTMP0
(  178) YD%ATOL_ASIS = ZTMP0
(  179) READ (KLUN) YD%N_F_RTOL_ASIS
(  180) READ (KLUN) YD%N_F_ATOL_ASIS
(  181) READ (KLUN) LTCO2DG
(  182) IF (LTCO2DG) THEN
(  183)   READ (KLUN) IL2
(  184)   READ (KLUN) IU2
(  185)   ALLOCATE (YD%TCO2DG (IL2(1):IU2(1), IL2(2):IU2(2)))
(  186)   ALLOCATE (ZTMP2(LBOUND(YD%TCO2DG,1):UBOUND(YD%TCO2DG,1), LBOUND(YD%TCO2DG,2):UBOUND(YD%TCO2DG,2)))
(  187)   READ (KLUN) ZTMP2
(  188)   YD%TCO2DG = ZTMP2
(  189)   DEALLOCATE (ZTMP2)
(  190) ENDIF
(  191) READ (KLUN) LTCOTOP
(  192) IF (LTCOTOP) THEN
(  193)   READ (KLUN) IL1
(  194)   READ (KLUN) IU1
(  195)   ALLOCATE (YD%TCOTOP (IL1(1):IU1(1)))
(  196)   ALLOCATE (ZTMP1(LBOUND(YD%TCOTOP,1):UBOUND(YD%TCOTOP,1)))
(  197)   READ (KLUN) ZTMP1
(  198)   YD%TCOTOP = ZTMP1
(  199)   DEALLOCATE (ZTMP1)
(  200) ENDIF
(  201) READ (KLUN) YD%LCHEM_ARPCLIM
(  202) READ (KLUN) YD%LCHEM_EMICH4
(  203) END SUBROUTINE
(  204) # 206 "./util_tchem_mod.F90"
(  206) SUBROUTINE COPY_TCHEM (YD, LDCREATED, LDFIELDAPI)
(  207) # 208 "./util_tchem_mod.F90"
(  208) IMPLICIT NONE
(  209) TYPE (TCHEM), INTENT (IN), TARGET :: YD
(  210) LOGICAL, OPTIONAL, INTENT (IN) :: LDCREATED, LDFIELDAPI
(  211) LOGICAL :: LLCREATED
(  212) LOGICAL :: LLFIELDAPI
(  213) LOGICAL :: LTCO2DG, LTCOTOP
(  214) # 215 "./util_tchem_mod.F90"
(  215) LLFIELDAPI = .FALSE.
(  216) IF (PRESENT (LDFIELDAPI)) THEN
(  217)   LLFIELDAPI = LDFIELDAPI
(  218) ENDIF
(  219) LLCREATED = .FALSE.
(  220) IF (PRESENT (LDCREATED)) THEN
(  221)   LLCREATED = LDCREATED
(  222) ENDIF
(  223) IF (.NOT. LLCREATED) THEN
(  224)   !$acc enter data create (YD)
(  225)   !$acc update device (YD)
(  226) ENDIF
(  227) # 276 "./util_tchem_mod.F90"
(  276) LTCO2DG = ALLOCATED (YD%TCO2DG)
(  277) IF (LTCO2DG) THEN
(  278)   !$acc enter data create (YD%TCO2DG)
(  279)   !$acc update device (YD%TCO2DG)
(  280)   !$acc enter data attach (YD%TCO2DG)
(  281) ENDIF






NVFORTRAN (Version     24.5)          03/19/2025  06:54:47      page 21

(  282) # 283 "./util_tchem_mod.F90"
(  283) LTCOTOP = ALLOCATED (YD%TCOTOP)
(  284) IF (LTCOTOP) THEN
(  285)   !$acc enter data create (YD%TCOTOP)
(  286)   !$acc update device (YD%TCOTOP)
(  287)   !$acc enter data attach (YD%TCOTOP)
(  288) ENDIF
(  289) # 292 "./util_tchem_mod.F90"
(  292) END SUBROUTINE
(  293) # 294 "./util_tchem_mod.F90"
(  294) SUBROUTINE HOST_TCHEM (YD)
(  295) # 296 "./util_tchem_mod.F90"
(  296) IMPLICIT NONE
(  297) TYPE (TCHEM), TARGET :: YD
(  298) LOGICAL :: LTCO2DG, LTCOTOP
(  299) # 352 "./util_tchem_mod.F90"
(  352) END SUBROUTINE
(  353) # 354 "./util_tchem_mod.F90"
(  354)      
(  355) # 356 "./util_tchem_mod.F90"
(  356) SUBROUTINE CRC64_TCHEM (YD, KLUN, CDPATH)
(  357) USE CRC64_INTRINSIC
(  358) # 359 "./util_tchem_mod.F90"
(  359) IMPLICIT NONE
(  360) TYPE (TCHEM), TARGET :: YD
(  361) INTEGER, INTENT (IN) :: KLUN
(  362) CHARACTER(LEN=*), INTENT (IN) :: CDPATH
(  363) CHARACTER(LEN=128) :: CLIND
(  364) LOGICAL :: LTCO2DG, LTCOTOP
(  365) WRITE (KLUN, '(Z16.16," ",A)') CRC64 (YD%CHEM_SCHEME), CDPATH//'%CHEM_SCHEME'
(  366) # 367 "./util_tchem_mod.F90"
(  367) WRITE (KLUN, '(Z16.16," ",A)') CRC64 (YD%LCHEM_DIAC), CDPATH//'%LCHEM_DIAC'
(  368) # 369 "./util_tchem_mod.F90"
(  369) WRITE (KLUN, '(Z16.16," ",A)') CRC64 (YD%LCHEM_BASCOE_JON), CDPATH//'%LCHEM_BASCOE_JON'
(  370) # 371 "./util_tchem_mod.F90"
(  371) WRITE (KLUN, '(Z16.16," ",A)') CRC64 (YD%LCHEM_BASCOE_HETCHEM), CDPATH//'%LCHEM_BASCOE_HETCHEM'
(  372) # 373 "./util_tchem_mod.F90"
(  373) WRITE (KLUN, '(Z16.16," ",A)') CRC64 (YD%LCHEM_EXTENDJNO2), CDPATH//'%LCHEM_EXTENDJNO2'
(  374) # 375 "./util_tchem_mod.F90"
(  375) WRITE (KLUN, '(Z16.16," ",A)') CRC64 (YD%LMOZART_RSF_DUMMY), CDPATH//'%LMOZART_RSF_DUMMY'
(  376) # 377 "./util_tchem_mod.F90"
(  377) WRITE (KLUN, '(Z16.16," ",A)') CRC64 (YD%LCHEM_JOUT), CDPATH//'%LCHEM_JOUT'
(  378) # 379 "./util_tchem_mod.F90"
(  379) WRITE (KLUN, '(Z16.16," ",A)') CRC64 (YD%LCHEM_LIGHT), CDPATH//'%LCHEM_LIGHT'
(  380) # 381 "./util_tchem_mod.F90"
(  381) WRITE (KLUN, '(Z16.16," ",A)') CRC64 (YD%RCHEM_LINOX_SCALING), CDPATH//'%RCHEM_LINOX_SCALING'
(  382) # 383 "./util_tchem_mod.F90"
(  383) WRITE (KLUN, '(Z16.16," ",A)') CRC64 (YD%LCHEM_ACNOX), CDPATH//'%LCHEM_ACNOX'
(  384) # 385 "./util_tchem_mod.F90"
(  385) WRITE (KLUN, '(Z16.16," ",A)') CRC64 (YD%KCHEM_NOXADV), CDPATH//'%KCHEM_NOXADV'
(  386) # 387 "./util_tchem_mod.F90"
(  387) WRITE (KLUN, '(Z16.16," ",A)') CRC64 (YD%KCHEM_WETDEP), CDPATH//'%KCHEM_WETDEP'
(  388) # 389 "./util_tchem_mod.F90"
(  389) WRITE (KLUN, '(Z16.16," ",A)') CRC64 (YD%KCHEM_DRYDEP), CDPATH//'%KCHEM_DRYDEP'
(  390) # 391 "./util_tchem_mod.F90"
(  391) WRITE (KLUN, '(Z16.16," ",A)') CRC64 (YD%LCHEM_REVCHEM), CDPATH//'%LCHEM_REVCHEM'
(  392) # 393 "./util_tchem_mod.F90"
(  393) WRITE (KLUN, '(Z16.16," ",A)') CRC64 (YD%LCHEM_STMA), CDPATH//'%LCHEM_STMA'






NVFORTRAN (Version     24.5)          03/19/2025  06:54:47      page 22

(  394) # 395 "./util_tchem_mod.F90"
(  395) WRITE (KLUN, '(Z16.16," ",A)') CRC64 (YD%LCHEM_ANAO3), CDPATH//'%LCHEM_ANAO3'
(  396) # 397 "./util_tchem_mod.F90"
(  397) WRITE (KLUN, '(Z16.16," ",A)') CRC64 (YD%SMASSCOR), CDPATH//'%SMASSCOR'
(  398) # 399 "./util_tchem_mod.F90"
(  399) WRITE (KLUN, '(Z16.16," ",A)') CRC64 (YD%LCHEM_0NOX), CDPATH//'%LCHEM_0NOX'
(  400) # 401 "./util_tchem_mod.F90"
(  401) WRITE (KLUN, '(Z16.16," ",A)') CRC64 (YD%LCHEM_ANACH4), CDPATH//'%LCHEM_ANACH4'
(  402) # 403 "./util_tchem_mod.F90"
(  403) WRITE (KLUN, '(Z16.16," ",A)') CRC64 (YD%LCHEM_WEAK_CH4_RELAXATION), CDPATH//'%LCHEM_WEAK_CH4_RELAXATION'
(  404) # 405 "./util_tchem_mod.F90"
(  405) WRITE (KLUN, '(Z16.16," ",A)') CRC64 (YD%LCHEM_CONVSCAV), CDPATH//'%LCHEM_CONVSCAV'
(  406) # 407 "./util_tchem_mod.F90"
(  407) WRITE (KLUN, '(Z16.16," ",A)') CRC64 (YD%LCHEM_CSHAPE), CDPATH//'%LCHEM_CSHAPE'
(  408) # 409 "./util_tchem_mod.F90"
(  409) WRITE (KLUN, '(Z16.16," ",A)') CRC64 (YD%LCHEM_CSHAPE98), CDPATH//'%LCHEM_CSHAPE98'
(  410) # 411 "./util_tchem_mod.F90"
(  411) WRITE (KLUN, '(Z16.16," ",A)') CRC64 (YD%LCHEM_WDFR), CDPATH//'%LCHEM_WDFR'
(  412) # 413 "./util_tchem_mod.F90"
(  413) WRITE (KLUN, '(Z16.16," ",A)') CRC64 (YD%LCHEM_HTAP), CDPATH//'%LCHEM_HTAP'
(  414) # 415 "./util_tchem_mod.F90"
(  415) WRITE (KLUN, '(Z16.16," ",A)') CRC64 (YD%KCHEM_YEARPI), CDPATH//'%KCHEM_YEARPI'
(  416) # 417 "./util_tchem_mod.F90"
(  417) WRITE (KLUN, '(Z16.16," ",A)') CRC64 (YD%RCH4CONST), CDPATH//'%RCH4CONST'
(  418) # 419 "./util_tchem_mod.F90"
(  419) WRITE (KLUN, '(Z16.16," ",A)') CRC64 (YD%KCHEM_SOLVE), CDPATH//'%KCHEM_SOLVE'
(  420) # 421 "./util_tchem_mod.F90"
(  421) WRITE (KLUN, '(Z16.16," ",A)') CRC64 (YD%LCHEM_O3RAD), CDPATH//'%LCHEM_O3RAD'
(  422) # 423 "./util_tchem_mod.F90"
(  423) WRITE (KLUN, '(Z16.16," ",A)') CRC64 (YD%LCHEM_TL), CDPATH//'%LCHEM_TL'
(  424) # 425 "./util_tchem_mod.F90"
(  425) WRITE (KLUN, '(Z16.16," ",A)') CRC64 (YD%LCHEM_AEROI), CDPATH//'%LCHEM_AEROI'
(  426) # 427 "./util_tchem_mod.F90"
(  427) WRITE (KLUN, '(Z16.16," ",A)') CRC64 (YD%IEXTR_FREE), CDPATH//'%IEXTR_FREE'
(  428) # 429 "./util_tchem_mod.F90"
(  429) WRITE (KLUN, '(Z16.16," ",A)') CRC64 (YD%NUCOCH1), CDPATH//'%NUCOCH1'
(  430) # 431 "./util_tchem_mod.F90"
(  431) WRITE (KLUN, '(Z16.16," ",A)') CRC64 (YD%NUCOCH2), CDPATH//'%NUCOCH2'
(  432) # 433 "./util_tchem_mod.F90"
(  433) WRITE (KLUN, '(Z16.16," ",A)') CRC64 (YD%NCHEM_LCOCOEF), CDPATH//'%NCHEM_LCOCOEF'
(  434) # 435 "./util_tchem_mod.F90"
(  435) WRITE (KLUN, '(Z16.16," ",A)') CRC64 (YD%CHEM_LCOVERS), CDPATH//'%CHEM_LCOVERS'
(  436) # 437 "./util_tchem_mod.F90"
(  437) WRITE (KLUN, '(Z16.16," ",A)') CRC64 (YD%LCHEM_LCOMESO), CDPATH//'%LCHEM_LCOMESO'
(  438) # 439 "./util_tchem_mod.F90"
(  439) WRITE (KLUN, '(Z16.16," ",A)') CRC64 (YD%LCHEM_LCOCSTCLIM), CDPATH//'%LCHEM_LCOCSTCLIM'
(  440) # 441 "./util_tchem_mod.F90"
(  441) WRITE (KLUN, '(Z16.16," ",A)') CRC64 (YD%RCHEM_LCOTAUTOP), CDPATH//'%RCHEM_LCOTAUTOP'
(  442) # 443 "./util_tchem_mod.F90"
(  443) WRITE (KLUN, '(Z16.16," ",A)') CRC64 (YD%RCHEM_LCOCLIMTOP), CDPATH//'%RCHEM_LCOCLIMTOP'
(  444) # 445 "./util_tchem_mod.F90"
(  445) WRITE (KLUN, '(Z16.16," ",A)') CRC64 (YD%LCHEM_LCOLIMIT), CDPATH//'%LCHEM_LCOLIMIT'
(  446) # 447 "./util_tchem_mod.F90"
(  447) WRITE (KLUN, '(Z16.16," ",A)') CRC64 (YD%RCHEM_LCOCOEFA1), CDPATH//'%RCHEM_LCOCOEFA1'
(  448) # 449 "./util_tchem_mod.F90"
(  449) WRITE (KLUN, '(Z16.16," ",A)') CRC64 (YD%CSOLMET_ASIS), CDPATH//'%CSOLMET_ASIS'
(  450) # 451 "./util_tchem_mod.F90"
(  451) WRITE (KLUN, '(Z16.16," ",A)') CRC64 (YD%M_SOLITER_ASIS), CDPATH//'%M_SOLITER_ASIS'






NVFORTRAN (Version     24.5)          03/19/2025  06:54:47      page 23

(  452) # 453 "./util_tchem_mod.F90"
(  453) WRITE (KLUN, '(Z16.16," ",A)') CRC64 (YD%SOLCV_ASIS), CDPATH//'%SOLCV_ASIS'
(  454) # 455 "./util_tchem_mod.F90"
(  455) WRITE (KLUN, '(Z16.16," ",A)') CRC64 (YD%RTOL_ASIS), CDPATH//'%RTOL_ASIS'
(  456) # 457 "./util_tchem_mod.F90"
(  457) WRITE (KLUN, '(Z16.16," ",A)') CRC64 (YD%ATOL_ASIS), CDPATH//'%ATOL_ASIS'
(  458) # 459 "./util_tchem_mod.F90"
(  459) WRITE (KLUN, '(Z16.16," ",A)') CRC64 (YD%N_F_RTOL_ASIS), CDPATH//'%N_F_RTOL_ASIS'
(  460) # 461 "./util_tchem_mod.F90"
(  461) WRITE (KLUN, '(Z16.16," ",A)') CRC64 (YD%N_F_ATOL_ASIS), CDPATH//'%N_F_ATOL_ASIS'
(  462) # 463 "./util_tchem_mod.F90"
(  463) WRITE (KLUN, '(Z16.16," ",A)') CRC64 (YD%TCO2DG), CDPATH//'%TCO2DG'
(  464) # 465 "./util_tchem_mod.F90"
(  465) WRITE (KLUN, '(Z16.16," ",A)') CRC64 (YD%TCOTOP), CDPATH//'%TCOTOP'
(  466) # 467 "./util_tchem_mod.F90"
(  467) WRITE (KLUN, '(Z16.16," ",A)') CRC64 (YD%LCHEM_ARPCLIM), CDPATH//'%LCHEM_ARPCLIM'
(  468) # 469 "./util_tchem_mod.F90"
(  469) WRITE (KLUN, '(Z16.16," ",A)') CRC64 (YD%LCHEM_EMICH4), CDPATH//'%LCHEM_EMICH4'
(  470) # 471 "./util_tchem_mod.F90"
(  471) END SUBROUTINE
(  472) # 473 "./util_tchem_mod.F90"
(  473) SUBROUTINE WIPE_TCHEM (YD, LDDELETED, LDFIELDAPI)
(  474) # 475 "./util_tchem_mod.F90"
(  475) IMPLICIT NONE
(  476) TYPE (TCHEM), INTENT (IN), TARGET :: YD
(  477) LOGICAL, OPTIONAL, INTENT (IN) :: LDDELETED, LDFIELDAPI
(  478) LOGICAL :: LLDELETED
(  479) LOGICAL :: LLFIELDAPI
(  480) LOGICAL :: LTCO2DG, LTCOTOP
(  481) # 482 "./util_tchem_mod.F90"
(  482) LLFIELDAPI = .FALSE.
(  483) IF (PRESENT (LDFIELDAPI)) THEN
(  484)   LLFIELDAPI = LDFIELDAPI
(  485) ENDIF
(  486) # 535 "./util_tchem_mod.F90"
(  535) LTCO2DG = ALLOCATED (YD%TCO2DG)
(  536) IF (LTCO2DG) THEN
(  537)   !$acc exit data detach (YD%TCO2DG)
(  538)   !$acc exit data delete (YD%TCO2DG)
(  539) ENDIF
(  540) # 541 "./util_tchem_mod.F90"
(  541) LTCOTOP = ALLOCATED (YD%TCOTOP)
(  542) IF (LTCOTOP) THEN
(  543)   !$acc exit data detach (YD%TCOTOP)
(  544)   !$acc exit data delete (YD%TCOTOP)
(  545) ENDIF
(  546) # 549 "./util_tchem_mod.F90"
(  549) LLDELETED = .FALSE.
(  550) IF (PRESENT (LDDELETED)) THEN
(  551)   LLDELETED = LDDELETED
(  552) ENDIF
(  553) IF (.NOT. LLDELETED) THEN
(  554)   !$acc exit data delete (YD)
(  555) ENDIF
(  556) END SUBROUTINE
(  557) # 558 "./util_tchem_mod.F90"
(  558) INTEGER*8 FUNCTION SIZE_TCHEM (YD, CDPATH, LDPRINT) RESULT (KSIZE)
(  559) # 560 "./util_tchem_mod.F90"






NVFORTRAN (Version     24.5)          03/19/2025  06:54:47      page 24

(  560) IMPLICIT NONE
(  561) TYPE (TCHEM),     INTENT (IN), TARGET :: YD
(  562) CHARACTER(LEN=*), INTENT (IN), OPTIONAL :: CDPATH
(  563) LOGICAL,          INTENT (IN), OPTIONAL :: LDPRINT
(  564) INTEGER*8 :: ISIZE, JSIZE
(  565) LOGICAL :: LLPRINT
(  566) CHARACTER(LEN=128) :: CLPATH
(  567) LOGICAL :: LTCO2DG, LTCOTOP
(  568) # 569 "./util_tchem_mod.F90"
(  569) LLPRINT = .FALSE.
(  570) IF (PRESENT (LDPRINT)) THEN
(  571)   LLPRINT = LDPRINT
(  572) ENDIF
(  573) CLPATH=''
(  574) IF (PRESENT (CDPATH)) THEN
(  575)   CLPATH = CDPATH
(  576) ENDIF
(  577) KSIZE = 0
(  578) ISIZE = KIND (YD%CHEM_SCHEME) * LEN (YD%CHEM_SCHEME)
(  579) IF (LLPRINT) THEN
(  580)   WRITE (*, '(I10," ")', ADVANCE='NO') ISIZE
(  581)   WRITE (*, *) TRIM (CLPATH)//'%CHEM_SCHEME'
(  582) ENDIF
(  583) KSIZE = KSIZE + ISIZE
(  584) ISIZE = KIND (YD%LCHEM_DIAC)
(  585) IF (LLPRINT) THEN
(  586)   WRITE (*, '(I10," ")', ADVANCE='NO') ISIZE
(  587)   WRITE (*, *) TRIM (CLPATH)//'%LCHEM_DIAC'
(  588) ENDIF
(  589) KSIZE = KSIZE + ISIZE
(  590) ISIZE = KIND (YD%LCHEM_BASCOE_JON)
(  591) IF (LLPRINT) THEN
(  592)   WRITE (*, '(I10," ")', ADVANCE='NO') ISIZE
(  593)   WRITE (*, *) TRIM (CLPATH)//'%LCHEM_BASCOE_JON'
(  594) ENDIF
(  595) KSIZE = KSIZE + ISIZE
(  596) ISIZE = KIND (YD%LCHEM_BASCOE_HETCHEM)
(  597) IF (LLPRINT) THEN
(  598)   WRITE (*, '(I10," ")', ADVANCE='NO') ISIZE
(  599)   WRITE (*, *) TRIM (CLPATH)//'%LCHEM_BASCOE_HETCHEM'
(  600) ENDIF
(  601) KSIZE = KSIZE + ISIZE
(  602) ISIZE = KIND (YD%LCHEM_EXTENDJNO2)
(  603) IF (LLPRINT) THEN
(  604)   WRITE (*, '(I10," ")', ADVANCE='NO') ISIZE
(  605)   WRITE (*, *) TRIM (CLPATH)//'%LCHEM_EXTENDJNO2'
(  606) ENDIF
(  607) KSIZE = KSIZE + ISIZE
(  608) ISIZE = KIND (YD%LMOZART_RSF_DUMMY)
(  609) IF (LLPRINT) THEN
(  610)   WRITE (*, '(I10," ")', ADVANCE='NO') ISIZE
(  611)   WRITE (*, *) TRIM (CLPATH)//'%LMOZART_RSF_DUMMY'
(  612) ENDIF
(  613) KSIZE = KSIZE + ISIZE
(  614) ISIZE = KIND (YD%LCHEM_JOUT)
(  615) IF (LLPRINT) THEN
(  616)   WRITE (*, '(I10," ")', ADVANCE='NO') ISIZE
(  617)   WRITE (*, *) TRIM (CLPATH)//'%LCHEM_JOUT'






NVFORTRAN (Version     24.5)          03/19/2025  06:54:47      page 25

(  618) ENDIF
(  619) KSIZE = KSIZE + ISIZE
(  620) ISIZE = KIND (YD%LCHEM_LIGHT)
(  621) IF (LLPRINT) THEN
(  622)   WRITE (*, '(I10," ")', ADVANCE='NO') ISIZE
(  623)   WRITE (*, *) TRIM (CLPATH)//'%LCHEM_LIGHT'
(  624) ENDIF
(  625) KSIZE = KSIZE + ISIZE
(  626) ISIZE = KIND (YD%RCHEM_LINOX_SCALING)
(  627) IF (LLPRINT) THEN
(  628)   WRITE (*, '(I10," ")', ADVANCE='NO') ISIZE
(  629)   WRITE (*, *) TRIM (CLPATH)//'%RCHEM_LINOX_SCALING'
(  630) ENDIF
(  631) KSIZE = KSIZE + ISIZE
(  632) ISIZE = KIND (YD%LCHEM_ACNOX)
(  633) IF (LLPRINT) THEN
(  634)   WRITE (*, '(I10," ")', ADVANCE='NO') ISIZE
(  635)   WRITE (*, *) TRIM (CLPATH)//'%LCHEM_ACNOX'
(  636) ENDIF
(  637) KSIZE = KSIZE + ISIZE
(  638) ISIZE = KIND (YD%KCHEM_NOXADV)
(  639) IF (LLPRINT) THEN
(  640)   WRITE (*, '(I10," ")', ADVANCE='NO') ISIZE
(  641)   WRITE (*, *) TRIM (CLPATH)//'%KCHEM_NOXADV'
(  642) ENDIF
(  643) KSIZE = KSIZE + ISIZE
(  644) ISIZE = KIND (YD%KCHEM_WETDEP)
(  645) IF (LLPRINT) THEN
(  646)   WRITE (*, '(I10," ")', ADVANCE='NO') ISIZE
(  647)   WRITE (*, *) TRIM (CLPATH)//'%KCHEM_WETDEP'
(  648) ENDIF
(  649) KSIZE = KSIZE + ISIZE
(  650) ISIZE = KIND (YD%KCHEM_DRYDEP)
(  651) IF (LLPRINT) THEN
(  652)   WRITE (*, '(I10," ")', ADVANCE='NO') ISIZE
(  653)   WRITE (*, *) TRIM (CLPATH)//'%KCHEM_DRYDEP'
(  654) ENDIF
(  655) KSIZE = KSIZE + ISIZE
(  656) ISIZE = KIND (YD%LCHEM_REVCHEM)
(  657) IF (LLPRINT) THEN
(  658)   WRITE (*, '(I10," ")', ADVANCE='NO') ISIZE
(  659)   WRITE (*, *) TRIM (CLPATH)//'%LCHEM_REVCHEM'
(  660) ENDIF
(  661) KSIZE = KSIZE + ISIZE
(  662) ISIZE = KIND (YD%LCHEM_STMA)
(  663) IF (LLPRINT) THEN
(  664)   WRITE (*, '(I10," ")', ADVANCE='NO') ISIZE
(  665)   WRITE (*, *) TRIM (CLPATH)//'%LCHEM_STMA'
(  666) ENDIF
(  667) KSIZE = KSIZE + ISIZE
(  668) ISIZE = KIND (YD%LCHEM_ANAO3)
(  669) IF (LLPRINT) THEN
(  670)   WRITE (*, '(I10," ")', ADVANCE='NO') ISIZE
(  671)   WRITE (*, *) TRIM (CLPATH)//'%LCHEM_ANAO3'
(  672) ENDIF
(  673) KSIZE = KSIZE + ISIZE
(  674) ISIZE = KIND (YD%SMASSCOR) * SIZE (YD%SMASSCOR)
(  675) IF (LLPRINT) THEN






NVFORTRAN (Version     24.5)          03/19/2025  06:54:47      page 26

(  676)   WRITE (*, '(I10," ")', ADVANCE='NO') ISIZE
(  677)   WRITE (*, *) TRIM (CLPATH)//'%SMASSCOR'
(  678) ENDIF
(  679) KSIZE = KSIZE + ISIZE
(  680) ISIZE = KIND (YD%LCHEM_0NOX)
(  681) IF (LLPRINT) THEN
(  682)   WRITE (*, '(I10," ")', ADVANCE='NO') ISIZE
(  683)   WRITE (*, *) TRIM (CLPATH)//'%LCHEM_0NOX'
(  684) ENDIF
(  685) KSIZE = KSIZE + ISIZE
(  686) ISIZE = KIND (YD%LCHEM_ANACH4)
(  687) IF (LLPRINT) THEN
(  688)   WRITE (*, '(I10," ")', ADVANCE='NO') ISIZE
(  689)   WRITE (*, *) TRIM (CLPATH)//'%LCHEM_ANACH4'
(  690) ENDIF
(  691) KSIZE = KSIZE + ISIZE
(  692) ISIZE = KIND (YD%LCHEM_WEAK_CH4_RELAXATION)
(  693) IF (LLPRINT) THEN
(  694)   WRITE (*, '(I10," ")', ADVANCE='NO') ISIZE
(  695)   WRITE (*, *) TRIM (CLPATH)//'%LCHEM_WEAK_CH4_RELAXATION'
(  696) ENDIF
(  697) KSIZE = KSIZE + ISIZE
(  698) ISIZE = KIND (YD%LCHEM_CONVSCAV)
(  699) IF (LLPRINT) THEN
(  700)   WRITE (*, '(I10," ")', ADVANCE='NO') ISIZE
(  701)   WRITE (*, *) TRIM (CLPATH)//'%LCHEM_CONVSCAV'
(  702) ENDIF
(  703) KSIZE = KSIZE + ISIZE
(  704) ISIZE = KIND (YD%LCHEM_CSHAPE)
(  705) IF (LLPRINT) THEN
(  706)   WRITE (*, '(I10," ")', ADVANCE='NO') ISIZE
(  707)   WRITE (*, *) TRIM (CLPATH)//'%LCHEM_CSHAPE'
(  708) ENDIF
(  709) KSIZE = KSIZE + ISIZE
(  710) ISIZE = KIND (YD%LCHEM_CSHAPE98)
(  711) IF (LLPRINT) THEN
(  712)   WRITE (*, '(I10," ")', ADVANCE='NO') ISIZE
(  713)   WRITE (*, *) TRIM (CLPATH)//'%LCHEM_CSHAPE98'
(  714) ENDIF
(  715) KSIZE = KSIZE + ISIZE
(  716) ISIZE = KIND (YD%LCHEM_WDFR)
(  717) IF (LLPRINT) THEN
(  718)   WRITE (*, '(I10," ")', ADVANCE='NO') ISIZE
(  719)   WRITE (*, *) TRIM (CLPATH)//'%LCHEM_WDFR'
(  720) ENDIF
(  721) KSIZE = KSIZE + ISIZE
(  722) ISIZE = KIND (YD%LCHEM_HTAP)
(  723) IF (LLPRINT) THEN
(  724)   WRITE (*, '(I10," ")', ADVANCE='NO') ISIZE
(  725)   WRITE (*, *) TRIM (CLPATH)//'%LCHEM_HTAP'
(  726) ENDIF
(  727) KSIZE = KSIZE + ISIZE
(  728) ISIZE = KIND (YD%KCHEM_YEARPI)
(  729) IF (LLPRINT) THEN
(  730)   WRITE (*, '(I10," ")', ADVANCE='NO') ISIZE
(  731)   WRITE (*, *) TRIM (CLPATH)//'%KCHEM_YEARPI'
(  732) ENDIF
(  733) KSIZE = KSIZE + ISIZE






NVFORTRAN (Version     24.5)          03/19/2025  06:54:47      page 27

(  734) ISIZE = KIND (YD%RCH4CONST)
(  735) IF (LLPRINT) THEN
(  736)   WRITE (*, '(I10," ")', ADVANCE='NO') ISIZE
(  737)   WRITE (*, *) TRIM (CLPATH)//'%RCH4CONST'
(  738) ENDIF
(  739) KSIZE = KSIZE + ISIZE
(  740) ISIZE = KIND (YD%KCHEM_SOLVE)
(  741) IF (LLPRINT) THEN
(  742)   WRITE (*, '(I10," ")', ADVANCE='NO') ISIZE
(  743)   WRITE (*, *) TRIM (CLPATH)//'%KCHEM_SOLVE'
(  744) ENDIF
(  745) KSIZE = KSIZE + ISIZE
(  746) ISIZE = KIND (YD%LCHEM_O3RAD)
(  747) IF (LLPRINT) THEN
(  748)   WRITE (*, '(I10," ")', ADVANCE='NO') ISIZE
(  749)   WRITE (*, *) TRIM (CLPATH)//'%LCHEM_O3RAD'
(  750) ENDIF
(  751) KSIZE = KSIZE + ISIZE
(  752) ISIZE = KIND (YD%LCHEM_TL)
(  753) IF (LLPRINT) THEN
(  754)   WRITE (*, '(I10," ")', ADVANCE='NO') ISIZE
(  755)   WRITE (*, *) TRIM (CLPATH)//'%LCHEM_TL'
(  756) ENDIF
(  757) KSIZE = KSIZE + ISIZE
(  758) ISIZE = KIND (YD%LCHEM_AEROI)
(  759) IF (LLPRINT) THEN
(  760)   WRITE (*, '(I10," ")', ADVANCE='NO') ISIZE
(  761)   WRITE (*, *) TRIM (CLPATH)//'%LCHEM_AEROI'
(  762) ENDIF
(  763) KSIZE = KSIZE + ISIZE
(  764) ISIZE = KIND (YD%IEXTR_FREE) * SIZE (YD%IEXTR_FREE)
(  765) IF (LLPRINT) THEN
(  766)   WRITE (*, '(I10," ")', ADVANCE='NO') ISIZE
(  767)   WRITE (*, *) TRIM (CLPATH)//'%IEXTR_FREE'
(  768) ENDIF
(  769) KSIZE = KSIZE + ISIZE
(  770) ISIZE = KIND (YD%NUCOCH1)
(  771) IF (LLPRINT) THEN
(  772)   WRITE (*, '(I10," ")', ADVANCE='NO') ISIZE
(  773)   WRITE (*, *) TRIM (CLPATH)//'%NUCOCH1'
(  774) ENDIF
(  775) KSIZE = KSIZE + ISIZE
(  776) ISIZE = KIND (YD%NUCOCH2)
(  777) IF (LLPRINT) THEN
(  778)   WRITE (*, '(I10," ")', ADVANCE='NO') ISIZE
(  779)   WRITE (*, *) TRIM (CLPATH)//'%NUCOCH2'
(  780) ENDIF
(  781) KSIZE = KSIZE + ISIZE
(  782) ISIZE = KIND (YD%NCHEM_LCOCOEF)
(  783) IF (LLPRINT) THEN
(  784)   WRITE (*, '(I10," ")', ADVANCE='NO') ISIZE
(  785)   WRITE (*, *) TRIM (CLPATH)//'%NCHEM_LCOCOEF'
(  786) ENDIF
(  787) KSIZE = KSIZE + ISIZE
(  788) ISIZE = KIND (YD%CHEM_LCOVERS) * LEN (YD%CHEM_LCOVERS)
(  789) IF (LLPRINT) THEN
(  790)   WRITE (*, '(I10," ")', ADVANCE='NO') ISIZE
(  791)   WRITE (*, *) TRIM (CLPATH)//'%CHEM_LCOVERS'






NVFORTRAN (Version     24.5)          03/19/2025  06:54:47      page 28

(  792) ENDIF
(  793) KSIZE = KSIZE + ISIZE
(  794) ISIZE = KIND (YD%LCHEM_LCOMESO)
(  795) IF (LLPRINT) THEN
(  796)   WRITE (*, '(I10," ")', ADVANCE='NO') ISIZE
(  797)   WRITE (*, *) TRIM (CLPATH)//'%LCHEM_LCOMESO'
(  798) ENDIF
(  799) KSIZE = KSIZE + ISIZE
(  800) ISIZE = KIND (YD%LCHEM_LCOCSTCLIM)
(  801) IF (LLPRINT) THEN
(  802)   WRITE (*, '(I10," ")', ADVANCE='NO') ISIZE
(  803)   WRITE (*, *) TRIM (CLPATH)//'%LCHEM_LCOCSTCLIM'
(  804) ENDIF
(  805) KSIZE = KSIZE + ISIZE
(  806) ISIZE = KIND (YD%RCHEM_LCOTAUTOP)
(  807) IF (LLPRINT) THEN
(  808)   WRITE (*, '(I10," ")', ADVANCE='NO') ISIZE
(  809)   WRITE (*, *) TRIM (CLPATH)//'%RCHEM_LCOTAUTOP'
(  810) ENDIF
(  811) KSIZE = KSIZE + ISIZE
(  812) ISIZE = KIND (YD%RCHEM_LCOCLIMTOP)
(  813) IF (LLPRINT) THEN
(  814)   WRITE (*, '(I10," ")', ADVANCE='NO') ISIZE
(  815)   WRITE (*, *) TRIM (CLPATH)//'%RCHEM_LCOCLIMTOP'
(  816) ENDIF
(  817) KSIZE = KSIZE + ISIZE
(  818) ISIZE = KIND (YD%LCHEM_LCOLIMIT)
(  819) IF (LLPRINT) THEN
(  820)   WRITE (*, '(I10," ")', ADVANCE='NO') ISIZE
(  821)   WRITE (*, *) TRIM (CLPATH)//'%LCHEM_LCOLIMIT'
(  822) ENDIF
(  823) KSIZE = KSIZE + ISIZE
(  824) ISIZE = KIND (YD%RCHEM_LCOCOEFA1)
(  825) IF (LLPRINT) THEN
(  826)   WRITE (*, '(I10," ")', ADVANCE='NO') ISIZE
(  827)   WRITE (*, *) TRIM (CLPATH)//'%RCHEM_LCOCOEFA1'
(  828) ENDIF
(  829) KSIZE = KSIZE + ISIZE
(  830) ISIZE = KIND (YD%CSOLMET_ASIS) * LEN (YD%CSOLMET_ASIS)
(  831) IF (LLPRINT) THEN
(  832)   WRITE (*, '(I10," ")', ADVANCE='NO') ISIZE
(  833)   WRITE (*, *) TRIM (CLPATH)//'%CSOLMET_ASIS'
(  834) ENDIF
(  835) KSIZE = KSIZE + ISIZE
(  836) ISIZE = KIND (YD%M_SOLITER_ASIS)
(  837) IF (LLPRINT) THEN
(  838)   WRITE (*, '(I10," ")', ADVANCE='NO') ISIZE
(  839)   WRITE (*, *) TRIM (CLPATH)//'%M_SOLITER_ASIS'
(  840) ENDIF
(  841) KSIZE = KSIZE + ISIZE
(  842) ISIZE = KIND (YD%SOLCV_ASIS)
(  843) IF (LLPRINT) THEN
(  844)   WRITE (*, '(I10," ")', ADVANCE='NO') ISIZE
(  845)   WRITE (*, *) TRIM (CLPATH)//'%SOLCV_ASIS'
(  846) ENDIF
(  847) KSIZE = KSIZE + ISIZE
(  848) ISIZE = KIND (YD%RTOL_ASIS)
(  849) IF (LLPRINT) THEN






NVFORTRAN (Version     24.5)          03/19/2025  06:54:47      page 29

(  850)   WRITE (*, '(I10," ")', ADVANCE='NO') ISIZE
(  851)   WRITE (*, *) TRIM (CLPATH)//'%RTOL_ASIS'
(  852) ENDIF
(  853) KSIZE = KSIZE + ISIZE
(  854) ISIZE = KIND (YD%ATOL_ASIS)
(  855) IF (LLPRINT) THEN
(  856)   WRITE (*, '(I10," ")', ADVANCE='NO') ISIZE
(  857)   WRITE (*, *) TRIM (CLPATH)//'%ATOL_ASIS'
(  858) ENDIF
(  859) KSIZE = KSIZE + ISIZE
(  860) ISIZE = KIND (YD%N_F_RTOL_ASIS)
(  861) IF (LLPRINT) THEN
(  862)   WRITE (*, '(I10," ")', ADVANCE='NO') ISIZE
(  863)   WRITE (*, *) TRIM (CLPATH)//'%N_F_RTOL_ASIS'
(  864) ENDIF
(  865) KSIZE = KSIZE + ISIZE
(  866) ISIZE = KIND (YD%N_F_ATOL_ASIS)
(  867) IF (LLPRINT) THEN
(  868)   WRITE (*, '(I10," ")', ADVANCE='NO') ISIZE
(  869)   WRITE (*, *) TRIM (CLPATH)//'%N_F_ATOL_ASIS'
(  870) ENDIF
(  871) KSIZE = KSIZE + ISIZE
(  872) LTCO2DG = ALLOCATED (YD%TCO2DG)
(  873) IF (LTCO2DG) THEN
(  874)   ISIZE = KIND (YD%TCO2DG) * SIZE (YD%TCO2DG)
(  875)   IF (LLPRINT) THEN
(  876)     WRITE (*, '(I10," ")', ADVANCE='NO') ISIZE
(  877)     WRITE (*, *) TRIM (CLPATH)//'%TCO2DG'
(  878)   ENDIF
(  879)   KSIZE = KSIZE + ISIZE
(  880) ENDIF
(  881) LTCOTOP = ALLOCATED (YD%TCOTOP)
(  882) IF (LTCOTOP) THEN
(  883)   ISIZE = KIND (YD%TCOTOP) * SIZE (YD%TCOTOP)
(  884)   IF (LLPRINT) THEN
(  885)     WRITE (*, '(I10," ")', ADVANCE='NO') ISIZE
(  886)     WRITE (*, *) TRIM (CLPATH)//'%TCOTOP'
(  887)   ENDIF
(  888)   KSIZE = KSIZE + ISIZE
(  889) ENDIF
(  890) ISIZE = KIND (YD%LCHEM_ARPCLIM)
(  891) IF (LLPRINT) THEN
(  892)   WRITE (*, '(I10," ")', ADVANCE='NO') ISIZE
(  893)   WRITE (*, *) TRIM (CLPATH)//'%LCHEM_ARPCLIM'
(  894) ENDIF
(  895) KSIZE = KSIZE + ISIZE
(  896) ISIZE = KIND (YD%LCHEM_EMICH4)
(  897) IF (LLPRINT) THEN
(  898)   WRITE (*, '(I10," ")', ADVANCE='NO') ISIZE
(  899)   WRITE (*, *) TRIM (CLPATH)//'%LCHEM_EMICH4'
(  900) ENDIF
(  901) KSIZE = KSIZE + ISIZE
(  902) END FUNCTION
(  903) # 904 "./util_tchem_mod.F90"
(  904) END MODULE
