


NVFORTRAN (Version     24.5)          03/19/2025  06:54:42      page 1

Switches: -noasm -nodclchk -debug -nodlines -line -list
          -idir /opt/softs/gcc/9.2.0/hpc_sdk/Linux_x86_64/24.5/comm_libs/12.4/hpcx/hpcx-2.19/ompi/include
          -idir /opt/softs/gcc/9.2.0/hpc_sdk/Linux_x86_64/24.5/comm_libs/12.4/hpcx/hpcx-2.19/ompi/lib
          -inform severe -opt 1 -nosave -object -noonetrip
          -depchk on -nostandard     
          -symbol -noupcase    

Filename: ./util_type_gfl_comp_mod.F90

(    1) MODULE UTIL_TYPE_GFL_COMP_MOD
(    2) 
(    3) USE YOM_YGFL, ONLY : TYPE_GFL_COMP
(    4) 
(    5) INTERFACE SAVE
(    6) MODULE PROCEDURE SAVE_TYPE_GFL_COMP
(    7) END INTERFACE
(    8) 
(    9) INTERFACE LOAD
(   10) MODULE PROCEDURE LOAD_TYPE_GFL_COMP
(   11) END INTERFACE
(   12) 
(   13) INTERFACE COPY
(   14) MODULE PROCEDURE COPY_TYPE_GFL_COMP
(   15) END INTERFACE
(   16) 
(   17) INTERFACE HOST
(   18) MODULE PROCEDURE HOST_TYPE_GFL_COMP
(   19) END INTERFACE
(   20) 
(   21) INTERFACE LEGACY
(   22) MODULE PROCEDURE LEGACY_TYPE_GFL_COMP
(   23) END INTERFACE
(   24)      
(   25) INTERFACE CRC64
(   26) MODULE PROCEDURE CRC64_TYPE_GFL_COMP
(   27) END INTERFACE
(   28) 
(   29) INTERFACE WIPE
(   30) MODULE PROCEDURE WIPE_TYPE_GFL_COMP
(   31) END INTERFACE
(   32) 
(   33) INTERFACE SIZE
(   34) MODULE PROCEDURE SIZE_TYPE_GFL_COMP
(   35) END INTERFACE
(   36) 
(   37) 
(   38) CONTAINS
(   39) 
(   40) SUBROUTINE SAVE_TYPE_GFL_COMP (KLUN, YD)
(   41) 
(   42) IMPLICIT NONE
(   43) INTEGER, INTENT (IN) :: KLUN
(   44) TYPE (TYPE_GFL_COMP), INTENT (IN), TARGET :: YD
(   45) 
(   46) WRITE (KLUN) YD%CNAME
(   47) WRITE (KLUN) YD%IGRBCODE
(   48) WRITE (KLUN) YD%LADV
(   49) WRITE (KLUN) YD%LADV5
(   50) WRITE (KLUN) YD%LTDIABLIN






NVFORTRAN (Version     24.5)          03/19/2025  06:54:42      page 2

(   51) WRITE (KLUN) YD%LHORTURB
(   52) WRITE (KLUN) YD%NREQIN
(   53) WRITE (KLUN) YD%LREQOUT
(   54) WRITE (KLUN) YD%LGPINGP
(   55) WRITE (KLUN) YD%LMGRID
(   56) WRITE (KLUN) YD%LGP
(   57) WRITE (KLUN) YD%LSP
(   58) WRITE (KLUN) YD%LCDERS
(   59) WRITE (KLUN) YD%LACTIVE
(   60) WRITE (KLUN) YD%LTHERMACT
(   61) WRITE (KLUN) YD%R
(   62) WRITE (KLUN) YD%RCP
(   63) WRITE (KLUN) YD%LT9
(   64) WRITE (KLUN) YD%LT1
(   65) WRITE (KLUN) YD%LT5
(   66) WRITE (KLUN) YD%LPHY
(   67) WRITE (KLUN) YD%LPT
(   68) WRITE (KLUN) YD%LTRAJIO
(   69) WRITE (KLUN) YD%LDIAG
(   70) WRITE (KLUN) YD%LPC
(   71) WRITE (KLUN) YD%REFVALI
(   72) WRITE (KLUN) YD%LADJUST0
(   73) WRITE (KLUN) YD%LADJUST1
(   74) WRITE (KLUN) YD%NCOUPLING
(   75) WRITE (KLUN) YD%REFVALC
(   76) WRITE (KLUN) YD%LBIPER
(   77) WRITE (KLUN) YD%CSLINT
(   78) WRITE (KLUN) YD%MGFL
(   79) WRITE (KLUN) YD%MP
(   80) WRITE (KLUN) YD%MPL
(   81) WRITE (KLUN) YD%MPM
(   82) WRITE (KLUN) YD%MP9
(   83) WRITE (KLUN) YD%MP9_PH
(   84) WRITE (KLUN) YD%MP1
(   85) WRITE (KLUN) YD%MP5
(   86) WRITE (KLUN) YD%MP5L
(   87) WRITE (KLUN) YD%MP5M
(   88) WRITE (KLUN) YD%MPSLP
(   89) WRITE (KLUN) YD%MPSP
(   90) WRITE (KLUN) YD%MP_SPL
(   91) WRITE (KLUN) YD%MP_SL1
(   92) WRITE (KLUN) YD%MP_SLX
(   93) WRITE (KLUN) YD%MPPT
(   94) WRITE (KLUN) YD%MPPC
(   95) WRITE (KLUN) YD%MPPC_PH
(   96) WRITE (KLUN) YD%LWATER
(   97) WRITE (KLUN) YD%LPRECIP
(   98) WRITE (KLUN) YD%RLZER
(   99) WRITE (KLUN) YD%NCOUPLO4
(  100) WRITE (KLUN) YD%LASSIM
(  101) WRITE (KLUN) YD%IGRIBDV
(  102) WRITE (KLUN) YD%IGRIBTC
(  103) WRITE (KLUN) YD%IGRBFLXO
(  104) WRITE (KLUN) YD%IGRBWDFLX
(  105) WRITE (KLUN) YD%IGRBDDFLX
(  106) WRITE (KLUN) YD%LDIFF
(  107) WRITE (KLUN) YD%LCONV
(  108) WRITE (KLUN) YD%RMOLMASS






NVFORTRAN (Version     24.5)          03/19/2025  06:54:42      page 3

(  109) WRITE (KLUN) YD%REFOLD
(  110) WRITE (KLUN) YD%HENRYA
(  111) WRITE (KLUN) YD%HENRYB
(  112) WRITE (KLUN) YD%LNEGFIX
(  113) WRITE (KLUN) YD%LCOMAD
(  114) WRITE (KLUN) YD%WENO_ALPHA
(  115) WRITE (KLUN) YD%LMASSFIX
(  116) WRITE (KLUN) YD%BETAMFBC
(  117) WRITE (KLUN) YD%IFID
(  118) END SUBROUTINE
(  119) 
(  120) SUBROUTINE LOAD_TYPE_GFL_COMP (KLUN, YD)
(  121) USE PARKIND1, ONLY : JPRD
(  122) 
(  123) IMPLICIT NONE
(  124) INTEGER, INTENT (IN) :: KLUN
(  125) TYPE (TYPE_GFL_COMP), INTENT (OUT), TARGET :: YD
(  126) REAL(KIND=JPRD) :: ZTMP0
(  127) READ (KLUN) YD%CNAME
(  128) READ (KLUN) YD%IGRBCODE
(  129) READ (KLUN) YD%LADV
(  130) READ (KLUN) YD%LADV5
(  131) READ (KLUN) YD%LTDIABLIN
(  132) READ (KLUN) YD%LHORTURB
(  133) READ (KLUN) YD%NREQIN
(  134) READ (KLUN) YD%LREQOUT
(  135) READ (KLUN) YD%LGPINGP
(  136) READ (KLUN) YD%LMGRID
(  137) READ (KLUN) YD%LGP
(  138) READ (KLUN) YD%LSP
(  139) READ (KLUN) YD%LCDERS
(  140) READ (KLUN) YD%LACTIVE
(  141) READ (KLUN) YD%LTHERMACT
(  142) READ (KLUN) ZTMP0
(  143) YD%R = ZTMP0
(  144) READ (KLUN) ZTMP0
(  145) YD%RCP = ZTMP0
(  146) READ (KLUN) YD%LT9
(  147) READ (KLUN) YD%LT1
(  148) READ (KLUN) YD%LT5
(  149) READ (KLUN) YD%LPHY
(  150) READ (KLUN) YD%LPT
(  151) READ (KLUN) YD%LTRAJIO
(  152) READ (KLUN) YD%LDIAG
(  153) READ (KLUN) YD%LPC
(  154) READ (KLUN) ZTMP0
(  155) YD%REFVALI = ZTMP0
(  156) READ (KLUN) YD%LADJUST0
(  157) READ (KLUN) YD%LADJUST1
(  158) READ (KLUN) YD%NCOUPLING
(  159) READ (KLUN) ZTMP0
(  160) YD%REFVALC = ZTMP0
(  161) READ (KLUN) YD%LBIPER
(  162) READ (KLUN) YD%CSLINT
(  163) READ (KLUN) YD%MGFL
(  164) READ (KLUN) YD%MP
(  165) READ (KLUN) YD%MPL
(  166) READ (KLUN) YD%MPM






NVFORTRAN (Version     24.5)          03/19/2025  06:54:42      page 4

(  167) READ (KLUN) YD%MP9
(  168) READ (KLUN) YD%MP9_PH
(  169) READ (KLUN) YD%MP1
(  170) READ (KLUN) YD%MP5
(  171) READ (KLUN) YD%MP5L
(  172) READ (KLUN) YD%MP5M
(  173) READ (KLUN) YD%MPSLP
(  174) READ (KLUN) YD%MPSP
(  175) READ (KLUN) YD%MP_SPL
(  176) READ (KLUN) YD%MP_SL1
(  177) READ (KLUN) YD%MP_SLX
(  178) READ (KLUN) YD%MPPT
(  179) READ (KLUN) YD%MPPC
(  180) READ (KLUN) YD%MPPC_PH
(  181) READ (KLUN) YD%LWATER
(  182) READ (KLUN) YD%LPRECIP
(  183) READ (KLUN) ZTMP0
(  184) YD%RLZER = ZTMP0
(  185) READ (KLUN) YD%NCOUPLO4
(  186) READ (KLUN) YD%LASSIM
(  187) READ (KLUN) YD%IGRIBDV
(  188) READ (KLUN) YD%IGRIBTC
(  189) READ (KLUN) YD%IGRBFLXO
(  190) READ (KLUN) YD%IGRBWDFLX
(  191) READ (KLUN) YD%IGRBDDFLX
(  192) READ (KLUN) YD%LDIFF
(  193) READ (KLUN) YD%LCONV
(  194) READ (KLUN) ZTMP0
(  195) YD%RMOLMASS = ZTMP0
(  196) READ (KLUN) ZTMP0
(  197) YD%REFOLD = ZTMP0
(  198) READ (KLUN) ZTMP0
(  199) YD%HENRYA = ZTMP0
(  200) READ (KLUN) ZTMP0
(  201) YD%HENRYB = ZTMP0
(  202) READ (KLUN) YD%LNEGFIX
(  203) READ (KLUN) YD%LCOMAD
(  204) READ (KLUN) ZTMP0
(  205) YD%WENO_ALPHA = ZTMP0
(  206) READ (KLUN) YD%LMASSFIX
(  207) READ (KLUN) ZTMP0
(  208) YD%BETAMFBC = ZTMP0
(  209) READ (KLUN) YD%IFID
(  210) NULLIFY (YD%PREVIOUS)
(  211) END SUBROUTINE
(  212) 
(  213) 
(  214) SUBROUTINE COPY_TYPE_GFL_COMP (YD, LDCREATED, LDFIELDAPI)
(  215) 
(  216) IMPLICIT NONE
(  217) TYPE (TYPE_GFL_COMP), INTENT (IN), TARGET :: YD
(  218) LOGICAL, OPTIONAL, INTENT (IN) :: LDCREATED, LDFIELDAPI
(  219) LOGICAL :: LLCREATED
(  220) LOGICAL :: LLFIELDAPI
(  221) 
(  222) LLFIELDAPI = .FALSE.
(  223) IF (PRESENT (LDFIELDAPI)) THEN
(  224)   LLFIELDAPI = LDFIELDAPI






NVFORTRAN (Version     24.5)          03/19/2025  06:54:42      page 5

(  225) ENDIF
(  226) LLCREATED = .FALSE.
(  227) IF (PRESENT (LDCREATED)) THEN
(  228)   LLCREATED = LDCREATED
(  229) ENDIF
(  230) IF (.NOT. LLCREATED) THEN
(  231)   !$acc enter data create (YD)
(  232)   !$acc update device (YD)
(  233) ENDIF
(  234) 
(  235) 
(  236) 
(  237) 
(  238) 
(  239) 
(  240) 
(  241) 
(  242) 
(  243) 
(  244) 
(  245) 
(  246) 
(  247) 
(  248) 
(  249) 
(  250) 
(  251) 
(  252) 
(  253) 
(  254) 
(  255) 
(  256) 
(  257) 
(  258) 
(  259) 
(  260) 
(  261) 
(  262) 
(  263) 
(  264) 
(  265) 
(  266) 
(  267) 
(  268) 
(  269) 
(  270) 
(  271) 
(  272) 
(  273) 
(  274) 
(  275) 
(  276) 
(  277) 
(  278) 
(  279) 
(  280) 
(  281) 
(  282) 






NVFORTRAN (Version     24.5)          03/19/2025  06:54:42      page 6

(  283) 
(  284) 
(  285) 
(  286) 
(  287) 
(  288) 
(  289) 
(  290) 
(  291) 
(  292) 
(  293) 
(  294) 
(  295) 
(  296) 
(  297) 
(  298) 
(  299) 
(  300) 
(  301) 
(  302) 
(  303) 
(  304) 
(  305) 
(  306) END SUBROUTINE
(  307) 
(  308) SUBROUTINE HOST_TYPE_GFL_COMP (YD)
(  309) 
(  310) IMPLICIT NONE
(  311) TYPE (TYPE_GFL_COMP), TARGET :: YD
(  312) 
(  313) 
(  314) 
(  315) 
(  316) 
(  317) 
(  318) 
(  319) 
(  320) 
(  321) 
(  322) 
(  323) 
(  324) 
(  325) 
(  326) 
(  327) 
(  328) 
(  329) 
(  330) 
(  331) 
(  332) 
(  333) 
(  334) 
(  335) 
(  336) 
(  337) 
(  338) 
(  339) 
(  340) 






NVFORTRAN (Version     24.5)          03/19/2025  06:54:42      page 7

(  341) 
(  342) 
(  343) 
(  344) 
(  345) 
(  346) 
(  347) 
(  348) 
(  349) 
(  350) 
(  351) 
(  352) 
(  353) 
(  354) 
(  355) 
(  356) 
(  357) 
(  358) 
(  359) 
(  360) 
(  361) 
(  362) 
(  363) 
(  364) 
(  365) 
(  366) 
(  367) 
(  368) 
(  369) 
(  370) 
(  371) 
(  372) 
(  373) 
(  374) 
(  375) 
(  376) 
(  377) 
(  378) 
(  379) 
(  380) 
(  381) 
(  382) 
(  383) 
(  384) 
(  385) END SUBROUTINE
(  386) 
(  387) SUBROUTINE LEGACY_TYPE_GFL_COMP (YD, KADDRL, KADDRU, KDIR)
(  388) 
(  389) IMPLICIT NONE
(  390) TYPE (TYPE_GFL_COMP), TARGET :: YD
(  391) INTEGER*8, INTENT (IN) :: KADDRL
(  392) INTEGER*8, INTENT (IN) :: KADDRU
(  393) INTEGER, INTENT (IN) :: KDIR
(  394) 
(  395) 
(  396) 
(  397) 
(  398) 






NVFORTRAN (Version     24.5)          03/19/2025  06:54:42      page 8

(  399) 
(  400) 
(  401) 
(  402) 
(  403) 
(  404) 
(  405) 
(  406) 
(  407) 
(  408) 
(  409) 
(  410) 
(  411) 
(  412) 
(  413) 
(  414) 
(  415) 
(  416) 
(  417) 
(  418) 
(  419) 
(  420) 
(  421) 
(  422) 
(  423) 
(  424) 
(  425) 
(  426) 
(  427) 
(  428) 
(  429) 
(  430) 
(  431) 
(  432) 
(  433) 
(  434) 
(  435) 
(  436) 
(  437) 
(  438) 
(  439) 
(  440) 
(  441) 
(  442) 
(  443) 
(  444) 
(  445) 
(  446) 
(  447) 
(  448) 
(  449) 
(  450) 
(  451) 
(  452) 
(  453) 
(  454) 
(  455) 
(  456) 






NVFORTRAN (Version     24.5)          03/19/2025  06:54:42      page 9

(  457) 
(  458) 
(  459) 
(  460) 
(  461) 
(  462) 
(  463) 
(  464) 
(  465) 
(  466) 
(  467) END SUBROUTINE     
(  468) 
(  469) SUBROUTINE CRC64_TYPE_GFL_COMP (YD, KLUN, CDPATH)
(  470) USE CRC64_INTRINSIC
(  471) 
(  472) IMPLICIT NONE
(  473) TYPE (TYPE_GFL_COMP), TARGET :: YD
(  474) INTEGER, INTENT (IN) :: KLUN
(  475) CHARACTER(LEN=*), INTENT (IN) :: CDPATH
(  476) CHARACTER(LEN=128) :: CLIND
(  477) 
(  478) WRITE (KLUN, '(Z16.16," ",A)') CRC64 (YD%CNAME), CDPATH//'%CNAME'
(  479) 
(  480) WRITE (KLUN, '(Z16.16," ",A)') CRC64 (YD%IGRBCODE), CDPATH//'%IGRBCODE'
(  481) 
(  482) WRITE (KLUN, '(Z16.16," ",A)') CRC64 (YD%LADV), CDPATH//'%LADV'
(  483) 
(  484) WRITE (KLUN, '(Z16.16," ",A)') CRC64 (YD%LADV5), CDPATH//'%LADV5'
(  485) 
(  486) WRITE (KLUN, '(Z16.16," ",A)') CRC64 (YD%LTDIABLIN), CDPATH//'%LTDIABLIN'
(  487) 
(  488) WRITE (KLUN, '(Z16.16," ",A)') CRC64 (YD%LHORTURB), CDPATH//'%LHORTURB'
(  489) 
(  490) WRITE (KLUN, '(Z16.16," ",A)') CRC64 (YD%NREQIN), CDPATH//'%NREQIN'
(  491) 
(  492) WRITE (KLUN, '(Z16.16," ",A)') CRC64 (YD%LREQOUT), CDPATH//'%LREQOUT'
(  493) 
(  494) WRITE (KLUN, '(Z16.16," ",A)') CRC64 (YD%LGPINGP), CDPATH//'%LGPINGP'
(  495) 
(  496) WRITE (KLUN, '(Z16.16," ",A)') CRC64 (YD%LMGRID), CDPATH//'%LMGRID'
(  497) 
(  498) WRITE (KLUN, '(Z16.16," ",A)') CRC64 (YD%LGP), CDPATH//'%LGP'
(  499) 
(  500) WRITE (KLUN, '(Z16.16," ",A)') CRC64 (YD%LSP), CDPATH//'%LSP'
(  501) 
(  502) WRITE (KLUN, '(Z16.16," ",A)') CRC64 (YD%LCDERS), CDPATH//'%LCDERS'
(  503) 
(  504) WRITE (KLUN, '(Z16.16," ",A)') CRC64 (YD%LACTIVE), CDPATH//'%LACTIVE'
(  505) 
(  506) WRITE (KLUN, '(Z16.16," ",A)') CRC64 (YD%LTHERMACT), CDPATH//'%LTHERMACT'
(  507) 
(  508) WRITE (KLUN, '(Z16.16," ",A)') CRC64 (YD%R), CDPATH//'%R'
(  509) 
(  510) WRITE (KLUN, '(Z16.16," ",A)') CRC64 (YD%RCP), CDPATH//'%RCP'
(  511) 
(  512) WRITE (KLUN, '(Z16.16," ",A)') CRC64 (YD%LT9), CDPATH//'%LT9'
(  513) 
(  514) WRITE (KLUN, '(Z16.16," ",A)') CRC64 (YD%LT1), CDPATH//'%LT1'






NVFORTRAN (Version     24.5)          03/19/2025  06:54:42      page 10

(  515) 
(  516) WRITE (KLUN, '(Z16.16," ",A)') CRC64 (YD%LT5), CDPATH//'%LT5'
(  517) 
(  518) WRITE (KLUN, '(Z16.16," ",A)') CRC64 (YD%LPHY), CDPATH//'%LPHY'
(  519) 
(  520) WRITE (KLUN, '(Z16.16," ",A)') CRC64 (YD%LPT), CDPATH//'%LPT'
(  521) 
(  522) WRITE (KLUN, '(Z16.16," ",A)') CRC64 (YD%LTRAJIO), CDPATH//'%LTRAJIO'
(  523) 
(  524) WRITE (KLUN, '(Z16.16," ",A)') CRC64 (YD%LDIAG), CDPATH//'%LDIAG'
(  525) 
(  526) WRITE (KLUN, '(Z16.16," ",A)') CRC64 (YD%LPC), CDPATH//'%LPC'
(  527) 
(  528) WRITE (KLUN, '(Z16.16," ",A)') CRC64 (YD%REFVALI), CDPATH//'%REFVALI'
(  529) 
(  530) WRITE (KLUN, '(Z16.16," ",A)') CRC64 (YD%LADJUST0), CDPATH//'%LADJUST0'
(  531) 
(  532) WRITE (KLUN, '(Z16.16," ",A)') CRC64 (YD%LADJUST1), CDPATH//'%LADJUST1'
(  533) 
(  534) WRITE (KLUN, '(Z16.16," ",A)') CRC64 (YD%NCOUPLING), CDPATH//'%NCOUPLING'
(  535) 
(  536) WRITE (KLUN, '(Z16.16," ",A)') CRC64 (YD%REFVALC), CDPATH//'%REFVALC'
(  537) 
(  538) WRITE (KLUN, '(Z16.16," ",A)') CRC64 (YD%LBIPER), CDPATH//'%LBIPER'
(  539) 
(  540) WRITE (KLUN, '(Z16.16," ",A)') CRC64 (YD%CSLINT), CDPATH//'%CSLINT'
(  541) 
(  542) WRITE (KLUN, '(Z16.16," ",A)') CRC64 (YD%MGFL), CDPATH//'%MGFL'
(  543) 
(  544) WRITE (KLUN, '(Z16.16," ",A)') CRC64 (YD%MP), CDPATH//'%MP'
(  545) 
(  546) WRITE (KLUN, '(Z16.16," ",A)') CRC64 (YD%MPL), CDPATH//'%MPL'
(  547) 
(  548) WRITE (KLUN, '(Z16.16," ",A)') CRC64 (YD%MPM), CDPATH//'%MPM'
(  549) 
(  550) WRITE (KLUN, '(Z16.16," ",A)') CRC64 (YD%MP9), CDPATH//'%MP9'
(  551) 
(  552) WRITE (KLUN, '(Z16.16," ",A)') CRC64 (YD%MP9_PH), CDPATH//'%MP9_PH'
(  553) 
(  554) WRITE (KLUN, '(Z16.16," ",A)') CRC64 (YD%MP1), CDPATH//'%MP1'
(  555) 
(  556) WRITE (KLUN, '(Z16.16," ",A)') CRC64 (YD%MP5), CDPATH//'%MP5'
(  557) 
(  558) WRITE (KLUN, '(Z16.16," ",A)') CRC64 (YD%MP5L), CDPATH//'%MP5L'
(  559) 
(  560) WRITE (KLUN, '(Z16.16," ",A)') CRC64 (YD%MP5M), CDPATH//'%MP5M'
(  561) 
(  562) WRITE (KLUN, '(Z16.16," ",A)') CRC64 (YD%MPSLP), CDPATH//'%MPSLP'
(  563) 
(  564) WRITE (KLUN, '(Z16.16," ",A)') CRC64 (YD%MPSP), CDPATH//'%MPSP'
(  565) 
(  566) WRITE (KLUN, '(Z16.16," ",A)') CRC64 (YD%MP_SPL), CDPATH//'%MP_SPL'
(  567) 
(  568) WRITE (KLUN, '(Z16.16," ",A)') CRC64 (YD%MP_SL1), CDPATH//'%MP_SL1'
(  569) 
(  570) WRITE (KLUN, '(Z16.16," ",A)') CRC64 (YD%MP_SLX), CDPATH//'%MP_SLX'
(  571) 
(  572) WRITE (KLUN, '(Z16.16," ",A)') CRC64 (YD%MPPT), CDPATH//'%MPPT'






NVFORTRAN (Version     24.5)          03/19/2025  06:54:42      page 11

(  573) 
(  574) WRITE (KLUN, '(Z16.16," ",A)') CRC64 (YD%MPPC), CDPATH//'%MPPC'
(  575) 
(  576) WRITE (KLUN, '(Z16.16," ",A)') CRC64 (YD%MPPC_PH), CDPATH//'%MPPC_PH'
(  577) 
(  578) WRITE (KLUN, '(Z16.16," ",A)') CRC64 (YD%LWATER), CDPATH//'%LWATER'
(  579) 
(  580) WRITE (KLUN, '(Z16.16," ",A)') CRC64 (YD%LPRECIP), CDPATH//'%LPRECIP'
(  581) 
(  582) WRITE (KLUN, '(Z16.16," ",A)') CRC64 (YD%RLZER), CDPATH//'%RLZER'
(  583) 
(  584) WRITE (KLUN, '(Z16.16," ",A)') CRC64 (YD%NCOUPLO4), CDPATH//'%NCOUPLO4'
(  585) 
(  586) WRITE (KLUN, '(Z16.16," ",A)') CRC64 (YD%LASSIM), CDPATH//'%LASSIM'
(  587) 
(  588) WRITE (KLUN, '(Z16.16," ",A)') CRC64 (YD%IGRIBDV), CDPATH//'%IGRIBDV'
(  589) 
(  590) WRITE (KLUN, '(Z16.16," ",A)') CRC64 (YD%IGRIBTC), CDPATH//'%IGRIBTC'
(  591) 
(  592) WRITE (KLUN, '(Z16.16," ",A)') CRC64 (YD%IGRBFLXO), CDPATH//'%IGRBFLXO'
(  593) 
(  594) WRITE (KLUN, '(Z16.16," ",A)') CRC64 (YD%IGRBWDFLX), CDPATH//'%IGRBWDFLX'
(  595) 
(  596) WRITE (KLUN, '(Z16.16," ",A)') CRC64 (YD%IGRBDDFLX), CDPATH//'%IGRBDDFLX'
(  597) 
(  598) WRITE (KLUN, '(Z16.16," ",A)') CRC64 (YD%LDIFF), CDPATH//'%LDIFF'
(  599) 
(  600) WRITE (KLUN, '(Z16.16," ",A)') CRC64 (YD%LCONV), CDPATH//'%LCONV'
(  601) 
(  602) WRITE (KLUN, '(Z16.16," ",A)') CRC64 (YD%RMOLMASS), CDPATH//'%RMOLMASS'
(  603) 
(  604) WRITE (KLUN, '(Z16.16," ",A)') CRC64 (YD%REFOLD), CDPATH//'%REFOLD'
(  605) 
(  606) WRITE (KLUN, '(Z16.16," ",A)') CRC64 (YD%HENRYA), CDPATH//'%HENRYA'
(  607) 
(  608) WRITE (KLUN, '(Z16.16," ",A)') CRC64 (YD%HENRYB), CDPATH//'%HENRYB'
(  609) 
(  610) WRITE (KLUN, '(Z16.16," ",A)') CRC64 (YD%LNEGFIX), CDPATH//'%LNEGFIX'
(  611) 
(  612) WRITE (KLUN, '(Z16.16," ",A)') CRC64 (YD%LCOMAD), CDPATH//'%LCOMAD'
(  613) 
(  614) WRITE (KLUN, '(Z16.16," ",A)') CRC64 (YD%WENO_ALPHA), CDPATH//'%WENO_ALPHA'
(  615) 
(  616) WRITE (KLUN, '(Z16.16," ",A)') CRC64 (YD%LMASSFIX), CDPATH//'%LMASSFIX'
(  617) 
(  618) WRITE (KLUN, '(Z16.16," ",A)') CRC64 (YD%BETAMFBC), CDPATH//'%BETAMFBC'
(  619) 
(  620) WRITE (KLUN, '(Z16.16," ",A)') CRC64 (YD%IFID), CDPATH//'%IFID'
(  621) 
(  622) END SUBROUTINE
(  623) 
(  624) SUBROUTINE WIPE_TYPE_GFL_COMP (YD, LDDELETED, LDFIELDAPI)
(  625) 
(  626) IMPLICIT NONE
(  627) TYPE (TYPE_GFL_COMP), INTENT (IN), TARGET :: YD
(  628) LOGICAL, OPTIONAL, INTENT (IN) :: LDDELETED, LDFIELDAPI
(  629) LOGICAL :: LLDELETED
(  630) LOGICAL :: LLFIELDAPI






NVFORTRAN (Version     24.5)          03/19/2025  06:54:42      page 12

(  631) 
(  632) LLFIELDAPI = .FALSE.
(  633) IF (PRESENT (LDFIELDAPI)) THEN
(  634)   LLFIELDAPI = LDFIELDAPI
(  635) ENDIF
(  636) 
(  637) 
(  638) 
(  639) 
(  640) 
(  641) 
(  642) 
(  643) 
(  644) 
(  645) 
(  646) 
(  647) 
(  648) 
(  649) 
(  650) 
(  651) 
(  652) 
(  653) 
(  654) 
(  655) 
(  656) 
(  657) 
(  658) 
(  659) 
(  660) 
(  661) 
(  662) 
(  663) 
(  664) 
(  665) 
(  666) 
(  667) 
(  668) 
(  669) 
(  670) 
(  671) 
(  672) 
(  673) 
(  674) 
(  675) 
(  676) 
(  677) 
(  678) 
(  679) 
(  680) 
(  681) 
(  682) 
(  683) 
(  684) 
(  685) 
(  686) 
(  687) 
(  688) 






NVFORTRAN (Version     24.5)          03/19/2025  06:54:42      page 13

(  689) 
(  690) 
(  691) 
(  692) 
(  693) 
(  694) 
(  695) 
(  696) 
(  697) 
(  698) 
(  699) 
(  700) 
(  701) 
(  702) 
(  703) 
(  704) 
(  705) 
(  706) 
(  707) 
(  708) LLDELETED = .FALSE.
(  709) IF (PRESENT (LDDELETED)) THEN
(  710)   LLDELETED = LDDELETED
(  711) ENDIF
(  712) IF (.NOT. LLDELETED) THEN
(  713)   !$acc exit data delete (YD)
(  714) ENDIF
(  715) END SUBROUTINE
(  716) 
(  717) INTEGER*8 FUNCTION SIZE_TYPE_GFL_COMP (YD, CDPATH, LDPRINT) RESULT (KSIZE)
(  718) 
(  719) IMPLICIT NONE
(  720) TYPE (TYPE_GFL_COMP),     INTENT (IN), TARGET :: YD
(  721) CHARACTER(LEN=*), INTENT (IN), OPTIONAL :: CDPATH
(  722) LOGICAL,          INTENT (IN), OPTIONAL :: LDPRINT
(  723) INTEGER*8 :: ISIZE, JSIZE
(  724) LOGICAL :: LLPRINT
(  725) CHARACTER(LEN=128) :: CLPATH
(  726) 
(  727) LLPRINT = .FALSE.
(  728) IF (PRESENT (LDPRINT)) THEN
(  729)   LLPRINT = LDPRINT
(  730) ENDIF
(  731) CLPATH=''
(  732) IF (PRESENT (CDPATH)) THEN
(  733)   CLPATH = CDPATH
(  734) ENDIF
(  735) KSIZE = 0
(  736) ISIZE = KIND (YD%CNAME) * LEN (YD%CNAME)
(  737) IF (LLPRINT) THEN
(  738)   WRITE (*, '(I10," ")', ADVANCE='NO') ISIZE
(  739)   WRITE (*, *) TRIM (CLPATH)//'%CNAME'
(  740) ENDIF
(  741) KSIZE = KSIZE + ISIZE
(  742) ISIZE = KIND (YD%IGRBCODE)
(  743) IF (LLPRINT) THEN
(  744)   WRITE (*, '(I10," ")', ADVANCE='NO') ISIZE
(  745)   WRITE (*, *) TRIM (CLPATH)//'%IGRBCODE'
(  746) ENDIF






NVFORTRAN (Version     24.5)          03/19/2025  06:54:42      page 14

(  747) KSIZE = KSIZE + ISIZE
(  748) ISIZE = KIND (YD%LADV)
(  749) IF (LLPRINT) THEN
(  750)   WRITE (*, '(I10," ")', ADVANCE='NO') ISIZE
(  751)   WRITE (*, *) TRIM (CLPATH)//'%LADV'
(  752) ENDIF
(  753) KSIZE = KSIZE + ISIZE
(  754) ISIZE = KIND (YD%LADV5)
(  755) IF (LLPRINT) THEN
(  756)   WRITE (*, '(I10," ")', ADVANCE='NO') ISIZE
(  757)   WRITE (*, *) TRIM (CLPATH)//'%LADV5'
(  758) ENDIF
(  759) KSIZE = KSIZE + ISIZE
(  760) ISIZE = KIND (YD%LTDIABLIN)
(  761) IF (LLPRINT) THEN
(  762)   WRITE (*, '(I10," ")', ADVANCE='NO') ISIZE
(  763)   WRITE (*, *) TRIM (CLPATH)//'%LTDIABLIN'
(  764) ENDIF
(  765) KSIZE = KSIZE + ISIZE
(  766) ISIZE = KIND (YD%LHORTURB)
(  767) IF (LLPRINT) THEN
(  768)   WRITE (*, '(I10," ")', ADVANCE='NO') ISIZE
(  769)   WRITE (*, *) TRIM (CLPATH)//'%LHORTURB'
(  770) ENDIF
(  771) KSIZE = KSIZE + ISIZE
(  772) ISIZE = KIND (YD%NREQIN)
(  773) IF (LLPRINT) THEN
(  774)   WRITE (*, '(I10," ")', ADVANCE='NO') ISIZE
(  775)   WRITE (*, *) TRIM (CLPATH)//'%NREQIN'
(  776) ENDIF
(  777) KSIZE = KSIZE + ISIZE
(  778) ISIZE = KIND (YD%LREQOUT)
(  779) IF (LLPRINT) THEN
(  780)   WRITE (*, '(I10," ")', ADVANCE='NO') ISIZE
(  781)   WRITE (*, *) TRIM (CLPATH)//'%LREQOUT'
(  782) ENDIF
(  783) KSIZE = KSIZE + ISIZE
(  784) ISIZE = KIND (YD%LGPINGP)
(  785) IF (LLPRINT) THEN
(  786)   WRITE (*, '(I10," ")', ADVANCE='NO') ISIZE
(  787)   WRITE (*, *) TRIM (CLPATH)//'%LGPINGP'
(  788) ENDIF
(  789) KSIZE = KSIZE + ISIZE
(  790) ISIZE = KIND (YD%LMGRID)
(  791) IF (LLPRINT) THEN
(  792)   WRITE (*, '(I10," ")', ADVANCE='NO') ISIZE
(  793)   WRITE (*, *) TRIM (CLPATH)//'%LMGRID'
(  794) ENDIF
(  795) KSIZE = KSIZE + ISIZE
(  796) ISIZE = KIND (YD%LGP)
(  797) IF (LLPRINT) THEN
(  798)   WRITE (*, '(I10," ")', ADVANCE='NO') ISIZE
(  799)   WRITE (*, *) TRIM (CLPATH)//'%LGP'
(  800) ENDIF
(  801) KSIZE = KSIZE + ISIZE
(  802) ISIZE = KIND (YD%LSP)
(  803) IF (LLPRINT) THEN
(  804)   WRITE (*, '(I10," ")', ADVANCE='NO') ISIZE






NVFORTRAN (Version     24.5)          03/19/2025  06:54:42      page 15

(  805)   WRITE (*, *) TRIM (CLPATH)//'%LSP'
(  806) ENDIF
(  807) KSIZE = KSIZE + ISIZE
(  808) ISIZE = KIND (YD%LCDERS)
(  809) IF (LLPRINT) THEN
(  810)   WRITE (*, '(I10," ")', ADVANCE='NO') ISIZE
(  811)   WRITE (*, *) TRIM (CLPATH)//'%LCDERS'
(  812) ENDIF
(  813) KSIZE = KSIZE + ISIZE
(  814) ISIZE = KIND (YD%LACTIVE)
(  815) IF (LLPRINT) THEN
(  816)   WRITE (*, '(I10," ")', ADVANCE='NO') ISIZE
(  817)   WRITE (*, *) TRIM (CLPATH)//'%LACTIVE'
(  818) ENDIF
(  819) KSIZE = KSIZE + ISIZE
(  820) ISIZE = KIND (YD%LTHERMACT)
(  821) IF (LLPRINT) THEN
(  822)   WRITE (*, '(I10," ")', ADVANCE='NO') ISIZE
(  823)   WRITE (*, *) TRIM (CLPATH)//'%LTHERMACT'
(  824) ENDIF
(  825) KSIZE = KSIZE + ISIZE
(  826) ISIZE = KIND (YD%R)
(  827) IF (LLPRINT) THEN
(  828)   WRITE (*, '(I10," ")', ADVANCE='NO') ISIZE
(  829)   WRITE (*, *) TRIM (CLPATH)//'%R'
(  830) ENDIF
(  831) KSIZE = KSIZE + ISIZE
(  832) ISIZE = KIND (YD%RCP)
(  833) IF (LLPRINT) THEN
(  834)   WRITE (*, '(I10," ")', ADVANCE='NO') ISIZE
(  835)   WRITE (*, *) TRIM (CLPATH)//'%RCP'
(  836) ENDIF
(  837) KSIZE = KSIZE + ISIZE
(  838) ISIZE = KIND (YD%LT9)
(  839) IF (LLPRINT) THEN
(  840)   WRITE (*, '(I10," ")', ADVANCE='NO') ISIZE
(  841)   WRITE (*, *) TRIM (CLPATH)//'%LT9'
(  842) ENDIF
(  843) KSIZE = KSIZE + ISIZE
(  844) ISIZE = KIND (YD%LT1)
(  845) IF (LLPRINT) THEN
(  846)   WRITE (*, '(I10," ")', ADVANCE='NO') ISIZE
(  847)   WRITE (*, *) TRIM (CLPATH)//'%LT1'
(  848) ENDIF
(  849) KSIZE = KSIZE + ISIZE
(  850) ISIZE = KIND (YD%LT5)
(  851) IF (LLPRINT) THEN
(  852)   WRITE (*, '(I10," ")', ADVANCE='NO') ISIZE
(  853)   WRITE (*, *) TRIM (CLPATH)//'%LT5'
(  854) ENDIF
(  855) KSIZE = KSIZE + ISIZE
(  856) ISIZE = KIND (YD%LPHY)
(  857) IF (LLPRINT) THEN
(  858)   WRITE (*, '(I10," ")', ADVANCE='NO') ISIZE
(  859)   WRITE (*, *) TRIM (CLPATH)//'%LPHY'
(  860) ENDIF
(  861) KSIZE = KSIZE + ISIZE
(  862) ISIZE = KIND (YD%LPT)






NVFORTRAN (Version     24.5)          03/19/2025  06:54:42      page 16

(  863) IF (LLPRINT) THEN
(  864)   WRITE (*, '(I10," ")', ADVANCE='NO') ISIZE
(  865)   WRITE (*, *) TRIM (CLPATH)//'%LPT'
(  866) ENDIF
(  867) KSIZE = KSIZE + ISIZE
(  868) ISIZE = KIND (YD%LTRAJIO)
(  869) IF (LLPRINT) THEN
(  870)   WRITE (*, '(I10," ")', ADVANCE='NO') ISIZE
(  871)   WRITE (*, *) TRIM (CLPATH)//'%LTRAJIO'
(  872) ENDIF
(  873) KSIZE = KSIZE + ISIZE
(  874) ISIZE = KIND (YD%LDIAG)
(  875) IF (LLPRINT) THEN
(  876)   WRITE (*, '(I10," ")', ADVANCE='NO') ISIZE
(  877)   WRITE (*, *) TRIM (CLPATH)//'%LDIAG'
(  878) ENDIF
(  879) KSIZE = KSIZE + ISIZE
(  880) ISIZE = KIND (YD%LPC)
(  881) IF (LLPRINT) THEN
(  882)   WRITE (*, '(I10," ")', ADVANCE='NO') ISIZE
(  883)   WRITE (*, *) TRIM (CLPATH)//'%LPC'
(  884) ENDIF
(  885) KSIZE = KSIZE + ISIZE
(  886) ISIZE = KIND (YD%REFVALI)
(  887) IF (LLPRINT) THEN
(  888)   WRITE (*, '(I10," ")', ADVANCE='NO') ISIZE
(  889)   WRITE (*, *) TRIM (CLPATH)//'%REFVALI'
(  890) ENDIF
(  891) KSIZE = KSIZE + ISIZE
(  892) ISIZE = KIND (YD%LADJUST0)
(  893) IF (LLPRINT) THEN
(  894)   WRITE (*, '(I10," ")', ADVANCE='NO') ISIZE
(  895)   WRITE (*, *) TRIM (CLPATH)//'%LADJUST0'
(  896) ENDIF
(  897) KSIZE = KSIZE + ISIZE
(  898) ISIZE = KIND (YD%LADJUST1)
(  899) IF (LLPRINT) THEN
(  900)   WRITE (*, '(I10," ")', ADVANCE='NO') ISIZE
(  901)   WRITE (*, *) TRIM (CLPATH)//'%LADJUST1'
(  902) ENDIF
(  903) KSIZE = KSIZE + ISIZE
(  904) ISIZE = KIND (YD%NCOUPLING)
(  905) IF (LLPRINT) THEN
(  906)   WRITE (*, '(I10," ")', ADVANCE='NO') ISIZE
(  907)   WRITE (*, *) TRIM (CLPATH)//'%NCOUPLING'
(  908) ENDIF
(  909) KSIZE = KSIZE + ISIZE
(  910) ISIZE = KIND (YD%REFVALC)
(  911) IF (LLPRINT) THEN
(  912)   WRITE (*, '(I10," ")', ADVANCE='NO') ISIZE
(  913)   WRITE (*, *) TRIM (CLPATH)//'%REFVALC'
(  914) ENDIF
(  915) KSIZE = KSIZE + ISIZE
(  916) ISIZE = KIND (YD%LBIPER)
(  917) IF (LLPRINT) THEN
(  918)   WRITE (*, '(I10," ")', ADVANCE='NO') ISIZE
(  919)   WRITE (*, *) TRIM (CLPATH)//'%LBIPER'
(  920) ENDIF






NVFORTRAN (Version     24.5)          03/19/2025  06:54:42      page 17

(  921) KSIZE = KSIZE + ISIZE
(  922) ISIZE = KIND (YD%CSLINT) * LEN (YD%CSLINT)
(  923) IF (LLPRINT) THEN
(  924)   WRITE (*, '(I10," ")', ADVANCE='NO') ISIZE
(  925)   WRITE (*, *) TRIM (CLPATH)//'%CSLINT'
(  926) ENDIF
(  927) KSIZE = KSIZE + ISIZE
(  928) ISIZE = KIND (YD%MGFL)
(  929) IF (LLPRINT) THEN
(  930)   WRITE (*, '(I10," ")', ADVANCE='NO') ISIZE
(  931)   WRITE (*, *) TRIM (CLPATH)//'%MGFL'
(  932) ENDIF
(  933) KSIZE = KSIZE + ISIZE
(  934) ISIZE = KIND (YD%MP)
(  935) IF (LLPRINT) THEN
(  936)   WRITE (*, '(I10," ")', ADVANCE='NO') ISIZE
(  937)   WRITE (*, *) TRIM (CLPATH)//'%MP'
(  938) ENDIF
(  939) KSIZE = KSIZE + ISIZE
(  940) ISIZE = KIND (YD%MPL)
(  941) IF (LLPRINT) THEN
(  942)   WRITE (*, '(I10," ")', ADVANCE='NO') ISIZE
(  943)   WRITE (*, *) TRIM (CLPATH)//'%MPL'
(  944) ENDIF
(  945) KSIZE = KSIZE + ISIZE
(  946) ISIZE = KIND (YD%MPM)
(  947) IF (LLPRINT) THEN
(  948)   WRITE (*, '(I10," ")', ADVANCE='NO') ISIZE
(  949)   WRITE (*, *) TRIM (CLPATH)//'%MPM'
(  950) ENDIF
(  951) KSIZE = KSIZE + ISIZE
(  952) ISIZE = KIND (YD%MP9)
(  953) IF (LLPRINT) THEN
(  954)   WRITE (*, '(I10," ")', ADVANCE='NO') ISIZE
(  955)   WRITE (*, *) TRIM (CLPATH)//'%MP9'
(  956) ENDIF
(  957) KSIZE = KSIZE + ISIZE
(  958) ISIZE = KIND (YD%MP9_PH)
(  959) IF (LLPRINT) THEN
(  960)   WRITE (*, '(I10," ")', ADVANCE='NO') ISIZE
(  961)   WRITE (*, *) TRIM (CLPATH)//'%MP9_PH'
(  962) ENDIF
(  963) KSIZE = KSIZE + ISIZE
(  964) ISIZE = KIND (YD%MP1)
(  965) IF (LLPRINT) THEN
(  966)   WRITE (*, '(I10," ")', ADVANCE='NO') ISIZE
(  967)   WRITE (*, *) TRIM (CLPATH)//'%MP1'
(  968) ENDIF
(  969) KSIZE = KSIZE + ISIZE
(  970) ISIZE = KIND (YD%MP5)
(  971) IF (LLPRINT) THEN
(  972)   WRITE (*, '(I10," ")', ADVANCE='NO') ISIZE
(  973)   WRITE (*, *) TRIM (CLPATH)//'%MP5'
(  974) ENDIF
(  975) KSIZE = KSIZE + ISIZE
(  976) ISIZE = KIND (YD%MP5L)
(  977) IF (LLPRINT) THEN
(  978)   WRITE (*, '(I10," ")', ADVANCE='NO') ISIZE






NVFORTRAN (Version     24.5)          03/19/2025  06:54:42      page 18

(  979)   WRITE (*, *) TRIM (CLPATH)//'%MP5L'
(  980) ENDIF
(  981) KSIZE = KSIZE + ISIZE
(  982) ISIZE = KIND (YD%MP5M)
(  983) IF (LLPRINT) THEN
(  984)   WRITE (*, '(I10," ")', ADVANCE='NO') ISIZE
(  985)   WRITE (*, *) TRIM (CLPATH)//'%MP5M'
(  986) ENDIF
(  987) KSIZE = KSIZE + ISIZE
(  988) ISIZE = KIND (YD%MPSLP)
(  989) IF (LLPRINT) THEN
(  990)   WRITE (*, '(I10," ")', ADVANCE='NO') ISIZE
(  991)   WRITE (*, *) TRIM (CLPATH)//'%MPSLP'
(  992) ENDIF
(  993) KSIZE = KSIZE + ISIZE
(  994) ISIZE = KIND (YD%MPSP)
(  995) IF (LLPRINT) THEN
(  996)   WRITE (*, '(I10," ")', ADVANCE='NO') ISIZE
(  997)   WRITE (*, *) TRIM (CLPATH)//'%MPSP'
(  998) ENDIF
(  999) KSIZE = KSIZE + ISIZE
( 1000) ISIZE = KIND (YD%MP_SPL)
( 1001) IF (LLPRINT) THEN
( 1002)   WRITE (*, '(I10," ")', ADVANCE='NO') ISIZE
( 1003)   WRITE (*, *) TRIM (CLPATH)//'%MP_SPL'
( 1004) ENDIF
( 1005) KSIZE = KSIZE + ISIZE
( 1006) ISIZE = KIND (YD%MP_SL1)
( 1007) IF (LLPRINT) THEN
( 1008)   WRITE (*, '(I10," ")', ADVANCE='NO') ISIZE
( 1009)   WRITE (*, *) TRIM (CLPATH)//'%MP_SL1'
( 1010) ENDIF
( 1011) KSIZE = KSIZE + ISIZE
( 1012) ISIZE = KIND (YD%MP_SLX)
( 1013) IF (LLPRINT) THEN
( 1014)   WRITE (*, '(I10," ")', ADVANCE='NO') ISIZE
( 1015)   WRITE (*, *) TRIM (CLPATH)//'%MP_SLX'
( 1016) ENDIF
( 1017) KSIZE = KSIZE + ISIZE
( 1018) ISIZE = KIND (YD%MPPT)
( 1019) IF (LLPRINT) THEN
( 1020)   WRITE (*, '(I10," ")', ADVANCE='NO') ISIZE
( 1021)   WRITE (*, *) TRIM (CLPATH)//'%MPPT'
( 1022) ENDIF
( 1023) KSIZE = KSIZE + ISIZE
( 1024) ISIZE = KIND (YD%MPPC)
( 1025) IF (LLPRINT) THEN
( 1026)   WRITE (*, '(I10," ")', ADVANCE='NO') ISIZE
( 1027)   WRITE (*, *) TRIM (CLPATH)//'%MPPC'
( 1028) ENDIF
( 1029) KSIZE = KSIZE + ISIZE
( 1030) ISIZE = KIND (YD%MPPC_PH)
( 1031) IF (LLPRINT) THEN
( 1032)   WRITE (*, '(I10," ")', ADVANCE='NO') ISIZE
( 1033)   WRITE (*, *) TRIM (CLPATH)//'%MPPC_PH'
( 1034) ENDIF
( 1035) KSIZE = KSIZE + ISIZE
( 1036) ISIZE = KIND (YD%LWATER)






NVFORTRAN (Version     24.5)          03/19/2025  06:54:42      page 19

( 1037) IF (LLPRINT) THEN
( 1038)   WRITE (*, '(I10," ")', ADVANCE='NO') ISIZE
( 1039)   WRITE (*, *) TRIM (CLPATH)//'%LWATER'
( 1040) ENDIF
( 1041) KSIZE = KSIZE + ISIZE
( 1042) ISIZE = KIND (YD%LPRECIP)
( 1043) IF (LLPRINT) THEN
( 1044)   WRITE (*, '(I10," ")', ADVANCE='NO') ISIZE
( 1045)   WRITE (*, *) TRIM (CLPATH)//'%LPRECIP'
( 1046) ENDIF
( 1047) KSIZE = KSIZE + ISIZE
( 1048) ISIZE = KIND (YD%RLZER)
( 1049) IF (LLPRINT) THEN
( 1050)   WRITE (*, '(I10," ")', ADVANCE='NO') ISIZE
( 1051)   WRITE (*, *) TRIM (CLPATH)//'%RLZER'
( 1052) ENDIF
( 1053) KSIZE = KSIZE + ISIZE
( 1054) ISIZE = KIND (YD%NCOUPLO4)
( 1055) IF (LLPRINT) THEN
( 1056)   WRITE (*, '(I10," ")', ADVANCE='NO') ISIZE
( 1057)   WRITE (*, *) TRIM (CLPATH)//'%NCOUPLO4'
( 1058) ENDIF
( 1059) KSIZE = KSIZE + ISIZE
( 1060) ISIZE = KIND (YD%LASSIM)
( 1061) IF (LLPRINT) THEN
( 1062)   WRITE (*, '(I10," ")', ADVANCE='NO') ISIZE
( 1063)   WRITE (*, *) TRIM (CLPATH)//'%LASSIM'
( 1064) ENDIF
( 1065) KSIZE = KSIZE + ISIZE
( 1066) ISIZE = KIND (YD%IGRIBDV)
( 1067) IF (LLPRINT) THEN
( 1068)   WRITE (*, '(I10," ")', ADVANCE='NO') ISIZE
( 1069)   WRITE (*, *) TRIM (CLPATH)//'%IGRIBDV'
( 1070) ENDIF
( 1071) KSIZE = KSIZE + ISIZE
( 1072) ISIZE = KIND (YD%IGRIBTC)
( 1073) IF (LLPRINT) THEN
( 1074)   WRITE (*, '(I10," ")', ADVANCE='NO') ISIZE
( 1075)   WRITE (*, *) TRIM (CLPATH)//'%IGRIBTC'
( 1076) ENDIF
( 1077) KSIZE = KSIZE + ISIZE
( 1078) ISIZE = KIND (YD%IGRBFLXO)
( 1079) IF (LLPRINT) THEN
( 1080)   WRITE (*, '(I10," ")', ADVANCE='NO') ISIZE
( 1081)   WRITE (*, *) TRIM (CLPATH)//'%IGRBFLXO'
( 1082) ENDIF
( 1083) KSIZE = KSIZE + ISIZE
( 1084) ISIZE = KIND (YD%IGRBWDFLX)
( 1085) IF (LLPRINT) THEN
( 1086)   WRITE (*, '(I10," ")', ADVANCE='NO') ISIZE
( 1087)   WRITE (*, *) TRIM (CLPATH)//'%IGRBWDFLX'
( 1088) ENDIF
( 1089) KSIZE = KSIZE + ISIZE
( 1090) ISIZE = KIND (YD%IGRBDDFLX)
( 1091) IF (LLPRINT) THEN
( 1092)   WRITE (*, '(I10," ")', ADVANCE='NO') ISIZE
( 1093)   WRITE (*, *) TRIM (CLPATH)//'%IGRBDDFLX'
( 1094) ENDIF






NVFORTRAN (Version     24.5)          03/19/2025  06:54:42      page 20

( 1095) KSIZE = KSIZE + ISIZE
( 1096) ISIZE = KIND (YD%LDIFF)
( 1097) IF (LLPRINT) THEN
( 1098)   WRITE (*, '(I10," ")', ADVANCE='NO') ISIZE
( 1099)   WRITE (*, *) TRIM (CLPATH)//'%LDIFF'
( 1100) ENDIF
( 1101) KSIZE = KSIZE + ISIZE
( 1102) ISIZE = KIND (YD%LCONV)
( 1103) IF (LLPRINT) THEN
( 1104)   WRITE (*, '(I10," ")', ADVANCE='NO') ISIZE
( 1105)   WRITE (*, *) TRIM (CLPATH)//'%LCONV'
( 1106) ENDIF
( 1107) KSIZE = KSIZE + ISIZE
( 1108) ISIZE = KIND (YD%RMOLMASS)
( 1109) IF (LLPRINT) THEN
( 1110)   WRITE (*, '(I10," ")', ADVANCE='NO') ISIZE
( 1111)   WRITE (*, *) TRIM (CLPATH)//'%RMOLMASS'
( 1112) ENDIF
( 1113) KSIZE = KSIZE + ISIZE
( 1114) ISIZE = KIND (YD%REFOLD)
( 1115) IF (LLPRINT) THEN
( 1116)   WRITE (*, '(I10," ")', ADVANCE='NO') ISIZE
( 1117)   WRITE (*, *) TRIM (CLPATH)//'%REFOLD'
( 1118) ENDIF
( 1119) KSIZE = KSIZE + ISIZE
( 1120) ISIZE = KIND (YD%HENRYA)
( 1121) IF (LLPRINT) THEN
( 1122)   WRITE (*, '(I10," ")', ADVANCE='NO') ISIZE
( 1123)   WRITE (*, *) TRIM (CLPATH)//'%HENRYA'
( 1124) ENDIF
( 1125) KSIZE = KSIZE + ISIZE
( 1126) ISIZE = KIND (YD%HENRYB)
( 1127) IF (LLPRINT) THEN
( 1128)   WRITE (*, '(I10," ")', ADVANCE='NO') ISIZE
( 1129)   WRITE (*, *) TRIM (CLPATH)//'%HENRYB'
( 1130) ENDIF
( 1131) KSIZE = KSIZE + ISIZE
( 1132) ISIZE = KIND (YD%LNEGFIX)
( 1133) IF (LLPRINT) THEN
( 1134)   WRITE (*, '(I10," ")', ADVANCE='NO') ISIZE
( 1135)   WRITE (*, *) TRIM (CLPATH)//'%LNEGFIX'
( 1136) ENDIF
( 1137) KSIZE = KSIZE + ISIZE
( 1138) ISIZE = KIND (YD%LCOMAD)
( 1139) IF (LLPRINT) THEN
( 1140)   WRITE (*, '(I10," ")', ADVANCE='NO') ISIZE
( 1141)   WRITE (*, *) TRIM (CLPATH)//'%LCOMAD'
( 1142) ENDIF
( 1143) KSIZE = KSIZE + ISIZE
( 1144) ISIZE = KIND (YD%WENO_ALPHA)
( 1145) IF (LLPRINT) THEN
( 1146)   WRITE (*, '(I10," ")', ADVANCE='NO') ISIZE
( 1147)   WRITE (*, *) TRIM (CLPATH)//'%WENO_ALPHA'
( 1148) ENDIF
( 1149) KSIZE = KSIZE + ISIZE
( 1150) ISIZE = KIND (YD%LMASSFIX)
( 1151) IF (LLPRINT) THEN
( 1152)   WRITE (*, '(I10," ")', ADVANCE='NO') ISIZE






NVFORTRAN (Version     24.5)          03/19/2025  06:54:42      page 21

( 1153)   WRITE (*, *) TRIM (CLPATH)//'%LMASSFIX'
( 1154) ENDIF
( 1155) KSIZE = KSIZE + ISIZE
( 1156) ISIZE = KIND (YD%BETAMFBC)
( 1157) IF (LLPRINT) THEN
( 1158)   WRITE (*, '(I10," ")', ADVANCE='NO') ISIZE
( 1159)   WRITE (*, *) TRIM (CLPATH)//'%BETAMFBC'
( 1160) ENDIF
( 1161) KSIZE = KSIZE + ISIZE
( 1162) ISIZE = KIND (YD%IFID)
( 1163) IF (LLPRINT) THEN
( 1164)   WRITE (*, '(I10," ")', ADVANCE='NO') ISIZE
( 1165)   WRITE (*, *) TRIM (CLPATH)//'%IFID'
( 1166) ENDIF
( 1167) KSIZE = KSIZE + ISIZE
( 1168) END FUNCTION
( 1169) 
( 1170) END MODULE














































NVFORTRAN (Version     24.5)          03/19/2025  06:54:42      page 22

(    1) # 1 "./util_type_gfl_comp_mod.F90"
(    1) MODULE UTIL_TYPE_GFL_COMP_MOD
(    2) # 3 "./util_type_gfl_comp_mod.F90"
(    3) USE YOM_YGFL, ONLY : TYPE_GFL_COMP
(    4) # 5 "./util_type_gfl_comp_mod.F90"
(    5) INTERFACE SAVE
(    6) MODULE PROCEDURE SAVE_TYPE_GFL_COMP
(    7) END INTERFACE
(    8) # 9 "./util_type_gfl_comp_mod.F90"
(    9) INTERFACE LOAD
(   10) MODULE PROCEDURE LOAD_TYPE_GFL_COMP
(   11) END INTERFACE
(   12) # 13 "./util_type_gfl_comp_mod.F90"
(   13) INTERFACE COPY
(   14) MODULE PROCEDURE COPY_TYPE_GFL_COMP
(   15) END INTERFACE
(   16) # 17 "./util_type_gfl_comp_mod.F90"
(   17) INTERFACE HOST
(   18) MODULE PROCEDURE HOST_TYPE_GFL_COMP
(   19) END INTERFACE
(   20) # 21 "./util_type_gfl_comp_mod.F90"
(   21) INTERFACE LEGACY
(   22) MODULE PROCEDURE LEGACY_TYPE_GFL_COMP
(   23) END INTERFACE
(   24)      
(   25) INTERFACE CRC64
(   26) MODULE PROCEDURE CRC64_TYPE_GFL_COMP
(   27) END INTERFACE
(   28) # 29 "./util_type_gfl_comp_mod.F90"
(   29) INTERFACE WIPE
(   30) MODULE PROCEDURE WIPE_TYPE_GFL_COMP
(   31) END INTERFACE
(   32) # 33 "./util_type_gfl_comp_mod.F90"
(   33) INTERFACE SIZE
(   34) MODULE PROCEDURE SIZE_TYPE_GFL_COMP
(   35) END INTERFACE
(   36) # 38 "./util_type_gfl_comp_mod.F90"
(   38) CONTAINS
(   39) # 40 "./util_type_gfl_comp_mod.F90"
(   40) SUBROUTINE SAVE_TYPE_GFL_COMP (KLUN, YD)
(   41) # 42 "./util_type_gfl_comp_mod.F90"
(   42) IMPLICIT NONE
(   43) INTEGER, INTENT (IN) :: KLUN
(   44) TYPE (TYPE_GFL_COMP), INTENT (IN), TARGET :: YD
(   45) # 46 "./util_type_gfl_comp_mod.F90"
(   46) WRITE (KLUN) YD%CNAME
(   47) WRITE (KLUN) YD%IGRBCODE
(   48) WRITE (KLUN) YD%LADV
(   49) WRITE (KLUN) YD%LADV5
(   50) WRITE (KLUN) YD%LTDIABLIN
(   51) WRITE (KLUN) YD%LHORTURB
(   52) WRITE (KLUN) YD%NREQIN
(   53) WRITE (KLUN) YD%LREQOUT
(   54) WRITE (KLUN) YD%LGPINGP
(   55) WRITE (KLUN) YD%LMGRID
(   56) WRITE (KLUN) YD%LGP
(   57) WRITE (KLUN) YD%LSP
(   58) WRITE (KLUN) YD%LCDERS






NVFORTRAN (Version     24.5)          03/19/2025  06:54:42      page 23

(   59) WRITE (KLUN) YD%LACTIVE
(   60) WRITE (KLUN) YD%LTHERMACT
(   61) WRITE (KLUN) YD%R
(   62) WRITE (KLUN) YD%RCP
(   63) WRITE (KLUN) YD%LT9
(   64) WRITE (KLUN) YD%LT1
(   65) WRITE (KLUN) YD%LT5
(   66) WRITE (KLUN) YD%LPHY
(   67) WRITE (KLUN) YD%LPT
(   68) WRITE (KLUN) YD%LTRAJIO
(   69) WRITE (KLUN) YD%LDIAG
(   70) WRITE (KLUN) YD%LPC
(   71) WRITE (KLUN) YD%REFVALI
(   72) WRITE (KLUN) YD%LADJUST0
(   73) WRITE (KLUN) YD%LADJUST1
(   74) WRITE (KLUN) YD%NCOUPLING
(   75) WRITE (KLUN) YD%REFVALC
(   76) WRITE (KLUN) YD%LBIPER
(   77) WRITE (KLUN) YD%CSLINT
(   78) WRITE (KLUN) YD%MGFL
(   79) WRITE (KLUN) YD%MP
(   80) WRITE (KLUN) YD%MPL
(   81) WRITE (KLUN) YD%MPM
(   82) WRITE (KLUN) YD%MP9
(   83) WRITE (KLUN) YD%MP9_PH
(   84) WRITE (KLUN) YD%MP1
(   85) WRITE (KLUN) YD%MP5
(   86) WRITE (KLUN) YD%MP5L
(   87) WRITE (KLUN) YD%MP5M
(   88) WRITE (KLUN) YD%MPSLP
(   89) WRITE (KLUN) YD%MPSP
(   90) WRITE (KLUN) YD%MP_SPL
(   91) WRITE (KLUN) YD%MP_SL1
(   92) WRITE (KLUN) YD%MP_SLX
(   93) WRITE (KLUN) YD%MPPT
(   94) WRITE (KLUN) YD%MPPC
(   95) WRITE (KLUN) YD%MPPC_PH
(   96) WRITE (KLUN) YD%LWATER
(   97) WRITE (KLUN) YD%LPRECIP
(   98) WRITE (KLUN) YD%RLZER
(   99) WRITE (KLUN) YD%NCOUPLO4
(  100) WRITE (KLUN) YD%LASSIM
(  101) WRITE (KLUN) YD%IGRIBDV
(  102) WRITE (KLUN) YD%IGRIBTC
(  103) WRITE (KLUN) YD%IGRBFLXO
(  104) WRITE (KLUN) YD%IGRBWDFLX
(  105) WRITE (KLUN) YD%IGRBDDFLX
(  106) WRITE (KLUN) YD%LDIFF
(  107) WRITE (KLUN) YD%LCONV
(  108) WRITE (KLUN) YD%RMOLMASS
(  109) WRITE (KLUN) YD%REFOLD
(  110) WRITE (KLUN) YD%HENRYA
(  111) WRITE (KLUN) YD%HENRYB
(  112) WRITE (KLUN) YD%LNEGFIX
(  113) WRITE (KLUN) YD%LCOMAD
(  114) WRITE (KLUN) YD%WENO_ALPHA
(  115) WRITE (KLUN) YD%LMASSFIX
(  116) WRITE (KLUN) YD%BETAMFBC






NVFORTRAN (Version     24.5)          03/19/2025  06:54:42      page 24

(  117) WRITE (KLUN) YD%IFID
(  118) END SUBROUTINE
(  119) # 120 "./util_type_gfl_comp_mod.F90"
(  120) SUBROUTINE LOAD_TYPE_GFL_COMP (KLUN, YD)
(  121) USE PARKIND1, ONLY : JPRD
(  122) # 123 "./util_type_gfl_comp_mod.F90"
(  123) IMPLICIT NONE
(  124) INTEGER, INTENT (IN) :: KLUN
(  125) TYPE (TYPE_GFL_COMP), INTENT (OUT), TARGET :: YD
(  126) REAL(KIND=JPRD) :: ZTMP0
(  127) READ (KLUN) YD%CNAME
(  128) READ (KLUN) YD%IGRBCODE
(  129) READ (KLUN) YD%LADV
(  130) READ (KLUN) YD%LADV5
(  131) READ (KLUN) YD%LTDIABLIN
(  132) READ (KLUN) YD%LHORTURB
(  133) READ (KLUN) YD%NREQIN
(  134) READ (KLUN) YD%LREQOUT
(  135) READ (KLUN) YD%LGPINGP
(  136) READ (KLUN) YD%LMGRID
(  137) READ (KLUN) YD%LGP
(  138) READ (KLUN) YD%LSP
(  139) READ (KLUN) YD%LCDERS
(  140) READ (KLUN) YD%LACTIVE
(  141) READ (KLUN) YD%LTHERMACT
(  142) READ (KLUN) ZTMP0
(  143) YD%R = ZTMP0
(  144) READ (KLUN) ZTMP0
(  145) YD%RCP = ZTMP0
(  146) READ (KLUN) YD%LT9
(  147) READ (KLUN) YD%LT1
(  148) READ (KLUN) YD%LT5
(  149) READ (KLUN) YD%LPHY
(  150) READ (KLUN) YD%LPT
(  151) READ (KLUN) YD%LTRAJIO
(  152) READ (KLUN) YD%LDIAG
(  153) READ (KLUN) YD%LPC
(  154) READ (KLUN) ZTMP0
(  155) YD%REFVALI = ZTMP0
(  156) READ (KLUN) YD%LADJUST0
(  157) READ (KLUN) YD%LADJUST1
(  158) READ (KLUN) YD%NCOUPLING
(  159) READ (KLUN) ZTMP0
(  160) YD%REFVALC = ZTMP0
(  161) READ (KLUN) YD%LBIPER
(  162) READ (KLUN) YD%CSLINT
(  163) READ (KLUN) YD%MGFL
(  164) READ (KLUN) YD%MP
(  165) READ (KLUN) YD%MPL
(  166) READ (KLUN) YD%MPM
(  167) READ (KLUN) YD%MP9
(  168) READ (KLUN) YD%MP9_PH
(  169) READ (KLUN) YD%MP1
(  170) READ (KLUN) YD%MP5
(  171) READ (KLUN) YD%MP5L
(  172) READ (KLUN) YD%MP5M
(  173) READ (KLUN) YD%MPSLP
(  174) READ (KLUN) YD%MPSP






NVFORTRAN (Version     24.5)          03/19/2025  06:54:42      page 25

(  175) READ (KLUN) YD%MP_SPL
(  176) READ (KLUN) YD%MP_SL1
(  177) READ (KLUN) YD%MP_SLX
(  178) READ (KLUN) YD%MPPT
(  179) READ (KLUN) YD%MPPC
(  180) READ (KLUN) YD%MPPC_PH
(  181) READ (KLUN) YD%LWATER
(  182) READ (KLUN) YD%LPRECIP
(  183) READ (KLUN) ZTMP0
(  184) YD%RLZER = ZTMP0
(  185) READ (KLUN) YD%NCOUPLO4
(  186) READ (KLUN) YD%LASSIM
(  187) READ (KLUN) YD%IGRIBDV
(  188) READ (KLUN) YD%IGRIBTC
(  189) READ (KLUN) YD%IGRBFLXO
(  190) READ (KLUN) YD%IGRBWDFLX
(  191) READ (KLUN) YD%IGRBDDFLX
(  192) READ (KLUN) YD%LDIFF
(  193) READ (KLUN) YD%LCONV
(  194) READ (KLUN) ZTMP0
(  195) YD%RMOLMASS = ZTMP0
(  196) READ (KLUN) ZTMP0
(  197) YD%REFOLD = ZTMP0
(  198) READ (KLUN) ZTMP0
(  199) YD%HENRYA = ZTMP0
(  200) READ (KLUN) ZTMP0
(  201) YD%HENRYB = ZTMP0
(  202) READ (KLUN) YD%LNEGFIX
(  203) READ (KLUN) YD%LCOMAD
(  204) READ (KLUN) ZTMP0
(  205) YD%WENO_ALPHA = ZTMP0
(  206) READ (KLUN) YD%LMASSFIX
(  207) READ (KLUN) ZTMP0
(  208) YD%BETAMFBC = ZTMP0
(  209) READ (KLUN) YD%IFID
(  210) NULLIFY (YD%PREVIOUS)
(  211) END SUBROUTINE
(  212) # 214 "./util_type_gfl_comp_mod.F90"
(  214) SUBROUTINE COPY_TYPE_GFL_COMP (YD, LDCREATED, LDFIELDAPI)
(  215) # 216 "./util_type_gfl_comp_mod.F90"
(  216) IMPLICIT NONE
(  217) TYPE (TYPE_GFL_COMP), INTENT (IN), TARGET :: YD
(  218) LOGICAL, OPTIONAL, INTENT (IN) :: LDCREATED, LDFIELDAPI
(  219) LOGICAL :: LLCREATED
(  220) LOGICAL :: LLFIELDAPI
(  221) # 222 "./util_type_gfl_comp_mod.F90"
(  222) LLFIELDAPI = .FALSE.
(  223) IF (PRESENT (LDFIELDAPI)) THEN
(  224)   LLFIELDAPI = LDFIELDAPI
(  225) ENDIF
(  226) LLCREATED = .FALSE.
(  227) IF (PRESENT (LDCREATED)) THEN
(  228)   LLCREATED = LDCREATED
(  229) ENDIF
(  230) IF (.NOT. LLCREATED) THEN
(  231)   !$acc enter data create (YD)
(  232)   !$acc update device (YD)
(  233) ENDIF






NVFORTRAN (Version     24.5)          03/19/2025  06:54:42      page 26

(  234) # 306 "./util_type_gfl_comp_mod.F90"
(  306) END SUBROUTINE
(  307) # 308 "./util_type_gfl_comp_mod.F90"
(  308) SUBROUTINE HOST_TYPE_GFL_COMP (YD)
(  309) # 310 "./util_type_gfl_comp_mod.F90"
(  310) IMPLICIT NONE
(  311) TYPE (TYPE_GFL_COMP), TARGET :: YD
(  312) # 385 "./util_type_gfl_comp_mod.F90"
(  385) END SUBROUTINE
(  386) # 387 "./util_type_gfl_comp_mod.F90"
(  387) SUBROUTINE LEGACY_TYPE_GFL_COMP (YD, KADDRL, KADDRU, KDIR)
(  388) # 389 "./util_type_gfl_comp_mod.F90"
(  389) IMPLICIT NONE
(  390) TYPE (TYPE_GFL_COMP), TARGET :: YD
(  391) INTEGER*8, INTENT (IN) :: KADDRL
(  392) INTEGER*8, INTENT (IN) :: KADDRU
(  393) INTEGER, INTENT (IN) :: KDIR
(  394) # 467 "./util_type_gfl_comp_mod.F90"
(  467) END SUBROUTINE     
(  468) # 469 "./util_type_gfl_comp_mod.F90"
(  469) SUBROUTINE CRC64_TYPE_GFL_COMP (YD, KLUN, CDPATH)
(  470) USE CRC64_INTRINSIC
(  471) # 472 "./util_type_gfl_comp_mod.F90"
(  472) IMPLICIT NONE
(  473) TYPE (TYPE_GFL_COMP), TARGET :: YD
(  474) INTEGER, INTENT (IN) :: KLUN
(  475) CHARACTER(LEN=*), INTENT (IN) :: CDPATH
(  476) CHARACTER(LEN=128) :: CLIND
(  477) # 478 "./util_type_gfl_comp_mod.F90"
(  478) WRITE (KLUN, '(Z16.16," ",A)') CRC64 (YD%CNAME), CDPATH//'%CNAME'
(  479) # 480 "./util_type_gfl_comp_mod.F90"
(  480) WRITE (KLUN, '(Z16.16," ",A)') CRC64 (YD%IGRBCODE), CDPATH//'%IGRBCODE'
(  481) # 482 "./util_type_gfl_comp_mod.F90"
(  482) WRITE (KLUN, '(Z16.16," ",A)') CRC64 (YD%LADV), CDPATH//'%LADV'
(  483) # 484 "./util_type_gfl_comp_mod.F90"
(  484) WRITE (KLUN, '(Z16.16," ",A)') CRC64 (YD%LADV5), CDPATH//'%LADV5'
(  485) # 486 "./util_type_gfl_comp_mod.F90"
(  486) WRITE (KLUN, '(Z16.16," ",A)') CRC64 (YD%LTDIABLIN), CDPATH//'%LTDIABLIN'
(  487) # 488 "./util_type_gfl_comp_mod.F90"
(  488) WRITE (KLUN, '(Z16.16," ",A)') CRC64 (YD%LHORTURB), CDPATH//'%LHORTURB'
(  489) # 490 "./util_type_gfl_comp_mod.F90"
(  490) WRITE (KLUN, '(Z16.16," ",A)') CRC64 (YD%NREQIN), CDPATH//'%NREQIN'
(  491) # 492 "./util_type_gfl_comp_mod.F90"
(  492) WRITE (KLUN, '(Z16.16," ",A)') CRC64 (YD%LREQOUT), CDPATH//'%LREQOUT'
(  493) # 494 "./util_type_gfl_comp_mod.F90"
(  494) WRITE (KLUN, '(Z16.16," ",A)') CRC64 (YD%LGPINGP), CDPATH//'%LGPINGP'
(  495) # 496 "./util_type_gfl_comp_mod.F90"
(  496) WRITE (KLUN, '(Z16.16," ",A)') CRC64 (YD%LMGRID), CDPATH//'%LMGRID'
(  497) # 498 "./util_type_gfl_comp_mod.F90"
(  498) WRITE (KLUN, '(Z16.16," ",A)') CRC64 (YD%LGP), CDPATH//'%LGP'
(  499) # 500 "./util_type_gfl_comp_mod.F90"
(  500) WRITE (KLUN, '(Z16.16," ",A)') CRC64 (YD%LSP), CDPATH//'%LSP'
(  501) # 502 "./util_type_gfl_comp_mod.F90"
(  502) WRITE (KLUN, '(Z16.16," ",A)') CRC64 (YD%LCDERS), CDPATH//'%LCDERS'
(  503) # 504 "./util_type_gfl_comp_mod.F90"
(  504) WRITE (KLUN, '(Z16.16," ",A)') CRC64 (YD%LACTIVE), CDPATH//'%LACTIVE'
(  505) # 506 "./util_type_gfl_comp_mod.F90"
(  506) WRITE (KLUN, '(Z16.16," ",A)') CRC64 (YD%LTHERMACT), CDPATH//'%LTHERMACT'






NVFORTRAN (Version     24.5)          03/19/2025  06:54:42      page 27

(  507) # 508 "./util_type_gfl_comp_mod.F90"
(  508) WRITE (KLUN, '(Z16.16," ",A)') CRC64 (YD%R), CDPATH//'%R'
(  509) # 510 "./util_type_gfl_comp_mod.F90"
(  510) WRITE (KLUN, '(Z16.16," ",A)') CRC64 (YD%RCP), CDPATH//'%RCP'
(  511) # 512 "./util_type_gfl_comp_mod.F90"
(  512) WRITE (KLUN, '(Z16.16," ",A)') CRC64 (YD%LT9), CDPATH//'%LT9'
(  513) # 514 "./util_type_gfl_comp_mod.F90"
(  514) WRITE (KLUN, '(Z16.16," ",A)') CRC64 (YD%LT1), CDPATH//'%LT1'
(  515) # 516 "./util_type_gfl_comp_mod.F90"
(  516) WRITE (KLUN, '(Z16.16," ",A)') CRC64 (YD%LT5), CDPATH//'%LT5'
(  517) # 518 "./util_type_gfl_comp_mod.F90"
(  518) WRITE (KLUN, '(Z16.16," ",A)') CRC64 (YD%LPHY), CDPATH//'%LPHY'
(  519) # 520 "./util_type_gfl_comp_mod.F90"
(  520) WRITE (KLUN, '(Z16.16," ",A)') CRC64 (YD%LPT), CDPATH//'%LPT'
(  521) # 522 "./util_type_gfl_comp_mod.F90"
(  522) WRITE (KLUN, '(Z16.16," ",A)') CRC64 (YD%LTRAJIO), CDPATH//'%LTRAJIO'
(  523) # 524 "./util_type_gfl_comp_mod.F90"
(  524) WRITE (KLUN, '(Z16.16," ",A)') CRC64 (YD%LDIAG), CDPATH//'%LDIAG'
(  525) # 526 "./util_type_gfl_comp_mod.F90"
(  526) WRITE (KLUN, '(Z16.16," ",A)') CRC64 (YD%LPC), CDPATH//'%LPC'
(  527) # 528 "./util_type_gfl_comp_mod.F90"
(  528) WRITE (KLUN, '(Z16.16," ",A)') CRC64 (YD%REFVALI), CDPATH//'%REFVALI'
(  529) # 530 "./util_type_gfl_comp_mod.F90"
(  530) WRITE (KLUN, '(Z16.16," ",A)') CRC64 (YD%LADJUST0), CDPATH//'%LADJUST0'
(  531) # 532 "./util_type_gfl_comp_mod.F90"
(  532) WRITE (KLUN, '(Z16.16," ",A)') CRC64 (YD%LADJUST1), CDPATH//'%LADJUST1'
(  533) # 534 "./util_type_gfl_comp_mod.F90"
(  534) WRITE (KLUN, '(Z16.16," ",A)') CRC64 (YD%NCOUPLING), CDPATH//'%NCOUPLING'
(  535) # 536 "./util_type_gfl_comp_mod.F90"
(  536) WRITE (KLUN, '(Z16.16," ",A)') CRC64 (YD%REFVALC), CDPATH//'%REFVALC'
(  537) # 538 "./util_type_gfl_comp_mod.F90"
(  538) WRITE (KLUN, '(Z16.16," ",A)') CRC64 (YD%LBIPER), CDPATH//'%LBIPER'
(  539) # 540 "./util_type_gfl_comp_mod.F90"
(  540) WRITE (KLUN, '(Z16.16," ",A)') CRC64 (YD%CSLINT), CDPATH//'%CSLINT'
(  541) # 542 "./util_type_gfl_comp_mod.F90"
(  542) WRITE (KLUN, '(Z16.16," ",A)') CRC64 (YD%MGFL), CDPATH//'%MGFL'
(  543) # 544 "./util_type_gfl_comp_mod.F90"
(  544) WRITE (KLUN, '(Z16.16," ",A)') CRC64 (YD%MP), CDPATH//'%MP'
(  545) # 546 "./util_type_gfl_comp_mod.F90"
(  546) WRITE (KLUN, '(Z16.16," ",A)') CRC64 (YD%MPL), CDPATH//'%MPL'
(  547) # 548 "./util_type_gfl_comp_mod.F90"
(  548) WRITE (KLUN, '(Z16.16," ",A)') CRC64 (YD%MPM), CDPATH//'%MPM'
(  549) # 550 "./util_type_gfl_comp_mod.F90"
(  550) WRITE (KLUN, '(Z16.16," ",A)') CRC64 (YD%MP9), CDPATH//'%MP9'
(  551) # 552 "./util_type_gfl_comp_mod.F90"
(  552) WRITE (KLUN, '(Z16.16," ",A)') CRC64 (YD%MP9_PH), CDPATH//'%MP9_PH'
(  553) # 554 "./util_type_gfl_comp_mod.F90"
(  554) WRITE (KLUN, '(Z16.16," ",A)') CRC64 (YD%MP1), CDPATH//'%MP1'
(  555) # 556 "./util_type_gfl_comp_mod.F90"
(  556) WRITE (KLUN, '(Z16.16," ",A)') CRC64 (YD%MP5), CDPATH//'%MP5'
(  557) # 558 "./util_type_gfl_comp_mod.F90"
(  558) WRITE (KLUN, '(Z16.16," ",A)') CRC64 (YD%MP5L), CDPATH//'%MP5L'
(  559) # 560 "./util_type_gfl_comp_mod.F90"
(  560) WRITE (KLUN, '(Z16.16," ",A)') CRC64 (YD%MP5M), CDPATH//'%MP5M'
(  561) # 562 "./util_type_gfl_comp_mod.F90"
(  562) WRITE (KLUN, '(Z16.16," ",A)') CRC64 (YD%MPSLP), CDPATH//'%MPSLP'
(  563) # 564 "./util_type_gfl_comp_mod.F90"
(  564) WRITE (KLUN, '(Z16.16," ",A)') CRC64 (YD%MPSP), CDPATH//'%MPSP'






NVFORTRAN (Version     24.5)          03/19/2025  06:54:42      page 28

(  565) # 566 "./util_type_gfl_comp_mod.F90"
(  566) WRITE (KLUN, '(Z16.16," ",A)') CRC64 (YD%MP_SPL), CDPATH//'%MP_SPL'
(  567) # 568 "./util_type_gfl_comp_mod.F90"
(  568) WRITE (KLUN, '(Z16.16," ",A)') CRC64 (YD%MP_SL1), CDPATH//'%MP_SL1'
(  569) # 570 "./util_type_gfl_comp_mod.F90"
(  570) WRITE (KLUN, '(Z16.16," ",A)') CRC64 (YD%MP_SLX), CDPATH//'%MP_SLX'
(  571) # 572 "./util_type_gfl_comp_mod.F90"
(  572) WRITE (KLUN, '(Z16.16," ",A)') CRC64 (YD%MPPT), CDPATH//'%MPPT'
(  573) # 574 "./util_type_gfl_comp_mod.F90"
(  574) WRITE (KLUN, '(Z16.16," ",A)') CRC64 (YD%MPPC), CDPATH//'%MPPC'
(  575) # 576 "./util_type_gfl_comp_mod.F90"
(  576) WRITE (KLUN, '(Z16.16," ",A)') CRC64 (YD%MPPC_PH), CDPATH//'%MPPC_PH'
(  577) # 578 "./util_type_gfl_comp_mod.F90"
(  578) WRITE (KLUN, '(Z16.16," ",A)') CRC64 (YD%LWATER), CDPATH//'%LWATER'
(  579) # 580 "./util_type_gfl_comp_mod.F90"
(  580) WRITE (KLUN, '(Z16.16," ",A)') CRC64 (YD%LPRECIP), CDPATH//'%LPRECIP'
(  581) # 582 "./util_type_gfl_comp_mod.F90"
(  582) WRITE (KLUN, '(Z16.16," ",A)') CRC64 (YD%RLZER), CDPATH//'%RLZER'
(  583) # 584 "./util_type_gfl_comp_mod.F90"
(  584) WRITE (KLUN, '(Z16.16," ",A)') CRC64 (YD%NCOUPLO4), CDPATH//'%NCOUPLO4'
(  585) # 586 "./util_type_gfl_comp_mod.F90"
(  586) WRITE (KLUN, '(Z16.16," ",A)') CRC64 (YD%LASSIM), CDPATH//'%LASSIM'
(  587) # 588 "./util_type_gfl_comp_mod.F90"
(  588) WRITE (KLUN, '(Z16.16," ",A)') CRC64 (YD%IGRIBDV), CDPATH//'%IGRIBDV'
(  589) # 590 "./util_type_gfl_comp_mod.F90"
(  590) WRITE (KLUN, '(Z16.16," ",A)') CRC64 (YD%IGRIBTC), CDPATH//'%IGRIBTC'
(  591) # 592 "./util_type_gfl_comp_mod.F90"
(  592) WRITE (KLUN, '(Z16.16," ",A)') CRC64 (YD%IGRBFLXO), CDPATH//'%IGRBFLXO'
(  593) # 594 "./util_type_gfl_comp_mod.F90"
(  594) WRITE (KLUN, '(Z16.16," ",A)') CRC64 (YD%IGRBWDFLX), CDPATH//'%IGRBWDFLX'
(  595) # 596 "./util_type_gfl_comp_mod.F90"
(  596) WRITE (KLUN, '(Z16.16," ",A)') CRC64 (YD%IGRBDDFLX), CDPATH//'%IGRBDDFLX'
(  597) # 598 "./util_type_gfl_comp_mod.F90"
(  598) WRITE (KLUN, '(Z16.16," ",A)') CRC64 (YD%LDIFF), CDPATH//'%LDIFF'
(  599) # 600 "./util_type_gfl_comp_mod.F90"
(  600) WRITE (KLUN, '(Z16.16," ",A)') CRC64 (YD%LCONV), CDPATH//'%LCONV'
(  601) # 602 "./util_type_gfl_comp_mod.F90"
(  602) WRITE (KLUN, '(Z16.16," ",A)') CRC64 (YD%RMOLMASS), CDPATH//'%RMOLMASS'
(  603) # 604 "./util_type_gfl_comp_mod.F90"
(  604) WRITE (KLUN, '(Z16.16," ",A)') CRC64 (YD%REFOLD), CDPATH//'%REFOLD'
(  605) # 606 "./util_type_gfl_comp_mod.F90"
(  606) WRITE (KLUN, '(Z16.16," ",A)') CRC64 (YD%HENRYA), CDPATH//'%HENRYA'
(  607) # 608 "./util_type_gfl_comp_mod.F90"
(  608) WRITE (KLUN, '(Z16.16," ",A)') CRC64 (YD%HENRYB), CDPATH//'%HENRYB'
(  609) # 610 "./util_type_gfl_comp_mod.F90"
(  610) WRITE (KLUN, '(Z16.16," ",A)') CRC64 (YD%LNEGFIX), CDPATH//'%LNEGFIX'
(  611) # 612 "./util_type_gfl_comp_mod.F90"
(  612) WRITE (KLUN, '(Z16.16," ",A)') CRC64 (YD%LCOMAD), CDPATH//'%LCOMAD'
(  613) # 614 "./util_type_gfl_comp_mod.F90"
(  614) WRITE (KLUN, '(Z16.16," ",A)') CRC64 (YD%WENO_ALPHA), CDPATH//'%WENO_ALPHA'
(  615) # 616 "./util_type_gfl_comp_mod.F90"
(  616) WRITE (KLUN, '(Z16.16," ",A)') CRC64 (YD%LMASSFIX), CDPATH//'%LMASSFIX'
(  617) # 618 "./util_type_gfl_comp_mod.F90"
(  618) WRITE (KLUN, '(Z16.16," ",A)') CRC64 (YD%BETAMFBC), CDPATH//'%BETAMFBC'
(  619) # 620 "./util_type_gfl_comp_mod.F90"
(  620) WRITE (KLUN, '(Z16.16," ",A)') CRC64 (YD%IFID), CDPATH//'%IFID'
(  621) # 622 "./util_type_gfl_comp_mod.F90"
(  622) END SUBROUTINE






NVFORTRAN (Version     24.5)          03/19/2025  06:54:42      page 29

(  623) # 624 "./util_type_gfl_comp_mod.F90"
(  624) SUBROUTINE WIPE_TYPE_GFL_COMP (YD, LDDELETED, LDFIELDAPI)
(  625) # 626 "./util_type_gfl_comp_mod.F90"
(  626) IMPLICIT NONE
(  627) TYPE (TYPE_GFL_COMP), INTENT (IN), TARGET :: YD
(  628) LOGICAL, OPTIONAL, INTENT (IN) :: LDDELETED, LDFIELDAPI
(  629) LOGICAL :: LLDELETED
(  630) LOGICAL :: LLFIELDAPI
(  631) # 632 "./util_type_gfl_comp_mod.F90"
(  632) LLFIELDAPI = .FALSE.
(  633) IF (PRESENT (LDFIELDAPI)) THEN
(  634)   LLFIELDAPI = LDFIELDAPI
(  635) ENDIF
(  636) # 708 "./util_type_gfl_comp_mod.F90"
(  708) LLDELETED = .FALSE.
(  709) IF (PRESENT (LDDELETED)) THEN
(  710)   LLDELETED = LDDELETED
(  711) ENDIF
(  712) IF (.NOT. LLDELETED) THEN
(  713)   !$acc exit data delete (YD)
(  714) ENDIF
(  715) END SUBROUTINE
(  716) # 717 "./util_type_gfl_comp_mod.F90"
(  717) INTEGER*8 FUNCTION SIZE_TYPE_GFL_COMP (YD, CDPATH, LDPRINT) RESULT (KSIZE)
(  718) # 719 "./util_type_gfl_comp_mod.F90"
(  719) IMPLICIT NONE
(  720) TYPE (TYPE_GFL_COMP),     INTENT (IN), TARGET :: YD
(  721) CHARACTER(LEN=*), INTENT (IN), OPTIONAL :: CDPATH
(  722) LOGICAL,          INTENT (IN), OPTIONAL :: LDPRINT
(  723) INTEGER*8 :: ISIZE, JSIZE
(  724) LOGICAL :: LLPRINT
(  725) CHARACTER(LEN=128) :: CLPATH
(  726) # 727 "./util_type_gfl_comp_mod.F90"
(  727) LLPRINT = .FALSE.
(  728) IF (PRESENT (LDPRINT)) THEN
(  729)   LLPRINT = LDPRINT
(  730) ENDIF
(  731) CLPATH=''
(  732) IF (PRESENT (CDPATH)) THEN
(  733)   CLPATH = CDPATH
(  734) ENDIF
(  735) KSIZE = 0
(  736) ISIZE = KIND (YD%CNAME) * LEN (YD%CNAME)
(  737) IF (LLPRINT) THEN
(  738)   WRITE (*, '(I10," ")', ADVANCE='NO') ISIZE
(  739)   WRITE (*, *) TRIM (CLPATH)//'%CNAME'
(  740) ENDIF
(  741) KSIZE = KSIZE + ISIZE
(  742) ISIZE = KIND (YD%IGRBCODE)
(  743) IF (LLPRINT) THEN
(  744)   WRITE (*, '(I10," ")', ADVANCE='NO') ISIZE
(  745)   WRITE (*, *) TRIM (CLPATH)//'%IGRBCODE'
(  746) ENDIF
(  747) KSIZE = KSIZE + ISIZE
(  748) ISIZE = KIND (YD%LADV)
(  749) IF (LLPRINT) THEN
(  750)   WRITE (*, '(I10," ")', ADVANCE='NO') ISIZE
(  751)   WRITE (*, *) TRIM (CLPATH)//'%LADV'






NVFORTRAN (Version     24.5)          03/19/2025  06:54:42      page 30

(  752) ENDIF
(  753) KSIZE = KSIZE + ISIZE
(  754) ISIZE = KIND (YD%LADV5)
(  755) IF (LLPRINT) THEN
(  756)   WRITE (*, '(I10," ")', ADVANCE='NO') ISIZE
(  757)   WRITE (*, *) TRIM (CLPATH)//'%LADV5'
(  758) ENDIF
(  759) KSIZE = KSIZE + ISIZE
(  760) ISIZE = KIND (YD%LTDIABLIN)
(  761) IF (LLPRINT) THEN
(  762)   WRITE (*, '(I10," ")', ADVANCE='NO') ISIZE
(  763)   WRITE (*, *) TRIM (CLPATH)//'%LTDIABLIN'
(  764) ENDIF
(  765) KSIZE = KSIZE + ISIZE
(  766) ISIZE = KIND (YD%LHORTURB)
(  767) IF (LLPRINT) THEN
(  768)   WRITE (*, '(I10," ")', ADVANCE='NO') ISIZE
(  769)   WRITE (*, *) TRIM (CLPATH)//'%LHORTURB'
(  770) ENDIF
(  771) KSIZE = KSIZE + ISIZE
(  772) ISIZE = KIND (YD%NREQIN)
(  773) IF (LLPRINT) THEN
(  774)   WRITE (*, '(I10," ")', ADVANCE='NO') ISIZE
(  775)   WRITE (*, *) TRIM (CLPATH)//'%NREQIN'
(  776) ENDIF
(  777) KSIZE = KSIZE + ISIZE
(  778) ISIZE = KIND (YD%LREQOUT)
(  779) IF (LLPRINT) THEN
(  780)   WRITE (*, '(I10," ")', ADVANCE='NO') ISIZE
(  781)   WRITE (*, *) TRIM (CLPATH)//'%LREQOUT'
(  782) ENDIF
(  783) KSIZE = KSIZE + ISIZE
(  784) ISIZE = KIND (YD%LGPINGP)
(  785) IF (LLPRINT) THEN
(  786)   WRITE (*, '(I10," ")', ADVANCE='NO') ISIZE
(  787)   WRITE (*, *) TRIM (CLPATH)//'%LGPINGP'
(  788) ENDIF
(  789) KSIZE = KSIZE + ISIZE
(  790) ISIZE = KIND (YD%LMGRID)
(  791) IF (LLPRINT) THEN
(  792)   WRITE (*, '(I10," ")', ADVANCE='NO') ISIZE
(  793)   WRITE (*, *) TRIM (CLPATH)//'%LMGRID'
(  794) ENDIF
(  795) KSIZE = KSIZE + ISIZE
(  796) ISIZE = KIND (YD%LGP)
(  797) IF (LLPRINT) THEN
(  798)   WRITE (*, '(I10," ")', ADVANCE='NO') ISIZE
(  799)   WRITE (*, *) TRIM (CLPATH)//'%LGP'
(  800) ENDIF
(  801) KSIZE = KSIZE + ISIZE
(  802) ISIZE = KIND (YD%LSP)
(  803) IF (LLPRINT) THEN
(  804)   WRITE (*, '(I10," ")', ADVANCE='NO') ISIZE
(  805)   WRITE (*, *) TRIM (CLPATH)//'%LSP'
(  806) ENDIF
(  807) KSIZE = KSIZE + ISIZE
(  808) ISIZE = KIND (YD%LCDERS)
(  809) IF (LLPRINT) THEN






NVFORTRAN (Version     24.5)          03/19/2025  06:54:42      page 31

(  810)   WRITE (*, '(I10," ")', ADVANCE='NO') ISIZE
(  811)   WRITE (*, *) TRIM (CLPATH)//'%LCDERS'
(  812) ENDIF
(  813) KSIZE = KSIZE + ISIZE
(  814) ISIZE = KIND (YD%LACTIVE)
(  815) IF (LLPRINT) THEN
(  816)   WRITE (*, '(I10," ")', ADVANCE='NO') ISIZE
(  817)   WRITE (*, *) TRIM (CLPATH)//'%LACTIVE'
(  818) ENDIF
(  819) KSIZE = KSIZE + ISIZE
(  820) ISIZE = KIND (YD%LTHERMACT)
(  821) IF (LLPRINT) THEN
(  822)   WRITE (*, '(I10," ")', ADVANCE='NO') ISIZE
(  823)   WRITE (*, *) TRIM (CLPATH)//'%LTHERMACT'
(  824) ENDIF
(  825) KSIZE = KSIZE + ISIZE
(  826) ISIZE = KIND (YD%R)
(  827) IF (LLPRINT) THEN
(  828)   WRITE (*, '(I10," ")', ADVANCE='NO') ISIZE
(  829)   WRITE (*, *) TRIM (CLPATH)//'%R'
(  830) ENDIF
(  831) KSIZE = KSIZE + ISIZE
(  832) ISIZE = KIND (YD%RCP)
(  833) IF (LLPRINT) THEN
(  834)   WRITE (*, '(I10," ")', ADVANCE='NO') ISIZE
(  835)   WRITE (*, *) TRIM (CLPATH)//'%RCP'
(  836) ENDIF
(  837) KSIZE = KSIZE + ISIZE
(  838) ISIZE = KIND (YD%LT9)
(  839) IF (LLPRINT) THEN
(  840)   WRITE (*, '(I10," ")', ADVANCE='NO') ISIZE
(  841)   WRITE (*, *) TRIM (CLPATH)//'%LT9'
(  842) ENDIF
(  843) KSIZE = KSIZE + ISIZE
(  844) ISIZE = KIND (YD%LT1)
(  845) IF (LLPRINT) THEN
(  846)   WRITE (*, '(I10," ")', ADVANCE='NO') ISIZE
(  847)   WRITE (*, *) TRIM (CLPATH)//'%LT1'
(  848) ENDIF
(  849) KSIZE = KSIZE + ISIZE
(  850) ISIZE = KIND (YD%LT5)
(  851) IF (LLPRINT) THEN
(  852)   WRITE (*, '(I10," ")', ADVANCE='NO') ISIZE
(  853)   WRITE (*, *) TRIM (CLPATH)//'%LT5'
(  854) ENDIF
(  855) KSIZE = KSIZE + ISIZE
(  856) ISIZE = KIND (YD%LPHY)
(  857) IF (LLPRINT) THEN
(  858)   WRITE (*, '(I10," ")', ADVANCE='NO') ISIZE
(  859)   WRITE (*, *) TRIM (CLPATH)//'%LPHY'
(  860) ENDIF
(  861) KSIZE = KSIZE + ISIZE
(  862) ISIZE = KIND (YD%LPT)
(  863) IF (LLPRINT) THEN
(  864)   WRITE (*, '(I10," ")', ADVANCE='NO') ISIZE
(  865)   WRITE (*, *) TRIM (CLPATH)//'%LPT'
(  866) ENDIF
(  867) KSIZE = KSIZE + ISIZE






NVFORTRAN (Version     24.5)          03/19/2025  06:54:42      page 32

(  868) ISIZE = KIND (YD%LTRAJIO)
(  869) IF (LLPRINT) THEN
(  870)   WRITE (*, '(I10," ")', ADVANCE='NO') ISIZE
(  871)   WRITE (*, *) TRIM (CLPATH)//'%LTRAJIO'
(  872) ENDIF
(  873) KSIZE = KSIZE + ISIZE
(  874) ISIZE = KIND (YD%LDIAG)
(  875) IF (LLPRINT) THEN
(  876)   WRITE (*, '(I10," ")', ADVANCE='NO') ISIZE
(  877)   WRITE (*, *) TRIM (CLPATH)//'%LDIAG'
(  878) ENDIF
(  879) KSIZE = KSIZE + ISIZE
(  880) ISIZE = KIND (YD%LPC)
(  881) IF (LLPRINT) THEN
(  882)   WRITE (*, '(I10," ")', ADVANCE='NO') ISIZE
(  883)   WRITE (*, *) TRIM (CLPATH)//'%LPC'
(  884) ENDIF
(  885) KSIZE = KSIZE + ISIZE
(  886) ISIZE = KIND (YD%REFVALI)
(  887) IF (LLPRINT) THEN
(  888)   WRITE (*, '(I10," ")', ADVANCE='NO') ISIZE
(  889)   WRITE (*, *) TRIM (CLPATH)//'%REFVALI'
(  890) ENDIF
(  891) KSIZE = KSIZE + ISIZE
(  892) ISIZE = KIND (YD%LADJUST0)
(  893) IF (LLPRINT) THEN
(  894)   WRITE (*, '(I10," ")', ADVANCE='NO') ISIZE
(  895)   WRITE (*, *) TRIM (CLPATH)//'%LADJUST0'
(  896) ENDIF
(  897) KSIZE = KSIZE + ISIZE
(  898) ISIZE = KIND (YD%LADJUST1)
(  899) IF (LLPRINT) THEN
(  900)   WRITE (*, '(I10," ")', ADVANCE='NO') ISIZE
(  901)   WRITE (*, *) TRIM (CLPATH)//'%LADJUST1'
(  902) ENDIF
(  903) KSIZE = KSIZE + ISIZE
(  904) ISIZE = KIND (YD%NCOUPLING)
(  905) IF (LLPRINT) THEN
(  906)   WRITE (*, '(I10," ")', ADVANCE='NO') ISIZE
(  907)   WRITE (*, *) TRIM (CLPATH)//'%NCOUPLING'
(  908) ENDIF
(  909) KSIZE = KSIZE + ISIZE
(  910) ISIZE = KIND (YD%REFVALC)
(  911) IF (LLPRINT) THEN
(  912)   WRITE (*, '(I10," ")', ADVANCE='NO') ISIZE
(  913)   WRITE (*, *) TRIM (CLPATH)//'%REFVALC'
(  914) ENDIF
(  915) KSIZE = KSIZE + ISIZE
(  916) ISIZE = KIND (YD%LBIPER)
(  917) IF (LLPRINT) THEN
(  918)   WRITE (*, '(I10," ")', ADVANCE='NO') ISIZE
(  919)   WRITE (*, *) TRIM (CLPATH)//'%LBIPER'
(  920) ENDIF
(  921) KSIZE = KSIZE + ISIZE
(  922) ISIZE = KIND (YD%CSLINT) * LEN (YD%CSLINT)
(  923) IF (LLPRINT) THEN
(  924)   WRITE (*, '(I10," ")', ADVANCE='NO') ISIZE
(  925)   WRITE (*, *) TRIM (CLPATH)//'%CSLINT'






NVFORTRAN (Version     24.5)          03/19/2025  06:54:42      page 33

(  926) ENDIF
(  927) KSIZE = KSIZE + ISIZE
(  928) ISIZE = KIND (YD%MGFL)
(  929) IF (LLPRINT) THEN
(  930)   WRITE (*, '(I10," ")', ADVANCE='NO') ISIZE
(  931)   WRITE (*, *) TRIM (CLPATH)//'%MGFL'
(  932) ENDIF
(  933) KSIZE = KSIZE + ISIZE
(  934) ISIZE = KIND (YD%MP)
(  935) IF (LLPRINT) THEN
(  936)   WRITE (*, '(I10," ")', ADVANCE='NO') ISIZE
(  937)   WRITE (*, *) TRIM (CLPATH)//'%MP'
(  938) ENDIF
(  939) KSIZE = KSIZE + ISIZE
(  940) ISIZE = KIND (YD%MPL)
(  941) IF (LLPRINT) THEN
(  942)   WRITE (*, '(I10," ")', ADVANCE='NO') ISIZE
(  943)   WRITE (*, *) TRIM (CLPATH)//'%MPL'
(  944) ENDIF
(  945) KSIZE = KSIZE + ISIZE
(  946) ISIZE = KIND (YD%MPM)
(  947) IF (LLPRINT) THEN
(  948)   WRITE (*, '(I10," ")', ADVANCE='NO') ISIZE
(  949)   WRITE (*, *) TRIM (CLPATH)//'%MPM'
(  950) ENDIF
(  951) KSIZE = KSIZE + ISIZE
(  952) ISIZE = KIND (YD%MP9)
(  953) IF (LLPRINT) THEN
(  954)   WRITE (*, '(I10," ")', ADVANCE='NO') ISIZE
(  955)   WRITE (*, *) TRIM (CLPATH)//'%MP9'
(  956) ENDIF
(  957) KSIZE = KSIZE + ISIZE
(  958) ISIZE = KIND (YD%MP9_PH)
(  959) IF (LLPRINT) THEN
(  960)   WRITE (*, '(I10," ")', ADVANCE='NO') ISIZE
(  961)   WRITE (*, *) TRIM (CLPATH)//'%MP9_PH'
(  962) ENDIF
(  963) KSIZE = KSIZE + ISIZE
(  964) ISIZE = KIND (YD%MP1)
(  965) IF (LLPRINT) THEN
(  966)   WRITE (*, '(I10," ")', ADVANCE='NO') ISIZE
(  967)   WRITE (*, *) TRIM (CLPATH)//'%MP1'
(  968) ENDIF
(  969) KSIZE = KSIZE + ISIZE
(  970) ISIZE = KIND (YD%MP5)
(  971) IF (LLPRINT) THEN
(  972)   WRITE (*, '(I10," ")', ADVANCE='NO') ISIZE
(  973)   WRITE (*, *) TRIM (CLPATH)//'%MP5'
(  974) ENDIF
(  975) KSIZE = KSIZE + ISIZE
(  976) ISIZE = KIND (YD%MP5L)
(  977) IF (LLPRINT) THEN
(  978)   WRITE (*, '(I10," ")', ADVANCE='NO') ISIZE
(  979)   WRITE (*, *) TRIM (CLPATH)//'%MP5L'
(  980) ENDIF
(  981) KSIZE = KSIZE + ISIZE
(  982) ISIZE = KIND (YD%MP5M)
(  983) IF (LLPRINT) THEN






NVFORTRAN (Version     24.5)          03/19/2025  06:54:42      page 34

(  984)   WRITE (*, '(I10," ")', ADVANCE='NO') ISIZE
(  985)   WRITE (*, *) TRIM (CLPATH)//'%MP5M'
(  986) ENDIF
(  987) KSIZE = KSIZE + ISIZE
(  988) ISIZE = KIND (YD%MPSLP)
(  989) IF (LLPRINT) THEN
(  990)   WRITE (*, '(I10," ")', ADVANCE='NO') ISIZE
(  991)   WRITE (*, *) TRIM (CLPATH)//'%MPSLP'
(  992) ENDIF
(  993) KSIZE = KSIZE + ISIZE
(  994) ISIZE = KIND (YD%MPSP)
(  995) IF (LLPRINT) THEN
(  996)   WRITE (*, '(I10," ")', ADVANCE='NO') ISIZE
(  997)   WRITE (*, *) TRIM (CLPATH)//'%MPSP'
(  998) ENDIF
(  999) KSIZE = KSIZE + ISIZE
( 1000) ISIZE = KIND (YD%MP_SPL)
( 1001) IF (LLPRINT) THEN
( 1002)   WRITE (*, '(I10," ")', ADVANCE='NO') ISIZE
( 1003)   WRITE (*, *) TRIM (CLPATH)//'%MP_SPL'
( 1004) ENDIF
( 1005) KSIZE = KSIZE + ISIZE
( 1006) ISIZE = KIND (YD%MP_SL1)
( 1007) IF (LLPRINT) THEN
( 1008)   WRITE (*, '(I10," ")', ADVANCE='NO') ISIZE
( 1009)   WRITE (*, *) TRIM (CLPATH)//'%MP_SL1'
( 1010) ENDIF
( 1011) KSIZE = KSIZE + ISIZE
( 1012) ISIZE = KIND (YD%MP_SLX)
( 1013) IF (LLPRINT) THEN
( 1014)   WRITE (*, '(I10," ")', ADVANCE='NO') ISIZE
( 1015)   WRITE (*, *) TRIM (CLPATH)//'%MP_SLX'
( 1016) ENDIF
( 1017) KSIZE = KSIZE + ISIZE
( 1018) ISIZE = KIND (YD%MPPT)
( 1019) IF (LLPRINT) THEN
( 1020)   WRITE (*, '(I10," ")', ADVANCE='NO') ISIZE
( 1021)   WRITE (*, *) TRIM (CLPATH)//'%MPPT'
( 1022) ENDIF
( 1023) KSIZE = KSIZE + ISIZE
( 1024) ISIZE = KIND (YD%MPPC)
( 1025) IF (LLPRINT) THEN
( 1026)   WRITE (*, '(I10," ")', ADVANCE='NO') ISIZE
( 1027)   WRITE (*, *) TRIM (CLPATH)//'%MPPC'
( 1028) ENDIF
( 1029) KSIZE = KSIZE + ISIZE
( 1030) ISIZE = KIND (YD%MPPC_PH)
( 1031) IF (LLPRINT) THEN
( 1032)   WRITE (*, '(I10," ")', ADVANCE='NO') ISIZE
( 1033)   WRITE (*, *) TRIM (CLPATH)//'%MPPC_PH'
( 1034) ENDIF
( 1035) KSIZE = KSIZE + ISIZE
( 1036) ISIZE = KIND (YD%LWATER)
( 1037) IF (LLPRINT) THEN
( 1038)   WRITE (*, '(I10," ")', ADVANCE='NO') ISIZE
( 1039)   WRITE (*, *) TRIM (CLPATH)//'%LWATER'
( 1040) ENDIF
( 1041) KSIZE = KSIZE + ISIZE






NVFORTRAN (Version     24.5)          03/19/2025  06:54:42      page 35

( 1042) ISIZE = KIND (YD%LPRECIP)
( 1043) IF (LLPRINT) THEN
( 1044)   WRITE (*, '(I10," ")', ADVANCE='NO') ISIZE
( 1045)   WRITE (*, *) TRIM (CLPATH)//'%LPRECIP'
( 1046) ENDIF
( 1047) KSIZE = KSIZE + ISIZE
( 1048) ISIZE = KIND (YD%RLZER)
( 1049) IF (LLPRINT) THEN
( 1050)   WRITE (*, '(I10," ")', ADVANCE='NO') ISIZE
( 1051)   WRITE (*, *) TRIM (CLPATH)//'%RLZER'
( 1052) ENDIF
( 1053) KSIZE = KSIZE + ISIZE
( 1054) ISIZE = KIND (YD%NCOUPLO4)
( 1055) IF (LLPRINT) THEN
( 1056)   WRITE (*, '(I10," ")', ADVANCE='NO') ISIZE
( 1057)   WRITE (*, *) TRIM (CLPATH)//'%NCOUPLO4'
( 1058) ENDIF
( 1059) KSIZE = KSIZE + ISIZE
( 1060) ISIZE = KIND (YD%LASSIM)
( 1061) IF (LLPRINT) THEN
( 1062)   WRITE (*, '(I10," ")', ADVANCE='NO') ISIZE
( 1063)   WRITE (*, *) TRIM (CLPATH)//'%LASSIM'
( 1064) ENDIF
( 1065) KSIZE = KSIZE + ISIZE
( 1066) ISIZE = KIND (YD%IGRIBDV)
( 1067) IF (LLPRINT) THEN
( 1068)   WRITE (*, '(I10," ")', ADVANCE='NO') ISIZE
( 1069)   WRITE (*, *) TRIM (CLPATH)//'%IGRIBDV'
( 1070) ENDIF
( 1071) KSIZE = KSIZE + ISIZE
( 1072) ISIZE = KIND (YD%IGRIBTC)
( 1073) IF (LLPRINT) THEN
( 1074)   WRITE (*, '(I10," ")', ADVANCE='NO') ISIZE
( 1075)   WRITE (*, *) TRIM (CLPATH)//'%IGRIBTC'
( 1076) ENDIF
( 1077) KSIZE = KSIZE + ISIZE
( 1078) ISIZE = KIND (YD%IGRBFLXO)
( 1079) IF (LLPRINT) THEN
( 1080)   WRITE (*, '(I10," ")', ADVANCE='NO') ISIZE
( 1081)   WRITE (*, *) TRIM (CLPATH)//'%IGRBFLXO'
( 1082) ENDIF
( 1083) KSIZE = KSIZE + ISIZE
( 1084) ISIZE = KIND (YD%IGRBWDFLX)
( 1085) IF (LLPRINT) THEN
( 1086)   WRITE (*, '(I10," ")', ADVANCE='NO') ISIZE
( 1087)   WRITE (*, *) TRIM (CLPATH)//'%IGRBWDFLX'
( 1088) ENDIF
( 1089) KSIZE = KSIZE + ISIZE
( 1090) ISIZE = KIND (YD%IGRBDDFLX)
( 1091) IF (LLPRINT) THEN
( 1092)   WRITE (*, '(I10," ")', ADVANCE='NO') ISIZE
( 1093)   WRITE (*, *) TRIM (CLPATH)//'%IGRBDDFLX'
( 1094) ENDIF
( 1095) KSIZE = KSIZE + ISIZE
( 1096) ISIZE = KIND (YD%LDIFF)
( 1097) IF (LLPRINT) THEN
( 1098)   WRITE (*, '(I10," ")', ADVANCE='NO') ISIZE
( 1099)   WRITE (*, *) TRIM (CLPATH)//'%LDIFF'






NVFORTRAN (Version     24.5)          03/19/2025  06:54:42      page 36

( 1100) ENDIF
( 1101) KSIZE = KSIZE + ISIZE
( 1102) ISIZE = KIND (YD%LCONV)
( 1103) IF (LLPRINT) THEN
( 1104)   WRITE (*, '(I10," ")', ADVANCE='NO') ISIZE
( 1105)   WRITE (*, *) TRIM (CLPATH)//'%LCONV'
( 1106) ENDIF
( 1107) KSIZE = KSIZE + ISIZE
( 1108) ISIZE = KIND (YD%RMOLMASS)
( 1109) IF (LLPRINT) THEN
( 1110)   WRITE (*, '(I10," ")', ADVANCE='NO') ISIZE
( 1111)   WRITE (*, *) TRIM (CLPATH)//'%RMOLMASS'
( 1112) ENDIF
( 1113) KSIZE = KSIZE + ISIZE
( 1114) ISIZE = KIND (YD%REFOLD)
( 1115) IF (LLPRINT) THEN
( 1116)   WRITE (*, '(I10," ")', ADVANCE='NO') ISIZE
( 1117)   WRITE (*, *) TRIM (CLPATH)//'%REFOLD'
( 1118) ENDIF
( 1119) KSIZE = KSIZE + ISIZE
( 1120) ISIZE = KIND (YD%HENRYA)
( 1121) IF (LLPRINT) THEN
( 1122)   WRITE (*, '(I10," ")', ADVANCE='NO') ISIZE
( 1123)   WRITE (*, *) TRIM (CLPATH)//'%HENRYA'
( 1124) ENDIF
( 1125) KSIZE = KSIZE + ISIZE
( 1126) ISIZE = KIND (YD%HENRYB)
( 1127) IF (LLPRINT) THEN
( 1128)   WRITE (*, '(I10," ")', ADVANCE='NO') ISIZE
( 1129)   WRITE (*, *) TRIM (CLPATH)//'%HENRYB'
( 1130) ENDIF
( 1131) KSIZE = KSIZE + ISIZE
( 1132) ISIZE = KIND (YD%LNEGFIX)
( 1133) IF (LLPRINT) THEN
( 1134)   WRITE (*, '(I10," ")', ADVANCE='NO') ISIZE
( 1135)   WRITE (*, *) TRIM (CLPATH)//'%LNEGFIX'
( 1136) ENDIF
( 1137) KSIZE = KSIZE + ISIZE
( 1138) ISIZE = KIND (YD%LCOMAD)
( 1139) IF (LLPRINT) THEN
( 1140)   WRITE (*, '(I10," ")', ADVANCE='NO') ISIZE
( 1141)   WRITE (*, *) TRIM (CLPATH)//'%LCOMAD'
( 1142) ENDIF
( 1143) KSIZE = KSIZE + ISIZE
( 1144) ISIZE = KIND (YD%WENO_ALPHA)
( 1145) IF (LLPRINT) THEN
( 1146)   WRITE (*, '(I10," ")', ADVANCE='NO') ISIZE
( 1147)   WRITE (*, *) TRIM (CLPATH)//'%WENO_ALPHA'
( 1148) ENDIF
( 1149) KSIZE = KSIZE + ISIZE
( 1150) ISIZE = KIND (YD%LMASSFIX)
( 1151) IF (LLPRINT) THEN
( 1152)   WRITE (*, '(I10," ")', ADVANCE='NO') ISIZE
( 1153)   WRITE (*, *) TRIM (CLPATH)//'%LMASSFIX'
( 1154) ENDIF
( 1155) KSIZE = KSIZE + ISIZE
( 1156) ISIZE = KIND (YD%BETAMFBC)
( 1157) IF (LLPRINT) THEN






NVFORTRAN (Version     24.5)          03/19/2025  06:54:42      page 37

( 1158)   WRITE (*, '(I10," ")', ADVANCE='NO') ISIZE
( 1159)   WRITE (*, *) TRIM (CLPATH)//'%BETAMFBC'
( 1160) ENDIF
( 1161) KSIZE = KSIZE + ISIZE
( 1162) ISIZE = KIND (YD%IFID)
( 1163) IF (LLPRINT) THEN
( 1164)   WRITE (*, '(I10," ")', ADVANCE='NO') ISIZE
( 1165)   WRITE (*, *) TRIM (CLPATH)//'%IFID'
( 1166) ENDIF
( 1167) KSIZE = KSIZE + ISIZE
( 1168) END FUNCTION
( 1169) # 1170 "./util_type_gfl_comp_mod.F90"
( 1170) END MODULE
