


NVFORTRAN (Version     24.5)          03/19/2025  06:54:36      page 1

Switches: -noasm -nodclchk -debug -nodlines -line -list
          -idir /opt/softs/gcc/9.2.0/hpc_sdk/Linux_x86_64/24.5/comm_libs/12.4/hpcx/hpcx-2.19/ompi/include
          -idir /opt/softs/gcc/9.2.0/hpc_sdk/Linux_x86_64/24.5/comm_libs/12.4/hpcx/hpcx-2.19/ompi/lib
          -inform severe -opt 1 -nosave -object -noonetrip
          -depchk on -nostandard     
          -symbol -noupcase    

Filename: ./util_model_physics_ecmwf_type_mod.F90

(    1) MODULE UTIL_MODEL_PHYSICS_ECMWF_TYPE_MOD
(    2) 
(    3) USE MODEL_PHYSICS_ECMWF_MOD, ONLY : MODEL_PHYSICS_ECMWF_TYPE
(    4) 
(    5) INTERFACE SAVE
(    6) MODULE PROCEDURE SAVE_MODEL_PHYSICS_ECMWF_TYPE
(    7) END INTERFACE
(    8) 
(    9) INTERFACE LOAD
(   10) MODULE PROCEDURE LOAD_MODEL_PHYSICS_ECMWF_TYPE
(   11) END INTERFACE
(   12) 
(   13) INTERFACE COPY
(   14) MODULE PROCEDURE COPY_MODEL_PHYSICS_ECMWF_TYPE
(   15) END INTERFACE
(   16) 
(   17) INTERFACE HOST
(   18) MODULE PROCEDURE HOST_MODEL_PHYSICS_ECMWF_TYPE
(   19) END INTERFACE
(   20) 
(   21)      
(   22) INTERFACE CRC64
(   23) MODULE PROCEDURE CRC64_MODEL_PHYSICS_ECMWF_TYPE
(   24) END INTERFACE
(   25) 
(   26) INTERFACE WIPE
(   27) MODULE PROCEDURE WIPE_MODEL_PHYSICS_ECMWF_TYPE
(   28) END INTERFACE
(   29) 
(   30) INTERFACE SIZE
(   31) MODULE PROCEDURE SIZE_MODEL_PHYSICS_ECMWF_TYPE
(   32) END INTERFACE
(   33) 
(   34) 
(   35) CONTAINS
(   36) 
(   37) SUBROUTINE SAVE_MODEL_PHYSICS_ECMWF_TYPE (KLUN, YD)
(   38) USE UTIL_TECLDP_MOD
(   39) USE UTIL_TECLD_MOD
(   40) USE UTIL_TECND_MOD
(   41) USE UTIL_TECUCONVCA_MOD
(   42) USE UTIL_TECUMF_MOD
(   43) USE UTIL_TEGWD_MOD
(   44) USE UTIL_TEGWWMS_MOD
(   45) USE UTIL_TEPHY_MOD
(   46) USE UTIL_TTHF_MOD
(   47) IMPLICIT NONE
(   48) INTEGER, INTENT (IN) :: KLUN
(   49) TYPE (MODEL_PHYSICS_ECMWF_TYPE), INTENT (IN), TARGET :: YD
(   50) 






NVFORTRAN (Version     24.5)          03/19/2025  06:54:36      page 2

(   51) CALL SAVE_TEPHY (KLUN, YD%YREPHY)
(   52) CALL SAVE_TECLD (KLUN, YD%YRECLD)
(   53) CALL SAVE_TECLDP (KLUN, YD%YRECLDP)
(   54) CALL SAVE_TECND (KLUN, YD%YRECND)
(   55) CALL SAVE_TECUMF (KLUN, YD%YRECUMF)
(   56) CALL SAVE_TECUCONVCA (KLUN, YD%YRECUCONVCA)
(   57) CALL SAVE_TEGWD (KLUN, YD%YREGWD)
(   58) CALL SAVE_TEGWWMS (KLUN, YD%YREGWWMS)
(   59) CALL SAVE_TTHF (KLUN, YD%YRTHF)
(   60) END SUBROUTINE
(   61) 
(   62) SUBROUTINE LOAD_MODEL_PHYSICS_ECMWF_TYPE (KLUN, YD)
(   63) USE UTIL_TECLDP_MOD
(   64) USE UTIL_TECLD_MOD
(   65) USE UTIL_TECND_MOD
(   66) USE UTIL_TECUCONVCA_MOD
(   67) USE UTIL_TECUMF_MOD
(   68) USE UTIL_TEGWD_MOD
(   69) USE UTIL_TEGWWMS_MOD
(   70) USE UTIL_TEPHY_MOD
(   71) USE UTIL_TTHF_MOD
(   72) 
(   73) IMPLICIT NONE
(   74) INTEGER, INTENT (IN) :: KLUN
(   75) TYPE (MODEL_PHYSICS_ECMWF_TYPE), INTENT (OUT), TARGET :: YD
(   76) 
(   77) CALL LOAD_TEPHY (KLUN, YD%YREPHY)
(   78) CALL LOAD_TECLD (KLUN, YD%YRECLD)
(   79) CALL LOAD_TECLDP (KLUN, YD%YRECLDP)
(   80) CALL LOAD_TECND (KLUN, YD%YRECND)
(   81) CALL LOAD_TECUMF (KLUN, YD%YRECUMF)
(   82) CALL LOAD_TECUCONVCA (KLUN, YD%YRECUCONVCA)
(   83) CALL LOAD_TEGWD (KLUN, YD%YREGWD)
(   84) CALL LOAD_TEGWWMS (KLUN, YD%YREGWWMS)
(   85) CALL LOAD_TTHF (KLUN, YD%YRTHF)
(   86) END SUBROUTINE
(   87) 
(   88) 
(   89) SUBROUTINE COPY_MODEL_PHYSICS_ECMWF_TYPE (YD, LDCREATED, LDFIELDAPI)
(   90) USE UTIL_TECLDP_MOD
(   91) USE UTIL_TECLD_MOD
(   92) USE UTIL_TECND_MOD
(   93) USE UTIL_TECUCONVCA_MOD
(   94) USE UTIL_TECUMF_MOD
(   95) USE UTIL_TEGWD_MOD
(   96) USE UTIL_TEGWWMS_MOD
(   97) USE UTIL_TEPHY_MOD
(   98) USE UTIL_TTHF_MOD
(   99) IMPLICIT NONE
(  100) TYPE (MODEL_PHYSICS_ECMWF_TYPE), INTENT (IN), TARGET :: YD
(  101) LOGICAL, OPTIONAL, INTENT (IN) :: LDCREATED, LDFIELDAPI
(  102) LOGICAL :: LLCREATED
(  103) LOGICAL :: LLFIELDAPI
(  104) 
(  105) LLFIELDAPI = .FALSE.
(  106) IF (PRESENT (LDFIELDAPI)) THEN
(  107)   LLFIELDAPI = LDFIELDAPI
(  108) ENDIF






NVFORTRAN (Version     24.5)          03/19/2025  06:54:36      page 3

(  109) LLCREATED = .FALSE.
(  110) IF (PRESENT (LDCREATED)) THEN
(  111)   LLCREATED = LDCREATED
(  112) ENDIF
(  113) IF (.NOT. LLCREATED) THEN
(  114)   !$acc enter data create (YD)
(  115)   !$acc update device (YD)
(  116) ENDIF
(  117) CALL COPY_TEPHY (YD%YREPHY, LDCREATED=.TRUE., LDFIELDAPI=LDFIELDAPI)
(  118) 
(  119) CALL COPY_TECLD (YD%YRECLD, LDCREATED=.TRUE., LDFIELDAPI=LDFIELDAPI)
(  120) 
(  121) CALL COPY_TECLDP (YD%YRECLDP, LDCREATED=.TRUE., LDFIELDAPI=LDFIELDAPI)
(  122) 
(  123) CALL COPY_TECND (YD%YRECND, LDCREATED=.TRUE., LDFIELDAPI=LDFIELDAPI)
(  124) 
(  125) CALL COPY_TECUMF (YD%YRECUMF, LDCREATED=.TRUE., LDFIELDAPI=LDFIELDAPI)
(  126) 
(  127) CALL COPY_TECUCONVCA (YD%YRECUCONVCA, LDCREATED=.TRUE., LDFIELDAPI=LDFIELDAPI)
(  128) 
(  129) CALL COPY_TEGWD (YD%YREGWD, LDCREATED=.TRUE., LDFIELDAPI=LDFIELDAPI)
(  130) 
(  131) CALL COPY_TEGWWMS (YD%YREGWWMS, LDCREATED=.TRUE., LDFIELDAPI=LDFIELDAPI)
(  132) 
(  133) CALL COPY_TTHF (YD%YRTHF, LDCREATED=.TRUE., LDFIELDAPI=LDFIELDAPI)
(  134) 
(  135) END SUBROUTINE
(  136) 
(  137) SUBROUTINE HOST_MODEL_PHYSICS_ECMWF_TYPE (YD)
(  138) USE UTIL_TECLDP_MOD
(  139) USE UTIL_TECLD_MOD
(  140) USE UTIL_TECND_MOD
(  141) USE UTIL_TECUCONVCA_MOD
(  142) USE UTIL_TECUMF_MOD
(  143) USE UTIL_TEGWD_MOD
(  144) USE UTIL_TEGWWMS_MOD
(  145) USE UTIL_TEPHY_MOD
(  146) USE UTIL_TTHF_MOD
(  147) 
(  148) IMPLICIT NONE
(  149) TYPE (MODEL_PHYSICS_ECMWF_TYPE), TARGET :: YD
(  150) 
(  151) CALL HOST_TEPHY (YD%YREPHY)
(  152) 
(  153) CALL HOST_TECLD (YD%YRECLD)
(  154) 
(  155) CALL HOST_TECLDP (YD%YRECLDP)
(  156) 
(  157) CALL HOST_TECND (YD%YRECND)
(  158) 
(  159) CALL HOST_TECUMF (YD%YRECUMF)
(  160) 
(  161) CALL HOST_TECUCONVCA (YD%YRECUCONVCA)
(  162) 
(  163) CALL HOST_TEGWD (YD%YREGWD)
(  164) 
(  165) CALL HOST_TEGWWMS (YD%YREGWWMS)
(  166) 






NVFORTRAN (Version     24.5)          03/19/2025  06:54:36      page 4

(  167) CALL HOST_TTHF (YD%YRTHF)
(  168) 
(  169) END SUBROUTINE
(  170) 
(  171)      
(  172) 
(  173) SUBROUTINE CRC64_MODEL_PHYSICS_ECMWF_TYPE (YD, KLUN, CDPATH)
(  174) USE UTIL_TECLDP_MOD
(  175) USE UTIL_TECLD_MOD
(  176) USE UTIL_TECND_MOD
(  177) USE UTIL_TECUCONVCA_MOD
(  178) USE UTIL_TECUMF_MOD
(  179) USE UTIL_TEGWD_MOD
(  180) USE UTIL_TEGWWMS_MOD
(  181) USE UTIL_TEPHY_MOD
(  182) USE UTIL_TTHF_MOD
(  183) USE CRC64_INTRINSIC
(  184) 
(  185) IMPLICIT NONE
(  186) TYPE (MODEL_PHYSICS_ECMWF_TYPE), TARGET :: YD
(  187) INTEGER, INTENT (IN) :: KLUN
(  188) CHARACTER(LEN=*), INTENT (IN) :: CDPATH
(  189) CHARACTER(LEN=128) :: CLIND
(  190) 
(  191) CLIND = ''
(  192) CALL CRC64_TEPHY (YD%YREPHY, KLUN, CDPATH//'%YREPHY'//TRIM(CLIND))
(  193) 
(  194) CLIND = ''
(  195) CALL CRC64_TECLD (YD%YRECLD, KLUN, CDPATH//'%YRECLD'//TRIM(CLIND))
(  196) 
(  197) CLIND = ''
(  198) CALL CRC64_TECLDP (YD%YRECLDP, KLUN, CDPATH//'%YRECLDP'//TRIM(CLIND))
(  199) 
(  200) CLIND = ''
(  201) CALL CRC64_TECND (YD%YRECND, KLUN, CDPATH//'%YRECND'//TRIM(CLIND))
(  202) 
(  203) CLIND = ''
(  204) CALL CRC64_TECUMF (YD%YRECUMF, KLUN, CDPATH//'%YRECUMF'//TRIM(CLIND))
(  205) 
(  206) CLIND = ''
(  207) CALL CRC64_TECUCONVCA (YD%YRECUCONVCA, KLUN, CDPATH//'%YRECUCONVCA'//TRIM(CLIND))
(  208) 
(  209) CLIND = ''
(  210) CALL CRC64_TEGWD (YD%YREGWD, KLUN, CDPATH//'%YREGWD'//TRIM(CLIND))
(  211) 
(  212) CLIND = ''
(  213) CALL CRC64_TEGWWMS (YD%YREGWWMS, KLUN, CDPATH//'%YREGWWMS'//TRIM(CLIND))
(  214) 
(  215) CLIND = ''
(  216) CALL CRC64_TTHF (YD%YRTHF, KLUN, CDPATH//'%YRTHF'//TRIM(CLIND))
(  217) 
(  218) END SUBROUTINE
(  219) 
(  220) SUBROUTINE WIPE_MODEL_PHYSICS_ECMWF_TYPE (YD, LDDELETED, LDFIELDAPI)
(  221) USE UTIL_TECLDP_MOD
(  222) USE UTIL_TECLD_MOD
(  223) USE UTIL_TECND_MOD
(  224) USE UTIL_TECUCONVCA_MOD






NVFORTRAN (Version     24.5)          03/19/2025  06:54:36      page 5

(  225) USE UTIL_TECUMF_MOD
(  226) USE UTIL_TEGWD_MOD
(  227) USE UTIL_TEGWWMS_MOD
(  228) USE UTIL_TEPHY_MOD
(  229) USE UTIL_TTHF_MOD
(  230) IMPLICIT NONE
(  231) TYPE (MODEL_PHYSICS_ECMWF_TYPE), INTENT (IN), TARGET :: YD
(  232) LOGICAL, OPTIONAL, INTENT (IN) :: LDDELETED, LDFIELDAPI
(  233) LOGICAL :: LLDELETED
(  234) LOGICAL :: LLFIELDAPI
(  235) 
(  236) LLFIELDAPI = .FALSE.
(  237) IF (PRESENT (LDFIELDAPI)) THEN
(  238)   LLFIELDAPI = LDFIELDAPI
(  239) ENDIF
(  240) CALL WIPE_TEPHY (YD%YREPHY, LDDELETED=.TRUE., LDFIELDAPI=LDFIELDAPI)
(  241) 
(  242) CALL WIPE_TECLD (YD%YRECLD, LDDELETED=.TRUE., LDFIELDAPI=LDFIELDAPI)
(  243) 
(  244) CALL WIPE_TECLDP (YD%YRECLDP, LDDELETED=.TRUE., LDFIELDAPI=LDFIELDAPI)
(  245) 
(  246) CALL WIPE_TECND (YD%YRECND, LDDELETED=.TRUE., LDFIELDAPI=LDFIELDAPI)
(  247) 
(  248) CALL WIPE_TECUMF (YD%YRECUMF, LDDELETED=.TRUE., LDFIELDAPI=LDFIELDAPI)
(  249) 
(  250) CALL WIPE_TECUCONVCA (YD%YRECUCONVCA, LDDELETED=.TRUE., LDFIELDAPI=LDFIELDAPI)
(  251) 
(  252) CALL WIPE_TEGWD (YD%YREGWD, LDDELETED=.TRUE., LDFIELDAPI=LDFIELDAPI)
(  253) 
(  254) CALL WIPE_TEGWWMS (YD%YREGWWMS, LDDELETED=.TRUE., LDFIELDAPI=LDFIELDAPI)
(  255) 
(  256) CALL WIPE_TTHF (YD%YRTHF, LDDELETED=.TRUE., LDFIELDAPI=LDFIELDAPI)
(  257) 
(  258) LLDELETED = .FALSE.
(  259) IF (PRESENT (LDDELETED)) THEN
(  260)   LLDELETED = LDDELETED
(  261) ENDIF
(  262) IF (.NOT. LLDELETED) THEN
(  263)   !$acc exit data delete (YD)
(  264) ENDIF
(  265) END SUBROUTINE
(  266) 
(  267) INTEGER*8 FUNCTION SIZE_MODEL_PHYSICS_ECMWF_TYPE (YD, CDPATH, LDPRINT) RESULT (KSIZE)
(  268) USE UTIL_TECLDP_MOD
(  269) USE UTIL_TECLD_MOD
(  270) USE UTIL_TECND_MOD
(  271) USE UTIL_TECUCONVCA_MOD
(  272) USE UTIL_TECUMF_MOD
(  273) USE UTIL_TEGWD_MOD
(  274) USE UTIL_TEGWWMS_MOD
(  275) USE UTIL_TEPHY_MOD
(  276) USE UTIL_TTHF_MOD
(  277) IMPLICIT NONE
(  278) TYPE (MODEL_PHYSICS_ECMWF_TYPE),     INTENT (IN), TARGET :: YD
(  279) CHARACTER(LEN=*), INTENT (IN), OPTIONAL :: CDPATH
(  280) LOGICAL,          INTENT (IN), OPTIONAL :: LDPRINT
(  281) INTEGER*8 :: ISIZE, JSIZE
(  282) LOGICAL :: LLPRINT






NVFORTRAN (Version     24.5)          03/19/2025  06:54:36      page 6

(  283) CHARACTER(LEN=128) :: CLPATH
(  284) 
(  285) LLPRINT = .FALSE.
(  286) IF (PRESENT (LDPRINT)) THEN
(  287)   LLPRINT = LDPRINT
(  288) ENDIF
(  289) CLPATH=''
(  290) IF (PRESENT (CDPATH)) THEN
(  291)   CLPATH = CDPATH
(  292) ENDIF
(  293) KSIZE = 0
(  294) JSIZE = 0
(  295) ISIZE = SIZE_TEPHY (YD%YREPHY, CLPATH//'%YREPHY', .FALSE.)
(  296) JSIZE = JSIZE + ISIZE
(  297) KSIZE = KSIZE + ISIZE
(  298) IF (LLPRINT) THEN
(  299)   WRITE (*, '(I10," ")', ADVANCE='NO') JSIZE
(  300)   WRITE (*, *) TRIM (CLPATH)//'%YREPHY'
(  301) ENDIF
(  302) JSIZE = 0
(  303) ISIZE = SIZE_TECLD (YD%YRECLD, CLPATH//'%YRECLD', .FALSE.)
(  304) JSIZE = JSIZE + ISIZE
(  305) KSIZE = KSIZE + ISIZE
(  306) IF (LLPRINT) THEN
(  307)   WRITE (*, '(I10," ")', ADVANCE='NO') JSIZE
(  308)   WRITE (*, *) TRIM (CLPATH)//'%YRECLD'
(  309) ENDIF
(  310) JSIZE = 0
(  311) ISIZE = SIZE_TECLDP (YD%YRECLDP, CLPATH//'%YRECLDP', .FALSE.)
(  312) JSIZE = JSIZE + ISIZE
(  313) KSIZE = KSIZE + ISIZE
(  314) IF (LLPRINT) THEN
(  315)   WRITE (*, '(I10," ")', ADVANCE='NO') JSIZE
(  316)   WRITE (*, *) TRIM (CLPATH)//'%YRECLDP'
(  317) ENDIF
(  318) JSIZE = 0
(  319) ISIZE = SIZE_TECND (YD%YRECND, CLPATH//'%YRECND', .FALSE.)
(  320) JSIZE = JSIZE + ISIZE
(  321) KSIZE = KSIZE + ISIZE
(  322) IF (LLPRINT) THEN
(  323)   WRITE (*, '(I10," ")', ADVANCE='NO') JSIZE
(  324)   WRITE (*, *) TRIM (CLPATH)//'%YRECND'
(  325) ENDIF
(  326) JSIZE = 0
(  327) ISIZE = SIZE_TECUMF (YD%YRECUMF, CLPATH//'%YRECUMF', .FALSE.)
(  328) JSIZE = JSIZE + ISIZE
(  329) KSIZE = KSIZE + ISIZE
(  330) IF (LLPRINT) THEN
(  331)   WRITE (*, '(I10," ")', ADVANCE='NO') JSIZE
(  332)   WRITE (*, *) TRIM (CLPATH)//'%YRECUMF'
(  333) ENDIF
(  334) JSIZE = 0
(  335) ISIZE = SIZE_TECUCONVCA (YD%YRECUCONVCA, CLPATH//'%YRECUCONVCA', .FALSE.)
(  336) JSIZE = JSIZE + ISIZE
(  337) KSIZE = KSIZE + ISIZE
(  338) IF (LLPRINT) THEN
(  339)   WRITE (*, '(I10," ")', ADVANCE='NO') JSIZE
(  340)   WRITE (*, *) TRIM (CLPATH)//'%YRECUCONVCA'






NVFORTRAN (Version     24.5)          03/19/2025  06:54:36      page 7

(  341) ENDIF
(  342) JSIZE = 0
(  343) ISIZE = SIZE_TEGWD (YD%YREGWD, CLPATH//'%YREGWD', .FALSE.)
(  344) JSIZE = JSIZE + ISIZE
(  345) KSIZE = KSIZE + ISIZE
(  346) IF (LLPRINT) THEN
(  347)   WRITE (*, '(I10," ")', ADVANCE='NO') JSIZE
(  348)   WRITE (*, *) TRIM (CLPATH)//'%YREGWD'
(  349) ENDIF
(  350) JSIZE = 0
(  351) ISIZE = SIZE_TEGWWMS (YD%YREGWWMS, CLPATH//'%YREGWWMS', .FALSE.)
(  352) JSIZE = JSIZE + ISIZE
(  353) KSIZE = KSIZE + ISIZE
(  354) IF (LLPRINT) THEN
(  355)   WRITE (*, '(I10," ")', ADVANCE='NO') JSIZE
(  356)   WRITE (*, *) TRIM (CLPATH)//'%YREGWWMS'
(  357) ENDIF
(  358) JSIZE = 0
(  359) ISIZE = SIZE_TTHF (YD%YRTHF, CLPATH//'%YRTHF', .FALSE.)
(  360) JSIZE = JSIZE + ISIZE
(  361) KSIZE = KSIZE + ISIZE
(  362) IF (LLPRINT) THEN
(  363)   WRITE (*, '(I10," ")', ADVANCE='NO') JSIZE
(  364)   WRITE (*, *) TRIM (CLPATH)//'%YRTHF'
(  365) ENDIF
(  366) END FUNCTION
(  367) 
(  368) END MODULE




































NVFORTRAN (Version     24.5)          03/19/2025  06:54:36      page 8

(    1) # 1 "./util_model_physics_ecmwf_type_mod.F90"
(    1) MODULE UTIL_MODEL_PHYSICS_ECMWF_TYPE_MOD
(    2) # 3 "./util_model_physics_ecmwf_type_mod.F90"
(    3) USE MODEL_PHYSICS_ECMWF_MOD, ONLY : MODEL_PHYSICS_ECMWF_TYPE
(    4) # 5 "./util_model_physics_ecmwf_type_mod.F90"
(    5) INTERFACE SAVE
(    6) MODULE PROCEDURE SAVE_MODEL_PHYSICS_ECMWF_TYPE
(    7) END INTERFACE
(    8) # 9 "./util_model_physics_ecmwf_type_mod.F90"
(    9) INTERFACE LOAD
(   10) MODULE PROCEDURE LOAD_MODEL_PHYSICS_ECMWF_TYPE
(   11) END INTERFACE
(   12) # 13 "./util_model_physics_ecmwf_type_mod.F90"
(   13) INTERFACE COPY
(   14) MODULE PROCEDURE COPY_MODEL_PHYSICS_ECMWF_TYPE
(   15) END INTERFACE
(   16) # 17 "./util_model_physics_ecmwf_type_mod.F90"
(   17) INTERFACE HOST
(   18) MODULE PROCEDURE HOST_MODEL_PHYSICS_ECMWF_TYPE
(   19) END INTERFACE
(   20) # 21 "./util_model_physics_ecmwf_type_mod.F90"
(   21)      
(   22) INTERFACE CRC64
(   23) MODULE PROCEDURE CRC64_MODEL_PHYSICS_ECMWF_TYPE
(   24) END INTERFACE
(   25) # 26 "./util_model_physics_ecmwf_type_mod.F90"
(   26) INTERFACE WIPE
(   27) MODULE PROCEDURE WIPE_MODEL_PHYSICS_ECMWF_TYPE
(   28) END INTERFACE
(   29) # 30 "./util_model_physics_ecmwf_type_mod.F90"
(   30) INTERFACE SIZE
(   31) MODULE PROCEDURE SIZE_MODEL_PHYSICS_ECMWF_TYPE
(   32) END INTERFACE
(   33) # 35 "./util_model_physics_ecmwf_type_mod.F90"
(   35) CONTAINS
(   36) # 37 "./util_model_physics_ecmwf_type_mod.F90"
(   37) SUBROUTINE SAVE_MODEL_PHYSICS_ECMWF_TYPE (KLUN, YD)
(   38) USE UTIL_TECLDP_MOD
(   39) USE UTIL_TECLD_MOD
(   40) USE UTIL_TECND_MOD
(   41) USE UTIL_TECUCONVCA_MOD
(   42) USE UTIL_TECUMF_MOD
(   43) USE UTIL_TEGWD_MOD
(   44) USE UTIL_TEGWWMS_MOD
(   45) USE UTIL_TEPHY_MOD
(   46) USE UTIL_TTHF_MOD
(   47) IMPLICIT NONE
(   48) INTEGER, INTENT (IN) :: KLUN
(   49) TYPE (MODEL_PHYSICS_ECMWF_TYPE), INTENT (IN), TARGET :: YD
(   50) # 51 "./util_model_physics_ecmwf_type_mod.F90"
(   51) CALL SAVE_TEPHY (KLUN, YD%YREPHY)
(   52) CALL SAVE_TECLD (KLUN, YD%YRECLD)
(   53) CALL SAVE_TECLDP (KLUN, YD%YRECLDP)
(   54) CALL SAVE_TECND (KLUN, YD%YRECND)
(   55) CALL SAVE_TECUMF (KLUN, YD%YRECUMF)
(   56) CALL SAVE_TECUCONVCA (KLUN, YD%YRECUCONVCA)
(   57) CALL SAVE_TEGWD (KLUN, YD%YREGWD)
(   58) CALL SAVE_TEGWWMS (KLUN, YD%YREGWWMS)






NVFORTRAN (Version     24.5)          03/19/2025  06:54:36      page 9

(   59) CALL SAVE_TTHF (KLUN, YD%YRTHF)
(   60) END SUBROUTINE
(   61) # 62 "./util_model_physics_ecmwf_type_mod.F90"
(   62) SUBROUTINE LOAD_MODEL_PHYSICS_ECMWF_TYPE (KLUN, YD)
(   63) USE UTIL_TECLDP_MOD
(   64) USE UTIL_TECLD_MOD
(   65) USE UTIL_TECND_MOD
(   66) USE UTIL_TECUCONVCA_MOD
(   67) USE UTIL_TECUMF_MOD
(   68) USE UTIL_TEGWD_MOD
(   69) USE UTIL_TEGWWMS_MOD
(   70) USE UTIL_TEPHY_MOD
(   71) USE UTIL_TTHF_MOD
(   72) # 73 "./util_model_physics_ecmwf_type_mod.F90"
(   73) IMPLICIT NONE
(   74) INTEGER, INTENT (IN) :: KLUN
(   75) TYPE (MODEL_PHYSICS_ECMWF_TYPE), INTENT (OUT), TARGET :: YD
(   76) # 77 "./util_model_physics_ecmwf_type_mod.F90"
(   77) CALL LOAD_TEPHY (KLUN, YD%YREPHY)
(   78) CALL LOAD_TECLD (KLUN, YD%YRECLD)
(   79) CALL LOAD_TECLDP (KLUN, YD%YRECLDP)
(   80) CALL LOAD_TECND (KLUN, YD%YRECND)
(   81) CALL LOAD_TECUMF (KLUN, YD%YRECUMF)
(   82) CALL LOAD_TECUCONVCA (KLUN, YD%YRECUCONVCA)
(   83) CALL LOAD_TEGWD (KLUN, YD%YREGWD)
(   84) CALL LOAD_TEGWWMS (KLUN, YD%YREGWWMS)
(   85) CALL LOAD_TTHF (KLUN, YD%YRTHF)
(   86) END SUBROUTINE
(   87) # 89 "./util_model_physics_ecmwf_type_mod.F90"
(   89) SUBROUTINE COPY_MODEL_PHYSICS_ECMWF_TYPE (YD, LDCREATED, LDFIELDAPI)
(   90) USE UTIL_TECLDP_MOD
(   91) USE UTIL_TECLD_MOD
(   92) USE UTIL_TECND_MOD
(   93) USE UTIL_TECUCONVCA_MOD
(   94) USE UTIL_TECUMF_MOD
(   95) USE UTIL_TEGWD_MOD
(   96) USE UTIL_TEGWWMS_MOD
(   97) USE UTIL_TEPHY_MOD
(   98) USE UTIL_TTHF_MOD
(   99) IMPLICIT NONE
(  100) TYPE (MODEL_PHYSICS_ECMWF_TYPE), INTENT (IN), TARGET :: YD
(  101) LOGICAL, OPTIONAL, INTENT (IN) :: LDCREATED, LDFIELDAPI
(  102) LOGICAL :: LLCREATED
(  103) LOGICAL :: LLFIELDAPI
(  104) # 105 "./util_model_physics_ecmwf_type_mod.F90"
(  105) LLFIELDAPI = .FALSE.
(  106) IF (PRESENT (LDFIELDAPI)) THEN
(  107)   LLFIELDAPI = LDFIELDAPI
(  108) ENDIF
(  109) LLCREATED = .FALSE.
(  110) IF (PRESENT (LDCREATED)) THEN
(  111)   LLCREATED = LDCREATED
(  112) ENDIF
(  113) IF (.NOT. LLCREATED) THEN
(  114)   !$acc enter data create (YD)
(  115)   !$acc update device (YD)
(  116) ENDIF
(  117) CALL COPY_TEPHY (YD%YREPHY, LDCREATED=.TRUE., LDFIELDAPI=LDFIELDAPI)






NVFORTRAN (Version     24.5)          03/19/2025  06:54:36      page 10

(  118) # 119 "./util_model_physics_ecmwf_type_mod.F90"
(  119) CALL COPY_TECLD (YD%YRECLD, LDCREATED=.TRUE., LDFIELDAPI=LDFIELDAPI)
(  120) # 121 "./util_model_physics_ecmwf_type_mod.F90"
(  121) CALL COPY_TECLDP (YD%YRECLDP, LDCREATED=.TRUE., LDFIELDAPI=LDFIELDAPI)
(  122) # 123 "./util_model_physics_ecmwf_type_mod.F90"
(  123) CALL COPY_TECND (YD%YRECND, LDCREATED=.TRUE., LDFIELDAPI=LDFIELDAPI)
(  124) # 125 "./util_model_physics_ecmwf_type_mod.F90"
(  125) CALL COPY_TECUMF (YD%YRECUMF, LDCREATED=.TRUE., LDFIELDAPI=LDFIELDAPI)
(  126) # 127 "./util_model_physics_ecmwf_type_mod.F90"
(  127) CALL COPY_TECUCONVCA (YD%YRECUCONVCA, LDCREATED=.TRUE., LDFIELDAPI=LDFIELDAPI)
(  128) # 129 "./util_model_physics_ecmwf_type_mod.F90"
(  129) CALL COPY_TEGWD (YD%YREGWD, LDCREATED=.TRUE., LDFIELDAPI=LDFIELDAPI)
(  130) # 131 "./util_model_physics_ecmwf_type_mod.F90"
(  131) CALL COPY_TEGWWMS (YD%YREGWWMS, LDCREATED=.TRUE., LDFIELDAPI=LDFIELDAPI)
(  132) # 133 "./util_model_physics_ecmwf_type_mod.F90"
(  133) CALL COPY_TTHF (YD%YRTHF, LDCREATED=.TRUE., LDFIELDAPI=LDFIELDAPI)
(  134) # 135 "./util_model_physics_ecmwf_type_mod.F90"
(  135) END SUBROUTINE
(  136) # 137 "./util_model_physics_ecmwf_type_mod.F90"
(  137) SUBROUTINE HOST_MODEL_PHYSICS_ECMWF_TYPE (YD)
(  138) USE UTIL_TECLDP_MOD
(  139) USE UTIL_TECLD_MOD
(  140) USE UTIL_TECND_MOD
(  141) USE UTIL_TECUCONVCA_MOD
(  142) USE UTIL_TECUMF_MOD
(  143) USE UTIL_TEGWD_MOD
(  144) USE UTIL_TEGWWMS_MOD
(  145) USE UTIL_TEPHY_MOD
(  146) USE UTIL_TTHF_MOD
(  147) # 148 "./util_model_physics_ecmwf_type_mod.F90"
(  148) IMPLICIT NONE
(  149) TYPE (MODEL_PHYSICS_ECMWF_TYPE), TARGET :: YD
(  150) # 151 "./util_model_physics_ecmwf_type_mod.F90"
(  151) CALL HOST_TEPHY (YD%YREPHY)
(  152) # 153 "./util_model_physics_ecmwf_type_mod.F90"
(  153) CALL HOST_TECLD (YD%YRECLD)
(  154) # 155 "./util_model_physics_ecmwf_type_mod.F90"
(  155) CALL HOST_TECLDP (YD%YRECLDP)
(  156) # 157 "./util_model_physics_ecmwf_type_mod.F90"
(  157) CALL HOST_TECND (YD%YRECND)
(  158) # 159 "./util_model_physics_ecmwf_type_mod.F90"
(  159) CALL HOST_TECUMF (YD%YRECUMF)
(  160) # 161 "./util_model_physics_ecmwf_type_mod.F90"
(  161) CALL HOST_TECUCONVCA (YD%YRECUCONVCA)
(  162) # 163 "./util_model_physics_ecmwf_type_mod.F90"
(  163) CALL HOST_TEGWD (YD%YREGWD)
(  164) # 165 "./util_model_physics_ecmwf_type_mod.F90"
(  165) CALL HOST_TEGWWMS (YD%YREGWWMS)
(  166) # 167 "./util_model_physics_ecmwf_type_mod.F90"
(  167) CALL HOST_TTHF (YD%YRTHF)
(  168) # 169 "./util_model_physics_ecmwf_type_mod.F90"
(  169) END SUBROUTINE
(  170) # 171 "./util_model_physics_ecmwf_type_mod.F90"
(  171)      
(  172) # 173 "./util_model_physics_ecmwf_type_mod.F90"
(  173) SUBROUTINE CRC64_MODEL_PHYSICS_ECMWF_TYPE (YD, KLUN, CDPATH)
(  174) USE UTIL_TECLDP_MOD
(  175) USE UTIL_TECLD_MOD






NVFORTRAN (Version     24.5)          03/19/2025  06:54:36      page 11

(  176) USE UTIL_TECND_MOD
(  177) USE UTIL_TECUCONVCA_MOD
(  178) USE UTIL_TECUMF_MOD
(  179) USE UTIL_TEGWD_MOD
(  180) USE UTIL_TEGWWMS_MOD
(  181) USE UTIL_TEPHY_MOD
(  182) USE UTIL_TTHF_MOD
(  183) USE CRC64_INTRINSIC
(  184) # 185 "./util_model_physics_ecmwf_type_mod.F90"
(  185) IMPLICIT NONE
(  186) TYPE (MODEL_PHYSICS_ECMWF_TYPE), TARGET :: YD
(  187) INTEGER, INTENT (IN) :: KLUN
(  188) CHARACTER(LEN=*), INTENT (IN) :: CDPATH
(  189) CHARACTER(LEN=128) :: CLIND
(  190) # 191 "./util_model_physics_ecmwf_type_mod.F90"
(  191) CLIND = ''
(  192) CALL CRC64_TEPHY (YD%YREPHY, KLUN, CDPATH//'%YREPHY'//TRIM(CLIND))
(  193) # 194 "./util_model_physics_ecmwf_type_mod.F90"
(  194) CLIND = ''
(  195) CALL CRC64_TECLD (YD%YRECLD, KLUN, CDPATH//'%YRECLD'//TRIM(CLIND))
(  196) # 197 "./util_model_physics_ecmwf_type_mod.F90"
(  197) CLIND = ''
(  198) CALL CRC64_TECLDP (YD%YRECLDP, KLUN, CDPATH//'%YRECLDP'//TRIM(CLIND))
(  199) # 200 "./util_model_physics_ecmwf_type_mod.F90"
(  200) CLIND = ''
(  201) CALL CRC64_TECND (YD%YRECND, KLUN, CDPATH//'%YRECND'//TRIM(CLIND))
(  202) # 203 "./util_model_physics_ecmwf_type_mod.F90"
(  203) CLIND = ''
(  204) CALL CRC64_TECUMF (YD%YRECUMF, KLUN, CDPATH//'%YRECUMF'//TRIM(CLIND))
(  205) # 206 "./util_model_physics_ecmwf_type_mod.F90"
(  206) CLIND = ''
(  207) CALL CRC64_TECUCONVCA (YD%YRECUCONVCA, KLUN, CDPATH//'%YRECUCONVCA'//TRIM(CLIND))
(  208) # 209 "./util_model_physics_ecmwf_type_mod.F90"
(  209) CLIND = ''
(  210) CALL CRC64_TEGWD (YD%YREGWD, KLUN, CDPATH//'%YREGWD'//TRIM(CLIND))
(  211) # 212 "./util_model_physics_ecmwf_type_mod.F90"
(  212) CLIND = ''
(  213) CALL CRC64_TEGWWMS (YD%YREGWWMS, KLUN, CDPATH//'%YREGWWMS'//TRIM(CLIND))
(  214) # 215 "./util_model_physics_ecmwf_type_mod.F90"
(  215) CLIND = ''
(  216) CALL CRC64_TTHF (YD%YRTHF, KLUN, CDPATH//'%YRTHF'//TRIM(CLIND))
(  217) # 218 "./util_model_physics_ecmwf_type_mod.F90"
(  218) END SUBROUTINE
(  219) # 220 "./util_model_physics_ecmwf_type_mod.F90"
(  220) SUBROUTINE WIPE_MODEL_PHYSICS_ECMWF_TYPE (YD, LDDELETED, LDFIELDAPI)
(  221) USE UTIL_TECLDP_MOD
(  222) USE UTIL_TECLD_MOD
(  223) USE UTIL_TECND_MOD
(  224) USE UTIL_TECUCONVCA_MOD
(  225) USE UTIL_TECUMF_MOD
(  226) USE UTIL_TEGWD_MOD
(  227) USE UTIL_TEGWWMS_MOD
(  228) USE UTIL_TEPHY_MOD
(  229) USE UTIL_TTHF_MOD
(  230) IMPLICIT NONE
(  231) TYPE (MODEL_PHYSICS_ECMWF_TYPE), INTENT (IN), TARGET :: YD
(  232) LOGICAL, OPTIONAL, INTENT (IN) :: LDDELETED, LDFIELDAPI
(  233) LOGICAL :: LLDELETED






NVFORTRAN (Version     24.5)          03/19/2025  06:54:36      page 12

(  234) LOGICAL :: LLFIELDAPI
(  235) # 236 "./util_model_physics_ecmwf_type_mod.F90"
(  236) LLFIELDAPI = .FALSE.
(  237) IF (PRESENT (LDFIELDAPI)) THEN
(  238)   LLFIELDAPI = LDFIELDAPI
(  239) ENDIF
(  240) CALL WIPE_TEPHY (YD%YREPHY, LDDELETED=.TRUE., LDFIELDAPI=LDFIELDAPI)
(  241) # 242 "./util_model_physics_ecmwf_type_mod.F90"
(  242) CALL WIPE_TECLD (YD%YRECLD, LDDELETED=.TRUE., LDFIELDAPI=LDFIELDAPI)
(  243) # 244 "./util_model_physics_ecmwf_type_mod.F90"
(  244) CALL WIPE_TECLDP (YD%YRECLDP, LDDELETED=.TRUE., LDFIELDAPI=LDFIELDAPI)
(  245) # 246 "./util_model_physics_ecmwf_type_mod.F90"
(  246) CALL WIPE_TECND (YD%YRECND, LDDELETED=.TRUE., LDFIELDAPI=LDFIELDAPI)
(  247) # 248 "./util_model_physics_ecmwf_type_mod.F90"
(  248) CALL WIPE_TECUMF (YD%YRECUMF, LDDELETED=.TRUE., LDFIELDAPI=LDFIELDAPI)
(  249) # 250 "./util_model_physics_ecmwf_type_mod.F90"
(  250) CALL WIPE_TECUCONVCA (YD%YRECUCONVCA, LDDELETED=.TRUE., LDFIELDAPI=LDFIELDAPI)
(  251) # 252 "./util_model_physics_ecmwf_type_mod.F90"
(  252) CALL WIPE_TEGWD (YD%YREGWD, LDDELETED=.TRUE., LDFIELDAPI=LDFIELDAPI)
(  253) # 254 "./util_model_physics_ecmwf_type_mod.F90"
(  254) CALL WIPE_TEGWWMS (YD%YREGWWMS, LDDELETED=.TRUE., LDFIELDAPI=LDFIELDAPI)
(  255) # 256 "./util_model_physics_ecmwf_type_mod.F90"
(  256) CALL WIPE_TTHF (YD%YRTHF, LDDELETED=.TRUE., LDFIELDAPI=LDFIELDAPI)
(  257) # 258 "./util_model_physics_ecmwf_type_mod.F90"
(  258) LLDELETED = .FALSE.
(  259) IF (PRESENT (LDDELETED)) THEN
(  260)   LLDELETED = LDDELETED
(  261) ENDIF
(  262) IF (.NOT. LLDELETED) THEN
(  263)   !$acc exit data delete (YD)
(  264) ENDIF
(  265) END SUBROUTINE
(  266) # 267 "./util_model_physics_ecmwf_type_mod.F90"
(  267) INTEGER*8 FUNCTION SIZE_MODEL_PHYSICS_ECMWF_TYPE (YD, CDPATH, LDPRINT) RESULT (KSIZE)
(  268) USE UTIL_TECLDP_MOD
(  269) USE UTIL_TECLD_MOD
(  270) USE UTIL_TECND_MOD
(  271) USE UTIL_TECUCONVCA_MOD
(  272) USE UTIL_TECUMF_MOD
(  273) USE UTIL_TEGWD_MOD
(  274) USE UTIL_TEGWWMS_MOD
(  275) USE UTIL_TEPHY_MOD
(  276) USE UTIL_TTHF_MOD
(  277) IMPLICIT NONE
(  278) TYPE (MODEL_PHYSICS_ECMWF_TYPE),     INTENT (IN), TARGET :: YD
(  279) CHARACTER(LEN=*), INTENT (IN), OPTIONAL :: CDPATH
(  280) LOGICAL,          INTENT (IN), OPTIONAL :: LDPRINT
(  281) INTEGER*8 :: ISIZE, JSIZE
(  282) LOGICAL :: LLPRINT
(  283) CHARACTER(LEN=128) :: CLPATH
(  284) # 285 "./util_model_physics_ecmwf_type_mod.F90"
(  285) LLPRINT = .FALSE.
(  286) IF (PRESENT (LDPRINT)) THEN
(  287)   LLPRINT = LDPRINT
(  288) ENDIF
(  289) CLPATH=''
(  290) IF (PRESENT (CDPATH)) THEN
(  291)   CLPATH = CDPATH






NVFORTRAN (Version     24.5)          03/19/2025  06:54:36      page 13

(  292) ENDIF
(  293) KSIZE = 0
(  294) JSIZE = 0
(  295) ISIZE = SIZE_TEPHY (YD%YREPHY, CLPATH//'%YREPHY', .FALSE.)
(  296) JSIZE = JSIZE + ISIZE
(  297) KSIZE = KSIZE + ISIZE
(  298) IF (LLPRINT) THEN
(  299)   WRITE (*, '(I10," ")', ADVANCE='NO') JSIZE
(  300)   WRITE (*, *) TRIM (CLPATH)//'%YREPHY'
(  301) ENDIF
(  302) JSIZE = 0
(  303) ISIZE = SIZE_TECLD (YD%YRECLD, CLPATH//'%YRECLD', .FALSE.)
(  304) JSIZE = JSIZE + ISIZE
(  305) KSIZE = KSIZE + ISIZE
(  306) IF (LLPRINT) THEN
(  307)   WRITE (*, '(I10," ")', ADVANCE='NO') JSIZE
(  308)   WRITE (*, *) TRIM (CLPATH)//'%YRECLD'
(  309) ENDIF
(  310) JSIZE = 0
(  311) ISIZE = SIZE_TECLDP (YD%YRECLDP, CLPATH//'%YRECLDP', .FALSE.)
(  312) JSIZE = JSIZE + ISIZE
(  313) KSIZE = KSIZE + ISIZE
(  314) IF (LLPRINT) THEN
(  315)   WRITE (*, '(I10," ")', ADVANCE='NO') JSIZE
(  316)   WRITE (*, *) TRIM (CLPATH)//'%YRECLDP'
(  317) ENDIF
(  318) JSIZE = 0
(  319) ISIZE = SIZE_TECND (YD%YRECND, CLPATH//'%YRECND', .FALSE.)
(  320) JSIZE = JSIZE + ISIZE
(  321) KSIZE = KSIZE + ISIZE
(  322) IF (LLPRINT) THEN
(  323)   WRITE (*, '(I10," ")', ADVANCE='NO') JSIZE
(  324)   WRITE (*, *) TRIM (CLPATH)//'%YRECND'
(  325) ENDIF
(  326) JSIZE = 0
(  327) ISIZE = SIZE_TECUMF (YD%YRECUMF, CLPATH//'%YRECUMF', .FALSE.)
(  328) JSIZE = JSIZE + ISIZE
(  329) KSIZE = KSIZE + ISIZE
(  330) IF (LLPRINT) THEN
(  331)   WRITE (*, '(I10," ")', ADVANCE='NO') JSIZE
(  332)   WRITE (*, *) TRIM (CLPATH)//'%YRECUMF'
(  333) ENDIF
(  334) JSIZE = 0
(  335) ISIZE = SIZE_TECUCONVCA (YD%YRECUCONVCA, CLPATH//'%YRECUCONVCA', .FALSE.)
(  336) JSIZE = JSIZE + ISIZE
(  337) KSIZE = KSIZE + ISIZE
(  338) IF (LLPRINT) THEN
(  339)   WRITE (*, '(I10," ")', ADVANCE='NO') JSIZE
(  340)   WRITE (*, *) TRIM (CLPATH)//'%YRECUCONVCA'
(  341) ENDIF
(  342) JSIZE = 0
(  343) ISIZE = SIZE_TEGWD (YD%YREGWD, CLPATH//'%YREGWD', .FALSE.)
(  344) JSIZE = JSIZE + ISIZE
(  345) KSIZE = KSIZE + ISIZE
(  346) IF (LLPRINT) THEN
(  347)   WRITE (*, '(I10," ")', ADVANCE='NO') JSIZE
(  348)   WRITE (*, *) TRIM (CLPATH)//'%YREGWD'
(  349) ENDIF






NVFORTRAN (Version     24.5)          03/19/2025  06:54:36      page 14

(  350) JSIZE = 0
(  351) ISIZE = SIZE_TEGWWMS (YD%YREGWWMS, CLPATH//'%YREGWWMS', .FALSE.)
(  352) JSIZE = JSIZE + ISIZE
(  353) KSIZE = KSIZE + ISIZE
(  354) IF (LLPRINT) THEN
(  355)   WRITE (*, '(I10," ")', ADVANCE='NO') JSIZE
(  356)   WRITE (*, *) TRIM (CLPATH)//'%YREGWWMS'
(  357) ENDIF
(  358) JSIZE = 0
(  359) ISIZE = SIZE_TTHF (YD%YRTHF, CLPATH//'%YRTHF', .FALSE.)
(  360) JSIZE = JSIZE + ISIZE
(  361) KSIZE = KSIZE + ISIZE
(  362) IF (LLPRINT) THEN
(  363)   WRITE (*, '(I10," ")', ADVANCE='NO') JSIZE
(  364)   WRITE (*, *) TRIM (CLPATH)//'%YRTHF'
(  365) ENDIF
(  366) END FUNCTION
(  367) # 368 "./util_model_physics_ecmwf_type_mod.F90"
(  368) END MODULE
