


NVFORTRAN (Version     24.5)          03/19/2025  06:54:39      page 1

Switches: -noasm -nodclchk -debug -nodlines -line -list
          -idir /opt/softs/gcc/9.2.0/hpc_sdk/Linux_x86_64/24.5/comm_libs/12.4/hpcx/hpcx-2.19/ompi/include
          -idir /opt/softs/gcc/9.2.0/hpc_sdk/Linux_x86_64/24.5/comm_libs/12.4/hpcx/hpcx-2.19/ompi/lib
          -inform severe -opt 1 -nosave -object -noonetrip
          -depchk on -nostandard     
          -symbol -noupcase    

Filename: ./util_tphnc_mod.F90

(    1) MODULE UTIL_TPHNC_MOD
(    2) 
(    3) USE YOPHNC, ONLY : TPHNC
(    4) 
(    5) INTERFACE SAVE
(    6) MODULE PROCEDURE SAVE_TPHNC
(    7) END INTERFACE
(    8) 
(    9) INTERFACE LOAD
(   10) MODULE PROCEDURE LOAD_TPHNC
(   11) END INTERFACE
(   12) 
(   13) INTERFACE COPY
(   14) MODULE PROCEDURE COPY_TPHNC
(   15) END INTERFACE
(   16) 
(   17) INTERFACE HOST
(   18) MODULE PROCEDURE HOST_TPHNC
(   19) END INTERFACE
(   20) 
(   21)      
(   22) INTERFACE CRC64
(   23) MODULE PROCEDURE CRC64_TPHNC
(   24) END INTERFACE
(   25) 
(   26) INTERFACE WIPE
(   27) MODULE PROCEDURE WIPE_TPHNC
(   28) END INTERFACE
(   29) 
(   30) INTERFACE SIZE
(   31) MODULE PROCEDURE SIZE_TPHNC
(   32) END INTERFACE
(   33) 
(   34) 
(   35) CONTAINS
(   36) 
(   37) SUBROUTINE SAVE_TPHNC (KLUN, YD)
(   38) 
(   39) IMPLICIT NONE
(   40) INTEGER, INTENT (IN) :: KLUN
(   41) TYPE (TPHNC), INTENT (IN), TARGET :: YD
(   42) 
(   43) WRITE (KLUN) YD%LETRAJP
(   44) WRITE (KLUN) YD%LETRAJPT
(   45) WRITE (KLUN) YD%LERADI2
(   46) WRITE (KLUN) YD%LERADS2
(   47) WRITE (KLUN) YD%LERADSW2
(   48) WRITE (KLUN) YD%LERADN2
(   49) WRITE (KLUN) YD%LERADFL2
(   50) WRITE (KLUN) YD%LERADLW2






NVFORTRAN (Version     24.5)          03/19/2025  06:54:39      page 2

(   51) WRITE (KLUN) YD%LH2OCO2
(   52) WRITE (KLUN) YD%LWLOPT
(   53) WRITE (KLUN) YD%LWSOPT
(   54) WRITE (KLUN) YD%LEDCLD2
(   55) WRITE (KLUN) YD%LEPCLD2
(   56) WRITE (KLUN) YD%LENCLD2
(   57) WRITE (KLUN) YD%LEVAPLS2
(   58) WRITE (KLUN) YD%LEVDIF2
(   59) WRITE (KLUN) YD%LEGWDG2
(   60) WRITE (KLUN) YD%LECUMF2
(   61) WRITE (KLUN) YD%LECOND2
(   62) WRITE (KLUN) YD%LEGWWMS2
(   63) WRITE (KLUN) YD%LEQNGT2
(   64) WRITE (KLUN) YD%LESURF2
(   65) WRITE (KLUN) YD%LEKPERT
(   66) WRITE (KLUN) YD%LEKPERTS
(   67) WRITE (KLUN) YD%LTRACLNPH
(   68) END SUBROUTINE
(   69) 
(   70) SUBROUTINE LOAD_TPHNC (KLUN, YD)
(   71) 
(   72) IMPLICIT NONE
(   73) INTEGER, INTENT (IN) :: KLUN
(   74) TYPE (TPHNC), INTENT (OUT), TARGET :: YD
(   75) 
(   76) READ (KLUN) YD%LETRAJP
(   77) READ (KLUN) YD%LETRAJPT
(   78) READ (KLUN) YD%LERADI2
(   79) READ (KLUN) YD%LERADS2
(   80) READ (KLUN) YD%LERADSW2
(   81) READ (KLUN) YD%LERADN2
(   82) READ (KLUN) YD%LERADFL2
(   83) READ (KLUN) YD%LERADLW2
(   84) READ (KLUN) YD%LH2OCO2
(   85) READ (KLUN) YD%LWLOPT
(   86) READ (KLUN) YD%LWSOPT
(   87) READ (KLUN) YD%LEDCLD2
(   88) READ (KLUN) YD%LEPCLD2
(   89) READ (KLUN) YD%LENCLD2
(   90) READ (KLUN) YD%LEVAPLS2
(   91) READ (KLUN) YD%LEVDIF2
(   92) READ (KLUN) YD%LEGWDG2
(   93) READ (KLUN) YD%LECUMF2
(   94) READ (KLUN) YD%LECOND2
(   95) READ (KLUN) YD%LEGWWMS2
(   96) READ (KLUN) YD%LEQNGT2
(   97) READ (KLUN) YD%LESURF2
(   98) READ (KLUN) YD%LEKPERT
(   99) READ (KLUN) YD%LEKPERTS
(  100) READ (KLUN) YD%LTRACLNPH
(  101) END SUBROUTINE
(  102) 
(  103) 
(  104) SUBROUTINE COPY_TPHNC (YD, LDCREATED, LDFIELDAPI)
(  105) 
(  106) IMPLICIT NONE
(  107) TYPE (TPHNC), INTENT (IN), TARGET :: YD
(  108) LOGICAL, OPTIONAL, INTENT (IN) :: LDCREATED, LDFIELDAPI






NVFORTRAN (Version     24.5)          03/19/2025  06:54:39      page 3

(  109) LOGICAL :: LLCREATED
(  110) LOGICAL :: LLFIELDAPI
(  111) 
(  112) LLFIELDAPI = .FALSE.
(  113) IF (PRESENT (LDFIELDAPI)) THEN
(  114)   LLFIELDAPI = LDFIELDAPI
(  115) ENDIF
(  116) LLCREATED = .FALSE.
(  117) IF (PRESENT (LDCREATED)) THEN
(  118)   LLCREATED = LDCREATED
(  119) ENDIF
(  120) IF (.NOT. LLCREATED) THEN
(  121)   !$acc enter data create (YD)
(  122)   !$acc update device (YD)
(  123) ENDIF
(  124) 
(  125) 
(  126) 
(  127) 
(  128) 
(  129) 
(  130) 
(  131) 
(  132) 
(  133) 
(  134) 
(  135) 
(  136) 
(  137) 
(  138) 
(  139) 
(  140) 
(  141) 
(  142) 
(  143) 
(  144) 
(  145) 
(  146) 
(  147) 
(  148) 
(  149) END SUBROUTINE
(  150) 
(  151) SUBROUTINE HOST_TPHNC (YD)
(  152) 
(  153) IMPLICIT NONE
(  154) TYPE (TPHNC), TARGET :: YD
(  155) 
(  156) 
(  157) 
(  158) 
(  159) 
(  160) 
(  161) 
(  162) 
(  163) 
(  164) 
(  165) 
(  166) 






NVFORTRAN (Version     24.5)          03/19/2025  06:54:39      page 4

(  167) 
(  168) 
(  169) 
(  170) 
(  171) 
(  172) 
(  173) 
(  174) 
(  175) 
(  176) 
(  177) 
(  178) 
(  179) 
(  180) 
(  181) END SUBROUTINE
(  182) 
(  183)      
(  184) 
(  185) SUBROUTINE CRC64_TPHNC (YD, KLUN, CDPATH)
(  186) USE CRC64_INTRINSIC
(  187) 
(  188) IMPLICIT NONE
(  189) TYPE (TPHNC), TARGET :: YD
(  190) INTEGER, INTENT (IN) :: KLUN
(  191) CHARACTER(LEN=*), INTENT (IN) :: CDPATH
(  192) CHARACTER(LEN=128) :: CLIND
(  193) 
(  194) WRITE (KLUN, '(Z16.16," ",A)') CRC64 (YD%LETRAJP), CDPATH//'%LETRAJP'
(  195) 
(  196) WRITE (KLUN, '(Z16.16," ",A)') CRC64 (YD%LETRAJPT), CDPATH//'%LETRAJPT'
(  197) 
(  198) WRITE (KLUN, '(Z16.16," ",A)') CRC64 (YD%LERADI2), CDPATH//'%LERADI2'
(  199) 
(  200) WRITE (KLUN, '(Z16.16," ",A)') CRC64 (YD%LERADS2), CDPATH//'%LERADS2'
(  201) 
(  202) WRITE (KLUN, '(Z16.16," ",A)') CRC64 (YD%LERADSW2), CDPATH//'%LERADSW2'
(  203) 
(  204) WRITE (KLUN, '(Z16.16," ",A)') CRC64 (YD%LERADN2), CDPATH//'%LERADN2'
(  205) 
(  206) WRITE (KLUN, '(Z16.16," ",A)') CRC64 (YD%LERADFL2), CDPATH//'%LERADFL2'
(  207) 
(  208) WRITE (KLUN, '(Z16.16," ",A)') CRC64 (YD%LERADLW2), CDPATH//'%LERADLW2'
(  209) 
(  210) WRITE (KLUN, '(Z16.16," ",A)') CRC64 (YD%LH2OCO2), CDPATH//'%LH2OCO2'
(  211) 
(  212) WRITE (KLUN, '(Z16.16," ",A)') CRC64 (YD%LWLOPT), CDPATH//'%LWLOPT'
(  213) 
(  214) WRITE (KLUN, '(Z16.16," ",A)') CRC64 (YD%LWSOPT), CDPATH//'%LWSOPT'
(  215) 
(  216) WRITE (KLUN, '(Z16.16," ",A)') CRC64 (YD%LEDCLD2), CDPATH//'%LEDCLD2'
(  217) 
(  218) WRITE (KLUN, '(Z16.16," ",A)') CRC64 (YD%LEPCLD2), CDPATH//'%LEPCLD2'
(  219) 
(  220) WRITE (KLUN, '(Z16.16," ",A)') CRC64 (YD%LENCLD2), CDPATH//'%LENCLD2'
(  221) 
(  222) WRITE (KLUN, '(Z16.16," ",A)') CRC64 (YD%LEVAPLS2), CDPATH//'%LEVAPLS2'
(  223) 
(  224) WRITE (KLUN, '(Z16.16," ",A)') CRC64 (YD%LEVDIF2), CDPATH//'%LEVDIF2'






NVFORTRAN (Version     24.5)          03/19/2025  06:54:39      page 5

(  225) 
(  226) WRITE (KLUN, '(Z16.16," ",A)') CRC64 (YD%LEGWDG2), CDPATH//'%LEGWDG2'
(  227) 
(  228) WRITE (KLUN, '(Z16.16," ",A)') CRC64 (YD%LECUMF2), CDPATH//'%LECUMF2'
(  229) 
(  230) WRITE (KLUN, '(Z16.16," ",A)') CRC64 (YD%LECOND2), CDPATH//'%LECOND2'
(  231) 
(  232) WRITE (KLUN, '(Z16.16," ",A)') CRC64 (YD%LEGWWMS2), CDPATH//'%LEGWWMS2'
(  233) 
(  234) WRITE (KLUN, '(Z16.16," ",A)') CRC64 (YD%LEQNGT2), CDPATH//'%LEQNGT2'
(  235) 
(  236) WRITE (KLUN, '(Z16.16," ",A)') CRC64 (YD%LESURF2), CDPATH//'%LESURF2'
(  237) 
(  238) WRITE (KLUN, '(Z16.16," ",A)') CRC64 (YD%LEKPERT), CDPATH//'%LEKPERT'
(  239) 
(  240) WRITE (KLUN, '(Z16.16," ",A)') CRC64 (YD%LEKPERTS), CDPATH//'%LEKPERTS'
(  241) 
(  242) WRITE (KLUN, '(Z16.16," ",A)') CRC64 (YD%LTRACLNPH), CDPATH//'%LTRACLNPH'
(  243) 
(  244) END SUBROUTINE
(  245) 
(  246) SUBROUTINE WIPE_TPHNC (YD, LDDELETED, LDFIELDAPI)
(  247) 
(  248) IMPLICIT NONE
(  249) TYPE (TPHNC), INTENT (IN), TARGET :: YD
(  250) LOGICAL, OPTIONAL, INTENT (IN) :: LDDELETED, LDFIELDAPI
(  251) LOGICAL :: LLDELETED
(  252) LOGICAL :: LLFIELDAPI
(  253) 
(  254) LLFIELDAPI = .FALSE.
(  255) IF (PRESENT (LDFIELDAPI)) THEN
(  256)   LLFIELDAPI = LDFIELDAPI
(  257) ENDIF
(  258) 
(  259) 
(  260) 
(  261) 
(  262) 
(  263) 
(  264) 
(  265) 
(  266) 
(  267) 
(  268) 
(  269) 
(  270) 
(  271) 
(  272) 
(  273) 
(  274) 
(  275) 
(  276) 
(  277) 
(  278) 
(  279) 
(  280) 
(  281) 
(  282) 






NVFORTRAN (Version     24.5)          03/19/2025  06:54:39      page 6

(  283) LLDELETED = .FALSE.
(  284) IF (PRESENT (LDDELETED)) THEN
(  285)   LLDELETED = LDDELETED
(  286) ENDIF
(  287) IF (.NOT. LLDELETED) THEN
(  288)   !$acc exit data delete (YD)
(  289) ENDIF
(  290) END SUBROUTINE
(  291) 
(  292) INTEGER*8 FUNCTION SIZE_TPHNC (YD, CDPATH, LDPRINT) RESULT (KSIZE)
(  293) 
(  294) IMPLICIT NONE
(  295) TYPE (TPHNC),     INTENT (IN), TARGET :: YD
(  296) CHARACTER(LEN=*), INTENT (IN), OPTIONAL :: CDPATH
(  297) LOGICAL,          INTENT (IN), OPTIONAL :: LDPRINT
(  298) INTEGER*8 :: ISIZE, JSIZE
(  299) LOGICAL :: LLPRINT
(  300) CHARACTER(LEN=128) :: CLPATH
(  301) 
(  302) LLPRINT = .FALSE.
(  303) IF (PRESENT (LDPRINT)) THEN
(  304)   LLPRINT = LDPRINT
(  305) ENDIF
(  306) CLPATH=''
(  307) IF (PRESENT (CDPATH)) THEN
(  308)   CLPATH = CDPATH
(  309) ENDIF
(  310) KSIZE = 0
(  311) ISIZE = KIND (YD%LETRAJP)
(  312) IF (LLPRINT) THEN
(  313)   WRITE (*, '(I10," ")', ADVANCE='NO') ISIZE
(  314)   WRITE (*, *) TRIM (CLPATH)//'%LETRAJP'
(  315) ENDIF
(  316) KSIZE = KSIZE + ISIZE
(  317) ISIZE = KIND (YD%LETRAJPT)
(  318) IF (LLPRINT) THEN
(  319)   WRITE (*, '(I10," ")', ADVANCE='NO') ISIZE
(  320)   WRITE (*, *) TRIM (CLPATH)//'%LETRAJPT'
(  321) ENDIF
(  322) KSIZE = KSIZE + ISIZE
(  323) ISIZE = KIND (YD%LERADI2)
(  324) IF (LLPRINT) THEN
(  325)   WRITE (*, '(I10," ")', ADVANCE='NO') ISIZE
(  326)   WRITE (*, *) TRIM (CLPATH)//'%LERADI2'
(  327) ENDIF
(  328) KSIZE = KSIZE + ISIZE
(  329) ISIZE = KIND (YD%LERADS2)
(  330) IF (LLPRINT) THEN
(  331)   WRITE (*, '(I10," ")', ADVANCE='NO') ISIZE
(  332)   WRITE (*, *) TRIM (CLPATH)//'%LERADS2'
(  333) ENDIF
(  334) KSIZE = KSIZE + ISIZE
(  335) ISIZE = KIND (YD%LERADSW2)
(  336) IF (LLPRINT) THEN
(  337)   WRITE (*, '(I10," ")', ADVANCE='NO') ISIZE
(  338)   WRITE (*, *) TRIM (CLPATH)//'%LERADSW2'
(  339) ENDIF
(  340) KSIZE = KSIZE + ISIZE






NVFORTRAN (Version     24.5)          03/19/2025  06:54:39      page 7

(  341) ISIZE = KIND (YD%LERADN2)
(  342) IF (LLPRINT) THEN
(  343)   WRITE (*, '(I10," ")', ADVANCE='NO') ISIZE
(  344)   WRITE (*, *) TRIM (CLPATH)//'%LERADN2'
(  345) ENDIF
(  346) KSIZE = KSIZE + ISIZE
(  347) ISIZE = KIND (YD%LERADFL2)
(  348) IF (LLPRINT) THEN
(  349)   WRITE (*, '(I10," ")', ADVANCE='NO') ISIZE
(  350)   WRITE (*, *) TRIM (CLPATH)//'%LERADFL2'
(  351) ENDIF
(  352) KSIZE = KSIZE + ISIZE
(  353) ISIZE = KIND (YD%LERADLW2)
(  354) IF (LLPRINT) THEN
(  355)   WRITE (*, '(I10," ")', ADVANCE='NO') ISIZE
(  356)   WRITE (*, *) TRIM (CLPATH)//'%LERADLW2'
(  357) ENDIF
(  358) KSIZE = KSIZE + ISIZE
(  359) ISIZE = KIND (YD%LH2OCO2)
(  360) IF (LLPRINT) THEN
(  361)   WRITE (*, '(I10," ")', ADVANCE='NO') ISIZE
(  362)   WRITE (*, *) TRIM (CLPATH)//'%LH2OCO2'
(  363) ENDIF
(  364) KSIZE = KSIZE + ISIZE
(  365) ISIZE = KIND (YD%LWLOPT)
(  366) IF (LLPRINT) THEN
(  367)   WRITE (*, '(I10," ")', ADVANCE='NO') ISIZE
(  368)   WRITE (*, *) TRIM (CLPATH)//'%LWLOPT'
(  369) ENDIF
(  370) KSIZE = KSIZE + ISIZE
(  371) ISIZE = KIND (YD%LWSOPT)
(  372) IF (LLPRINT) THEN
(  373)   WRITE (*, '(I10," ")', ADVANCE='NO') ISIZE
(  374)   WRITE (*, *) TRIM (CLPATH)//'%LWSOPT'
(  375) ENDIF
(  376) KSIZE = KSIZE + ISIZE
(  377) ISIZE = KIND (YD%LEDCLD2)
(  378) IF (LLPRINT) THEN
(  379)   WRITE (*, '(I10," ")', ADVANCE='NO') ISIZE
(  380)   WRITE (*, *) TRIM (CLPATH)//'%LEDCLD2'
(  381) ENDIF
(  382) KSIZE = KSIZE + ISIZE
(  383) ISIZE = KIND (YD%LEPCLD2)
(  384) IF (LLPRINT) THEN
(  385)   WRITE (*, '(I10," ")', ADVANCE='NO') ISIZE
(  386)   WRITE (*, *) TRIM (CLPATH)//'%LEPCLD2'
(  387) ENDIF
(  388) KSIZE = KSIZE + ISIZE
(  389) ISIZE = KIND (YD%LENCLD2)
(  390) IF (LLPRINT) THEN
(  391)   WRITE (*, '(I10," ")', ADVANCE='NO') ISIZE
(  392)   WRITE (*, *) TRIM (CLPATH)//'%LENCLD2'
(  393) ENDIF
(  394) KSIZE = KSIZE + ISIZE
(  395) ISIZE = KIND (YD%LEVAPLS2)
(  396) IF (LLPRINT) THEN
(  397)   WRITE (*, '(I10," ")', ADVANCE='NO') ISIZE
(  398)   WRITE (*, *) TRIM (CLPATH)//'%LEVAPLS2'






NVFORTRAN (Version     24.5)          03/19/2025  06:54:39      page 8

(  399) ENDIF
(  400) KSIZE = KSIZE + ISIZE
(  401) ISIZE = KIND (YD%LEVDIF2)
(  402) IF (LLPRINT) THEN
(  403)   WRITE (*, '(I10," ")', ADVANCE='NO') ISIZE
(  404)   WRITE (*, *) TRIM (CLPATH)//'%LEVDIF2'
(  405) ENDIF
(  406) KSIZE = KSIZE + ISIZE
(  407) ISIZE = KIND (YD%LEGWDG2)
(  408) IF (LLPRINT) THEN
(  409)   WRITE (*, '(I10," ")', ADVANCE='NO') ISIZE
(  410)   WRITE (*, *) TRIM (CLPATH)//'%LEGWDG2'
(  411) ENDIF
(  412) KSIZE = KSIZE + ISIZE
(  413) ISIZE = KIND (YD%LECUMF2)
(  414) IF (LLPRINT) THEN
(  415)   WRITE (*, '(I10," ")', ADVANCE='NO') ISIZE
(  416)   WRITE (*, *) TRIM (CLPATH)//'%LECUMF2'
(  417) ENDIF
(  418) KSIZE = KSIZE + ISIZE
(  419) ISIZE = KIND (YD%LECOND2)
(  420) IF (LLPRINT) THEN
(  421)   WRITE (*, '(I10," ")', ADVANCE='NO') ISIZE
(  422)   WRITE (*, *) TRIM (CLPATH)//'%LECOND2'
(  423) ENDIF
(  424) KSIZE = KSIZE + ISIZE
(  425) ISIZE = KIND (YD%LEGWWMS2)
(  426) IF (LLPRINT) THEN
(  427)   WRITE (*, '(I10," ")', ADVANCE='NO') ISIZE
(  428)   WRITE (*, *) TRIM (CLPATH)//'%LEGWWMS2'
(  429) ENDIF
(  430) KSIZE = KSIZE + ISIZE
(  431) ISIZE = KIND (YD%LEQNGT2)
(  432) IF (LLPRINT) THEN
(  433)   WRITE (*, '(I10," ")', ADVANCE='NO') ISIZE
(  434)   WRITE (*, *) TRIM (CLPATH)//'%LEQNGT2'
(  435) ENDIF
(  436) KSIZE = KSIZE + ISIZE
(  437) ISIZE = KIND (YD%LESURF2)
(  438) IF (LLPRINT) THEN
(  439)   WRITE (*, '(I10," ")', ADVANCE='NO') ISIZE
(  440)   WRITE (*, *) TRIM (CLPATH)//'%LESURF2'
(  441) ENDIF
(  442) KSIZE = KSIZE + ISIZE
(  443) ISIZE = KIND (YD%LEKPERT)
(  444) IF (LLPRINT) THEN
(  445)   WRITE (*, '(I10," ")', ADVANCE='NO') ISIZE
(  446)   WRITE (*, *) TRIM (CLPATH)//'%LEKPERT'
(  447) ENDIF
(  448) KSIZE = KSIZE + ISIZE
(  449) ISIZE = KIND (YD%LEKPERTS)
(  450) IF (LLPRINT) THEN
(  451)   WRITE (*, '(I10," ")', ADVANCE='NO') ISIZE
(  452)   WRITE (*, *) TRIM (CLPATH)//'%LEKPERTS'
(  453) ENDIF
(  454) KSIZE = KSIZE + ISIZE
(  455) ISIZE = KIND (YD%LTRACLNPH)
(  456) IF (LLPRINT) THEN






NVFORTRAN (Version     24.5)          03/19/2025  06:54:39      page 9

(  457)   WRITE (*, '(I10," ")', ADVANCE='NO') ISIZE
(  458)   WRITE (*, *) TRIM (CLPATH)//'%LTRACLNPH'
(  459) ENDIF
(  460) KSIZE = KSIZE + ISIZE
(  461) END FUNCTION
(  462) 
(  463) END MODULE

























































NVFORTRAN (Version     24.5)          03/19/2025  06:54:39      page 10

(    1) # 1 "./util_tphnc_mod.F90"
(    1) MODULE UTIL_TPHNC_MOD
(    2) # 3 "./util_tphnc_mod.F90"
(    3) USE YOPHNC, ONLY : TPHNC
(    4) # 5 "./util_tphnc_mod.F90"
(    5) INTERFACE SAVE
(    6) MODULE PROCEDURE SAVE_TPHNC
(    7) END INTERFACE
(    8) # 9 "./util_tphnc_mod.F90"
(    9) INTERFACE LOAD
(   10) MODULE PROCEDURE LOAD_TPHNC
(   11) END INTERFACE
(   12) # 13 "./util_tphnc_mod.F90"
(   13) INTERFACE COPY
(   14) MODULE PROCEDURE COPY_TPHNC
(   15) END INTERFACE
(   16) # 17 "./util_tphnc_mod.F90"
(   17) INTERFACE HOST
(   18) MODULE PROCEDURE HOST_TPHNC
(   19) END INTERFACE
(   20) # 21 "./util_tphnc_mod.F90"
(   21)      
(   22) INTERFACE CRC64
(   23) MODULE PROCEDURE CRC64_TPHNC
(   24) END INTERFACE
(   25) # 26 "./util_tphnc_mod.F90"
(   26) INTERFACE WIPE
(   27) MODULE PROCEDURE WIPE_TPHNC
(   28) END INTERFACE
(   29) # 30 "./util_tphnc_mod.F90"
(   30) INTERFACE SIZE
(   31) MODULE PROCEDURE SIZE_TPHNC
(   32) END INTERFACE
(   33) # 35 "./util_tphnc_mod.F90"
(   35) CONTAINS
(   36) # 37 "./util_tphnc_mod.F90"
(   37) SUBROUTINE SAVE_TPHNC (KLUN, YD)
(   38) # 39 "./util_tphnc_mod.F90"
(   39) IMPLICIT NONE
(   40) INTEGER, INTENT (IN) :: KLUN
(   41) TYPE (TPHNC), INTENT (IN), TARGET :: YD
(   42) # 43 "./util_tphnc_mod.F90"
(   43) WRITE (KLUN) YD%LETRAJP
(   44) WRITE (KLUN) YD%LETRAJPT
(   45) WRITE (KLUN) YD%LERADI2
(   46) WRITE (KLUN) YD%LERADS2
(   47) WRITE (KLUN) YD%LERADSW2
(   48) WRITE (KLUN) YD%LERADN2
(   49) WRITE (KLUN) YD%LERADFL2
(   50) WRITE (KLUN) YD%LERADLW2
(   51) WRITE (KLUN) YD%LH2OCO2
(   52) WRITE (KLUN) YD%LWLOPT
(   53) WRITE (KLUN) YD%LWSOPT
(   54) WRITE (KLUN) YD%LEDCLD2
(   55) WRITE (KLUN) YD%LEPCLD2
(   56) WRITE (KLUN) YD%LENCLD2
(   57) WRITE (KLUN) YD%LEVAPLS2
(   58) WRITE (KLUN) YD%LEVDIF2






NVFORTRAN (Version     24.5)          03/19/2025  06:54:39      page 11

(   59) WRITE (KLUN) YD%LEGWDG2
(   60) WRITE (KLUN) YD%LECUMF2
(   61) WRITE (KLUN) YD%LECOND2
(   62) WRITE (KLUN) YD%LEGWWMS2
(   63) WRITE (KLUN) YD%LEQNGT2
(   64) WRITE (KLUN) YD%LESURF2
(   65) WRITE (KLUN) YD%LEKPERT
(   66) WRITE (KLUN) YD%LEKPERTS
(   67) WRITE (KLUN) YD%LTRACLNPH
(   68) END SUBROUTINE
(   69) # 70 "./util_tphnc_mod.F90"
(   70) SUBROUTINE LOAD_TPHNC (KLUN, YD)
(   71) # 72 "./util_tphnc_mod.F90"
(   72) IMPLICIT NONE
(   73) INTEGER, INTENT (IN) :: KLUN
(   74) TYPE (TPHNC), INTENT (OUT), TARGET :: YD
(   75) # 76 "./util_tphnc_mod.F90"
(   76) READ (KLUN) YD%LETRAJP
(   77) READ (KLUN) YD%LETRAJPT
(   78) READ (KLUN) YD%LERADI2
(   79) READ (KLUN) YD%LERADS2
(   80) READ (KLUN) YD%LERADSW2
(   81) READ (KLUN) YD%LERADN2
(   82) READ (KLUN) YD%LERADFL2
(   83) READ (KLUN) YD%LERADLW2
(   84) READ (KLUN) YD%LH2OCO2
(   85) READ (KLUN) YD%LWLOPT
(   86) READ (KLUN) YD%LWSOPT
(   87) READ (KLUN) YD%LEDCLD2
(   88) READ (KLUN) YD%LEPCLD2
(   89) READ (KLUN) YD%LENCLD2
(   90) READ (KLUN) YD%LEVAPLS2
(   91) READ (KLUN) YD%LEVDIF2
(   92) READ (KLUN) YD%LEGWDG2
(   93) READ (KLUN) YD%LECUMF2
(   94) READ (KLUN) YD%LECOND2
(   95) READ (KLUN) YD%LEGWWMS2
(   96) READ (KLUN) YD%LEQNGT2
(   97) READ (KLUN) YD%LESURF2
(   98) READ (KLUN) YD%LEKPERT
(   99) READ (KLUN) YD%LEKPERTS
(  100) READ (KLUN) YD%LTRACLNPH
(  101) END SUBROUTINE
(  102) # 104 "./util_tphnc_mod.F90"
(  104) SUBROUTINE COPY_TPHNC (YD, LDCREATED, LDFIELDAPI)
(  105) # 106 "./util_tphnc_mod.F90"
(  106) IMPLICIT NONE
(  107) TYPE (TPHNC), INTENT (IN), TARGET :: YD
(  108) LOGICAL, OPTIONAL, INTENT (IN) :: LDCREATED, LDFIELDAPI
(  109) LOGICAL :: LLCREATED
(  110) LOGICAL :: LLFIELDAPI
(  111) # 112 "./util_tphnc_mod.F90"
(  112) LLFIELDAPI = .FALSE.
(  113) IF (PRESENT (LDFIELDAPI)) THEN
(  114)   LLFIELDAPI = LDFIELDAPI
(  115) ENDIF
(  116) LLCREATED = .FALSE.
(  117) IF (PRESENT (LDCREATED)) THEN






NVFORTRAN (Version     24.5)          03/19/2025  06:54:39      page 12

(  118)   LLCREATED = LDCREATED
(  119) ENDIF
(  120) IF (.NOT. LLCREATED) THEN
(  121)   !$acc enter data create (YD)
(  122)   !$acc update device (YD)
(  123) ENDIF
(  124) # 149 "./util_tphnc_mod.F90"
(  149) END SUBROUTINE
(  150) # 151 "./util_tphnc_mod.F90"
(  151) SUBROUTINE HOST_TPHNC (YD)
(  152) # 153 "./util_tphnc_mod.F90"
(  153) IMPLICIT NONE
(  154) TYPE (TPHNC), TARGET :: YD
(  155) # 181 "./util_tphnc_mod.F90"
(  181) END SUBROUTINE
(  182) # 183 "./util_tphnc_mod.F90"
(  183)      
(  184) # 185 "./util_tphnc_mod.F90"
(  185) SUBROUTINE CRC64_TPHNC (YD, KLUN, CDPATH)
(  186) USE CRC64_INTRINSIC
(  187) # 188 "./util_tphnc_mod.F90"
(  188) IMPLICIT NONE
(  189) TYPE (TPHNC), TARGET :: YD
(  190) INTEGER, INTENT (IN) :: KLUN
(  191) CHARACTER(LEN=*), INTENT (IN) :: CDPATH
(  192) CHARACTER(LEN=128) :: CLIND
(  193) # 194 "./util_tphnc_mod.F90"
(  194) WRITE (KLUN, '(Z16.16," ",A)') CRC64 (YD%LETRAJP), CDPATH//'%LETRAJP'
(  195) # 196 "./util_tphnc_mod.F90"
(  196) WRITE (KLUN, '(Z16.16," ",A)') CRC64 (YD%LETRAJPT), CDPATH//'%LETRAJPT'
(  197) # 198 "./util_tphnc_mod.F90"
(  198) WRITE (KLUN, '(Z16.16," ",A)') CRC64 (YD%LERADI2), CDPATH//'%LERADI2'
(  199) # 200 "./util_tphnc_mod.F90"
(  200) WRITE (KLUN, '(Z16.16," ",A)') CRC64 (YD%LERADS2), CDPATH//'%LERADS2'
(  201) # 202 "./util_tphnc_mod.F90"
(  202) WRITE (KLUN, '(Z16.16," ",A)') CRC64 (YD%LERADSW2), CDPATH//'%LERADSW2'
(  203) # 204 "./util_tphnc_mod.F90"
(  204) WRITE (KLUN, '(Z16.16," ",A)') CRC64 (YD%LERADN2), CDPATH//'%LERADN2'
(  205) # 206 "./util_tphnc_mod.F90"
(  206) WRITE (KLUN, '(Z16.16," ",A)') CRC64 (YD%LERADFL2), CDPATH//'%LERADFL2'
(  207) # 208 "./util_tphnc_mod.F90"
(  208) WRITE (KLUN, '(Z16.16," ",A)') CRC64 (YD%LERADLW2), CDPATH//'%LERADLW2'
(  209) # 210 "./util_tphnc_mod.F90"
(  210) WRITE (KLUN, '(Z16.16," ",A)') CRC64 (YD%LH2OCO2), CDPATH//'%LH2OCO2'
(  211) # 212 "./util_tphnc_mod.F90"
(  212) WRITE (KLUN, '(Z16.16," ",A)') CRC64 (YD%LWLOPT), CDPATH//'%LWLOPT'
(  213) # 214 "./util_tphnc_mod.F90"
(  214) WRITE (KLUN, '(Z16.16," ",A)') CRC64 (YD%LWSOPT), CDPATH//'%LWSOPT'
(  215) # 216 "./util_tphnc_mod.F90"
(  216) WRITE (KLUN, '(Z16.16," ",A)') CRC64 (YD%LEDCLD2), CDPATH//'%LEDCLD2'
(  217) # 218 "./util_tphnc_mod.F90"
(  218) WRITE (KLUN, '(Z16.16," ",A)') CRC64 (YD%LEPCLD2), CDPATH//'%LEPCLD2'
(  219) # 220 "./util_tphnc_mod.F90"
(  220) WRITE (KLUN, '(Z16.16," ",A)') CRC64 (YD%LENCLD2), CDPATH//'%LENCLD2'
(  221) # 222 "./util_tphnc_mod.F90"
(  222) WRITE (KLUN, '(Z16.16," ",A)') CRC64 (YD%LEVAPLS2), CDPATH//'%LEVAPLS2'
(  223) # 224 "./util_tphnc_mod.F90"
(  224) WRITE (KLUN, '(Z16.16," ",A)') CRC64 (YD%LEVDIF2), CDPATH//'%LEVDIF2'






NVFORTRAN (Version     24.5)          03/19/2025  06:54:39      page 13

(  225) # 226 "./util_tphnc_mod.F90"
(  226) WRITE (KLUN, '(Z16.16," ",A)') CRC64 (YD%LEGWDG2), CDPATH//'%LEGWDG2'
(  227) # 228 "./util_tphnc_mod.F90"
(  228) WRITE (KLUN, '(Z16.16," ",A)') CRC64 (YD%LECUMF2), CDPATH//'%LECUMF2'
(  229) # 230 "./util_tphnc_mod.F90"
(  230) WRITE (KLUN, '(Z16.16," ",A)') CRC64 (YD%LECOND2), CDPATH//'%LECOND2'
(  231) # 232 "./util_tphnc_mod.F90"
(  232) WRITE (KLUN, '(Z16.16," ",A)') CRC64 (YD%LEGWWMS2), CDPATH//'%LEGWWMS2'
(  233) # 234 "./util_tphnc_mod.F90"
(  234) WRITE (KLUN, '(Z16.16," ",A)') CRC64 (YD%LEQNGT2), CDPATH//'%LEQNGT2'
(  235) # 236 "./util_tphnc_mod.F90"
(  236) WRITE (KLUN, '(Z16.16," ",A)') CRC64 (YD%LESURF2), CDPATH//'%LESURF2'
(  237) # 238 "./util_tphnc_mod.F90"
(  238) WRITE (KLUN, '(Z16.16," ",A)') CRC64 (YD%LEKPERT), CDPATH//'%LEKPERT'
(  239) # 240 "./util_tphnc_mod.F90"
(  240) WRITE (KLUN, '(Z16.16," ",A)') CRC64 (YD%LEKPERTS), CDPATH//'%LEKPERTS'
(  241) # 242 "./util_tphnc_mod.F90"
(  242) WRITE (KLUN, '(Z16.16," ",A)') CRC64 (YD%LTRACLNPH), CDPATH//'%LTRACLNPH'
(  243) # 244 "./util_tphnc_mod.F90"
(  244) END SUBROUTINE
(  245) # 246 "./util_tphnc_mod.F90"
(  246) SUBROUTINE WIPE_TPHNC (YD, LDDELETED, LDFIELDAPI)
(  247) # 248 "./util_tphnc_mod.F90"
(  248) IMPLICIT NONE
(  249) TYPE (TPHNC), INTENT (IN), TARGET :: YD
(  250) LOGICAL, OPTIONAL, INTENT (IN) :: LDDELETED, LDFIELDAPI
(  251) LOGICAL :: LLDELETED
(  252) LOGICAL :: LLFIELDAPI
(  253) # 254 "./util_tphnc_mod.F90"
(  254) LLFIELDAPI = .FALSE.
(  255) IF (PRESENT (LDFIELDAPI)) THEN
(  256)   LLFIELDAPI = LDFIELDAPI
(  257) ENDIF
(  258) # 283 "./util_tphnc_mod.F90"
(  283) LLDELETED = .FALSE.
(  284) IF (PRESENT (LDDELETED)) THEN
(  285)   LLDELETED = LDDELETED
(  286) ENDIF
(  287) IF (.NOT. LLDELETED) THEN
(  288)   !$acc exit data delete (YD)
(  289) ENDIF
(  290) END SUBROUTINE
(  291) # 292 "./util_tphnc_mod.F90"
(  292) INTEGER*8 FUNCTION SIZE_TPHNC (YD, CDPATH, LDPRINT) RESULT (KSIZE)
(  293) # 294 "./util_tphnc_mod.F90"
(  294) IMPLICIT NONE
(  295) TYPE (TPHNC),     INTENT (IN), TARGET :: YD
(  296) CHARACTER(LEN=*), INTENT (IN), OPTIONAL :: CDPATH
(  297) LOGICAL,          INTENT (IN), OPTIONAL :: LDPRINT
(  298) INTEGER*8 :: ISIZE, JSIZE
(  299) LOGICAL :: LLPRINT
(  300) CHARACTER(LEN=128) :: CLPATH
(  301) # 302 "./util_tphnc_mod.F90"
(  302) LLPRINT = .FALSE.
(  303) IF (PRESENT (LDPRINT)) THEN
(  304)   LLPRINT = LDPRINT
(  305) ENDIF
(  306) CLPATH=''






NVFORTRAN (Version     24.5)          03/19/2025  06:54:39      page 14

(  307) IF (PRESENT (CDPATH)) THEN
(  308)   CLPATH = CDPATH
(  309) ENDIF
(  310) KSIZE = 0
(  311) ISIZE = KIND (YD%LETRAJP)
(  312) IF (LLPRINT) THEN
(  313)   WRITE (*, '(I10," ")', ADVANCE='NO') ISIZE
(  314)   WRITE (*, *) TRIM (CLPATH)//'%LETRAJP'
(  315) ENDIF
(  316) KSIZE = KSIZE + ISIZE
(  317) ISIZE = KIND (YD%LETRAJPT)
(  318) IF (LLPRINT) THEN
(  319)   WRITE (*, '(I10," ")', ADVANCE='NO') ISIZE
(  320)   WRITE (*, *) TRIM (CLPATH)//'%LETRAJPT'
(  321) ENDIF
(  322) KSIZE = KSIZE + ISIZE
(  323) ISIZE = KIND (YD%LERADI2)
(  324) IF (LLPRINT) THEN
(  325)   WRITE (*, '(I10," ")', ADVANCE='NO') ISIZE
(  326)   WRITE (*, *) TRIM (CLPATH)//'%LERADI2'
(  327) ENDIF
(  328) KSIZE = KSIZE + ISIZE
(  329) ISIZE = KIND (YD%LERADS2)
(  330) IF (LLPRINT) THEN
(  331)   WRITE (*, '(I10," ")', ADVANCE='NO') ISIZE
(  332)   WRITE (*, *) TRIM (CLPATH)//'%LERADS2'
(  333) ENDIF
(  334) KSIZE = KSIZE + ISIZE
(  335) ISIZE = KIND (YD%LERADSW2)
(  336) IF (LLPRINT) THEN
(  337)   WRITE (*, '(I10," ")', ADVANCE='NO') ISIZE
(  338)   WRITE (*, *) TRIM (CLPATH)//'%LERADSW2'
(  339) ENDIF
(  340) KSIZE = KSIZE + ISIZE
(  341) ISIZE = KIND (YD%LERADN2)
(  342) IF (LLPRINT) THEN
(  343)   WRITE (*, '(I10," ")', ADVANCE='NO') ISIZE
(  344)   WRITE (*, *) TRIM (CLPATH)//'%LERADN2'
(  345) ENDIF
(  346) KSIZE = KSIZE + ISIZE
(  347) ISIZE = KIND (YD%LERADFL2)
(  348) IF (LLPRINT) THEN
(  349)   WRITE (*, '(I10," ")', ADVANCE='NO') ISIZE
(  350)   WRITE (*, *) TRIM (CLPATH)//'%LERADFL2'
(  351) ENDIF
(  352) KSIZE = KSIZE + ISIZE
(  353) ISIZE = KIND (YD%LERADLW2)
(  354) IF (LLPRINT) THEN
(  355)   WRITE (*, '(I10," ")', ADVANCE='NO') ISIZE
(  356)   WRITE (*, *) TRIM (CLPATH)//'%LERADLW2'
(  357) ENDIF
(  358) KSIZE = KSIZE + ISIZE
(  359) ISIZE = KIND (YD%LH2OCO2)
(  360) IF (LLPRINT) THEN
(  361)   WRITE (*, '(I10," ")', ADVANCE='NO') ISIZE
(  362)   WRITE (*, *) TRIM (CLPATH)//'%LH2OCO2'
(  363) ENDIF
(  364) KSIZE = KSIZE + ISIZE






NVFORTRAN (Version     24.5)          03/19/2025  06:54:39      page 15

(  365) ISIZE = KIND (YD%LWLOPT)
(  366) IF (LLPRINT) THEN
(  367)   WRITE (*, '(I10," ")', ADVANCE='NO') ISIZE
(  368)   WRITE (*, *) TRIM (CLPATH)//'%LWLOPT'
(  369) ENDIF
(  370) KSIZE = KSIZE + ISIZE
(  371) ISIZE = KIND (YD%LWSOPT)
(  372) IF (LLPRINT) THEN
(  373)   WRITE (*, '(I10," ")', ADVANCE='NO') ISIZE
(  374)   WRITE (*, *) TRIM (CLPATH)//'%LWSOPT'
(  375) ENDIF
(  376) KSIZE = KSIZE + ISIZE
(  377) ISIZE = KIND (YD%LEDCLD2)
(  378) IF (LLPRINT) THEN
(  379)   WRITE (*, '(I10," ")', ADVANCE='NO') ISIZE
(  380)   WRITE (*, *) TRIM (CLPATH)//'%LEDCLD2'
(  381) ENDIF
(  382) KSIZE = KSIZE + ISIZE
(  383) ISIZE = KIND (YD%LEPCLD2)
(  384) IF (LLPRINT) THEN
(  385)   WRITE (*, '(I10," ")', ADVANCE='NO') ISIZE
(  386)   WRITE (*, *) TRIM (CLPATH)//'%LEPCLD2'
(  387) ENDIF
(  388) KSIZE = KSIZE + ISIZE
(  389) ISIZE = KIND (YD%LENCLD2)
(  390) IF (LLPRINT) THEN
(  391)   WRITE (*, '(I10," ")', ADVANCE='NO') ISIZE
(  392)   WRITE (*, *) TRIM (CLPATH)//'%LENCLD2'
(  393) ENDIF
(  394) KSIZE = KSIZE + ISIZE
(  395) ISIZE = KIND (YD%LEVAPLS2)
(  396) IF (LLPRINT) THEN
(  397)   WRITE (*, '(I10," ")', ADVANCE='NO') ISIZE
(  398)   WRITE (*, *) TRIM (CLPATH)//'%LEVAPLS2'
(  399) ENDIF
(  400) KSIZE = KSIZE + ISIZE
(  401) ISIZE = KIND (YD%LEVDIF2)
(  402) IF (LLPRINT) THEN
(  403)   WRITE (*, '(I10," ")', ADVANCE='NO') ISIZE
(  404)   WRITE (*, *) TRIM (CLPATH)//'%LEVDIF2'
(  405) ENDIF
(  406) KSIZE = KSIZE + ISIZE
(  407) ISIZE = KIND (YD%LEGWDG2)
(  408) IF (LLPRINT) THEN
(  409)   WRITE (*, '(I10," ")', ADVANCE='NO') ISIZE
(  410)   WRITE (*, *) TRIM (CLPATH)//'%LEGWDG2'
(  411) ENDIF
(  412) KSIZE = KSIZE + ISIZE
(  413) ISIZE = KIND (YD%LECUMF2)
(  414) IF (LLPRINT) THEN
(  415)   WRITE (*, '(I10," ")', ADVANCE='NO') ISIZE
(  416)   WRITE (*, *) TRIM (CLPATH)//'%LECUMF2'
(  417) ENDIF
(  418) KSIZE = KSIZE + ISIZE
(  419) ISIZE = KIND (YD%LECOND2)
(  420) IF (LLPRINT) THEN
(  421)   WRITE (*, '(I10," ")', ADVANCE='NO') ISIZE
(  422)   WRITE (*, *) TRIM (CLPATH)//'%LECOND2'






NVFORTRAN (Version     24.5)          03/19/2025  06:54:39      page 16

(  423) ENDIF
(  424) KSIZE = KSIZE + ISIZE
(  425) ISIZE = KIND (YD%LEGWWMS2)
(  426) IF (LLPRINT) THEN
(  427)   WRITE (*, '(I10," ")', ADVANCE='NO') ISIZE
(  428)   WRITE (*, *) TRIM (CLPATH)//'%LEGWWMS2'
(  429) ENDIF
(  430) KSIZE = KSIZE + ISIZE
(  431) ISIZE = KIND (YD%LEQNGT2)
(  432) IF (LLPRINT) THEN
(  433)   WRITE (*, '(I10," ")', ADVANCE='NO') ISIZE
(  434)   WRITE (*, *) TRIM (CLPATH)//'%LEQNGT2'
(  435) ENDIF
(  436) KSIZE = KSIZE + ISIZE
(  437) ISIZE = KIND (YD%LESURF2)
(  438) IF (LLPRINT) THEN
(  439)   WRITE (*, '(I10," ")', ADVANCE='NO') ISIZE
(  440)   WRITE (*, *) TRIM (CLPATH)//'%LESURF2'
(  441) ENDIF
(  442) KSIZE = KSIZE + ISIZE
(  443) ISIZE = KIND (YD%LEKPERT)
(  444) IF (LLPRINT) THEN
(  445)   WRITE (*, '(I10," ")', ADVANCE='NO') ISIZE
(  446)   WRITE (*, *) TRIM (CLPATH)//'%LEKPERT'
(  447) ENDIF
(  448) KSIZE = KSIZE + ISIZE
(  449) ISIZE = KIND (YD%LEKPERTS)
(  450) IF (LLPRINT) THEN
(  451)   WRITE (*, '(I10," ")', ADVANCE='NO') ISIZE
(  452)   WRITE (*, *) TRIM (CLPATH)//'%LEKPERTS'
(  453) ENDIF
(  454) KSIZE = KSIZE + ISIZE
(  455) ISIZE = KIND (YD%LTRACLNPH)
(  456) IF (LLPRINT) THEN
(  457)   WRITE (*, '(I10," ")', ADVANCE='NO') ISIZE
(  458)   WRITE (*, *) TRIM (CLPATH)//'%LTRACLNPH'
(  459) ENDIF
(  460) KSIZE = KSIZE + ISIZE
(  461) END FUNCTION
(  462) # 463 "./util_tphnc_mod.F90"
(  463) END MODULE
