


NVFORTRAN (Version     24.5)          03/19/2025  06:54:39      page 1

Switches: -noasm -nodclchk -debug -nodlines -line -list
          -idir /opt/softs/gcc/9.2.0/hpc_sdk/Linux_x86_64/24.5/comm_libs/12.4/hpcx/hpcx-2.19/ompi/include
          -idir /opt/softs/gcc/9.2.0/hpc_sdk/Linux_x86_64/24.5/comm_libs/12.4/hpcx/hpcx-2.19/ompi/lib
          -inform severe -opt 1 -nosave -object -noonetrip
          -depchk on -nostandard     
          -symbol -noupcase    

Filename: ./util_tphlc_mod.F90

(    1) MODULE UTIL_TPHLC_MOD
(    2) 
(    3) USE YOPHLC, ONLY : TPHLC
(    4) 
(    5) INTERFACE SAVE
(    6) MODULE PROCEDURE SAVE_TPHLC
(    7) END INTERFACE
(    8) 
(    9) INTERFACE LOAD
(   10) MODULE PROCEDURE LOAD_TPHLC
(   11) END INTERFACE
(   12) 
(   13) INTERFACE COPY
(   14) MODULE PROCEDURE COPY_TPHLC
(   15) END INTERFACE
(   16) 
(   17) INTERFACE HOST
(   18) MODULE PROCEDURE HOST_TPHLC
(   19) END INTERFACE
(   20) 
(   21)      
(   22) INTERFACE CRC64
(   23) MODULE PROCEDURE CRC64_TPHLC
(   24) END INTERFACE
(   25) 
(   26) INTERFACE WIPE
(   27) MODULE PROCEDURE WIPE_TPHLC
(   28) END INTERFACE
(   29) 
(   30) INTERFACE SIZE
(   31) MODULE PROCEDURE SIZE_TPHLC
(   32) END INTERFACE
(   33) 
(   34) 
(   35) CONTAINS
(   36) 
(   37) SUBROUTINE SAVE_TPHLC (KLUN, YD)
(   38) 
(   39) IMPLICIT NONE
(   40) INTEGER, INTENT (IN) :: KLUN
(   41) TYPE (TPHLC), INTENT (IN), TARGET :: YD
(   42) 
(   43) WRITE (KLUN) YD%ALPHA
(   44) WRITE (KLUN) YD%AH0
(   45) WRITE (KLUN) YD%USTARL
(   46) WRITE (KLUN) YD%USTARS
(   47) WRITE (KLUN) YD%ALANDZ0
(   48) WRITE (KLUN) YD%ASEAZ0
(   49) WRITE (KLUN) YD%LSPHLC
(   50) WRITE (KLUN) YD%LVDFLC






NVFORTRAN (Version     24.5)          03/19/2025  06:54:39      page 2

(   51) WRITE (KLUN) YD%LSDRLC
(   52) WRITE (KLUN) YD%LZMCON
(   53) WRITE (KLUN) YD%LKEXP
(   54) WRITE (KLUN) YD%LVDFDS
(   55) WRITE (KLUN) YD%LSDRDS
(   56) END SUBROUTINE
(   57) 
(   58) SUBROUTINE LOAD_TPHLC (KLUN, YD)
(   59) USE PARKIND1, ONLY : JPRD
(   60) 
(   61) IMPLICIT NONE
(   62) INTEGER, INTENT (IN) :: KLUN
(   63) TYPE (TPHLC), INTENT (OUT), TARGET :: YD
(   64) REAL(KIND=JPRD) :: ZTMP0
(   65) READ (KLUN) ZTMP0
(   66) YD%ALPHA = ZTMP0
(   67) READ (KLUN) ZTMP0
(   68) YD%AH0 = ZTMP0
(   69) READ (KLUN) ZTMP0
(   70) YD%USTARL = ZTMP0
(   71) READ (KLUN) ZTMP0
(   72) YD%USTARS = ZTMP0
(   73) READ (KLUN) ZTMP0
(   74) YD%ALANDZ0 = ZTMP0
(   75) READ (KLUN) ZTMP0
(   76) YD%ASEAZ0 = ZTMP0
(   77) READ (KLUN) YD%LSPHLC
(   78) READ (KLUN) YD%LVDFLC
(   79) READ (KLUN) YD%LSDRLC
(   80) READ (KLUN) YD%LZMCON
(   81) READ (KLUN) YD%LKEXP
(   82) READ (KLUN) YD%LVDFDS
(   83) READ (KLUN) YD%LSDRDS
(   84) END SUBROUTINE
(   85) 
(   86) 
(   87) SUBROUTINE COPY_TPHLC (YD, LDCREATED, LDFIELDAPI)
(   88) 
(   89) IMPLICIT NONE
(   90) TYPE (TPHLC), INTENT (IN), TARGET :: YD
(   91) LOGICAL, OPTIONAL, INTENT (IN) :: LDCREATED, LDFIELDAPI
(   92) LOGICAL :: LLCREATED
(   93) LOGICAL :: LLFIELDAPI
(   94) 
(   95) LLFIELDAPI = .FALSE.
(   96) IF (PRESENT (LDFIELDAPI)) THEN
(   97)   LLFIELDAPI = LDFIELDAPI
(   98) ENDIF
(   99) LLCREATED = .FALSE.
(  100) IF (PRESENT (LDCREATED)) THEN
(  101)   LLCREATED = LDCREATED
(  102) ENDIF
(  103) IF (.NOT. LLCREATED) THEN
(  104)   !$acc enter data create (YD)
(  105)   !$acc update device (YD)
(  106) ENDIF
(  107) 
(  108) 






NVFORTRAN (Version     24.5)          03/19/2025  06:54:39      page 3

(  109) 
(  110) 
(  111) 
(  112) 
(  113) 
(  114) 
(  115) 
(  116) 
(  117) 
(  118) 
(  119) 
(  120) END SUBROUTINE
(  121) 
(  122) SUBROUTINE HOST_TPHLC (YD)
(  123) 
(  124) IMPLICIT NONE
(  125) TYPE (TPHLC), TARGET :: YD
(  126) 
(  127) 
(  128) 
(  129) 
(  130) 
(  131) 
(  132) 
(  133) 
(  134) 
(  135) 
(  136) 
(  137) 
(  138) 
(  139) 
(  140) END SUBROUTINE
(  141) 
(  142)      
(  143) 
(  144) SUBROUTINE CRC64_TPHLC (YD, KLUN, CDPATH)
(  145) USE CRC64_INTRINSIC
(  146) 
(  147) IMPLICIT NONE
(  148) TYPE (TPHLC), TARGET :: YD
(  149) INTEGER, INTENT (IN) :: KLUN
(  150) CHARACTER(LEN=*), INTENT (IN) :: CDPATH
(  151) CHARACTER(LEN=128) :: CLIND
(  152) 
(  153) WRITE (KLUN, '(Z16.16," ",A)') CRC64 (YD%ALPHA), CDPATH//'%ALPHA'
(  154) 
(  155) WRITE (KLUN, '(Z16.16," ",A)') CRC64 (YD%AH0), CDPATH//'%AH0'
(  156) 
(  157) WRITE (KLUN, '(Z16.16," ",A)') CRC64 (YD%USTARL), CDPATH//'%USTARL'
(  158) 
(  159) WRITE (KLUN, '(Z16.16," ",A)') CRC64 (YD%USTARS), CDPATH//'%USTARS'
(  160) 
(  161) WRITE (KLUN, '(Z16.16," ",A)') CRC64 (YD%ALANDZ0), CDPATH//'%ALANDZ0'
(  162) 
(  163) WRITE (KLUN, '(Z16.16," ",A)') CRC64 (YD%ASEAZ0), CDPATH//'%ASEAZ0'
(  164) 
(  165) WRITE (KLUN, '(Z16.16," ",A)') CRC64 (YD%LSPHLC), CDPATH//'%LSPHLC'
(  166) 






NVFORTRAN (Version     24.5)          03/19/2025  06:54:39      page 4

(  167) WRITE (KLUN, '(Z16.16," ",A)') CRC64 (YD%LVDFLC), CDPATH//'%LVDFLC'
(  168) 
(  169) WRITE (KLUN, '(Z16.16," ",A)') CRC64 (YD%LSDRLC), CDPATH//'%LSDRLC'
(  170) 
(  171) WRITE (KLUN, '(Z16.16," ",A)') CRC64 (YD%LZMCON), CDPATH//'%LZMCON'
(  172) 
(  173) WRITE (KLUN, '(Z16.16," ",A)') CRC64 (YD%LKEXP), CDPATH//'%LKEXP'
(  174) 
(  175) WRITE (KLUN, '(Z16.16," ",A)') CRC64 (YD%LVDFDS), CDPATH//'%LVDFDS'
(  176) 
(  177) WRITE (KLUN, '(Z16.16," ",A)') CRC64 (YD%LSDRDS), CDPATH//'%LSDRDS'
(  178) 
(  179) END SUBROUTINE
(  180) 
(  181) SUBROUTINE WIPE_TPHLC (YD, LDDELETED, LDFIELDAPI)
(  182) 
(  183) IMPLICIT NONE
(  184) TYPE (TPHLC), INTENT (IN), TARGET :: YD
(  185) LOGICAL, OPTIONAL, INTENT (IN) :: LDDELETED, LDFIELDAPI
(  186) LOGICAL :: LLDELETED
(  187) LOGICAL :: LLFIELDAPI
(  188) 
(  189) LLFIELDAPI = .FALSE.
(  190) IF (PRESENT (LDFIELDAPI)) THEN
(  191)   LLFIELDAPI = LDFIELDAPI
(  192) ENDIF
(  193) 
(  194) 
(  195) 
(  196) 
(  197) 
(  198) 
(  199) 
(  200) 
(  201) 
(  202) 
(  203) 
(  204) 
(  205) 
(  206) LLDELETED = .FALSE.
(  207) IF (PRESENT (LDDELETED)) THEN
(  208)   LLDELETED = LDDELETED
(  209) ENDIF
(  210) IF (.NOT. LLDELETED) THEN
(  211)   !$acc exit data delete (YD)
(  212) ENDIF
(  213) END SUBROUTINE
(  214) 
(  215) INTEGER*8 FUNCTION SIZE_TPHLC (YD, CDPATH, LDPRINT) RESULT (KSIZE)
(  216) 
(  217) IMPLICIT NONE
(  218) TYPE (TPHLC),     INTENT (IN), TARGET :: YD
(  219) CHARACTER(LEN=*), INTENT (IN), OPTIONAL :: CDPATH
(  220) LOGICAL,          INTENT (IN), OPTIONAL :: LDPRINT
(  221) INTEGER*8 :: ISIZE, JSIZE
(  222) LOGICAL :: LLPRINT
(  223) CHARACTER(LEN=128) :: CLPATH
(  224) 






NVFORTRAN (Version     24.5)          03/19/2025  06:54:39      page 5

(  225) LLPRINT = .FALSE.
(  226) IF (PRESENT (LDPRINT)) THEN
(  227)   LLPRINT = LDPRINT
(  228) ENDIF
(  229) CLPATH=''
(  230) IF (PRESENT (CDPATH)) THEN
(  231)   CLPATH = CDPATH
(  232) ENDIF
(  233) KSIZE = 0
(  234) ISIZE = KIND (YD%ALPHA)
(  235) IF (LLPRINT) THEN
(  236)   WRITE (*, '(I10," ")', ADVANCE='NO') ISIZE
(  237)   WRITE (*, *) TRIM (CLPATH)//'%ALPHA'
(  238) ENDIF
(  239) KSIZE = KSIZE + ISIZE
(  240) ISIZE = KIND (YD%AH0)
(  241) IF (LLPRINT) THEN
(  242)   WRITE (*, '(I10," ")', ADVANCE='NO') ISIZE
(  243)   WRITE (*, *) TRIM (CLPATH)//'%AH0'
(  244) ENDIF
(  245) KSIZE = KSIZE + ISIZE
(  246) ISIZE = KIND (YD%USTARL)
(  247) IF (LLPRINT) THEN
(  248)   WRITE (*, '(I10," ")', ADVANCE='NO') ISIZE
(  249)   WRITE (*, *) TRIM (CLPATH)//'%USTARL'
(  250) ENDIF
(  251) KSIZE = KSIZE + ISIZE
(  252) ISIZE = KIND (YD%USTARS)
(  253) IF (LLPRINT) THEN
(  254)   WRITE (*, '(I10," ")', ADVANCE='NO') ISIZE
(  255)   WRITE (*, *) TRIM (CLPATH)//'%USTARS'
(  256) ENDIF
(  257) KSIZE = KSIZE + ISIZE
(  258) ISIZE = KIND (YD%ALANDZ0)
(  259) IF (LLPRINT) THEN
(  260)   WRITE (*, '(I10," ")', ADVANCE='NO') ISIZE
(  261)   WRITE (*, *) TRIM (CLPATH)//'%ALANDZ0'
(  262) ENDIF
(  263) KSIZE = KSIZE + ISIZE
(  264) ISIZE = KIND (YD%ASEAZ0)
(  265) IF (LLPRINT) THEN
(  266)   WRITE (*, '(I10," ")', ADVANCE='NO') ISIZE
(  267)   WRITE (*, *) TRIM (CLPATH)//'%ASEAZ0'
(  268) ENDIF
(  269) KSIZE = KSIZE + ISIZE
(  270) ISIZE = KIND (YD%LSPHLC)
(  271) IF (LLPRINT) THEN
(  272)   WRITE (*, '(I10," ")', ADVANCE='NO') ISIZE
(  273)   WRITE (*, *) TRIM (CLPATH)//'%LSPHLC'
(  274) ENDIF
(  275) KSIZE = KSIZE + ISIZE
(  276) ISIZE = KIND (YD%LVDFLC)
(  277) IF (LLPRINT) THEN
(  278)   WRITE (*, '(I10," ")', ADVANCE='NO') ISIZE
(  279)   WRITE (*, *) TRIM (CLPATH)//'%LVDFLC'
(  280) ENDIF
(  281) KSIZE = KSIZE + ISIZE
(  282) ISIZE = KIND (YD%LSDRLC)






NVFORTRAN (Version     24.5)          03/19/2025  06:54:39      page 6

(  283) IF (LLPRINT) THEN
(  284)   WRITE (*, '(I10," ")', ADVANCE='NO') ISIZE
(  285)   WRITE (*, *) TRIM (CLPATH)//'%LSDRLC'
(  286) ENDIF
(  287) KSIZE = KSIZE + ISIZE
(  288) ISIZE = KIND (YD%LZMCON)
(  289) IF (LLPRINT) THEN
(  290)   WRITE (*, '(I10," ")', ADVANCE='NO') ISIZE
(  291)   WRITE (*, *) TRIM (CLPATH)//'%LZMCON'
(  292) ENDIF
(  293) KSIZE = KSIZE + ISIZE
(  294) ISIZE = KIND (YD%LKEXP)
(  295) IF (LLPRINT) THEN
(  296)   WRITE (*, '(I10," ")', ADVANCE='NO') ISIZE
(  297)   WRITE (*, *) TRIM (CLPATH)//'%LKEXP'
(  298) ENDIF
(  299) KSIZE = KSIZE + ISIZE
(  300) ISIZE = KIND (YD%LVDFDS)
(  301) IF (LLPRINT) THEN
(  302)   WRITE (*, '(I10," ")', ADVANCE='NO') ISIZE
(  303)   WRITE (*, *) TRIM (CLPATH)//'%LVDFDS'
(  304) ENDIF
(  305) KSIZE = KSIZE + ISIZE
(  306) ISIZE = KIND (YD%LSDRDS)
(  307) IF (LLPRINT) THEN
(  308)   WRITE (*, '(I10," ")', ADVANCE='NO') ISIZE
(  309)   WRITE (*, *) TRIM (CLPATH)//'%LSDRDS'
(  310) ENDIF
(  311) KSIZE = KSIZE + ISIZE
(  312) END FUNCTION
(  313) 
(  314) END MODULE
































NVFORTRAN (Version     24.5)          03/19/2025  06:54:39      page 7

(    1) # 1 "./util_tphlc_mod.F90"
(    1) MODULE UTIL_TPHLC_MOD
(    2) # 3 "./util_tphlc_mod.F90"
(    3) USE YOPHLC, ONLY : TPHLC
(    4) # 5 "./util_tphlc_mod.F90"
(    5) INTERFACE SAVE
(    6) MODULE PROCEDURE SAVE_TPHLC
(    7) END INTERFACE
(    8) # 9 "./util_tphlc_mod.F90"
(    9) INTERFACE LOAD
(   10) MODULE PROCEDURE LOAD_TPHLC
(   11) END INTERFACE
(   12) # 13 "./util_tphlc_mod.F90"
(   13) INTERFACE COPY
(   14) MODULE PROCEDURE COPY_TPHLC
(   15) END INTERFACE
(   16) # 17 "./util_tphlc_mod.F90"
(   17) INTERFACE HOST
(   18) MODULE PROCEDURE HOST_TPHLC
(   19) END INTERFACE
(   20) # 21 "./util_tphlc_mod.F90"
(   21)      
(   22) INTERFACE CRC64
(   23) MODULE PROCEDURE CRC64_TPHLC
(   24) END INTERFACE
(   25) # 26 "./util_tphlc_mod.F90"
(   26) INTERFACE WIPE
(   27) MODULE PROCEDURE WIPE_TPHLC
(   28) END INTERFACE
(   29) # 30 "./util_tphlc_mod.F90"
(   30) INTERFACE SIZE
(   31) MODULE PROCEDURE SIZE_TPHLC
(   32) END INTERFACE
(   33) # 35 "./util_tphlc_mod.F90"
(   35) CONTAINS
(   36) # 37 "./util_tphlc_mod.F90"
(   37) SUBROUTINE SAVE_TPHLC (KLUN, YD)
(   38) # 39 "./util_tphlc_mod.F90"
(   39) IMPLICIT NONE
(   40) INTEGER, INTENT (IN) :: KLUN
(   41) TYPE (TPHLC), INTENT (IN), TARGET :: YD
(   42) # 43 "./util_tphlc_mod.F90"
(   43) WRITE (KLUN) YD%ALPHA
(   44) WRITE (KLUN) YD%AH0
(   45) WRITE (KLUN) YD%USTARL
(   46) WRITE (KLUN) YD%USTARS
(   47) WRITE (KLUN) YD%ALANDZ0
(   48) WRITE (KLUN) YD%ASEAZ0
(   49) WRITE (KLUN) YD%LSPHLC
(   50) WRITE (KLUN) YD%LVDFLC
(   51) WRITE (KLUN) YD%LSDRLC
(   52) WRITE (KLUN) YD%LZMCON
(   53) WRITE (KLUN) YD%LKEXP
(   54) WRITE (KLUN) YD%LVDFDS
(   55) WRITE (KLUN) YD%LSDRDS
(   56) END SUBROUTINE
(   57) # 58 "./util_tphlc_mod.F90"
(   58) SUBROUTINE LOAD_TPHLC (KLUN, YD)






NVFORTRAN (Version     24.5)          03/19/2025  06:54:39      page 8

(   59) USE PARKIND1, ONLY : JPRD
(   60) # 61 "./util_tphlc_mod.F90"
(   61) IMPLICIT NONE
(   62) INTEGER, INTENT (IN) :: KLUN
(   63) TYPE (TPHLC), INTENT (OUT), TARGET :: YD
(   64) REAL(KIND=JPRD) :: ZTMP0
(   65) READ (KLUN) ZTMP0
(   66) YD%ALPHA = ZTMP0
(   67) READ (KLUN) ZTMP0
(   68) YD%AH0 = ZTMP0
(   69) READ (KLUN) ZTMP0
(   70) YD%USTARL = ZTMP0
(   71) READ (KLUN) ZTMP0
(   72) YD%USTARS = ZTMP0
(   73) READ (KLUN) ZTMP0
(   74) YD%ALANDZ0 = ZTMP0
(   75) READ (KLUN) ZTMP0
(   76) YD%ASEAZ0 = ZTMP0
(   77) READ (KLUN) YD%LSPHLC
(   78) READ (KLUN) YD%LVDFLC
(   79) READ (KLUN) YD%LSDRLC
(   80) READ (KLUN) YD%LZMCON
(   81) READ (KLUN) YD%LKEXP
(   82) READ (KLUN) YD%LVDFDS
(   83) READ (KLUN) YD%LSDRDS
(   84) END SUBROUTINE
(   85) # 87 "./util_tphlc_mod.F90"
(   87) SUBROUTINE COPY_TPHLC (YD, LDCREATED, LDFIELDAPI)
(   88) # 89 "./util_tphlc_mod.F90"
(   89) IMPLICIT NONE
(   90) TYPE (TPHLC), INTENT (IN), TARGET :: YD
(   91) LOGICAL, OPTIONAL, INTENT (IN) :: LDCREATED, LDFIELDAPI
(   92) LOGICAL :: LLCREATED
(   93) LOGICAL :: LLFIELDAPI
(   94) # 95 "./util_tphlc_mod.F90"
(   95) LLFIELDAPI = .FALSE.
(   96) IF (PRESENT (LDFIELDAPI)) THEN
(   97)   LLFIELDAPI = LDFIELDAPI
(   98) ENDIF
(   99) LLCREATED = .FALSE.
(  100) IF (PRESENT (LDCREATED)) THEN
(  101)   LLCREATED = LDCREATED
(  102) ENDIF
(  103) IF (.NOT. LLCREATED) THEN
(  104)   !$acc enter data create (YD)
(  105)   !$acc update device (YD)
(  106) ENDIF
(  107) # 120 "./util_tphlc_mod.F90"
(  120) END SUBROUTINE
(  121) # 122 "./util_tphlc_mod.F90"
(  122) SUBROUTINE HOST_TPHLC (YD)
(  123) # 124 "./util_tphlc_mod.F90"
(  124) IMPLICIT NONE
(  125) TYPE (TPHLC), TARGET :: YD
(  126) # 140 "./util_tphlc_mod.F90"
(  140) END SUBROUTINE
(  141) # 142 "./util_tphlc_mod.F90"
(  142)      






NVFORTRAN (Version     24.5)          03/19/2025  06:54:39      page 9

(  143) # 144 "./util_tphlc_mod.F90"
(  144) SUBROUTINE CRC64_TPHLC (YD, KLUN, CDPATH)
(  145) USE CRC64_INTRINSIC
(  146) # 147 "./util_tphlc_mod.F90"
(  147) IMPLICIT NONE
(  148) TYPE (TPHLC), TARGET :: YD
(  149) INTEGER, INTENT (IN) :: KLUN
(  150) CHARACTER(LEN=*), INTENT (IN) :: CDPATH
(  151) CHARACTER(LEN=128) :: CLIND
(  152) # 153 "./util_tphlc_mod.F90"
(  153) WRITE (KLUN, '(Z16.16," ",A)') CRC64 (YD%ALPHA), CDPATH//'%ALPHA'
(  154) # 155 "./util_tphlc_mod.F90"
(  155) WRITE (KLUN, '(Z16.16," ",A)') CRC64 (YD%AH0), CDPATH//'%AH0'
(  156) # 157 "./util_tphlc_mod.F90"
(  157) WRITE (KLUN, '(Z16.16," ",A)') CRC64 (YD%USTARL), CDPATH//'%USTARL'
(  158) # 159 "./util_tphlc_mod.F90"
(  159) WRITE (KLUN, '(Z16.16," ",A)') CRC64 (YD%USTARS), CDPATH//'%USTARS'
(  160) # 161 "./util_tphlc_mod.F90"
(  161) WRITE (KLUN, '(Z16.16," ",A)') CRC64 (YD%ALANDZ0), CDPATH//'%ALANDZ0'
(  162) # 163 "./util_tphlc_mod.F90"
(  163) WRITE (KLUN, '(Z16.16," ",A)') CRC64 (YD%ASEAZ0), CDPATH//'%ASEAZ0'
(  164) # 165 "./util_tphlc_mod.F90"
(  165) WRITE (KLUN, '(Z16.16," ",A)') CRC64 (YD%LSPHLC), CDPATH//'%LSPHLC'
(  166) # 167 "./util_tphlc_mod.F90"
(  167) WRITE (KLUN, '(Z16.16," ",A)') CRC64 (YD%LVDFLC), CDPATH//'%LVDFLC'
(  168) # 169 "./util_tphlc_mod.F90"
(  169) WRITE (KLUN, '(Z16.16," ",A)') CRC64 (YD%LSDRLC), CDPATH//'%LSDRLC'
(  170) # 171 "./util_tphlc_mod.F90"
(  171) WRITE (KLUN, '(Z16.16," ",A)') CRC64 (YD%LZMCON), CDPATH//'%LZMCON'
(  172) # 173 "./util_tphlc_mod.F90"
(  173) WRITE (KLUN, '(Z16.16," ",A)') CRC64 (YD%LKEXP), CDPATH//'%LKEXP'
(  174) # 175 "./util_tphlc_mod.F90"
(  175) WRITE (KLUN, '(Z16.16," ",A)') CRC64 (YD%LVDFDS), CDPATH//'%LVDFDS'
(  176) # 177 "./util_tphlc_mod.F90"
(  177) WRITE (KLUN, '(Z16.16," ",A)') CRC64 (YD%LSDRDS), CDPATH//'%LSDRDS'
(  178) # 179 "./util_tphlc_mod.F90"
(  179) END SUBROUTINE
(  180) # 181 "./util_tphlc_mod.F90"
(  181) SUBROUTINE WIPE_TPHLC (YD, LDDELETED, LDFIELDAPI)
(  182) # 183 "./util_tphlc_mod.F90"
(  183) IMPLICIT NONE
(  184) TYPE (TPHLC), INTENT (IN), TARGET :: YD
(  185) LOGICAL, OPTIONAL, INTENT (IN) :: LDDELETED, LDFIELDAPI
(  186) LOGICAL :: LLDELETED
(  187) LOGICAL :: LLFIELDAPI
(  188) # 189 "./util_tphlc_mod.F90"
(  189) LLFIELDAPI = .FALSE.
(  190) IF (PRESENT (LDFIELDAPI)) THEN
(  191)   LLFIELDAPI = LDFIELDAPI
(  192) ENDIF
(  193) # 206 "./util_tphlc_mod.F90"
(  206) LLDELETED = .FALSE.
(  207) IF (PRESENT (LDDELETED)) THEN
(  208)   LLDELETED = LDDELETED
(  209) ENDIF
(  210) IF (.NOT. LLDELETED) THEN
(  211)   !$acc exit data delete (YD)
(  212) ENDIF






NVFORTRAN (Version     24.5)          03/19/2025  06:54:39      page 10

(  213) END SUBROUTINE
(  214) # 215 "./util_tphlc_mod.F90"
(  215) INTEGER*8 FUNCTION SIZE_TPHLC (YD, CDPATH, LDPRINT) RESULT (KSIZE)
(  216) # 217 "./util_tphlc_mod.F90"
(  217) IMPLICIT NONE
(  218) TYPE (TPHLC),     INTENT (IN), TARGET :: YD
(  219) CHARACTER(LEN=*), INTENT (IN), OPTIONAL :: CDPATH
(  220) LOGICAL,          INTENT (IN), OPTIONAL :: LDPRINT
(  221) INTEGER*8 :: ISIZE, JSIZE
(  222) LOGICAL :: LLPRINT
(  223) CHARACTER(LEN=128) :: CLPATH
(  224) # 225 "./util_tphlc_mod.F90"
(  225) LLPRINT = .FALSE.
(  226) IF (PRESENT (LDPRINT)) THEN
(  227)   LLPRINT = LDPRINT
(  228) ENDIF
(  229) CLPATH=''
(  230) IF (PRESENT (CDPATH)) THEN
(  231)   CLPATH = CDPATH
(  232) ENDIF
(  233) KSIZE = 0
(  234) ISIZE = KIND (YD%ALPHA)
(  235) IF (LLPRINT) THEN
(  236)   WRITE (*, '(I10," ")', ADVANCE='NO') ISIZE
(  237)   WRITE (*, *) TRIM (CLPATH)//'%ALPHA'
(  238) ENDIF
(  239) KSIZE = KSIZE + ISIZE
(  240) ISIZE = KIND (YD%AH0)
(  241) IF (LLPRINT) THEN
(  242)   WRITE (*, '(I10," ")', ADVANCE='NO') ISIZE
(  243)   WRITE (*, *) TRIM (CLPATH)//'%AH0'
(  244) ENDIF
(  245) KSIZE = KSIZE + ISIZE
(  246) ISIZE = KIND (YD%USTARL)
(  247) IF (LLPRINT) THEN
(  248)   WRITE (*, '(I10," ")', ADVANCE='NO') ISIZE
(  249)   WRITE (*, *) TRIM (CLPATH)//'%USTARL'
(  250) ENDIF
(  251) KSIZE = KSIZE + ISIZE
(  252) ISIZE = KIND (YD%USTARS)
(  253) IF (LLPRINT) THEN
(  254)   WRITE (*, '(I10," ")', ADVANCE='NO') ISIZE
(  255)   WRITE (*, *) TRIM (CLPATH)//'%USTARS'
(  256) ENDIF
(  257) KSIZE = KSIZE + ISIZE
(  258) ISIZE = KIND (YD%ALANDZ0)
(  259) IF (LLPRINT) THEN
(  260)   WRITE (*, '(I10," ")', ADVANCE='NO') ISIZE
(  261)   WRITE (*, *) TRIM (CLPATH)//'%ALANDZ0'
(  262) ENDIF
(  263) KSIZE = KSIZE + ISIZE
(  264) ISIZE = KIND (YD%ASEAZ0)
(  265) IF (LLPRINT) THEN
(  266)   WRITE (*, '(I10," ")', ADVANCE='NO') ISIZE
(  267)   WRITE (*, *) TRIM (CLPATH)//'%ASEAZ0'
(  268) ENDIF
(  269) KSIZE = KSIZE + ISIZE
(  270) ISIZE = KIND (YD%LSPHLC)






NVFORTRAN (Version     24.5)          03/19/2025  06:54:39      page 11

(  271) IF (LLPRINT) THEN
(  272)   WRITE (*, '(I10," ")', ADVANCE='NO') ISIZE
(  273)   WRITE (*, *) TRIM (CLPATH)//'%LSPHLC'
(  274) ENDIF
(  275) KSIZE = KSIZE + ISIZE
(  276) ISIZE = KIND (YD%LVDFLC)
(  277) IF (LLPRINT) THEN
(  278)   WRITE (*, '(I10," ")', ADVANCE='NO') ISIZE
(  279)   WRITE (*, *) TRIM (CLPATH)//'%LVDFLC'
(  280) ENDIF
(  281) KSIZE = KSIZE + ISIZE
(  282) ISIZE = KIND (YD%LSDRLC)
(  283) IF (LLPRINT) THEN
(  284)   WRITE (*, '(I10," ")', ADVANCE='NO') ISIZE
(  285)   WRITE (*, *) TRIM (CLPATH)//'%LSDRLC'
(  286) ENDIF
(  287) KSIZE = KSIZE + ISIZE
(  288) ISIZE = KIND (YD%LZMCON)
(  289) IF (LLPRINT) THEN
(  290)   WRITE (*, '(I10," ")', ADVANCE='NO') ISIZE
(  291)   WRITE (*, *) TRIM (CLPATH)//'%LZMCON'
(  292) ENDIF
(  293) KSIZE = KSIZE + ISIZE
(  294) ISIZE = KIND (YD%LKEXP)
(  295) IF (LLPRINT) THEN
(  296)   WRITE (*, '(I10," ")', ADVANCE='NO') ISIZE
(  297)   WRITE (*, *) TRIM (CLPATH)//'%LKEXP'
(  298) ENDIF
(  299) KSIZE = KSIZE + ISIZE
(  300) ISIZE = KIND (YD%LVDFDS)
(  301) IF (LLPRINT) THEN
(  302)   WRITE (*, '(I10," ")', ADVANCE='NO') ISIZE
(  303)   WRITE (*, *) TRIM (CLPATH)//'%LVDFDS'
(  304) ENDIF
(  305) KSIZE = KSIZE + ISIZE
(  306) ISIZE = KIND (YD%LSDRDS)
(  307) IF (LLPRINT) THEN
(  308)   WRITE (*, '(I10," ")', ADVANCE='NO') ISIZE
(  309)   WRITE (*, *) TRIM (CLPATH)//'%LSDRDS'
(  310) ENDIF
(  311) KSIZE = KSIZE + ISIZE
(  312) END FUNCTION
(  313) # 314 "./util_tphlc_mod.F90"
(  314) END MODULE
