


NVFORTRAN (Version     24.5)          03/19/2025  06:54:32      page 1

Switches: -noasm -nodclchk -debug -nodlines -line -list
          -idir /opt/softs/gcc/9.2.0/hpc_sdk/Linux_x86_64/24.5/comm_libs/12.4/hpcx/hpcx-2.19/ompi/include
          -idir /opt/softs/gcc/9.2.0/hpc_sdk/Linux_x86_64/24.5/comm_libs/12.4/hpcx/hpcx-2.19/ompi/lib
          -inform severe -opt 1 -nosave -object -noonetrip
          -depchk on -nostandard     
          -symbol -noupcase    

Filename: ./util_tecumf_mod.F90

(    1) MODULE UTIL_TECUMF_MOD
(    2) 
(    3) USE YOECUMF, ONLY : TECUMF
(    4) 
(    5) INTERFACE SAVE
(    6) MODULE PROCEDURE SAVE_TECUMF
(    7) END INTERFACE
(    8) 
(    9) INTERFACE LOAD
(   10) MODULE PROCEDURE LOAD_TECUMF
(   11) END INTERFACE
(   12) 
(   13) INTERFACE COPY
(   14) MODULE PROCEDURE COPY_TECUMF
(   15) END INTERFACE
(   16) 
(   17) INTERFACE HOST
(   18) MODULE PROCEDURE HOST_TECUMF
(   19) END INTERFACE
(   20) 
(   21)      
(   22) INTERFACE CRC64
(   23) MODULE PROCEDURE CRC64_TECUMF
(   24) END INTERFACE
(   25) 
(   26) INTERFACE WIPE
(   27) MODULE PROCEDURE WIPE_TECUMF
(   28) END INTERFACE
(   29) 
(   30) INTERFACE SIZE
(   31) MODULE PROCEDURE SIZE_TECUMF
(   32) END INTERFACE
(   33) 
(   34) 
(   35) CONTAINS
(   36) 
(   37) SUBROUTINE SAVE_TECUMF (KLUN, YD)
(   38) 
(   39) IMPLICIT NONE
(   40) INTEGER, INTENT (IN) :: KLUN
(   41) TYPE (TECUMF), INTENT (IN), TARGET :: YD
(   42) 
(   43) WRITE (KLUN) YD%ENTRORG
(   44) WRITE (KLUN) YD%ENTRTEST
(   45) WRITE (KLUN) YD%ENTR_RH
(   46) WRITE (KLUN) YD%ENTSHALP
(   47) WRITE (KLUN) YD%ENTSTPC1
(   48) WRITE (KLUN) YD%ENTSTPC2
(   49) WRITE (KLUN) YD%ENTSTPC3
(   50) WRITE (KLUN) YD%ENTRDD






NVFORTRAN (Version     24.5)          03/19/2025  06:54:32      page 2

(   51) WRITE (KLUN) YD%DETRPEN
(   52) WRITE (KLUN) YD%RMFCFL
(   53) WRITE (KLUN) YD%RMFLIA
(   54) WRITE (KLUN) YD%RMFSOLUV
(   55) WRITE (KLUN) YD%RMFSOLTQ
(   56) WRITE (KLUN) YD%RMFSOLCT
(   57) WRITE (KLUN) YD%RMFSOLRHS
(   58) WRITE (KLUN) YD%RMFADVW
(   59) WRITE (KLUN) YD%RMFADVWDD
(   60) WRITE (KLUN) YD%RMFCMIN
(   61) WRITE (KLUN) YD%RMFDEPS
(   62) WRITE (KLUN) YD%RDEPTHS
(   63) WRITE (KLUN) YD%RPRCON
(   64) WRITE (KLUN) YD%RTAUA
(   65) WRITE (KLUN) YD%RCAPDCYCL
(   66) WRITE (KLUN) YD%RTAU0
(   67) WRITE (KLUN) YD%RCAPQADV
(   68) WRITE (KLUN) YD%RMINCAPE
(   69) WRITE (KLUN) YD%RCPECONS
(   70) WRITE (KLUN) YD%RCVRFACTOR
(   71) WRITE (KLUN) YD%RCUCOV
(   72) WRITE (KLUN) YD%RTAUMEL
(   73) WRITE (KLUN) YD%RHEBC
(   74) WRITE (KLUN) YD%RUVPER
(   75) WRITE (KLUN) YD%RBASE0
(   76) WRITE (KLUN) YD%RMINCIN
(   77) WRITE (KLUN) YD%RXMIN
(   78) WRITE (KLUN) YD%RTAULIM
(   79) WRITE (KLUN) YD%RTAUFAC
(   80) WRITE (KLUN) YD%RDXMIN
(   81) WRITE (KLUN) YD%RDXMAX
(   82) WRITE (KLUN) YD%LMFPEN
(   83) WRITE (KLUN) YD%LMFSCV
(   84) WRITE (KLUN) YD%LMFMID
(   85) WRITE (KLUN) YD%LMFDD
(   86) WRITE (KLUN) YD%LMFDUDV
(   87) WRITE (KLUN) YD%LMFDSNOW
(   88) WRITE (KLUN) YD%LMFWETB
(   89) WRITE (KLUN) YD%LMFGLAC
(   90) WRITE (KLUN) YD%LSCVLIQ
(   91) WRITE (KLUN) YD%LNEWTAU
(   92) WRITE (KLUN) YD%LMFENTHCONS
(   93) WRITE (KLUN) YD%LMFUVDIS
(   94) WRITE (KLUN) YD%LMFSMOOTH
(   95) WRITE (KLUN) YD%LMFWSTAR
(   96) WRITE (KLUN) YD%LMFCUCA
(   97) WRITE (KLUN) YD%LMFPROFP
(   98) WRITE (KLUN) YD%NJKT1
(   99) WRITE (KLUN) YD%NJKT2
(  100) WRITE (KLUN) YD%NJKT3
(  101) WRITE (KLUN) YD%NJKT4
(  102) WRITE (KLUN) YD%NJKT5
(  103) WRITE (KLUN) YD%NJKT6
(  104) WRITE (KLUN) YD%NJKT7
(  105) WRITE (KLUN) YD%NJKT8
(  106) END SUBROUTINE
(  107) 
(  108) SUBROUTINE LOAD_TECUMF (KLUN, YD)






NVFORTRAN (Version     24.5)          03/19/2025  06:54:32      page 3

(  109) USE PARKIND1, ONLY : JPRD
(  110) 
(  111) IMPLICIT NONE
(  112) INTEGER, INTENT (IN) :: KLUN
(  113) TYPE (TECUMF), INTENT (OUT), TARGET :: YD
(  114) REAL(KIND=JPRD) :: ZTMP0
(  115) READ (KLUN) ZTMP0
(  116) YD%ENTRORG = ZTMP0
(  117) READ (KLUN) ZTMP0
(  118) YD%ENTRTEST = ZTMP0
(  119) READ (KLUN) ZTMP0
(  120) YD%ENTR_RH = ZTMP0
(  121) READ (KLUN) ZTMP0
(  122) YD%ENTSHALP = ZTMP0
(  123) READ (KLUN) ZTMP0
(  124) YD%ENTSTPC1 = ZTMP0
(  125) READ (KLUN) ZTMP0
(  126) YD%ENTSTPC2 = ZTMP0
(  127) READ (KLUN) ZTMP0
(  128) YD%ENTSTPC3 = ZTMP0
(  129) READ (KLUN) ZTMP0
(  130) YD%ENTRDD = ZTMP0
(  131) READ (KLUN) ZTMP0
(  132) YD%DETRPEN = ZTMP0
(  133) READ (KLUN) ZTMP0
(  134) YD%RMFCFL = ZTMP0
(  135) READ (KLUN) ZTMP0
(  136) YD%RMFLIA = ZTMP0
(  137) READ (KLUN) ZTMP0
(  138) YD%RMFSOLUV = ZTMP0
(  139) READ (KLUN) ZTMP0
(  140) YD%RMFSOLTQ = ZTMP0
(  141) READ (KLUN) ZTMP0
(  142) YD%RMFSOLCT = ZTMP0
(  143) READ (KLUN) ZTMP0
(  144) YD%RMFSOLRHS = ZTMP0
(  145) READ (KLUN) ZTMP0
(  146) YD%RMFADVW = ZTMP0
(  147) READ (KLUN) ZTMP0
(  148) YD%RMFADVWDD = ZTMP0
(  149) READ (KLUN) ZTMP0
(  150) YD%RMFCMIN = ZTMP0
(  151) READ (KLUN) ZTMP0
(  152) YD%RMFDEPS = ZTMP0
(  153) READ (KLUN) ZTMP0
(  154) YD%RDEPTHS = ZTMP0
(  155) READ (KLUN) ZTMP0
(  156) YD%RPRCON = ZTMP0
(  157) READ (KLUN) ZTMP0
(  158) YD%RTAUA = ZTMP0
(  159) READ (KLUN) ZTMP0
(  160) YD%RCAPDCYCL = ZTMP0
(  161) READ (KLUN) ZTMP0
(  162) YD%RTAU0 = ZTMP0
(  163) READ (KLUN) ZTMP0
(  164) YD%RCAPQADV = ZTMP0
(  165) READ (KLUN) ZTMP0
(  166) YD%RMINCAPE = ZTMP0






NVFORTRAN (Version     24.5)          03/19/2025  06:54:32      page 4

(  167) READ (KLUN) ZTMP0
(  168) YD%RCPECONS = ZTMP0
(  169) READ (KLUN) ZTMP0
(  170) YD%RCVRFACTOR = ZTMP0
(  171) READ (KLUN) ZTMP0
(  172) YD%RCUCOV = ZTMP0
(  173) READ (KLUN) ZTMP0
(  174) YD%RTAUMEL = ZTMP0
(  175) READ (KLUN) ZTMP0
(  176) YD%RHEBC = ZTMP0
(  177) READ (KLUN) ZTMP0
(  178) YD%RUVPER = ZTMP0
(  179) READ (KLUN) ZTMP0
(  180) YD%RBASE0 = ZTMP0
(  181) READ (KLUN) ZTMP0
(  182) YD%RMINCIN = ZTMP0
(  183) READ (KLUN) ZTMP0
(  184) YD%RXMIN = ZTMP0
(  185) READ (KLUN) ZTMP0
(  186) YD%RTAULIM = ZTMP0
(  187) READ (KLUN) ZTMP0
(  188) YD%RTAUFAC = ZTMP0
(  189) READ (KLUN) ZTMP0
(  190) YD%RDXMIN = ZTMP0
(  191) READ (KLUN) ZTMP0
(  192) YD%RDXMAX = ZTMP0
(  193) READ (KLUN) YD%LMFPEN
(  194) READ (KLUN) YD%LMFSCV
(  195) READ (KLUN) YD%LMFMID
(  196) READ (KLUN) YD%LMFDD
(  197) READ (KLUN) YD%LMFDUDV
(  198) READ (KLUN) YD%LMFDSNOW
(  199) READ (KLUN) YD%LMFWETB
(  200) READ (KLUN) YD%LMFGLAC
(  201) READ (KLUN) YD%LSCVLIQ
(  202) READ (KLUN) YD%LNEWTAU
(  203) READ (KLUN) YD%LMFENTHCONS
(  204) READ (KLUN) YD%LMFUVDIS
(  205) READ (KLUN) YD%LMFSMOOTH
(  206) READ (KLUN) YD%LMFWSTAR
(  207) READ (KLUN) YD%LMFCUCA
(  208) READ (KLUN) YD%LMFPROFP
(  209) READ (KLUN) YD%NJKT1
(  210) READ (KLUN) YD%NJKT2
(  211) READ (KLUN) YD%NJKT3
(  212) READ (KLUN) YD%NJKT4
(  213) READ (KLUN) YD%NJKT5
(  214) READ (KLUN) YD%NJKT6
(  215) READ (KLUN) YD%NJKT7
(  216) READ (KLUN) YD%NJKT8
(  217) END SUBROUTINE
(  218) 
(  219) 
(  220) SUBROUTINE COPY_TECUMF (YD, LDCREATED, LDFIELDAPI)
(  221) 
(  222) IMPLICIT NONE
(  223) TYPE (TECUMF), INTENT (IN), TARGET :: YD
(  224) LOGICAL, OPTIONAL, INTENT (IN) :: LDCREATED, LDFIELDAPI






NVFORTRAN (Version     24.5)          03/19/2025  06:54:32      page 5

(  225) LOGICAL :: LLCREATED
(  226) LOGICAL :: LLFIELDAPI
(  227) 
(  228) LLFIELDAPI = .FALSE.
(  229) IF (PRESENT (LDFIELDAPI)) THEN
(  230)   LLFIELDAPI = LDFIELDAPI
(  231) ENDIF
(  232) LLCREATED = .FALSE.
(  233) IF (PRESENT (LDCREATED)) THEN
(  234)   LLCREATED = LDCREATED
(  235) ENDIF
(  236) IF (.NOT. LLCREATED) THEN
(  237)   !$acc enter data create (YD)
(  238)   !$acc update device (YD)
(  239) ENDIF
(  240) 
(  241) 
(  242) 
(  243) 
(  244) 
(  245) 
(  246) 
(  247) 
(  248) 
(  249) 
(  250) 
(  251) 
(  252) 
(  253) 
(  254) 
(  255) 
(  256) 
(  257) 
(  258) 
(  259) 
(  260) 
(  261) 
(  262) 
(  263) 
(  264) 
(  265) 
(  266) 
(  267) 
(  268) 
(  269) 
(  270) 
(  271) 
(  272) 
(  273) 
(  274) 
(  275) 
(  276) 
(  277) 
(  278) 
(  279) 
(  280) 
(  281) 
(  282) 






NVFORTRAN (Version     24.5)          03/19/2025  06:54:32      page 6

(  283) 
(  284) 
(  285) 
(  286) 
(  287) 
(  288) 
(  289) 
(  290) 
(  291) 
(  292) 
(  293) 
(  294) 
(  295) 
(  296) 
(  297) 
(  298) 
(  299) 
(  300) 
(  301) 
(  302) 
(  303) END SUBROUTINE
(  304) 
(  305) SUBROUTINE HOST_TECUMF (YD)
(  306) 
(  307) IMPLICIT NONE
(  308) TYPE (TECUMF), TARGET :: YD
(  309) 
(  310) 
(  311) 
(  312) 
(  313) 
(  314) 
(  315) 
(  316) 
(  317) 
(  318) 
(  319) 
(  320) 
(  321) 
(  322) 
(  323) 
(  324) 
(  325) 
(  326) 
(  327) 
(  328) 
(  329) 
(  330) 
(  331) 
(  332) 
(  333) 
(  334) 
(  335) 
(  336) 
(  337) 
(  338) 
(  339) 
(  340) 






NVFORTRAN (Version     24.5)          03/19/2025  06:54:32      page 7

(  341) 
(  342) 
(  343) 
(  344) 
(  345) 
(  346) 
(  347) 
(  348) 
(  349) 
(  350) 
(  351) 
(  352) 
(  353) 
(  354) 
(  355) 
(  356) 
(  357) 
(  358) 
(  359) 
(  360) 
(  361) 
(  362) 
(  363) 
(  364) 
(  365) 
(  366) 
(  367) 
(  368) 
(  369) 
(  370) 
(  371) 
(  372) 
(  373) END SUBROUTINE
(  374) 
(  375)      
(  376) 
(  377) SUBROUTINE CRC64_TECUMF (YD, KLUN, CDPATH)
(  378) USE CRC64_INTRINSIC
(  379) 
(  380) IMPLICIT NONE
(  381) TYPE (TECUMF), TARGET :: YD
(  382) INTEGER, INTENT (IN) :: KLUN
(  383) CHARACTER(LEN=*), INTENT (IN) :: CDPATH
(  384) CHARACTER(LEN=128) :: CLIND
(  385) 
(  386) WRITE (KLUN, '(Z16.16," ",A)') CRC64 (YD%ENTRORG), CDPATH//'%ENTRORG'
(  387) 
(  388) WRITE (KLUN, '(Z16.16," ",A)') CRC64 (YD%ENTRTEST), CDPATH//'%ENTRTEST'
(  389) 
(  390) WRITE (KLUN, '(Z16.16," ",A)') CRC64 (YD%ENTR_RH), CDPATH//'%ENTR_RH'
(  391) 
(  392) WRITE (KLUN, '(Z16.16," ",A)') CRC64 (YD%ENTSHALP), CDPATH//'%ENTSHALP'
(  393) 
(  394) WRITE (KLUN, '(Z16.16," ",A)') CRC64 (YD%ENTSTPC1), CDPATH//'%ENTSTPC1'
(  395) 
(  396) WRITE (KLUN, '(Z16.16," ",A)') CRC64 (YD%ENTSTPC2), CDPATH//'%ENTSTPC2'
(  397) 
(  398) WRITE (KLUN, '(Z16.16," ",A)') CRC64 (YD%ENTSTPC3), CDPATH//'%ENTSTPC3'






NVFORTRAN (Version     24.5)          03/19/2025  06:54:32      page 8

(  399) 
(  400) WRITE (KLUN, '(Z16.16," ",A)') CRC64 (YD%ENTRDD), CDPATH//'%ENTRDD'
(  401) 
(  402) WRITE (KLUN, '(Z16.16," ",A)') CRC64 (YD%DETRPEN), CDPATH//'%DETRPEN'
(  403) 
(  404) WRITE (KLUN, '(Z16.16," ",A)') CRC64 (YD%RMFCFL), CDPATH//'%RMFCFL'
(  405) 
(  406) WRITE (KLUN, '(Z16.16," ",A)') CRC64 (YD%RMFLIA), CDPATH//'%RMFLIA'
(  407) 
(  408) WRITE (KLUN, '(Z16.16," ",A)') CRC64 (YD%RMFSOLUV), CDPATH//'%RMFSOLUV'
(  409) 
(  410) WRITE (KLUN, '(Z16.16," ",A)') CRC64 (YD%RMFSOLTQ), CDPATH//'%RMFSOLTQ'
(  411) 
(  412) WRITE (KLUN, '(Z16.16," ",A)') CRC64 (YD%RMFSOLCT), CDPATH//'%RMFSOLCT'
(  413) 
(  414) WRITE (KLUN, '(Z16.16," ",A)') CRC64 (YD%RMFSOLRHS), CDPATH//'%RMFSOLRHS'
(  415) 
(  416) WRITE (KLUN, '(Z16.16," ",A)') CRC64 (YD%RMFADVW), CDPATH//'%RMFADVW'
(  417) 
(  418) WRITE (KLUN, '(Z16.16," ",A)') CRC64 (YD%RMFADVWDD), CDPATH//'%RMFADVWDD'
(  419) 
(  420) WRITE (KLUN, '(Z16.16," ",A)') CRC64 (YD%RMFCMIN), CDPATH//'%RMFCMIN'
(  421) 
(  422) WRITE (KLUN, '(Z16.16," ",A)') CRC64 (YD%RMFDEPS), CDPATH//'%RMFDEPS'
(  423) 
(  424) WRITE (KLUN, '(Z16.16," ",A)') CRC64 (YD%RDEPTHS), CDPATH//'%RDEPTHS'
(  425) 
(  426) WRITE (KLUN, '(Z16.16," ",A)') CRC64 (YD%RPRCON), CDPATH//'%RPRCON'
(  427) 
(  428) WRITE (KLUN, '(Z16.16," ",A)') CRC64 (YD%RTAUA), CDPATH//'%RTAUA'
(  429) 
(  430) WRITE (KLUN, '(Z16.16," ",A)') CRC64 (YD%RCAPDCYCL), CDPATH//'%RCAPDCYCL'
(  431) 
(  432) WRITE (KLUN, '(Z16.16," ",A)') CRC64 (YD%RTAU0), CDPATH//'%RTAU0'
(  433) 
(  434) WRITE (KLUN, '(Z16.16," ",A)') CRC64 (YD%RCAPQADV), CDPATH//'%RCAPQADV'
(  435) 
(  436) WRITE (KLUN, '(Z16.16," ",A)') CRC64 (YD%RMINCAPE), CDPATH//'%RMINCAPE'
(  437) 
(  438) WRITE (KLUN, '(Z16.16," ",A)') CRC64 (YD%RCPECONS), CDPATH//'%RCPECONS'
(  439) 
(  440) WRITE (KLUN, '(Z16.16," ",A)') CRC64 (YD%RCVRFACTOR), CDPATH//'%RCVRFACTOR'
(  441) 
(  442) WRITE (KLUN, '(Z16.16," ",A)') CRC64 (YD%RCUCOV), CDPATH//'%RCUCOV'
(  443) 
(  444) WRITE (KLUN, '(Z16.16," ",A)') CRC64 (YD%RTAUMEL), CDPATH//'%RTAUMEL'
(  445) 
(  446) WRITE (KLUN, '(Z16.16," ",A)') CRC64 (YD%RHEBC), CDPATH//'%RHEBC'
(  447) 
(  448) WRITE (KLUN, '(Z16.16," ",A)') CRC64 (YD%RUVPER), CDPATH//'%RUVPER'
(  449) 
(  450) WRITE (KLUN, '(Z16.16," ",A)') CRC64 (YD%RBASE0), CDPATH//'%RBASE0'
(  451) 
(  452) WRITE (KLUN, '(Z16.16," ",A)') CRC64 (YD%RMINCIN), CDPATH//'%RMINCIN'
(  453) 
(  454) WRITE (KLUN, '(Z16.16," ",A)') CRC64 (YD%RXMIN), CDPATH//'%RXMIN'
(  455) 
(  456) WRITE (KLUN, '(Z16.16," ",A)') CRC64 (YD%RTAULIM), CDPATH//'%RTAULIM'






NVFORTRAN (Version     24.5)          03/19/2025  06:54:32      page 9

(  457) 
(  458) WRITE (KLUN, '(Z16.16," ",A)') CRC64 (YD%RTAUFAC), CDPATH//'%RTAUFAC'
(  459) 
(  460) WRITE (KLUN, '(Z16.16," ",A)') CRC64 (YD%RDXMIN), CDPATH//'%RDXMIN'
(  461) 
(  462) WRITE (KLUN, '(Z16.16," ",A)') CRC64 (YD%RDXMAX), CDPATH//'%RDXMAX'
(  463) 
(  464) WRITE (KLUN, '(Z16.16," ",A)') CRC64 (YD%LMFPEN), CDPATH//'%LMFPEN'
(  465) 
(  466) WRITE (KLUN, '(Z16.16," ",A)') CRC64 (YD%LMFSCV), CDPATH//'%LMFSCV'
(  467) 
(  468) WRITE (KLUN, '(Z16.16," ",A)') CRC64 (YD%LMFMID), CDPATH//'%LMFMID'
(  469) 
(  470) WRITE (KLUN, '(Z16.16," ",A)') CRC64 (YD%LMFDD), CDPATH//'%LMFDD'
(  471) 
(  472) WRITE (KLUN, '(Z16.16," ",A)') CRC64 (YD%LMFDUDV), CDPATH//'%LMFDUDV'
(  473) 
(  474) WRITE (KLUN, '(Z16.16," ",A)') CRC64 (YD%LMFDSNOW), CDPATH//'%LMFDSNOW'
(  475) 
(  476) WRITE (KLUN, '(Z16.16," ",A)') CRC64 (YD%LMFWETB), CDPATH//'%LMFWETB'
(  477) 
(  478) WRITE (KLUN, '(Z16.16," ",A)') CRC64 (YD%LMFGLAC), CDPATH//'%LMFGLAC'
(  479) 
(  480) WRITE (KLUN, '(Z16.16," ",A)') CRC64 (YD%LSCVLIQ), CDPATH//'%LSCVLIQ'
(  481) 
(  482) WRITE (KLUN, '(Z16.16," ",A)') CRC64 (YD%LNEWTAU), CDPATH//'%LNEWTAU'
(  483) 
(  484) WRITE (KLUN, '(Z16.16," ",A)') CRC64 (YD%LMFENTHCONS), CDPATH//'%LMFENTHCONS'
(  485) 
(  486) WRITE (KLUN, '(Z16.16," ",A)') CRC64 (YD%LMFUVDIS), CDPATH//'%LMFUVDIS'
(  487) 
(  488) WRITE (KLUN, '(Z16.16," ",A)') CRC64 (YD%LMFSMOOTH), CDPATH//'%LMFSMOOTH'
(  489) 
(  490) WRITE (KLUN, '(Z16.16," ",A)') CRC64 (YD%LMFWSTAR), CDPATH//'%LMFWSTAR'
(  491) 
(  492) WRITE (KLUN, '(Z16.16," ",A)') CRC64 (YD%LMFCUCA), CDPATH//'%LMFCUCA'
(  493) 
(  494) WRITE (KLUN, '(Z16.16," ",A)') CRC64 (YD%LMFPROFP), CDPATH//'%LMFPROFP'
(  495) 
(  496) WRITE (KLUN, '(Z16.16," ",A)') CRC64 (YD%NJKT1), CDPATH//'%NJKT1'
(  497) 
(  498) WRITE (KLUN, '(Z16.16," ",A)') CRC64 (YD%NJKT2), CDPATH//'%NJKT2'
(  499) 
(  500) WRITE (KLUN, '(Z16.16," ",A)') CRC64 (YD%NJKT3), CDPATH//'%NJKT3'
(  501) 
(  502) WRITE (KLUN, '(Z16.16," ",A)') CRC64 (YD%NJKT4), CDPATH//'%NJKT4'
(  503) 
(  504) WRITE (KLUN, '(Z16.16," ",A)') CRC64 (YD%NJKT5), CDPATH//'%NJKT5'
(  505) 
(  506) WRITE (KLUN, '(Z16.16," ",A)') CRC64 (YD%NJKT6), CDPATH//'%NJKT6'
(  507) 
(  508) WRITE (KLUN, '(Z16.16," ",A)') CRC64 (YD%NJKT7), CDPATH//'%NJKT7'
(  509) 
(  510) WRITE (KLUN, '(Z16.16," ",A)') CRC64 (YD%NJKT8), CDPATH//'%NJKT8'
(  511) 
(  512) END SUBROUTINE
(  513) 
(  514) SUBROUTINE WIPE_TECUMF (YD, LDDELETED, LDFIELDAPI)






NVFORTRAN (Version     24.5)          03/19/2025  06:54:32      page 10

(  515) 
(  516) IMPLICIT NONE
(  517) TYPE (TECUMF), INTENT (IN), TARGET :: YD
(  518) LOGICAL, OPTIONAL, INTENT (IN) :: LDDELETED, LDFIELDAPI
(  519) LOGICAL :: LLDELETED
(  520) LOGICAL :: LLFIELDAPI
(  521) 
(  522) LLFIELDAPI = .FALSE.
(  523) IF (PRESENT (LDFIELDAPI)) THEN
(  524)   LLFIELDAPI = LDFIELDAPI
(  525) ENDIF
(  526) 
(  527) 
(  528) 
(  529) 
(  530) 
(  531) 
(  532) 
(  533) 
(  534) 
(  535) 
(  536) 
(  537) 
(  538) 
(  539) 
(  540) 
(  541) 
(  542) 
(  543) 
(  544) 
(  545) 
(  546) 
(  547) 
(  548) 
(  549) 
(  550) 
(  551) 
(  552) 
(  553) 
(  554) 
(  555) 
(  556) 
(  557) 
(  558) 
(  559) 
(  560) 
(  561) 
(  562) 
(  563) 
(  564) 
(  565) 
(  566) 
(  567) 
(  568) 
(  569) 
(  570) 
(  571) 
(  572) 






NVFORTRAN (Version     24.5)          03/19/2025  06:54:32      page 11

(  573) 
(  574) 
(  575) 
(  576) 
(  577) 
(  578) 
(  579) 
(  580) 
(  581) 
(  582) 
(  583) 
(  584) 
(  585) 
(  586) 
(  587) 
(  588) 
(  589) LLDELETED = .FALSE.
(  590) IF (PRESENT (LDDELETED)) THEN
(  591)   LLDELETED = LDDELETED
(  592) ENDIF
(  593) IF (.NOT. LLDELETED) THEN
(  594)   !$acc exit data delete (YD)
(  595) ENDIF
(  596) END SUBROUTINE
(  597) 
(  598) INTEGER*8 FUNCTION SIZE_TECUMF (YD, CDPATH, LDPRINT) RESULT (KSIZE)
(  599) 
(  600) IMPLICIT NONE
(  601) TYPE (TECUMF),     INTENT (IN), TARGET :: YD
(  602) CHARACTER(LEN=*), INTENT (IN), OPTIONAL :: CDPATH
(  603) LOGICAL,          INTENT (IN), OPTIONAL :: LDPRINT
(  604) INTEGER*8 :: ISIZE, JSIZE
(  605) LOGICAL :: LLPRINT
(  606) CHARACTER(LEN=128) :: CLPATH
(  607) 
(  608) LLPRINT = .FALSE.
(  609) IF (PRESENT (LDPRINT)) THEN
(  610)   LLPRINT = LDPRINT
(  611) ENDIF
(  612) CLPATH=''
(  613) IF (PRESENT (CDPATH)) THEN
(  614)   CLPATH = CDPATH
(  615) ENDIF
(  616) KSIZE = 0
(  617) ISIZE = KIND (YD%ENTRORG)
(  618) IF (LLPRINT) THEN
(  619)   WRITE (*, '(I10," ")', ADVANCE='NO') ISIZE
(  620)   WRITE (*, *) TRIM (CLPATH)//'%ENTRORG'
(  621) ENDIF
(  622) KSIZE = KSIZE + ISIZE
(  623) ISIZE = KIND (YD%ENTRTEST)
(  624) IF (LLPRINT) THEN
(  625)   WRITE (*, '(I10," ")', ADVANCE='NO') ISIZE
(  626)   WRITE (*, *) TRIM (CLPATH)//'%ENTRTEST'
(  627) ENDIF
(  628) KSIZE = KSIZE + ISIZE
(  629) ISIZE = KIND (YD%ENTR_RH)
(  630) IF (LLPRINT) THEN






NVFORTRAN (Version     24.5)          03/19/2025  06:54:32      page 12

(  631)   WRITE (*, '(I10," ")', ADVANCE='NO') ISIZE
(  632)   WRITE (*, *) TRIM (CLPATH)//'%ENTR_RH'
(  633) ENDIF
(  634) KSIZE = KSIZE + ISIZE
(  635) ISIZE = KIND (YD%ENTSHALP)
(  636) IF (LLPRINT) THEN
(  637)   WRITE (*, '(I10," ")', ADVANCE='NO') ISIZE
(  638)   WRITE (*, *) TRIM (CLPATH)//'%ENTSHALP'
(  639) ENDIF
(  640) KSIZE = KSIZE + ISIZE
(  641) ISIZE = KIND (YD%ENTSTPC1)
(  642) IF (LLPRINT) THEN
(  643)   WRITE (*, '(I10," ")', ADVANCE='NO') ISIZE
(  644)   WRITE (*, *) TRIM (CLPATH)//'%ENTSTPC1'
(  645) ENDIF
(  646) KSIZE = KSIZE + ISIZE
(  647) ISIZE = KIND (YD%ENTSTPC2)
(  648) IF (LLPRINT) THEN
(  649)   WRITE (*, '(I10," ")', ADVANCE='NO') ISIZE
(  650)   WRITE (*, *) TRIM (CLPATH)//'%ENTSTPC2'
(  651) ENDIF
(  652) KSIZE = KSIZE + ISIZE
(  653) ISIZE = KIND (YD%ENTSTPC3)
(  654) IF (LLPRINT) THEN
(  655)   WRITE (*, '(I10," ")', ADVANCE='NO') ISIZE
(  656)   WRITE (*, *) TRIM (CLPATH)//'%ENTSTPC3'
(  657) ENDIF
(  658) KSIZE = KSIZE + ISIZE
(  659) ISIZE = KIND (YD%ENTRDD)
(  660) IF (LLPRINT) THEN
(  661)   WRITE (*, '(I10," ")', ADVANCE='NO') ISIZE
(  662)   WRITE (*, *) TRIM (CLPATH)//'%ENTRDD'
(  663) ENDIF
(  664) KSIZE = KSIZE + ISIZE
(  665) ISIZE = KIND (YD%DETRPEN)
(  666) IF (LLPRINT) THEN
(  667)   WRITE (*, '(I10," ")', ADVANCE='NO') ISIZE
(  668)   WRITE (*, *) TRIM (CLPATH)//'%DETRPEN'
(  669) ENDIF
(  670) KSIZE = KSIZE + ISIZE
(  671) ISIZE = KIND (YD%RMFCFL)
(  672) IF (LLPRINT) THEN
(  673)   WRITE (*, '(I10," ")', ADVANCE='NO') ISIZE
(  674)   WRITE (*, *) TRIM (CLPATH)//'%RMFCFL'
(  675) ENDIF
(  676) KSIZE = KSIZE + ISIZE
(  677) ISIZE = KIND (YD%RMFLIA)
(  678) IF (LLPRINT) THEN
(  679)   WRITE (*, '(I10," ")', ADVANCE='NO') ISIZE
(  680)   WRITE (*, *) TRIM (CLPATH)//'%RMFLIA'
(  681) ENDIF
(  682) KSIZE = KSIZE + ISIZE
(  683) ISIZE = KIND (YD%RMFSOLUV)
(  684) IF (LLPRINT) THEN
(  685)   WRITE (*, '(I10," ")', ADVANCE='NO') ISIZE
(  686)   WRITE (*, *) TRIM (CLPATH)//'%RMFSOLUV'
(  687) ENDIF
(  688) KSIZE = KSIZE + ISIZE






NVFORTRAN (Version     24.5)          03/19/2025  06:54:32      page 13

(  689) ISIZE = KIND (YD%RMFSOLTQ)
(  690) IF (LLPRINT) THEN
(  691)   WRITE (*, '(I10," ")', ADVANCE='NO') ISIZE
(  692)   WRITE (*, *) TRIM (CLPATH)//'%RMFSOLTQ'
(  693) ENDIF
(  694) KSIZE = KSIZE + ISIZE
(  695) ISIZE = KIND (YD%RMFSOLCT)
(  696) IF (LLPRINT) THEN
(  697)   WRITE (*, '(I10," ")', ADVANCE='NO') ISIZE
(  698)   WRITE (*, *) TRIM (CLPATH)//'%RMFSOLCT'
(  699) ENDIF
(  700) KSIZE = KSIZE + ISIZE
(  701) ISIZE = KIND (YD%RMFSOLRHS)
(  702) IF (LLPRINT) THEN
(  703)   WRITE (*, '(I10," ")', ADVANCE='NO') ISIZE
(  704)   WRITE (*, *) TRIM (CLPATH)//'%RMFSOLRHS'
(  705) ENDIF
(  706) KSIZE = KSIZE + ISIZE
(  707) ISIZE = KIND (YD%RMFADVW)
(  708) IF (LLPRINT) THEN
(  709)   WRITE (*, '(I10," ")', ADVANCE='NO') ISIZE
(  710)   WRITE (*, *) TRIM (CLPATH)//'%RMFADVW'
(  711) ENDIF
(  712) KSIZE = KSIZE + ISIZE
(  713) ISIZE = KIND (YD%RMFADVWDD)
(  714) IF (LLPRINT) THEN
(  715)   WRITE (*, '(I10," ")', ADVANCE='NO') ISIZE
(  716)   WRITE (*, *) TRIM (CLPATH)//'%RMFADVWDD'
(  717) ENDIF
(  718) KSIZE = KSIZE + ISIZE
(  719) ISIZE = KIND (YD%RMFCMIN)
(  720) IF (LLPRINT) THEN
(  721)   WRITE (*, '(I10," ")', ADVANCE='NO') ISIZE
(  722)   WRITE (*, *) TRIM (CLPATH)//'%RMFCMIN'
(  723) ENDIF
(  724) KSIZE = KSIZE + ISIZE
(  725) ISIZE = KIND (YD%RMFDEPS)
(  726) IF (LLPRINT) THEN
(  727)   WRITE (*, '(I10," ")', ADVANCE='NO') ISIZE
(  728)   WRITE (*, *) TRIM (CLPATH)//'%RMFDEPS'
(  729) ENDIF
(  730) KSIZE = KSIZE + ISIZE
(  731) ISIZE = KIND (YD%RDEPTHS)
(  732) IF (LLPRINT) THEN
(  733)   WRITE (*, '(I10," ")', ADVANCE='NO') ISIZE
(  734)   WRITE (*, *) TRIM (CLPATH)//'%RDEPTHS'
(  735) ENDIF
(  736) KSIZE = KSIZE + ISIZE
(  737) ISIZE = KIND (YD%RPRCON)
(  738) IF (LLPRINT) THEN
(  739)   WRITE (*, '(I10," ")', ADVANCE='NO') ISIZE
(  740)   WRITE (*, *) TRIM (CLPATH)//'%RPRCON'
(  741) ENDIF
(  742) KSIZE = KSIZE + ISIZE
(  743) ISIZE = KIND (YD%RTAUA)
(  744) IF (LLPRINT) THEN
(  745)   WRITE (*, '(I10," ")', ADVANCE='NO') ISIZE
(  746)   WRITE (*, *) TRIM (CLPATH)//'%RTAUA'






NVFORTRAN (Version     24.5)          03/19/2025  06:54:32      page 14

(  747) ENDIF
(  748) KSIZE = KSIZE + ISIZE
(  749) ISIZE = KIND (YD%RCAPDCYCL)
(  750) IF (LLPRINT) THEN
(  751)   WRITE (*, '(I10," ")', ADVANCE='NO') ISIZE
(  752)   WRITE (*, *) TRIM (CLPATH)//'%RCAPDCYCL'
(  753) ENDIF
(  754) KSIZE = KSIZE + ISIZE
(  755) ISIZE = KIND (YD%RTAU0)
(  756) IF (LLPRINT) THEN
(  757)   WRITE (*, '(I10," ")', ADVANCE='NO') ISIZE
(  758)   WRITE (*, *) TRIM (CLPATH)//'%RTAU0'
(  759) ENDIF
(  760) KSIZE = KSIZE + ISIZE
(  761) ISIZE = KIND (YD%RCAPQADV)
(  762) IF (LLPRINT) THEN
(  763)   WRITE (*, '(I10," ")', ADVANCE='NO') ISIZE
(  764)   WRITE (*, *) TRIM (CLPATH)//'%RCAPQADV'
(  765) ENDIF
(  766) KSIZE = KSIZE + ISIZE
(  767) ISIZE = KIND (YD%RMINCAPE)
(  768) IF (LLPRINT) THEN
(  769)   WRITE (*, '(I10," ")', ADVANCE='NO') ISIZE
(  770)   WRITE (*, *) TRIM (CLPATH)//'%RMINCAPE'
(  771) ENDIF
(  772) KSIZE = KSIZE + ISIZE
(  773) ISIZE = KIND (YD%RCPECONS)
(  774) IF (LLPRINT) THEN
(  775)   WRITE (*, '(I10," ")', ADVANCE='NO') ISIZE
(  776)   WRITE (*, *) TRIM (CLPATH)//'%RCPECONS'
(  777) ENDIF
(  778) KSIZE = KSIZE + ISIZE
(  779) ISIZE = KIND (YD%RCVRFACTOR)
(  780) IF (LLPRINT) THEN
(  781)   WRITE (*, '(I10," ")', ADVANCE='NO') ISIZE
(  782)   WRITE (*, *) TRIM (CLPATH)//'%RCVRFACTOR'
(  783) ENDIF
(  784) KSIZE = KSIZE + ISIZE
(  785) ISIZE = KIND (YD%RCUCOV)
(  786) IF (LLPRINT) THEN
(  787)   WRITE (*, '(I10," ")', ADVANCE='NO') ISIZE
(  788)   WRITE (*, *) TRIM (CLPATH)//'%RCUCOV'
(  789) ENDIF
(  790) KSIZE = KSIZE + ISIZE
(  791) ISIZE = KIND (YD%RTAUMEL)
(  792) IF (LLPRINT) THEN
(  793)   WRITE (*, '(I10," ")', ADVANCE='NO') ISIZE
(  794)   WRITE (*, *) TRIM (CLPATH)//'%RTAUMEL'
(  795) ENDIF
(  796) KSIZE = KSIZE + ISIZE
(  797) ISIZE = KIND (YD%RHEBC)
(  798) IF (LLPRINT) THEN
(  799)   WRITE (*, '(I10," ")', ADVANCE='NO') ISIZE
(  800)   WRITE (*, *) TRIM (CLPATH)//'%RHEBC'
(  801) ENDIF
(  802) KSIZE = KSIZE + ISIZE
(  803) ISIZE = KIND (YD%RUVPER)
(  804) IF (LLPRINT) THEN






NVFORTRAN (Version     24.5)          03/19/2025  06:54:32      page 15

(  805)   WRITE (*, '(I10," ")', ADVANCE='NO') ISIZE
(  806)   WRITE (*, *) TRIM (CLPATH)//'%RUVPER'
(  807) ENDIF
(  808) KSIZE = KSIZE + ISIZE
(  809) ISIZE = KIND (YD%RBASE0)
(  810) IF (LLPRINT) THEN
(  811)   WRITE (*, '(I10," ")', ADVANCE='NO') ISIZE
(  812)   WRITE (*, *) TRIM (CLPATH)//'%RBASE0'
(  813) ENDIF
(  814) KSIZE = KSIZE + ISIZE
(  815) ISIZE = KIND (YD%RMINCIN)
(  816) IF (LLPRINT) THEN
(  817)   WRITE (*, '(I10," ")', ADVANCE='NO') ISIZE
(  818)   WRITE (*, *) TRIM (CLPATH)//'%RMINCIN'
(  819) ENDIF
(  820) KSIZE = KSIZE + ISIZE
(  821) ISIZE = KIND (YD%RXMIN)
(  822) IF (LLPRINT) THEN
(  823)   WRITE (*, '(I10," ")', ADVANCE='NO') ISIZE
(  824)   WRITE (*, *) TRIM (CLPATH)//'%RXMIN'
(  825) ENDIF
(  826) KSIZE = KSIZE + ISIZE
(  827) ISIZE = KIND (YD%RTAULIM)
(  828) IF (LLPRINT) THEN
(  829)   WRITE (*, '(I10," ")', ADVANCE='NO') ISIZE
(  830)   WRITE (*, *) TRIM (CLPATH)//'%RTAULIM'
(  831) ENDIF
(  832) KSIZE = KSIZE + ISIZE
(  833) ISIZE = KIND (YD%RTAUFAC)
(  834) IF (LLPRINT) THEN
(  835)   WRITE (*, '(I10," ")', ADVANCE='NO') ISIZE
(  836)   WRITE (*, *) TRIM (CLPATH)//'%RTAUFAC'
(  837) ENDIF
(  838) KSIZE = KSIZE + ISIZE
(  839) ISIZE = KIND (YD%RDXMIN)
(  840) IF (LLPRINT) THEN
(  841)   WRITE (*, '(I10," ")', ADVANCE='NO') ISIZE
(  842)   WRITE (*, *) TRIM (CLPATH)//'%RDXMIN'
(  843) ENDIF
(  844) KSIZE = KSIZE + ISIZE
(  845) ISIZE = KIND (YD%RDXMAX)
(  846) IF (LLPRINT) THEN
(  847)   WRITE (*, '(I10," ")', ADVANCE='NO') ISIZE
(  848)   WRITE (*, *) TRIM (CLPATH)//'%RDXMAX'
(  849) ENDIF
(  850) KSIZE = KSIZE + ISIZE
(  851) ISIZE = KIND (YD%LMFPEN)
(  852) IF (LLPRINT) THEN
(  853)   WRITE (*, '(I10," ")', ADVANCE='NO') ISIZE
(  854)   WRITE (*, *) TRIM (CLPATH)//'%LMFPEN'
(  855) ENDIF
(  856) KSIZE = KSIZE + ISIZE
(  857) ISIZE = KIND (YD%LMFSCV)
(  858) IF (LLPRINT) THEN
(  859)   WRITE (*, '(I10," ")', ADVANCE='NO') ISIZE
(  860)   WRITE (*, *) TRIM (CLPATH)//'%LMFSCV'
(  861) ENDIF
(  862) KSIZE = KSIZE + ISIZE






NVFORTRAN (Version     24.5)          03/19/2025  06:54:32      page 16

(  863) ISIZE = KIND (YD%LMFMID)
(  864) IF (LLPRINT) THEN
(  865)   WRITE (*, '(I10," ")', ADVANCE='NO') ISIZE
(  866)   WRITE (*, *) TRIM (CLPATH)//'%LMFMID'
(  867) ENDIF
(  868) KSIZE = KSIZE + ISIZE
(  869) ISIZE = KIND (YD%LMFDD)
(  870) IF (LLPRINT) THEN
(  871)   WRITE (*, '(I10," ")', ADVANCE='NO') ISIZE
(  872)   WRITE (*, *) TRIM (CLPATH)//'%LMFDD'
(  873) ENDIF
(  874) KSIZE = KSIZE + ISIZE
(  875) ISIZE = KIND (YD%LMFDUDV)
(  876) IF (LLPRINT) THEN
(  877)   WRITE (*, '(I10," ")', ADVANCE='NO') ISIZE
(  878)   WRITE (*, *) TRIM (CLPATH)//'%LMFDUDV'
(  879) ENDIF
(  880) KSIZE = KSIZE + ISIZE
(  881) ISIZE = KIND (YD%LMFDSNOW)
(  882) IF (LLPRINT) THEN
(  883)   WRITE (*, '(I10," ")', ADVANCE='NO') ISIZE
(  884)   WRITE (*, *) TRIM (CLPATH)//'%LMFDSNOW'
(  885) ENDIF
(  886) KSIZE = KSIZE + ISIZE
(  887) ISIZE = KIND (YD%LMFWETB)
(  888) IF (LLPRINT) THEN
(  889)   WRITE (*, '(I10," ")', ADVANCE='NO') ISIZE
(  890)   WRITE (*, *) TRIM (CLPATH)//'%LMFWETB'
(  891) ENDIF
(  892) KSIZE = KSIZE + ISIZE
(  893) ISIZE = KIND (YD%LMFGLAC)
(  894) IF (LLPRINT) THEN
(  895)   WRITE (*, '(I10," ")', ADVANCE='NO') ISIZE
(  896)   WRITE (*, *) TRIM (CLPATH)//'%LMFGLAC'
(  897) ENDIF
(  898) KSIZE = KSIZE + ISIZE
(  899) ISIZE = KIND (YD%LSCVLIQ)
(  900) IF (LLPRINT) THEN
(  901)   WRITE (*, '(I10," ")', ADVANCE='NO') ISIZE
(  902)   WRITE (*, *) TRIM (CLPATH)//'%LSCVLIQ'
(  903) ENDIF
(  904) KSIZE = KSIZE + ISIZE
(  905) ISIZE = KIND (YD%LNEWTAU)
(  906) IF (LLPRINT) THEN
(  907)   WRITE (*, '(I10," ")', ADVANCE='NO') ISIZE
(  908)   WRITE (*, *) TRIM (CLPATH)//'%LNEWTAU'
(  909) ENDIF
(  910) KSIZE = KSIZE + ISIZE
(  911) ISIZE = KIND (YD%LMFENTHCONS)
(  912) IF (LLPRINT) THEN
(  913)   WRITE (*, '(I10," ")', ADVANCE='NO') ISIZE
(  914)   WRITE (*, *) TRIM (CLPATH)//'%LMFENTHCONS'
(  915) ENDIF
(  916) KSIZE = KSIZE + ISIZE
(  917) ISIZE = KIND (YD%LMFUVDIS)
(  918) IF (LLPRINT) THEN
(  919)   WRITE (*, '(I10," ")', ADVANCE='NO') ISIZE
(  920)   WRITE (*, *) TRIM (CLPATH)//'%LMFUVDIS'






NVFORTRAN (Version     24.5)          03/19/2025  06:54:32      page 17

(  921) ENDIF
(  922) KSIZE = KSIZE + ISIZE
(  923) ISIZE = KIND (YD%LMFSMOOTH)
(  924) IF (LLPRINT) THEN
(  925)   WRITE (*, '(I10," ")', ADVANCE='NO') ISIZE
(  926)   WRITE (*, *) TRIM (CLPATH)//'%LMFSMOOTH'
(  927) ENDIF
(  928) KSIZE = KSIZE + ISIZE
(  929) ISIZE = KIND (YD%LMFWSTAR)
(  930) IF (LLPRINT) THEN
(  931)   WRITE (*, '(I10," ")', ADVANCE='NO') ISIZE
(  932)   WRITE (*, *) TRIM (CLPATH)//'%LMFWSTAR'
(  933) ENDIF
(  934) KSIZE = KSIZE + ISIZE
(  935) ISIZE = KIND (YD%LMFCUCA)
(  936) IF (LLPRINT) THEN
(  937)   WRITE (*, '(I10," ")', ADVANCE='NO') ISIZE
(  938)   WRITE (*, *) TRIM (CLPATH)//'%LMFCUCA'
(  939) ENDIF
(  940) KSIZE = KSIZE + ISIZE
(  941) ISIZE = KIND (YD%LMFPROFP)
(  942) IF (LLPRINT) THEN
(  943)   WRITE (*, '(I10," ")', ADVANCE='NO') ISIZE
(  944)   WRITE (*, *) TRIM (CLPATH)//'%LMFPROFP'
(  945) ENDIF
(  946) KSIZE = KSIZE + ISIZE
(  947) ISIZE = KIND (YD%NJKT1)
(  948) IF (LLPRINT) THEN
(  949)   WRITE (*, '(I10," ")', ADVANCE='NO') ISIZE
(  950)   WRITE (*, *) TRIM (CLPATH)//'%NJKT1'
(  951) ENDIF
(  952) KSIZE = KSIZE + ISIZE
(  953) ISIZE = KIND (YD%NJKT2)
(  954) IF (LLPRINT) THEN
(  955)   WRITE (*, '(I10," ")', ADVANCE='NO') ISIZE
(  956)   WRITE (*, *) TRIM (CLPATH)//'%NJKT2'
(  957) ENDIF
(  958) KSIZE = KSIZE + ISIZE
(  959) ISIZE = KIND (YD%NJKT3)
(  960) IF (LLPRINT) THEN
(  961)   WRITE (*, '(I10," ")', ADVANCE='NO') ISIZE
(  962)   WRITE (*, *) TRIM (CLPATH)//'%NJKT3'
(  963) ENDIF
(  964) KSIZE = KSIZE + ISIZE
(  965) ISIZE = KIND (YD%NJKT4)
(  966) IF (LLPRINT) THEN
(  967)   WRITE (*, '(I10," ")', ADVANCE='NO') ISIZE
(  968)   WRITE (*, *) TRIM (CLPATH)//'%NJKT4'
(  969) ENDIF
(  970) KSIZE = KSIZE + ISIZE
(  971) ISIZE = KIND (YD%NJKT5)
(  972) IF (LLPRINT) THEN
(  973)   WRITE (*, '(I10," ")', ADVANCE='NO') ISIZE
(  974)   WRITE (*, *) TRIM (CLPATH)//'%NJKT5'
(  975) ENDIF
(  976) KSIZE = KSIZE + ISIZE
(  977) ISIZE = KIND (YD%NJKT6)
(  978) IF (LLPRINT) THEN






NVFORTRAN (Version     24.5)          03/19/2025  06:54:32      page 18

(  979)   WRITE (*, '(I10," ")', ADVANCE='NO') ISIZE
(  980)   WRITE (*, *) TRIM (CLPATH)//'%NJKT6'
(  981) ENDIF
(  982) KSIZE = KSIZE + ISIZE
(  983) ISIZE = KIND (YD%NJKT7)
(  984) IF (LLPRINT) THEN
(  985)   WRITE (*, '(I10," ")', ADVANCE='NO') ISIZE
(  986)   WRITE (*, *) TRIM (CLPATH)//'%NJKT7'
(  987) ENDIF
(  988) KSIZE = KSIZE + ISIZE
(  989) ISIZE = KIND (YD%NJKT8)
(  990) IF (LLPRINT) THEN
(  991)   WRITE (*, '(I10," ")', ADVANCE='NO') ISIZE
(  992)   WRITE (*, *) TRIM (CLPATH)//'%NJKT8'
(  993) ENDIF
(  994) KSIZE = KSIZE + ISIZE
(  995) END FUNCTION
(  996) 
(  997) END MODULE













































NVFORTRAN (Version     24.5)          03/19/2025  06:54:32      page 19

(    1) # 1 "./util_tecumf_mod.F90"
(    1) MODULE UTIL_TECUMF_MOD
(    2) # 3 "./util_tecumf_mod.F90"
(    3) USE YOECUMF, ONLY : TECUMF
(    4) # 5 "./util_tecumf_mod.F90"
(    5) INTERFACE SAVE
(    6) MODULE PROCEDURE SAVE_TECUMF
(    7) END INTERFACE
(    8) # 9 "./util_tecumf_mod.F90"
(    9) INTERFACE LOAD
(   10) MODULE PROCEDURE LOAD_TECUMF
(   11) END INTERFACE
(   12) # 13 "./util_tecumf_mod.F90"
(   13) INTERFACE COPY
(   14) MODULE PROCEDURE COPY_TECUMF
(   15) END INTERFACE
(   16) # 17 "./util_tecumf_mod.F90"
(   17) INTERFACE HOST
(   18) MODULE PROCEDURE HOST_TECUMF
(   19) END INTERFACE
(   20) # 21 "./util_tecumf_mod.F90"
(   21)      
(   22) INTERFACE CRC64
(   23) MODULE PROCEDURE CRC64_TECUMF
(   24) END INTERFACE
(   25) # 26 "./util_tecumf_mod.F90"
(   26) INTERFACE WIPE
(   27) MODULE PROCEDURE WIPE_TECUMF
(   28) END INTERFACE
(   29) # 30 "./util_tecumf_mod.F90"
(   30) INTERFACE SIZE
(   31) MODULE PROCEDURE SIZE_TECUMF
(   32) END INTERFACE
(   33) # 35 "./util_tecumf_mod.F90"
(   35) CONTAINS
(   36) # 37 "./util_tecumf_mod.F90"
(   37) SUBROUTINE SAVE_TECUMF (KLUN, YD)
(   38) # 39 "./util_tecumf_mod.F90"
(   39) IMPLICIT NONE
(   40) INTEGER, INTENT (IN) :: KLUN
(   41) TYPE (TECUMF), INTENT (IN), TARGET :: YD
(   42) # 43 "./util_tecumf_mod.F90"
(   43) WRITE (KLUN) YD%ENTRORG
(   44) WRITE (KLUN) YD%ENTRTEST
(   45) WRITE (KLUN) YD%ENTR_RH
(   46) WRITE (KLUN) YD%ENTSHALP
(   47) WRITE (KLUN) YD%ENTSTPC1
(   48) WRITE (KLUN) YD%ENTSTPC2
(   49) WRITE (KLUN) YD%ENTSTPC3
(   50) WRITE (KLUN) YD%ENTRDD
(   51) WRITE (KLUN) YD%DETRPEN
(   52) WRITE (KLUN) YD%RMFCFL
(   53) WRITE (KLUN) YD%RMFLIA
(   54) WRITE (KLUN) YD%RMFSOLUV
(   55) WRITE (KLUN) YD%RMFSOLTQ
(   56) WRITE (KLUN) YD%RMFSOLCT
(   57) WRITE (KLUN) YD%RMFSOLRHS
(   58) WRITE (KLUN) YD%RMFADVW






NVFORTRAN (Version     24.5)          03/19/2025  06:54:32      page 20

(   59) WRITE (KLUN) YD%RMFADVWDD
(   60) WRITE (KLUN) YD%RMFCMIN
(   61) WRITE (KLUN) YD%RMFDEPS
(   62) WRITE (KLUN) YD%RDEPTHS
(   63) WRITE (KLUN) YD%RPRCON
(   64) WRITE (KLUN) YD%RTAUA
(   65) WRITE (KLUN) YD%RCAPDCYCL
(   66) WRITE (KLUN) YD%RTAU0
(   67) WRITE (KLUN) YD%RCAPQADV
(   68) WRITE (KLUN) YD%RMINCAPE
(   69) WRITE (KLUN) YD%RCPECONS
(   70) WRITE (KLUN) YD%RCVRFACTOR
(   71) WRITE (KLUN) YD%RCUCOV
(   72) WRITE (KLUN) YD%RTAUMEL
(   73) WRITE (KLUN) YD%RHEBC
(   74) WRITE (KLUN) YD%RUVPER
(   75) WRITE (KLUN) YD%RBASE0
(   76) WRITE (KLUN) YD%RMINCIN
(   77) WRITE (KLUN) YD%RXMIN
(   78) WRITE (KLUN) YD%RTAULIM
(   79) WRITE (KLUN) YD%RTAUFAC
(   80) WRITE (KLUN) YD%RDXMIN
(   81) WRITE (KLUN) YD%RDXMAX
(   82) WRITE (KLUN) YD%LMFPEN
(   83) WRITE (KLUN) YD%LMFSCV
(   84) WRITE (KLUN) YD%LMFMID
(   85) WRITE (KLUN) YD%LMFDD
(   86) WRITE (KLUN) YD%LMFDUDV
(   87) WRITE (KLUN) YD%LMFDSNOW
(   88) WRITE (KLUN) YD%LMFWETB
(   89) WRITE (KLUN) YD%LMFGLAC
(   90) WRITE (KLUN) YD%LSCVLIQ
(   91) WRITE (KLUN) YD%LNEWTAU
(   92) WRITE (KLUN) YD%LMFENTHCONS
(   93) WRITE (KLUN) YD%LMFUVDIS
(   94) WRITE (KLUN) YD%LMFSMOOTH
(   95) WRITE (KLUN) YD%LMFWSTAR
(   96) WRITE (KLUN) YD%LMFCUCA
(   97) WRITE (KLUN) YD%LMFPROFP
(   98) WRITE (KLUN) YD%NJKT1
(   99) WRITE (KLUN) YD%NJKT2
(  100) WRITE (KLUN) YD%NJKT3
(  101) WRITE (KLUN) YD%NJKT4
(  102) WRITE (KLUN) YD%NJKT5
(  103) WRITE (KLUN) YD%NJKT6
(  104) WRITE (KLUN) YD%NJKT7
(  105) WRITE (KLUN) YD%NJKT8
(  106) END SUBROUTINE
(  107) # 108 "./util_tecumf_mod.F90"
(  108) SUBROUTINE LOAD_TECUMF (KLUN, YD)
(  109) USE PARKIND1, ONLY : JPRD
(  110) # 111 "./util_tecumf_mod.F90"
(  111) IMPLICIT NONE
(  112) INTEGER, INTENT (IN) :: KLUN
(  113) TYPE (TECUMF), INTENT (OUT), TARGET :: YD
(  114) REAL(KIND=JPRD) :: ZTMP0
(  115) READ (KLUN) ZTMP0
(  116) YD%ENTRORG = ZTMP0






NVFORTRAN (Version     24.5)          03/19/2025  06:54:32      page 21

(  117) READ (KLUN) ZTMP0
(  118) YD%ENTRTEST = ZTMP0
(  119) READ (KLUN) ZTMP0
(  120) YD%ENTR_RH = ZTMP0
(  121) READ (KLUN) ZTMP0
(  122) YD%ENTSHALP = ZTMP0
(  123) READ (KLUN) ZTMP0
(  124) YD%ENTSTPC1 = ZTMP0
(  125) READ (KLUN) ZTMP0
(  126) YD%ENTSTPC2 = ZTMP0
(  127) READ (KLUN) ZTMP0
(  128) YD%ENTSTPC3 = ZTMP0
(  129) READ (KLUN) ZTMP0
(  130) YD%ENTRDD = ZTMP0
(  131) READ (KLUN) ZTMP0
(  132) YD%DETRPEN = ZTMP0
(  133) READ (KLUN) ZTMP0
(  134) YD%RMFCFL = ZTMP0
(  135) READ (KLUN) ZTMP0
(  136) YD%RMFLIA = ZTMP0
(  137) READ (KLUN) ZTMP0
(  138) YD%RMFSOLUV = ZTMP0
(  139) READ (KLUN) ZTMP0
(  140) YD%RMFSOLTQ = ZTMP0
(  141) READ (KLUN) ZTMP0
(  142) YD%RMFSOLCT = ZTMP0
(  143) READ (KLUN) ZTMP0
(  144) YD%RMFSOLRHS = ZTMP0
(  145) READ (KLUN) ZTMP0
(  146) YD%RMFADVW = ZTMP0
(  147) READ (KLUN) ZTMP0
(  148) YD%RMFADVWDD = ZTMP0
(  149) READ (KLUN) ZTMP0
(  150) YD%RMFCMIN = ZTMP0
(  151) READ (KLUN) ZTMP0
(  152) YD%RMFDEPS = ZTMP0
(  153) READ (KLUN) ZTMP0
(  154) YD%RDEPTHS = ZTMP0
(  155) READ (KLUN) ZTMP0
(  156) YD%RPRCON = ZTMP0
(  157) READ (KLUN) ZTMP0
(  158) YD%RTAUA = ZTMP0
(  159) READ (KLUN) ZTMP0
(  160) YD%RCAPDCYCL = ZTMP0
(  161) READ (KLUN) ZTMP0
(  162) YD%RTAU0 = ZTMP0
(  163) READ (KLUN) ZTMP0
(  164) YD%RCAPQADV = ZTMP0
(  165) READ (KLUN) ZTMP0
(  166) YD%RMINCAPE = ZTMP0
(  167) READ (KLUN) ZTMP0
(  168) YD%RCPECONS = ZTMP0
(  169) READ (KLUN) ZTMP0
(  170) YD%RCVRFACTOR = ZTMP0
(  171) READ (KLUN) ZTMP0
(  172) YD%RCUCOV = ZTMP0
(  173) READ (KLUN) ZTMP0
(  174) YD%RTAUMEL = ZTMP0






NVFORTRAN (Version     24.5)          03/19/2025  06:54:32      page 22

(  175) READ (KLUN) ZTMP0
(  176) YD%RHEBC = ZTMP0
(  177) READ (KLUN) ZTMP0
(  178) YD%RUVPER = ZTMP0
(  179) READ (KLUN) ZTMP0
(  180) YD%RBASE0 = ZTMP0
(  181) READ (KLUN) ZTMP0
(  182) YD%RMINCIN = ZTMP0
(  183) READ (KLUN) ZTMP0
(  184) YD%RXMIN = ZTMP0
(  185) READ (KLUN) ZTMP0
(  186) YD%RTAULIM = ZTMP0
(  187) READ (KLUN) ZTMP0
(  188) YD%RTAUFAC = ZTMP0
(  189) READ (KLUN) ZTMP0
(  190) YD%RDXMIN = ZTMP0
(  191) READ (KLUN) ZTMP0
(  192) YD%RDXMAX = ZTMP0
(  193) READ (KLUN) YD%LMFPEN
(  194) READ (KLUN) YD%LMFSCV
(  195) READ (KLUN) YD%LMFMID
(  196) READ (KLUN) YD%LMFDD
(  197) READ (KLUN) YD%LMFDUDV
(  198) READ (KLUN) YD%LMFDSNOW
(  199) READ (KLUN) YD%LMFWETB
(  200) READ (KLUN) YD%LMFGLAC
(  201) READ (KLUN) YD%LSCVLIQ
(  202) READ (KLUN) YD%LNEWTAU
(  203) READ (KLUN) YD%LMFENTHCONS
(  204) READ (KLUN) YD%LMFUVDIS
(  205) READ (KLUN) YD%LMFSMOOTH
(  206) READ (KLUN) YD%LMFWSTAR
(  207) READ (KLUN) YD%LMFCUCA
(  208) READ (KLUN) YD%LMFPROFP
(  209) READ (KLUN) YD%NJKT1
(  210) READ (KLUN) YD%NJKT2
(  211) READ (KLUN) YD%NJKT3
(  212) READ (KLUN) YD%NJKT4
(  213) READ (KLUN) YD%NJKT5
(  214) READ (KLUN) YD%NJKT6
(  215) READ (KLUN) YD%NJKT7
(  216) READ (KLUN) YD%NJKT8
(  217) END SUBROUTINE
(  218) # 220 "./util_tecumf_mod.F90"
(  220) SUBROUTINE COPY_TECUMF (YD, LDCREATED, LDFIELDAPI)
(  221) # 222 "./util_tecumf_mod.F90"
(  222) IMPLICIT NONE
(  223) TYPE (TECUMF), INTENT (IN), TARGET :: YD
(  224) LOGICAL, OPTIONAL, INTENT (IN) :: LDCREATED, LDFIELDAPI
(  225) LOGICAL :: LLCREATED
(  226) LOGICAL :: LLFIELDAPI
(  227) # 228 "./util_tecumf_mod.F90"
(  228) LLFIELDAPI = .FALSE.
(  229) IF (PRESENT (LDFIELDAPI)) THEN
(  230)   LLFIELDAPI = LDFIELDAPI
(  231) ENDIF
(  232) LLCREATED = .FALSE.
(  233) IF (PRESENT (LDCREATED)) THEN






NVFORTRAN (Version     24.5)          03/19/2025  06:54:32      page 23

(  234)   LLCREATED = LDCREATED
(  235) ENDIF
(  236) IF (.NOT. LLCREATED) THEN
(  237)   !$acc enter data create (YD)
(  238)   !$acc update device (YD)
(  239) ENDIF
(  240) # 303 "./util_tecumf_mod.F90"
(  303) END SUBROUTINE
(  304) # 305 "./util_tecumf_mod.F90"
(  305) SUBROUTINE HOST_TECUMF (YD)
(  306) # 307 "./util_tecumf_mod.F90"
(  307) IMPLICIT NONE
(  308) TYPE (TECUMF), TARGET :: YD
(  309) # 373 "./util_tecumf_mod.F90"
(  373) END SUBROUTINE
(  374) # 375 "./util_tecumf_mod.F90"
(  375)      
(  376) # 377 "./util_tecumf_mod.F90"
(  377) SUBROUTINE CRC64_TECUMF (YD, KLUN, CDPATH)
(  378) USE CRC64_INTRINSIC
(  379) # 380 "./util_tecumf_mod.F90"
(  380) IMPLICIT NONE
(  381) TYPE (TECUMF), TARGET :: YD
(  382) INTEGER, INTENT (IN) :: KLUN
(  383) CHARACTER(LEN=*), INTENT (IN) :: CDPATH
(  384) CHARACTER(LEN=128) :: CLIND
(  385) # 386 "./util_tecumf_mod.F90"
(  386) WRITE (KLUN, '(Z16.16," ",A)') CRC64 (YD%ENTRORG), CDPATH//'%ENTRORG'
(  387) # 388 "./util_tecumf_mod.F90"
(  388) WRITE (KLUN, '(Z16.16," ",A)') CRC64 (YD%ENTRTEST), CDPATH//'%ENTRTEST'
(  389) # 390 "./util_tecumf_mod.F90"
(  390) WRITE (KLUN, '(Z16.16," ",A)') CRC64 (YD%ENTR_RH), CDPATH//'%ENTR_RH'
(  391) # 392 "./util_tecumf_mod.F90"
(  392) WRITE (KLUN, '(Z16.16," ",A)') CRC64 (YD%ENTSHALP), CDPATH//'%ENTSHALP'
(  393) # 394 "./util_tecumf_mod.F90"
(  394) WRITE (KLUN, '(Z16.16," ",A)') CRC64 (YD%ENTSTPC1), CDPATH//'%ENTSTPC1'
(  395) # 396 "./util_tecumf_mod.F90"
(  396) WRITE (KLUN, '(Z16.16," ",A)') CRC64 (YD%ENTSTPC2), CDPATH//'%ENTSTPC2'
(  397) # 398 "./util_tecumf_mod.F90"
(  398) WRITE (KLUN, '(Z16.16," ",A)') CRC64 (YD%ENTSTPC3), CDPATH//'%ENTSTPC3'
(  399) # 400 "./util_tecumf_mod.F90"
(  400) WRITE (KLUN, '(Z16.16," ",A)') CRC64 (YD%ENTRDD), CDPATH//'%ENTRDD'
(  401) # 402 "./util_tecumf_mod.F90"
(  402) WRITE (KLUN, '(Z16.16," ",A)') CRC64 (YD%DETRPEN), CDPATH//'%DETRPEN'
(  403) # 404 "./util_tecumf_mod.F90"
(  404) WRITE (KLUN, '(Z16.16," ",A)') CRC64 (YD%RMFCFL), CDPATH//'%RMFCFL'
(  405) # 406 "./util_tecumf_mod.F90"
(  406) WRITE (KLUN, '(Z16.16," ",A)') CRC64 (YD%RMFLIA), CDPATH//'%RMFLIA'
(  407) # 408 "./util_tecumf_mod.F90"
(  408) WRITE (KLUN, '(Z16.16," ",A)') CRC64 (YD%RMFSOLUV), CDPATH//'%RMFSOLUV'
(  409) # 410 "./util_tecumf_mod.F90"
(  410) WRITE (KLUN, '(Z16.16," ",A)') CRC64 (YD%RMFSOLTQ), CDPATH//'%RMFSOLTQ'
(  411) # 412 "./util_tecumf_mod.F90"
(  412) WRITE (KLUN, '(Z16.16," ",A)') CRC64 (YD%RMFSOLCT), CDPATH//'%RMFSOLCT'
(  413) # 414 "./util_tecumf_mod.F90"
(  414) WRITE (KLUN, '(Z16.16," ",A)') CRC64 (YD%RMFSOLRHS), CDPATH//'%RMFSOLRHS'
(  415) # 416 "./util_tecumf_mod.F90"
(  416) WRITE (KLUN, '(Z16.16," ",A)') CRC64 (YD%RMFADVW), CDPATH//'%RMFADVW'






NVFORTRAN (Version     24.5)          03/19/2025  06:54:32      page 24

(  417) # 418 "./util_tecumf_mod.F90"
(  418) WRITE (KLUN, '(Z16.16," ",A)') CRC64 (YD%RMFADVWDD), CDPATH//'%RMFADVWDD'
(  419) # 420 "./util_tecumf_mod.F90"
(  420) WRITE (KLUN, '(Z16.16," ",A)') CRC64 (YD%RMFCMIN), CDPATH//'%RMFCMIN'
(  421) # 422 "./util_tecumf_mod.F90"
(  422) WRITE (KLUN, '(Z16.16," ",A)') CRC64 (YD%RMFDEPS), CDPATH//'%RMFDEPS'
(  423) # 424 "./util_tecumf_mod.F90"
(  424) WRITE (KLUN, '(Z16.16," ",A)') CRC64 (YD%RDEPTHS), CDPATH//'%RDEPTHS'
(  425) # 426 "./util_tecumf_mod.F90"
(  426) WRITE (KLUN, '(Z16.16," ",A)') CRC64 (YD%RPRCON), CDPATH//'%RPRCON'
(  427) # 428 "./util_tecumf_mod.F90"
(  428) WRITE (KLUN, '(Z16.16," ",A)') CRC64 (YD%RTAUA), CDPATH//'%RTAUA'
(  429) # 430 "./util_tecumf_mod.F90"
(  430) WRITE (KLUN, '(Z16.16," ",A)') CRC64 (YD%RCAPDCYCL), CDPATH//'%RCAPDCYCL'
(  431) # 432 "./util_tecumf_mod.F90"
(  432) WRITE (KLUN, '(Z16.16," ",A)') CRC64 (YD%RTAU0), CDPATH//'%RTAU0'
(  433) # 434 "./util_tecumf_mod.F90"
(  434) WRITE (KLUN, '(Z16.16," ",A)') CRC64 (YD%RCAPQADV), CDPATH//'%RCAPQADV'
(  435) # 436 "./util_tecumf_mod.F90"
(  436) WRITE (KLUN, '(Z16.16," ",A)') CRC64 (YD%RMINCAPE), CDPATH//'%RMINCAPE'
(  437) # 438 "./util_tecumf_mod.F90"
(  438) WRITE (KLUN, '(Z16.16," ",A)') CRC64 (YD%RCPECONS), CDPATH//'%RCPECONS'
(  439) # 440 "./util_tecumf_mod.F90"
(  440) WRITE (KLUN, '(Z16.16," ",A)') CRC64 (YD%RCVRFACTOR), CDPATH//'%RCVRFACTOR'
(  441) # 442 "./util_tecumf_mod.F90"
(  442) WRITE (KLUN, '(Z16.16," ",A)') CRC64 (YD%RCUCOV), CDPATH//'%RCUCOV'
(  443) # 444 "./util_tecumf_mod.F90"
(  444) WRITE (KLUN, '(Z16.16," ",A)') CRC64 (YD%RTAUMEL), CDPATH//'%RTAUMEL'
(  445) # 446 "./util_tecumf_mod.F90"
(  446) WRITE (KLUN, '(Z16.16," ",A)') CRC64 (YD%RHEBC), CDPATH//'%RHEBC'
(  447) # 448 "./util_tecumf_mod.F90"
(  448) WRITE (KLUN, '(Z16.16," ",A)') CRC64 (YD%RUVPER), CDPATH//'%RUVPER'
(  449) # 450 "./util_tecumf_mod.F90"
(  450) WRITE (KLUN, '(Z16.16," ",A)') CRC64 (YD%RBASE0), CDPATH//'%RBASE0'
(  451) # 452 "./util_tecumf_mod.F90"
(  452) WRITE (KLUN, '(Z16.16," ",A)') CRC64 (YD%RMINCIN), CDPATH//'%RMINCIN'
(  453) # 454 "./util_tecumf_mod.F90"
(  454) WRITE (KLUN, '(Z16.16," ",A)') CRC64 (YD%RXMIN), CDPATH//'%RXMIN'
(  455) # 456 "./util_tecumf_mod.F90"
(  456) WRITE (KLUN, '(Z16.16," ",A)') CRC64 (YD%RTAULIM), CDPATH//'%RTAULIM'
(  457) # 458 "./util_tecumf_mod.F90"
(  458) WRITE (KLUN, '(Z16.16," ",A)') CRC64 (YD%RTAUFAC), CDPATH//'%RTAUFAC'
(  459) # 460 "./util_tecumf_mod.F90"
(  460) WRITE (KLUN, '(Z16.16," ",A)') CRC64 (YD%RDXMIN), CDPATH//'%RDXMIN'
(  461) # 462 "./util_tecumf_mod.F90"
(  462) WRITE (KLUN, '(Z16.16," ",A)') CRC64 (YD%RDXMAX), CDPATH//'%RDXMAX'
(  463) # 464 "./util_tecumf_mod.F90"
(  464) WRITE (KLUN, '(Z16.16," ",A)') CRC64 (YD%LMFPEN), CDPATH//'%LMFPEN'
(  465) # 466 "./util_tecumf_mod.F90"
(  466) WRITE (KLUN, '(Z16.16," ",A)') CRC64 (YD%LMFSCV), CDPATH//'%LMFSCV'
(  467) # 468 "./util_tecumf_mod.F90"
(  468) WRITE (KLUN, '(Z16.16," ",A)') CRC64 (YD%LMFMID), CDPATH//'%LMFMID'
(  469) # 470 "./util_tecumf_mod.F90"
(  470) WRITE (KLUN, '(Z16.16," ",A)') CRC64 (YD%LMFDD), CDPATH//'%LMFDD'
(  471) # 472 "./util_tecumf_mod.F90"
(  472) WRITE (KLUN, '(Z16.16," ",A)') CRC64 (YD%LMFDUDV), CDPATH//'%LMFDUDV'
(  473) # 474 "./util_tecumf_mod.F90"
(  474) WRITE (KLUN, '(Z16.16," ",A)') CRC64 (YD%LMFDSNOW), CDPATH//'%LMFDSNOW'






NVFORTRAN (Version     24.5)          03/19/2025  06:54:32      page 25

(  475) # 476 "./util_tecumf_mod.F90"
(  476) WRITE (KLUN, '(Z16.16," ",A)') CRC64 (YD%LMFWETB), CDPATH//'%LMFWETB'
(  477) # 478 "./util_tecumf_mod.F90"
(  478) WRITE (KLUN, '(Z16.16," ",A)') CRC64 (YD%LMFGLAC), CDPATH//'%LMFGLAC'
(  479) # 480 "./util_tecumf_mod.F90"
(  480) WRITE (KLUN, '(Z16.16," ",A)') CRC64 (YD%LSCVLIQ), CDPATH//'%LSCVLIQ'
(  481) # 482 "./util_tecumf_mod.F90"
(  482) WRITE (KLUN, '(Z16.16," ",A)') CRC64 (YD%LNEWTAU), CDPATH//'%LNEWTAU'
(  483) # 484 "./util_tecumf_mod.F90"
(  484) WRITE (KLUN, '(Z16.16," ",A)') CRC64 (YD%LMFENTHCONS), CDPATH//'%LMFENTHCONS'
(  485) # 486 "./util_tecumf_mod.F90"
(  486) WRITE (KLUN, '(Z16.16," ",A)') CRC64 (YD%LMFUVDIS), CDPATH//'%LMFUVDIS'
(  487) # 488 "./util_tecumf_mod.F90"
(  488) WRITE (KLUN, '(Z16.16," ",A)') CRC64 (YD%LMFSMOOTH), CDPATH//'%LMFSMOOTH'
(  489) # 490 "./util_tecumf_mod.F90"
(  490) WRITE (KLUN, '(Z16.16," ",A)') CRC64 (YD%LMFWSTAR), CDPATH//'%LMFWSTAR'
(  491) # 492 "./util_tecumf_mod.F90"
(  492) WRITE (KLUN, '(Z16.16," ",A)') CRC64 (YD%LMFCUCA), CDPATH//'%LMFCUCA'
(  493) # 494 "./util_tecumf_mod.F90"
(  494) WRITE (KLUN, '(Z16.16," ",A)') CRC64 (YD%LMFPROFP), CDPATH//'%LMFPROFP'
(  495) # 496 "./util_tecumf_mod.F90"
(  496) WRITE (KLUN, '(Z16.16," ",A)') CRC64 (YD%NJKT1), CDPATH//'%NJKT1'
(  497) # 498 "./util_tecumf_mod.F90"
(  498) WRITE (KLUN, '(Z16.16," ",A)') CRC64 (YD%NJKT2), CDPATH//'%NJKT2'
(  499) # 500 "./util_tecumf_mod.F90"
(  500) WRITE (KLUN, '(Z16.16," ",A)') CRC64 (YD%NJKT3), CDPATH//'%NJKT3'
(  501) # 502 "./util_tecumf_mod.F90"
(  502) WRITE (KLUN, '(Z16.16," ",A)') CRC64 (YD%NJKT4), CDPATH//'%NJKT4'
(  503) # 504 "./util_tecumf_mod.F90"
(  504) WRITE (KLUN, '(Z16.16," ",A)') CRC64 (YD%NJKT5), CDPATH//'%NJKT5'
(  505) # 506 "./util_tecumf_mod.F90"
(  506) WRITE (KLUN, '(Z16.16," ",A)') CRC64 (YD%NJKT6), CDPATH//'%NJKT6'
(  507) # 508 "./util_tecumf_mod.F90"
(  508) WRITE (KLUN, '(Z16.16," ",A)') CRC64 (YD%NJKT7), CDPATH//'%NJKT7'
(  509) # 510 "./util_tecumf_mod.F90"
(  510) WRITE (KLUN, '(Z16.16," ",A)') CRC64 (YD%NJKT8), CDPATH//'%NJKT8'
(  511) # 512 "./util_tecumf_mod.F90"
(  512) END SUBROUTINE
(  513) # 514 "./util_tecumf_mod.F90"
(  514) SUBROUTINE WIPE_TECUMF (YD, LDDELETED, LDFIELDAPI)
(  515) # 516 "./util_tecumf_mod.F90"
(  516) IMPLICIT NONE
(  517) TYPE (TECUMF), INTENT (IN), TARGET :: YD
(  518) LOGICAL, OPTIONAL, INTENT (IN) :: LDDELETED, LDFIELDAPI
(  519) LOGICAL :: LLDELETED
(  520) LOGICAL :: LLFIELDAPI
(  521) # 522 "./util_tecumf_mod.F90"
(  522) LLFIELDAPI = .FALSE.
(  523) IF (PRESENT (LDFIELDAPI)) THEN
(  524)   LLFIELDAPI = LDFIELDAPI
(  525) ENDIF
(  526) # 589 "./util_tecumf_mod.F90"
(  589) LLDELETED = .FALSE.
(  590) IF (PRESENT (LDDELETED)) THEN
(  591)   LLDELETED = LDDELETED
(  592) ENDIF
(  593) IF (.NOT. LLDELETED) THEN
(  594)   !$acc exit data delete (YD)






NVFORTRAN (Version     24.5)          03/19/2025  06:54:32      page 26

(  595) ENDIF
(  596) END SUBROUTINE
(  597) # 598 "./util_tecumf_mod.F90"
(  598) INTEGER*8 FUNCTION SIZE_TECUMF (YD, CDPATH, LDPRINT) RESULT (KSIZE)
(  599) # 600 "./util_tecumf_mod.F90"
(  600) IMPLICIT NONE
(  601) TYPE (TECUMF),     INTENT (IN), TARGET :: YD
(  602) CHARACTER(LEN=*), INTENT (IN), OPTIONAL :: CDPATH
(  603) LOGICAL,          INTENT (IN), OPTIONAL :: LDPRINT
(  604) INTEGER*8 :: ISIZE, JSIZE
(  605) LOGICAL :: LLPRINT
(  606) CHARACTER(LEN=128) :: CLPATH
(  607) # 608 "./util_tecumf_mod.F90"
(  608) LLPRINT = .FALSE.
(  609) IF (PRESENT (LDPRINT)) THEN
(  610)   LLPRINT = LDPRINT
(  611) ENDIF
(  612) CLPATH=''
(  613) IF (PRESENT (CDPATH)) THEN
(  614)   CLPATH = CDPATH
(  615) ENDIF
(  616) KSIZE = 0
(  617) ISIZE = KIND (YD%ENTRORG)
(  618) IF (LLPRINT) THEN
(  619)   WRITE (*, '(I10," ")', ADVANCE='NO') ISIZE
(  620)   WRITE (*, *) TRIM (CLPATH)//'%ENTRORG'
(  621) ENDIF
(  622) KSIZE = KSIZE + ISIZE
(  623) ISIZE = KIND (YD%ENTRTEST)
(  624) IF (LLPRINT) THEN
(  625)   WRITE (*, '(I10," ")', ADVANCE='NO') ISIZE
(  626)   WRITE (*, *) TRIM (CLPATH)//'%ENTRTEST'
(  627) ENDIF
(  628) KSIZE = KSIZE + ISIZE
(  629) ISIZE = KIND (YD%ENTR_RH)
(  630) IF (LLPRINT) THEN
(  631)   WRITE (*, '(I10," ")', ADVANCE='NO') ISIZE
(  632)   WRITE (*, *) TRIM (CLPATH)//'%ENTR_RH'
(  633) ENDIF
(  634) KSIZE = KSIZE + ISIZE
(  635) ISIZE = KIND (YD%ENTSHALP)
(  636) IF (LLPRINT) THEN
(  637)   WRITE (*, '(I10," ")', ADVANCE='NO') ISIZE
(  638)   WRITE (*, *) TRIM (CLPATH)//'%ENTSHALP'
(  639) ENDIF
(  640) KSIZE = KSIZE + ISIZE
(  641) ISIZE = KIND (YD%ENTSTPC1)
(  642) IF (LLPRINT) THEN
(  643)   WRITE (*, '(I10," ")', ADVANCE='NO') ISIZE
(  644)   WRITE (*, *) TRIM (CLPATH)//'%ENTSTPC1'
(  645) ENDIF
(  646) KSIZE = KSIZE + ISIZE
(  647) ISIZE = KIND (YD%ENTSTPC2)
(  648) IF (LLPRINT) THEN
(  649)   WRITE (*, '(I10," ")', ADVANCE='NO') ISIZE
(  650)   WRITE (*, *) TRIM (CLPATH)//'%ENTSTPC2'
(  651) ENDIF
(  652) KSIZE = KSIZE + ISIZE






NVFORTRAN (Version     24.5)          03/19/2025  06:54:32      page 27

(  653) ISIZE = KIND (YD%ENTSTPC3)
(  654) IF (LLPRINT) THEN
(  655)   WRITE (*, '(I10," ")', ADVANCE='NO') ISIZE
(  656)   WRITE (*, *) TRIM (CLPATH)//'%ENTSTPC3'
(  657) ENDIF
(  658) KSIZE = KSIZE + ISIZE
(  659) ISIZE = KIND (YD%ENTRDD)
(  660) IF (LLPRINT) THEN
(  661)   WRITE (*, '(I10," ")', ADVANCE='NO') ISIZE
(  662)   WRITE (*, *) TRIM (CLPATH)//'%ENTRDD'
(  663) ENDIF
(  664) KSIZE = KSIZE + ISIZE
(  665) ISIZE = KIND (YD%DETRPEN)
(  666) IF (LLPRINT) THEN
(  667)   WRITE (*, '(I10," ")', ADVANCE='NO') ISIZE
(  668)   WRITE (*, *) TRIM (CLPATH)//'%DETRPEN'
(  669) ENDIF
(  670) KSIZE = KSIZE + ISIZE
(  671) ISIZE = KIND (YD%RMFCFL)
(  672) IF (LLPRINT) THEN
(  673)   WRITE (*, '(I10," ")', ADVANCE='NO') ISIZE
(  674)   WRITE (*, *) TRIM (CLPATH)//'%RMFCFL'
(  675) ENDIF
(  676) KSIZE = KSIZE + ISIZE
(  677) ISIZE = KIND (YD%RMFLIA)
(  678) IF (LLPRINT) THEN
(  679)   WRITE (*, '(I10," ")', ADVANCE='NO') ISIZE
(  680)   WRITE (*, *) TRIM (CLPATH)//'%RMFLIA'
(  681) ENDIF
(  682) KSIZE = KSIZE + ISIZE
(  683) ISIZE = KIND (YD%RMFSOLUV)
(  684) IF (LLPRINT) THEN
(  685)   WRITE (*, '(I10," ")', ADVANCE='NO') ISIZE
(  686)   WRITE (*, *) TRIM (CLPATH)//'%RMFSOLUV'
(  687) ENDIF
(  688) KSIZE = KSIZE + ISIZE
(  689) ISIZE = KIND (YD%RMFSOLTQ)
(  690) IF (LLPRINT) THEN
(  691)   WRITE (*, '(I10," ")', ADVANCE='NO') ISIZE
(  692)   WRITE (*, *) TRIM (CLPATH)//'%RMFSOLTQ'
(  693) ENDIF
(  694) KSIZE = KSIZE + ISIZE
(  695) ISIZE = KIND (YD%RMFSOLCT)
(  696) IF (LLPRINT) THEN
(  697)   WRITE (*, '(I10," ")', ADVANCE='NO') ISIZE
(  698)   WRITE (*, *) TRIM (CLPATH)//'%RMFSOLCT'
(  699) ENDIF
(  700) KSIZE = KSIZE + ISIZE
(  701) ISIZE = KIND (YD%RMFSOLRHS)
(  702) IF (LLPRINT) THEN
(  703)   WRITE (*, '(I10," ")', ADVANCE='NO') ISIZE
(  704)   WRITE (*, *) TRIM (CLPATH)//'%RMFSOLRHS'
(  705) ENDIF
(  706) KSIZE = KSIZE + ISIZE
(  707) ISIZE = KIND (YD%RMFADVW)
(  708) IF (LLPRINT) THEN
(  709)   WRITE (*, '(I10," ")', ADVANCE='NO') ISIZE
(  710)   WRITE (*, *) TRIM (CLPATH)//'%RMFADVW'






NVFORTRAN (Version     24.5)          03/19/2025  06:54:32      page 28

(  711) ENDIF
(  712) KSIZE = KSIZE + ISIZE
(  713) ISIZE = KIND (YD%RMFADVWDD)
(  714) IF (LLPRINT) THEN
(  715)   WRITE (*, '(I10," ")', ADVANCE='NO') ISIZE
(  716)   WRITE (*, *) TRIM (CLPATH)//'%RMFADVWDD'
(  717) ENDIF
(  718) KSIZE = KSIZE + ISIZE
(  719) ISIZE = KIND (YD%RMFCMIN)
(  720) IF (LLPRINT) THEN
(  721)   WRITE (*, '(I10," ")', ADVANCE='NO') ISIZE
(  722)   WRITE (*, *) TRIM (CLPATH)//'%RMFCMIN'
(  723) ENDIF
(  724) KSIZE = KSIZE + ISIZE
(  725) ISIZE = KIND (YD%RMFDEPS)
(  726) IF (LLPRINT) THEN
(  727)   WRITE (*, '(I10," ")', ADVANCE='NO') ISIZE
(  728)   WRITE (*, *) TRIM (CLPATH)//'%RMFDEPS'
(  729) ENDIF
(  730) KSIZE = KSIZE + ISIZE
(  731) ISIZE = KIND (YD%RDEPTHS)
(  732) IF (LLPRINT) THEN
(  733)   WRITE (*, '(I10," ")', ADVANCE='NO') ISIZE
(  734)   WRITE (*, *) TRIM (CLPATH)//'%RDEPTHS'
(  735) ENDIF
(  736) KSIZE = KSIZE + ISIZE
(  737) ISIZE = KIND (YD%RPRCON)
(  738) IF (LLPRINT) THEN
(  739)   WRITE (*, '(I10," ")', ADVANCE='NO') ISIZE
(  740)   WRITE (*, *) TRIM (CLPATH)//'%RPRCON'
(  741) ENDIF
(  742) KSIZE = KSIZE + ISIZE
(  743) ISIZE = KIND (YD%RTAUA)
(  744) IF (LLPRINT) THEN
(  745)   WRITE (*, '(I10," ")', ADVANCE='NO') ISIZE
(  746)   WRITE (*, *) TRIM (CLPATH)//'%RTAUA'
(  747) ENDIF
(  748) KSIZE = KSIZE + ISIZE
(  749) ISIZE = KIND (YD%RCAPDCYCL)
(  750) IF (LLPRINT) THEN
(  751)   WRITE (*, '(I10," ")', ADVANCE='NO') ISIZE
(  752)   WRITE (*, *) TRIM (CLPATH)//'%RCAPDCYCL'
(  753) ENDIF
(  754) KSIZE = KSIZE + ISIZE
(  755) ISIZE = KIND (YD%RTAU0)
(  756) IF (LLPRINT) THEN
(  757)   WRITE (*, '(I10," ")', ADVANCE='NO') ISIZE
(  758)   WRITE (*, *) TRIM (CLPATH)//'%RTAU0'
(  759) ENDIF
(  760) KSIZE = KSIZE + ISIZE
(  761) ISIZE = KIND (YD%RCAPQADV)
(  762) IF (LLPRINT) THEN
(  763)   WRITE (*, '(I10," ")', ADVANCE='NO') ISIZE
(  764)   WRITE (*, *) TRIM (CLPATH)//'%RCAPQADV'
(  765) ENDIF
(  766) KSIZE = KSIZE + ISIZE
(  767) ISIZE = KIND (YD%RMINCAPE)
(  768) IF (LLPRINT) THEN






NVFORTRAN (Version     24.5)          03/19/2025  06:54:32      page 29

(  769)   WRITE (*, '(I10," ")', ADVANCE='NO') ISIZE
(  770)   WRITE (*, *) TRIM (CLPATH)//'%RMINCAPE'
(  771) ENDIF
(  772) KSIZE = KSIZE + ISIZE
(  773) ISIZE = KIND (YD%RCPECONS)
(  774) IF (LLPRINT) THEN
(  775)   WRITE (*, '(I10," ")', ADVANCE='NO') ISIZE
(  776)   WRITE (*, *) TRIM (CLPATH)//'%RCPECONS'
(  777) ENDIF
(  778) KSIZE = KSIZE + ISIZE
(  779) ISIZE = KIND (YD%RCVRFACTOR)
(  780) IF (LLPRINT) THEN
(  781)   WRITE (*, '(I10," ")', ADVANCE='NO') ISIZE
(  782)   WRITE (*, *) TRIM (CLPATH)//'%RCVRFACTOR'
(  783) ENDIF
(  784) KSIZE = KSIZE + ISIZE
(  785) ISIZE = KIND (YD%RCUCOV)
(  786) IF (LLPRINT) THEN
(  787)   WRITE (*, '(I10," ")', ADVANCE='NO') ISIZE
(  788)   WRITE (*, *) TRIM (CLPATH)//'%RCUCOV'
(  789) ENDIF
(  790) KSIZE = KSIZE + ISIZE
(  791) ISIZE = KIND (YD%RTAUMEL)
(  792) IF (LLPRINT) THEN
(  793)   WRITE (*, '(I10," ")', ADVANCE='NO') ISIZE
(  794)   WRITE (*, *) TRIM (CLPATH)//'%RTAUMEL'
(  795) ENDIF
(  796) KSIZE = KSIZE + ISIZE
(  797) ISIZE = KIND (YD%RHEBC)
(  798) IF (LLPRINT) THEN
(  799)   WRITE (*, '(I10," ")', ADVANCE='NO') ISIZE
(  800)   WRITE (*, *) TRIM (CLPATH)//'%RHEBC'
(  801) ENDIF
(  802) KSIZE = KSIZE + ISIZE
(  803) ISIZE = KIND (YD%RUVPER)
(  804) IF (LLPRINT) THEN
(  805)   WRITE (*, '(I10," ")', ADVANCE='NO') ISIZE
(  806)   WRITE (*, *) TRIM (CLPATH)//'%RUVPER'
(  807) ENDIF
(  808) KSIZE = KSIZE + ISIZE
(  809) ISIZE = KIND (YD%RBASE0)
(  810) IF (LLPRINT) THEN
(  811)   WRITE (*, '(I10," ")', ADVANCE='NO') ISIZE
(  812)   WRITE (*, *) TRIM (CLPATH)//'%RBASE0'
(  813) ENDIF
(  814) KSIZE = KSIZE + ISIZE
(  815) ISIZE = KIND (YD%RMINCIN)
(  816) IF (LLPRINT) THEN
(  817)   WRITE (*, '(I10," ")', ADVANCE='NO') ISIZE
(  818)   WRITE (*, *) TRIM (CLPATH)//'%RMINCIN'
(  819) ENDIF
(  820) KSIZE = KSIZE + ISIZE
(  821) ISIZE = KIND (YD%RXMIN)
(  822) IF (LLPRINT) THEN
(  823)   WRITE (*, '(I10," ")', ADVANCE='NO') ISIZE
(  824)   WRITE (*, *) TRIM (CLPATH)//'%RXMIN'
(  825) ENDIF
(  826) KSIZE = KSIZE + ISIZE






NVFORTRAN (Version     24.5)          03/19/2025  06:54:32      page 30

(  827) ISIZE = KIND (YD%RTAULIM)
(  828) IF (LLPRINT) THEN
(  829)   WRITE (*, '(I10," ")', ADVANCE='NO') ISIZE
(  830)   WRITE (*, *) TRIM (CLPATH)//'%RTAULIM'
(  831) ENDIF
(  832) KSIZE = KSIZE + ISIZE
(  833) ISIZE = KIND (YD%RTAUFAC)
(  834) IF (LLPRINT) THEN
(  835)   WRITE (*, '(I10," ")', ADVANCE='NO') ISIZE
(  836)   WRITE (*, *) TRIM (CLPATH)//'%RTAUFAC'
(  837) ENDIF
(  838) KSIZE = KSIZE + ISIZE
(  839) ISIZE = KIND (YD%RDXMIN)
(  840) IF (LLPRINT) THEN
(  841)   WRITE (*, '(I10," ")', ADVANCE='NO') ISIZE
(  842)   WRITE (*, *) TRIM (CLPATH)//'%RDXMIN'
(  843) ENDIF
(  844) KSIZE = KSIZE + ISIZE
(  845) ISIZE = KIND (YD%RDXMAX)
(  846) IF (LLPRINT) THEN
(  847)   WRITE (*, '(I10," ")', ADVANCE='NO') ISIZE
(  848)   WRITE (*, *) TRIM (CLPATH)//'%RDXMAX'
(  849) ENDIF
(  850) KSIZE = KSIZE + ISIZE
(  851) ISIZE = KIND (YD%LMFPEN)
(  852) IF (LLPRINT) THEN
(  853)   WRITE (*, '(I10," ")', ADVANCE='NO') ISIZE
(  854)   WRITE (*, *) TRIM (CLPATH)//'%LMFPEN'
(  855) ENDIF
(  856) KSIZE = KSIZE + ISIZE
(  857) ISIZE = KIND (YD%LMFSCV)
(  858) IF (LLPRINT) THEN
(  859)   WRITE (*, '(I10," ")', ADVANCE='NO') ISIZE
(  860)   WRITE (*, *) TRIM (CLPATH)//'%LMFSCV'
(  861) ENDIF
(  862) KSIZE = KSIZE + ISIZE
(  863) ISIZE = KIND (YD%LMFMID)
(  864) IF (LLPRINT) THEN
(  865)   WRITE (*, '(I10," ")', ADVANCE='NO') ISIZE
(  866)   WRITE (*, *) TRIM (CLPATH)//'%LMFMID'
(  867) ENDIF
(  868) KSIZE = KSIZE + ISIZE
(  869) ISIZE = KIND (YD%LMFDD)
(  870) IF (LLPRINT) THEN
(  871)   WRITE (*, '(I10," ")', ADVANCE='NO') ISIZE
(  872)   WRITE (*, *) TRIM (CLPATH)//'%LMFDD'
(  873) ENDIF
(  874) KSIZE = KSIZE + ISIZE
(  875) ISIZE = KIND (YD%LMFDUDV)
(  876) IF (LLPRINT) THEN
(  877)   WRITE (*, '(I10," ")', ADVANCE='NO') ISIZE
(  878)   WRITE (*, *) TRIM (CLPATH)//'%LMFDUDV'
(  879) ENDIF
(  880) KSIZE = KSIZE + ISIZE
(  881) ISIZE = KIND (YD%LMFDSNOW)
(  882) IF (LLPRINT) THEN
(  883)   WRITE (*, '(I10," ")', ADVANCE='NO') ISIZE
(  884)   WRITE (*, *) TRIM (CLPATH)//'%LMFDSNOW'






NVFORTRAN (Version     24.5)          03/19/2025  06:54:32      page 31

(  885) ENDIF
(  886) KSIZE = KSIZE + ISIZE
(  887) ISIZE = KIND (YD%LMFWETB)
(  888) IF (LLPRINT) THEN
(  889)   WRITE (*, '(I10," ")', ADVANCE='NO') ISIZE
(  890)   WRITE (*, *) TRIM (CLPATH)//'%LMFWETB'
(  891) ENDIF
(  892) KSIZE = KSIZE + ISIZE
(  893) ISIZE = KIND (YD%LMFGLAC)
(  894) IF (LLPRINT) THEN
(  895)   WRITE (*, '(I10," ")', ADVANCE='NO') ISIZE
(  896)   WRITE (*, *) TRIM (CLPATH)//'%LMFGLAC'
(  897) ENDIF
(  898) KSIZE = KSIZE + ISIZE
(  899) ISIZE = KIND (YD%LSCVLIQ)
(  900) IF (LLPRINT) THEN
(  901)   WRITE (*, '(I10," ")', ADVANCE='NO') ISIZE
(  902)   WRITE (*, *) TRIM (CLPATH)//'%LSCVLIQ'
(  903) ENDIF
(  904) KSIZE = KSIZE + ISIZE
(  905) ISIZE = KIND (YD%LNEWTAU)
(  906) IF (LLPRINT) THEN
(  907)   WRITE (*, '(I10," ")', ADVANCE='NO') ISIZE
(  908)   WRITE (*, *) TRIM (CLPATH)//'%LNEWTAU'
(  909) ENDIF
(  910) KSIZE = KSIZE + ISIZE
(  911) ISIZE = KIND (YD%LMFENTHCONS)
(  912) IF (LLPRINT) THEN
(  913)   WRITE (*, '(I10," ")', ADVANCE='NO') ISIZE
(  914)   WRITE (*, *) TRIM (CLPATH)//'%LMFENTHCONS'
(  915) ENDIF
(  916) KSIZE = KSIZE + ISIZE
(  917) ISIZE = KIND (YD%LMFUVDIS)
(  918) IF (LLPRINT) THEN
(  919)   WRITE (*, '(I10," ")', ADVANCE='NO') ISIZE
(  920)   WRITE (*, *) TRIM (CLPATH)//'%LMFUVDIS'
(  921) ENDIF
(  922) KSIZE = KSIZE + ISIZE
(  923) ISIZE = KIND (YD%LMFSMOOTH)
(  924) IF (LLPRINT) THEN
(  925)   WRITE (*, '(I10," ")', ADVANCE='NO') ISIZE
(  926)   WRITE (*, *) TRIM (CLPATH)//'%LMFSMOOTH'
(  927) ENDIF
(  928) KSIZE = KSIZE + ISIZE
(  929) ISIZE = KIND (YD%LMFWSTAR)
(  930) IF (LLPRINT) THEN
(  931)   WRITE (*, '(I10," ")', ADVANCE='NO') ISIZE
(  932)   WRITE (*, *) TRIM (CLPATH)//'%LMFWSTAR'
(  933) ENDIF
(  934) KSIZE = KSIZE + ISIZE
(  935) ISIZE = KIND (YD%LMFCUCA)
(  936) IF (LLPRINT) THEN
(  937)   WRITE (*, '(I10," ")', ADVANCE='NO') ISIZE
(  938)   WRITE (*, *) TRIM (CLPATH)//'%LMFCUCA'
(  939) ENDIF
(  940) KSIZE = KSIZE + ISIZE
(  941) ISIZE = KIND (YD%LMFPROFP)
(  942) IF (LLPRINT) THEN






NVFORTRAN (Version     24.5)          03/19/2025  06:54:32      page 32

(  943)   WRITE (*, '(I10," ")', ADVANCE='NO') ISIZE
(  944)   WRITE (*, *) TRIM (CLPATH)//'%LMFPROFP'
(  945) ENDIF
(  946) KSIZE = KSIZE + ISIZE
(  947) ISIZE = KIND (YD%NJKT1)
(  948) IF (LLPRINT) THEN
(  949)   WRITE (*, '(I10," ")', ADVANCE='NO') ISIZE
(  950)   WRITE (*, *) TRIM (CLPATH)//'%NJKT1'
(  951) ENDIF
(  952) KSIZE = KSIZE + ISIZE
(  953) ISIZE = KIND (YD%NJKT2)
(  954) IF (LLPRINT) THEN
(  955)   WRITE (*, '(I10," ")', ADVANCE='NO') ISIZE
(  956)   WRITE (*, *) TRIM (CLPATH)//'%NJKT2'
(  957) ENDIF
(  958) KSIZE = KSIZE + ISIZE
(  959) ISIZE = KIND (YD%NJKT3)
(  960) IF (LLPRINT) THEN
(  961)   WRITE (*, '(I10," ")', ADVANCE='NO') ISIZE
(  962)   WRITE (*, *) TRIM (CLPATH)//'%NJKT3'
(  963) ENDIF
(  964) KSIZE = KSIZE + ISIZE
(  965) ISIZE = KIND (YD%NJKT4)
(  966) IF (LLPRINT) THEN
(  967)   WRITE (*, '(I10," ")', ADVANCE='NO') ISIZE
(  968)   WRITE (*, *) TRIM (CLPATH)//'%NJKT4'
(  969) ENDIF
(  970) KSIZE = KSIZE + ISIZE
(  971) ISIZE = KIND (YD%NJKT5)
(  972) IF (LLPRINT) THEN
(  973)   WRITE (*, '(I10," ")', ADVANCE='NO') ISIZE
(  974)   WRITE (*, *) TRIM (CLPATH)//'%NJKT5'
(  975) ENDIF
(  976) KSIZE = KSIZE + ISIZE
(  977) ISIZE = KIND (YD%NJKT6)
(  978) IF (LLPRINT) THEN
(  979)   WRITE (*, '(I10," ")', ADVANCE='NO') ISIZE
(  980)   WRITE (*, *) TRIM (CLPATH)//'%NJKT6'
(  981) ENDIF
(  982) KSIZE = KSIZE + ISIZE
(  983) ISIZE = KIND (YD%NJKT7)
(  984) IF (LLPRINT) THEN
(  985)   WRITE (*, '(I10," ")', ADVANCE='NO') ISIZE
(  986)   WRITE (*, *) TRIM (CLPATH)//'%NJKT7'
(  987) ENDIF
(  988) KSIZE = KSIZE + ISIZE
(  989) ISIZE = KIND (YD%NJKT8)
(  990) IF (LLPRINT) THEN
(  991)   WRITE (*, '(I10," ")', ADVANCE='NO') ISIZE
(  992)   WRITE (*, *) TRIM (CLPATH)//'%NJKT8'
(  993) ENDIF
(  994) KSIZE = KSIZE + ISIZE
(  995) END FUNCTION
(  996) # 997 "./util_tecumf_mod.F90"
(  997) END MODULE
