


NVFORTRAN (Version     24.5)          03/19/2025  06:54:33      page 1

Switches: -noasm -nodclchk -debug -nodlines -line -list
          -idir /opt/softs/gcc/9.2.0/hpc_sdk/Linux_x86_64/24.5/comm_libs/12.4/hpcx/hpcx-2.19/ompi/include
          -idir /opt/softs/gcc/9.2.0/hpc_sdk/Linux_x86_64/24.5/comm_libs/12.4/hpcx/hpcx-2.19/ompi/lib
          -inform severe -opt 1 -nosave -object -noonetrip
          -depchk on -nostandard     
          -symbol -noupcase    

Filename: ./util_tephy_mod.F90

(    1) MODULE UTIL_TEPHY_MOD
(    2) 
(    3) USE YOEPHY, ONLY : TEPHY
(    4) 
(    5) INTERFACE SAVE
(    6) MODULE PROCEDURE SAVE_TEPHY
(    7) END INTERFACE
(    8) 
(    9) INTERFACE LOAD
(   10) MODULE PROCEDURE LOAD_TEPHY
(   11) END INTERFACE
(   12) 
(   13) INTERFACE COPY
(   14) MODULE PROCEDURE COPY_TEPHY
(   15) END INTERFACE
(   16) 
(   17) INTERFACE HOST
(   18) MODULE PROCEDURE HOST_TEPHY
(   19) END INTERFACE
(   20) 
(   21)      
(   22) INTERFACE CRC64
(   23) MODULE PROCEDURE CRC64_TEPHY
(   24) END INTERFACE
(   25) 
(   26) INTERFACE WIPE
(   27) MODULE PROCEDURE WIPE_TEPHY
(   28) END INTERFACE
(   29) 
(   30) INTERFACE SIZE
(   31) MODULE PROCEDURE SIZE_TEPHY
(   32) END INTERFACE
(   33) 
(   34) 
(   35) CONTAINS
(   36) 
(   37) SUBROUTINE SAVE_TEPHY (KLUN, YD)
(   38) 
(   39) IMPLICIT NONE
(   40) INTEGER, INTENT (IN) :: KLUN
(   41) TYPE (TEPHY), INTENT (IN), TARGET :: YD
(   42) 
(   43) WRITE (KLUN) YD%LEPHYS
(   44) WRITE (KLUN) YD%LECOND
(   45) WRITE (KLUN) YD%LECUMF
(   46) WRITE (KLUN) YD%LEDCLD
(   47) WRITE (KLUN) YD%LEEVAP
(   48) WRITE (KLUN) YD%LEGWDG
(   49) WRITE (KLUN) YD%LEGWWMS
(   50) WRITE (KLUN) YD%LEOZOC






NVFORTRAN (Version     24.5)          03/19/2025  06:54:33      page 2

(   51) WRITE (KLUN) YD%LEQNGT
(   52) WRITE (KLUN) YD%LERADI
(   53) WRITE (KLUN) YD%LERADIMPL
(   54) WRITE (KLUN) YD%LERADS
(   55) WRITE (KLUN) YD%LESICE
(   56) WRITE (KLUN) YD%LESURF
(   57) WRITE (KLUN) YD%LEVDIF
(   58) WRITE (KLUN) YD%LEVDIFSL
(   59) WRITE (KLUN) YD%LAGPHY
(   60) WRITE (KLUN) YD%LEPCLD
(   61) WRITE (KLUN) YD%LEO3CH
(   62) WRITE (KLUN) YD%LO3CH_SAFE
(   63) WRITE (KLUN) YD%LO3CH_OLDVER
(   64) WRITE (KLUN) YD%LO3CH_BMS
(   65) WRITE (KLUN) YD%LO3CH_HLO
(   66) WRITE (KLUN) YD%CO3CHEM
(   67) WRITE (KLUN) YD%LNEEONLINE
(   68) WRITE (KLUN) YD%LWETONLINE
(   69) WRITE (KLUN) YD%LBUD23
(   70) WRITE (KLUN) YD%LPPTILES
(   71) WRITE (KLUN) YD%LBUDCYCLE
(   72) WRITE (KLUN) YD%LEXTRATEND
(   73) WRITE (KLUN) YD%LEMETHOX
(   74) WRITE (KLUN) YD%LECURR
(   75) WRITE (KLUN) YD%LESURFTRAJ
(   76) WRITE (KLUN) YD%LVDFTRAC
(   77) WRITE (KLUN) YD%LVDFNEWTRAC
(   78) WRITE (KLUN) YD%LMFTRAC
(   79) WRITE (KLUN) YD%LMFSCAV
(   80) WRITE (KLUN) YD%LERAIN
(   81) WRITE (KLUN) YD%LEMWAVE
(   82) WRITE (KLUN) YD%LEGBRAD
(   83) WRITE (KLUN) YD%LERAINGG
(   84) WRITE (KLUN) YD%LESMOS
(   85) WRITE (KLUN) YD%LESMAP
(   86) WRITE (KLUN) YD%LEOCWA
(   87) WRITE (KLUN) YD%LEOCCO
(   88) WRITE (KLUN) YD%LEOCSA
(   89) WRITE (KLUN) YD%LEOCLA
(   90) WRITE (KLUN) YD%LEVGEN
(   91) WRITE (KLUN) YD%LESSRO
(   92) WRITE (KLUN) YD%LEFLAKE
(   93) WRITE (KLUN) YD%LEOCML
(   94) WRITE (KLUN) YD%LEOBC
(   95) WRITE (KLUN) YD%LEOBCMAX
(   96) WRITE (KLUN) YD%REOBCMAX
(   97) WRITE (KLUN) YD%LEOBCICE
(   98) WRITE (KLUN) YD%LEOCLAKE
(   99) WRITE (KLUN) YD%LEOLAKESST
(  100) WRITE (KLUN) YD%LOCMLTKE
(  101) WRITE (KLUN) YD%LECLIPQT0
(  102) WRITE (KLUN) YD%LECLIPCLDT0
(  103) WRITE (KLUN) YD%LDUCTDIA
(  104) WRITE (KLUN) YD%LDIAGTURB_EC
(  105) WRITE (KLUN) YD%LDIAGTURBGRAD_EC
(  106) WRITE (KLUN) YD%LSLPHY
(  107) WRITE (KLUN) YD%LESN09
(  108) WRITE (KLUN) YD%LELAIV






NVFORTRAN (Version     24.5)          03/19/2025  06:54:33      page 3

(  109) WRITE (KLUN) YD%LECTESSEL
(  110) WRITE (KLUN) YD%LEAGS
(  111) WRITE (KLUN) YD%LEFARQUHAR
(  112) WRITE (KLUN) YD%LEOPTSURF
(  113) WRITE (KLUN) YD%LEC4MAP
(  114) WRITE (KLUN) YD%LEAIRCO2COUP
(  115) WRITE (KLUN) YD%LELIGHT
(  116) WRITE (KLUN) YD%LVEXTRDYNACC
(  117) WRITE (KLUN) YD%RTHRFRTI
(  118) WRITE (KLUN) YD%RCIMIN
(  119) WRITE (KLUN) YD%RLAIINT
(  120) WRITE (KLUN) YD%NPRACCL
(  121) WRITE (KLUN) YD%NLIMODE
(  122) WRITE (KLUN) YD%LECLIM10D
(  123) WRITE (KLUN) YD%LESNML
(  124) WRITE (KLUN) YD%LEURBAN
(  125) WRITE (KLUN) YD%NSNMLWS
(  126) WRITE (KLUN) YD%LBFASCO2
(  127) WRITE (KLUN) YD%NCO2CLIMYY1
(  128) WRITE (KLUN) YD%NCO2CLIMYY2
(  129) WRITE (KLUN) YD%NCO2CLIMN1
(  130) WRITE (KLUN) YD%NCO2CLIMN2
(  131) WRITE (KLUN) YD%NCO2CLIMFRQ
(  132) WRITE (KLUN) YD%NALBEDOSCHEME
(  133) WRITE (KLUN) YD%NEMISSSCHEME
(  134) WRITE (KLUN) YD%RALFMINPSN
(  135) WRITE (KLUN) YD%RNORTHML
(  136) WRITE (KLUN) YD%RSOUTHML
(  137) WRITE (KLUN) YD%RWESTML
(  138) WRITE (KLUN) YD%REASTML
(  139) WRITE (KLUN) YD%INVML
(  140) WRITE (KLUN) YD%LFPOS_EC_PHYS
(  141) WRITE (KLUN) YD%LFPOS_ACC_RESET
(  142) WRITE (KLUN) YD%LRAD_CLOUD_INHOMOG
(  143) END SUBROUTINE
(  144) 
(  145) SUBROUTINE LOAD_TEPHY (KLUN, YD)
(  146) USE PARKIND1, ONLY : JPRD
(  147) 
(  148) IMPLICIT NONE
(  149) INTEGER, INTENT (IN) :: KLUN
(  150) TYPE (TEPHY), INTENT (OUT), TARGET :: YD
(  151) REAL(KIND=JPRD) :: ZTMP0
(  152) READ (KLUN) YD%LEPHYS
(  153) READ (KLUN) YD%LECOND
(  154) READ (KLUN) YD%LECUMF
(  155) READ (KLUN) YD%LEDCLD
(  156) READ (KLUN) YD%LEEVAP
(  157) READ (KLUN) YD%LEGWDG
(  158) READ (KLUN) YD%LEGWWMS
(  159) READ (KLUN) YD%LEOZOC
(  160) READ (KLUN) YD%LEQNGT
(  161) READ (KLUN) YD%LERADI
(  162) READ (KLUN) YD%LERADIMPL
(  163) READ (KLUN) YD%LERADS
(  164) READ (KLUN) YD%LESICE
(  165) READ (KLUN) YD%LESURF
(  166) READ (KLUN) YD%LEVDIF






NVFORTRAN (Version     24.5)          03/19/2025  06:54:33      page 4

(  167) READ (KLUN) YD%LEVDIFSL
(  168) READ (KLUN) YD%LAGPHY
(  169) READ (KLUN) YD%LEPCLD
(  170) READ (KLUN) YD%LEO3CH
(  171) READ (KLUN) YD%LO3CH_SAFE
(  172) READ (KLUN) YD%LO3CH_OLDVER
(  173) READ (KLUN) YD%LO3CH_BMS
(  174) READ (KLUN) YD%LO3CH_HLO
(  175) READ (KLUN) YD%CO3CHEM
(  176) READ (KLUN) YD%LNEEONLINE
(  177) READ (KLUN) YD%LWETONLINE
(  178) READ (KLUN) YD%LBUD23
(  179) READ (KLUN) YD%LPPTILES
(  180) READ (KLUN) YD%LBUDCYCLE
(  181) READ (KLUN) YD%LEXTRATEND
(  182) READ (KLUN) YD%LEMETHOX
(  183) READ (KLUN) YD%LECURR
(  184) READ (KLUN) YD%LESURFTRAJ
(  185) READ (KLUN) YD%LVDFTRAC
(  186) READ (KLUN) YD%LVDFNEWTRAC
(  187) READ (KLUN) YD%LMFTRAC
(  188) READ (KLUN) YD%LMFSCAV
(  189) READ (KLUN) YD%LERAIN
(  190) READ (KLUN) YD%LEMWAVE
(  191) READ (KLUN) YD%LEGBRAD
(  192) READ (KLUN) YD%LERAINGG
(  193) READ (KLUN) YD%LESMOS
(  194) READ (KLUN) YD%LESMAP
(  195) READ (KLUN) YD%LEOCWA
(  196) READ (KLUN) YD%LEOCCO
(  197) READ (KLUN) YD%LEOCSA
(  198) READ (KLUN) YD%LEOCLA
(  199) READ (KLUN) YD%LEVGEN
(  200) READ (KLUN) YD%LESSRO
(  201) READ (KLUN) YD%LEFLAKE
(  202) READ (KLUN) YD%LEOCML
(  203) READ (KLUN) YD%LEOBC
(  204) READ (KLUN) YD%LEOBCMAX
(  205) READ (KLUN) ZTMP0
(  206) YD%REOBCMAX = ZTMP0
(  207) READ (KLUN) YD%LEOBCICE
(  208) READ (KLUN) YD%LEOCLAKE
(  209) READ (KLUN) YD%LEOLAKESST
(  210) READ (KLUN) YD%LOCMLTKE
(  211) READ (KLUN) YD%LECLIPQT0
(  212) READ (KLUN) YD%LECLIPCLDT0
(  213) READ (KLUN) YD%LDUCTDIA
(  214) READ (KLUN) YD%LDIAGTURB_EC
(  215) READ (KLUN) YD%LDIAGTURBGRAD_EC
(  216) READ (KLUN) YD%LSLPHY
(  217) READ (KLUN) YD%LESN09
(  218) READ (KLUN) YD%LELAIV
(  219) READ (KLUN) YD%LECTESSEL
(  220) READ (KLUN) YD%LEAGS
(  221) READ (KLUN) YD%LEFARQUHAR
(  222) READ (KLUN) YD%LEOPTSURF
(  223) READ (KLUN) YD%LEC4MAP
(  224) READ (KLUN) YD%LEAIRCO2COUP






NVFORTRAN (Version     24.5)          03/19/2025  06:54:33      page 5

(  225) READ (KLUN) YD%LELIGHT
(  226) READ (KLUN) YD%LVEXTRDYNACC
(  227) READ (KLUN) ZTMP0
(  228) YD%RTHRFRTI = ZTMP0
(  229) READ (KLUN) ZTMP0
(  230) YD%RCIMIN = ZTMP0
(  231) READ (KLUN) ZTMP0
(  232) YD%RLAIINT = ZTMP0
(  233) READ (KLUN) YD%NPRACCL
(  234) READ (KLUN) YD%NLIMODE
(  235) READ (KLUN) YD%LECLIM10D
(  236) READ (KLUN) YD%LESNML
(  237) READ (KLUN) YD%LEURBAN
(  238) READ (KLUN) YD%NSNMLWS
(  239) READ (KLUN) YD%LBFASCO2
(  240) READ (KLUN) YD%NCO2CLIMYY1
(  241) READ (KLUN) YD%NCO2CLIMYY2
(  242) READ (KLUN) YD%NCO2CLIMN1
(  243) READ (KLUN) YD%NCO2CLIMN2
(  244) READ (KLUN) YD%NCO2CLIMFRQ
(  245) READ (KLUN) YD%NALBEDOSCHEME
(  246) READ (KLUN) YD%NEMISSSCHEME
(  247) READ (KLUN) ZTMP0
(  248) YD%RALFMINPSN = ZTMP0
(  249) READ (KLUN) ZTMP0
(  250) YD%RNORTHML = ZTMP0
(  251) READ (KLUN) ZTMP0
(  252) YD%RSOUTHML = ZTMP0
(  253) READ (KLUN) ZTMP0
(  254) YD%RWESTML = ZTMP0
(  255) READ (KLUN) ZTMP0
(  256) YD%REASTML = ZTMP0
(  257) READ (KLUN) YD%INVML
(  258) READ (KLUN) YD%LFPOS_EC_PHYS
(  259) READ (KLUN) YD%LFPOS_ACC_RESET
(  260) READ (KLUN) YD%LRAD_CLOUD_INHOMOG
(  261) END SUBROUTINE
(  262) 
(  263) 
(  264) SUBROUTINE COPY_TEPHY (YD, LDCREATED, LDFIELDAPI)
(  265) 
(  266) IMPLICIT NONE
(  267) TYPE (TEPHY), INTENT (IN), TARGET :: YD
(  268) LOGICAL, OPTIONAL, INTENT (IN) :: LDCREATED, LDFIELDAPI
(  269) LOGICAL :: LLCREATED
(  270) LOGICAL :: LLFIELDAPI
(  271) 
(  272) LLFIELDAPI = .FALSE.
(  273) IF (PRESENT (LDFIELDAPI)) THEN
(  274)   LLFIELDAPI = LDFIELDAPI
(  275) ENDIF
(  276) LLCREATED = .FALSE.
(  277) IF (PRESENT (LDCREATED)) THEN
(  278)   LLCREATED = LDCREATED
(  279) ENDIF
(  280) IF (.NOT. LLCREATED) THEN
(  281)   !$acc enter data create (YD)
(  282)   !$acc update device (YD)






NVFORTRAN (Version     24.5)          03/19/2025  06:54:33      page 6

(  283) ENDIF
(  284) 
(  285) 
(  286) 
(  287) 
(  288) 
(  289) 
(  290) 
(  291) 
(  292) 
(  293) 
(  294) 
(  295) 
(  296) 
(  297) 
(  298) 
(  299) 
(  300) 
(  301) 
(  302) 
(  303) 
(  304) 
(  305) 
(  306) 
(  307) 
(  308) 
(  309) 
(  310) 
(  311) 
(  312) 
(  313) 
(  314) 
(  315) 
(  316) 
(  317) 
(  318) 
(  319) 
(  320) 
(  321) 
(  322) 
(  323) 
(  324) 
(  325) 
(  326) 
(  327) 
(  328) 
(  329) 
(  330) 
(  331) 
(  332) 
(  333) 
(  334) 
(  335) 
(  336) 
(  337) 
(  338) 
(  339) 
(  340) 






NVFORTRAN (Version     24.5)          03/19/2025  06:54:33      page 7

(  341) 
(  342) 
(  343) 
(  344) 
(  345) 
(  346) 
(  347) 
(  348) 
(  349) 
(  350) 
(  351) 
(  352) 
(  353) 
(  354) 
(  355) 
(  356) 
(  357) 
(  358) 
(  359) 
(  360) 
(  361) 
(  362) 
(  363) 
(  364) 
(  365) 
(  366) 
(  367) 
(  368) 
(  369) 
(  370) 
(  371) 
(  372) 
(  373) 
(  374) 
(  375) 
(  376) 
(  377) 
(  378) 
(  379) 
(  380) 
(  381) 
(  382) 
(  383) 
(  384) END SUBROUTINE
(  385) 
(  386) SUBROUTINE HOST_TEPHY (YD)
(  387) 
(  388) IMPLICIT NONE
(  389) TYPE (TEPHY), TARGET :: YD
(  390) 
(  391) 
(  392) 
(  393) 
(  394) 
(  395) 
(  396) 
(  397) 
(  398) 






NVFORTRAN (Version     24.5)          03/19/2025  06:54:33      page 8

(  399) 
(  400) 
(  401) 
(  402) 
(  403) 
(  404) 
(  405) 
(  406) 
(  407) 
(  408) 
(  409) 
(  410) 
(  411) 
(  412) 
(  413) 
(  414) 
(  415) 
(  416) 
(  417) 
(  418) 
(  419) 
(  420) 
(  421) 
(  422) 
(  423) 
(  424) 
(  425) 
(  426) 
(  427) 
(  428) 
(  429) 
(  430) 
(  431) 
(  432) 
(  433) 
(  434) 
(  435) 
(  436) 
(  437) 
(  438) 
(  439) 
(  440) 
(  441) 
(  442) 
(  443) 
(  444) 
(  445) 
(  446) 
(  447) 
(  448) 
(  449) 
(  450) 
(  451) 
(  452) 
(  453) 
(  454) 
(  455) 
(  456) 






NVFORTRAN (Version     24.5)          03/19/2025  06:54:33      page 9

(  457) 
(  458) 
(  459) 
(  460) 
(  461) 
(  462) 
(  463) 
(  464) 
(  465) 
(  466) 
(  467) 
(  468) 
(  469) 
(  470) 
(  471) 
(  472) 
(  473) 
(  474) 
(  475) 
(  476) 
(  477) 
(  478) 
(  479) 
(  480) 
(  481) 
(  482) 
(  483) 
(  484) 
(  485) 
(  486) 
(  487) 
(  488) 
(  489) 
(  490) 
(  491) END SUBROUTINE
(  492) 
(  493)      
(  494) 
(  495) SUBROUTINE CRC64_TEPHY (YD, KLUN, CDPATH)
(  496) USE CRC64_INTRINSIC
(  497) 
(  498) IMPLICIT NONE
(  499) TYPE (TEPHY), TARGET :: YD
(  500) INTEGER, INTENT (IN) :: KLUN
(  501) CHARACTER(LEN=*), INTENT (IN) :: CDPATH
(  502) CHARACTER(LEN=128) :: CLIND
(  503) 
(  504) WRITE (KLUN, '(Z16.16," ",A)') CRC64 (YD%LEPHYS), CDPATH//'%LEPHYS'
(  505) 
(  506) WRITE (KLUN, '(Z16.16," ",A)') CRC64 (YD%LECOND), CDPATH//'%LECOND'
(  507) 
(  508) WRITE (KLUN, '(Z16.16," ",A)') CRC64 (YD%LECUMF), CDPATH//'%LECUMF'
(  509) 
(  510) WRITE (KLUN, '(Z16.16," ",A)') CRC64 (YD%LEDCLD), CDPATH//'%LEDCLD'
(  511) 
(  512) WRITE (KLUN, '(Z16.16," ",A)') CRC64 (YD%LEEVAP), CDPATH//'%LEEVAP'
(  513) 
(  514) WRITE (KLUN, '(Z16.16," ",A)') CRC64 (YD%LEGWDG), CDPATH//'%LEGWDG'






NVFORTRAN (Version     24.5)          03/19/2025  06:54:33      page 10

(  515) 
(  516) WRITE (KLUN, '(Z16.16," ",A)') CRC64 (YD%LEGWWMS), CDPATH//'%LEGWWMS'
(  517) 
(  518) WRITE (KLUN, '(Z16.16," ",A)') CRC64 (YD%LEOZOC), CDPATH//'%LEOZOC'
(  519) 
(  520) WRITE (KLUN, '(Z16.16," ",A)') CRC64 (YD%LEQNGT), CDPATH//'%LEQNGT'
(  521) 
(  522) WRITE (KLUN, '(Z16.16," ",A)') CRC64 (YD%LERADI), CDPATH//'%LERADI'
(  523) 
(  524) WRITE (KLUN, '(Z16.16," ",A)') CRC64 (YD%LERADIMPL), CDPATH//'%LERADIMPL'
(  525) 
(  526) WRITE (KLUN, '(Z16.16," ",A)') CRC64 (YD%LERADS), CDPATH//'%LERADS'
(  527) 
(  528) WRITE (KLUN, '(Z16.16," ",A)') CRC64 (YD%LESICE), CDPATH//'%LESICE'
(  529) 
(  530) WRITE (KLUN, '(Z16.16," ",A)') CRC64 (YD%LESURF), CDPATH//'%LESURF'
(  531) 
(  532) WRITE (KLUN, '(Z16.16," ",A)') CRC64 (YD%LEVDIF), CDPATH//'%LEVDIF'
(  533) 
(  534) WRITE (KLUN, '(Z16.16," ",A)') CRC64 (YD%LEVDIFSL), CDPATH//'%LEVDIFSL'
(  535) 
(  536) WRITE (KLUN, '(Z16.16," ",A)') CRC64 (YD%LAGPHY), CDPATH//'%LAGPHY'
(  537) 
(  538) WRITE (KLUN, '(Z16.16," ",A)') CRC64 (YD%LEPCLD), CDPATH//'%LEPCLD'
(  539) 
(  540) WRITE (KLUN, '(Z16.16," ",A)') CRC64 (YD%LEO3CH), CDPATH//'%LEO3CH'
(  541) 
(  542) WRITE (KLUN, '(Z16.16," ",A)') CRC64 (YD%LO3CH_SAFE), CDPATH//'%LO3CH_SAFE'
(  543) 
(  544) WRITE (KLUN, '(Z16.16," ",A)') CRC64 (YD%LO3CH_OLDVER), CDPATH//'%LO3CH_OLDVER'
(  545) 
(  546) WRITE (KLUN, '(Z16.16," ",A)') CRC64 (YD%LO3CH_BMS), CDPATH//'%LO3CH_BMS'
(  547) 
(  548) WRITE (KLUN, '(Z16.16," ",A)') CRC64 (YD%LO3CH_HLO), CDPATH//'%LO3CH_HLO'
(  549) 
(  550) WRITE (KLUN, '(Z16.16," ",A)') CRC64 (YD%CO3CHEM), CDPATH//'%CO3CHEM'
(  551) 
(  552) WRITE (KLUN, '(Z16.16," ",A)') CRC64 (YD%LNEEONLINE), CDPATH//'%LNEEONLINE'
(  553) 
(  554) WRITE (KLUN, '(Z16.16," ",A)') CRC64 (YD%LWETONLINE), CDPATH//'%LWETONLINE'
(  555) 
(  556) WRITE (KLUN, '(Z16.16," ",A)') CRC64 (YD%LBUD23), CDPATH//'%LBUD23'
(  557) 
(  558) WRITE (KLUN, '(Z16.16," ",A)') CRC64 (YD%LPPTILES), CDPATH//'%LPPTILES'
(  559) 
(  560) WRITE (KLUN, '(Z16.16," ",A)') CRC64 (YD%LBUDCYCLE), CDPATH//'%LBUDCYCLE'
(  561) 
(  562) WRITE (KLUN, '(Z16.16," ",A)') CRC64 (YD%LEXTRATEND), CDPATH//'%LEXTRATEND'
(  563) 
(  564) WRITE (KLUN, '(Z16.16," ",A)') CRC64 (YD%LEMETHOX), CDPATH//'%LEMETHOX'
(  565) 
(  566) WRITE (KLUN, '(Z16.16," ",A)') CRC64 (YD%LECURR), CDPATH//'%LECURR'
(  567) 
(  568) WRITE (KLUN, '(Z16.16," ",A)') CRC64 (YD%LESURFTRAJ), CDPATH//'%LESURFTRAJ'
(  569) 
(  570) WRITE (KLUN, '(Z16.16," ",A)') CRC64 (YD%LVDFTRAC), CDPATH//'%LVDFTRAC'
(  571) 
(  572) WRITE (KLUN, '(Z16.16," ",A)') CRC64 (YD%LVDFNEWTRAC), CDPATH//'%LVDFNEWTRAC'






NVFORTRAN (Version     24.5)          03/19/2025  06:54:33      page 11

(  573) 
(  574) WRITE (KLUN, '(Z16.16," ",A)') CRC64 (YD%LMFTRAC), CDPATH//'%LMFTRAC'
(  575) 
(  576) WRITE (KLUN, '(Z16.16," ",A)') CRC64 (YD%LMFSCAV), CDPATH//'%LMFSCAV'
(  577) 
(  578) WRITE (KLUN, '(Z16.16," ",A)') CRC64 (YD%LERAIN), CDPATH//'%LERAIN'
(  579) 
(  580) WRITE (KLUN, '(Z16.16," ",A)') CRC64 (YD%LEMWAVE), CDPATH//'%LEMWAVE'
(  581) 
(  582) WRITE (KLUN, '(Z16.16," ",A)') CRC64 (YD%LEGBRAD), CDPATH//'%LEGBRAD'
(  583) 
(  584) WRITE (KLUN, '(Z16.16," ",A)') CRC64 (YD%LERAINGG), CDPATH//'%LERAINGG'
(  585) 
(  586) WRITE (KLUN, '(Z16.16," ",A)') CRC64 (YD%LESMOS), CDPATH//'%LESMOS'
(  587) 
(  588) WRITE (KLUN, '(Z16.16," ",A)') CRC64 (YD%LESMAP), CDPATH//'%LESMAP'
(  589) 
(  590) WRITE (KLUN, '(Z16.16," ",A)') CRC64 (YD%LEOCWA), CDPATH//'%LEOCWA'
(  591) 
(  592) WRITE (KLUN, '(Z16.16," ",A)') CRC64 (YD%LEOCCO), CDPATH//'%LEOCCO'
(  593) 
(  594) WRITE (KLUN, '(Z16.16," ",A)') CRC64 (YD%LEOCSA), CDPATH//'%LEOCSA'
(  595) 
(  596) WRITE (KLUN, '(Z16.16," ",A)') CRC64 (YD%LEOCLA), CDPATH//'%LEOCLA'
(  597) 
(  598) WRITE (KLUN, '(Z16.16," ",A)') CRC64 (YD%LEVGEN), CDPATH//'%LEVGEN'
(  599) 
(  600) WRITE (KLUN, '(Z16.16," ",A)') CRC64 (YD%LESSRO), CDPATH//'%LESSRO'
(  601) 
(  602) WRITE (KLUN, '(Z16.16," ",A)') CRC64 (YD%LEFLAKE), CDPATH//'%LEFLAKE'
(  603) 
(  604) WRITE (KLUN, '(Z16.16," ",A)') CRC64 (YD%LEOCML), CDPATH//'%LEOCML'
(  605) 
(  606) WRITE (KLUN, '(Z16.16," ",A)') CRC64 (YD%LEOBC), CDPATH//'%LEOBC'
(  607) 
(  608) WRITE (KLUN, '(Z16.16," ",A)') CRC64 (YD%LEOBCMAX), CDPATH//'%LEOBCMAX'
(  609) 
(  610) WRITE (KLUN, '(Z16.16," ",A)') CRC64 (YD%REOBCMAX), CDPATH//'%REOBCMAX'
(  611) 
(  612) WRITE (KLUN, '(Z16.16," ",A)') CRC64 (YD%LEOBCICE), CDPATH//'%LEOBCICE'
(  613) 
(  614) WRITE (KLUN, '(Z16.16," ",A)') CRC64 (YD%LEOCLAKE), CDPATH//'%LEOCLAKE'
(  615) 
(  616) WRITE (KLUN, '(Z16.16," ",A)') CRC64 (YD%LEOLAKESST), CDPATH//'%LEOLAKESST'
(  617) 
(  618) WRITE (KLUN, '(Z16.16," ",A)') CRC64 (YD%LOCMLTKE), CDPATH//'%LOCMLTKE'
(  619) 
(  620) WRITE (KLUN, '(Z16.16," ",A)') CRC64 (YD%LECLIPQT0), CDPATH//'%LECLIPQT0'
(  621) 
(  622) WRITE (KLUN, '(Z16.16," ",A)') CRC64 (YD%LECLIPCLDT0), CDPATH//'%LECLIPCLDT0'
(  623) 
(  624) WRITE (KLUN, '(Z16.16," ",A)') CRC64 (YD%LDUCTDIA), CDPATH//'%LDUCTDIA'
(  625) 
(  626) WRITE (KLUN, '(Z16.16," ",A)') CRC64 (YD%LDIAGTURB_EC), CDPATH//'%LDIAGTURB_EC'
(  627) 
(  628) WRITE (KLUN, '(Z16.16," ",A)') CRC64 (YD%LDIAGTURBGRAD_EC), CDPATH//'%LDIAGTURBGRAD_EC'
(  629) 
(  630) WRITE (KLUN, '(Z16.16," ",A)') CRC64 (YD%LSLPHY), CDPATH//'%LSLPHY'






NVFORTRAN (Version     24.5)          03/19/2025  06:54:33      page 12

(  631) 
(  632) WRITE (KLUN, '(Z16.16," ",A)') CRC64 (YD%LESN09), CDPATH//'%LESN09'
(  633) 
(  634) WRITE (KLUN, '(Z16.16," ",A)') CRC64 (YD%LELAIV), CDPATH//'%LELAIV'
(  635) 
(  636) WRITE (KLUN, '(Z16.16," ",A)') CRC64 (YD%LECTESSEL), CDPATH//'%LECTESSEL'
(  637) 
(  638) WRITE (KLUN, '(Z16.16," ",A)') CRC64 (YD%LEAGS), CDPATH//'%LEAGS'
(  639) 
(  640) WRITE (KLUN, '(Z16.16," ",A)') CRC64 (YD%LEFARQUHAR), CDPATH//'%LEFARQUHAR'
(  641) 
(  642) WRITE (KLUN, '(Z16.16," ",A)') CRC64 (YD%LEOPTSURF), CDPATH//'%LEOPTSURF'
(  643) 
(  644) WRITE (KLUN, '(Z16.16," ",A)') CRC64 (YD%LEC4MAP), CDPATH//'%LEC4MAP'
(  645) 
(  646) WRITE (KLUN, '(Z16.16," ",A)') CRC64 (YD%LEAIRCO2COUP), CDPATH//'%LEAIRCO2COUP'
(  647) 
(  648) WRITE (KLUN, '(Z16.16," ",A)') CRC64 (YD%LELIGHT), CDPATH//'%LELIGHT'
(  649) 
(  650) WRITE (KLUN, '(Z16.16," ",A)') CRC64 (YD%LVEXTRDYNACC), CDPATH//'%LVEXTRDYNACC'
(  651) 
(  652) WRITE (KLUN, '(Z16.16," ",A)') CRC64 (YD%RTHRFRTI), CDPATH//'%RTHRFRTI'
(  653) 
(  654) WRITE (KLUN, '(Z16.16," ",A)') CRC64 (YD%RCIMIN), CDPATH//'%RCIMIN'
(  655) 
(  656) WRITE (KLUN, '(Z16.16," ",A)') CRC64 (YD%RLAIINT), CDPATH//'%RLAIINT'
(  657) 
(  658) WRITE (KLUN, '(Z16.16," ",A)') CRC64 (YD%NPRACCL), CDPATH//'%NPRACCL'
(  659) 
(  660) WRITE (KLUN, '(Z16.16," ",A)') CRC64 (YD%NLIMODE), CDPATH//'%NLIMODE'
(  661) 
(  662) WRITE (KLUN, '(Z16.16," ",A)') CRC64 (YD%LECLIM10D), CDPATH//'%LECLIM10D'
(  663) 
(  664) WRITE (KLUN, '(Z16.16," ",A)') CRC64 (YD%LESNML), CDPATH//'%LESNML'
(  665) 
(  666) WRITE (KLUN, '(Z16.16," ",A)') CRC64 (YD%LEURBAN), CDPATH//'%LEURBAN'
(  667) 
(  668) WRITE (KLUN, '(Z16.16," ",A)') CRC64 (YD%NSNMLWS), CDPATH//'%NSNMLWS'
(  669) 
(  670) WRITE (KLUN, '(Z16.16," ",A)') CRC64 (YD%LBFASCO2), CDPATH//'%LBFASCO2'
(  671) 
(  672) WRITE (KLUN, '(Z16.16," ",A)') CRC64 (YD%NCO2CLIMYY1), CDPATH//'%NCO2CLIMYY1'
(  673) 
(  674) WRITE (KLUN, '(Z16.16," ",A)') CRC64 (YD%NCO2CLIMYY2), CDPATH//'%NCO2CLIMYY2'
(  675) 
(  676) WRITE (KLUN, '(Z16.16," ",A)') CRC64 (YD%NCO2CLIMN1), CDPATH//'%NCO2CLIMN1'
(  677) 
(  678) WRITE (KLUN, '(Z16.16," ",A)') CRC64 (YD%NCO2CLIMN2), CDPATH//'%NCO2CLIMN2'
(  679) 
(  680) WRITE (KLUN, '(Z16.16," ",A)') CRC64 (YD%NCO2CLIMFRQ), CDPATH//'%NCO2CLIMFRQ'
(  681) 
(  682) WRITE (KLUN, '(Z16.16," ",A)') CRC64 (YD%NALBEDOSCHEME), CDPATH//'%NALBEDOSCHEME'
(  683) 
(  684) WRITE (KLUN, '(Z16.16," ",A)') CRC64 (YD%NEMISSSCHEME), CDPATH//'%NEMISSSCHEME'
(  685) 
(  686) WRITE (KLUN, '(Z16.16," ",A)') CRC64 (YD%RALFMINPSN), CDPATH//'%RALFMINPSN'
(  687) 
(  688) WRITE (KLUN, '(Z16.16," ",A)') CRC64 (YD%RNORTHML), CDPATH//'%RNORTHML'






NVFORTRAN (Version     24.5)          03/19/2025  06:54:33      page 13

(  689) 
(  690) WRITE (KLUN, '(Z16.16," ",A)') CRC64 (YD%RSOUTHML), CDPATH//'%RSOUTHML'
(  691) 
(  692) WRITE (KLUN, '(Z16.16," ",A)') CRC64 (YD%RWESTML), CDPATH//'%RWESTML'
(  693) 
(  694) WRITE (KLUN, '(Z16.16," ",A)') CRC64 (YD%REASTML), CDPATH//'%REASTML'
(  695) 
(  696) WRITE (KLUN, '(Z16.16," ",A)') CRC64 (YD%INVML), CDPATH//'%INVML'
(  697) 
(  698) WRITE (KLUN, '(Z16.16," ",A)') CRC64 (YD%LFPOS_EC_PHYS), CDPATH//'%LFPOS_EC_PHYS'
(  699) 
(  700) WRITE (KLUN, '(Z16.16," ",A)') CRC64 (YD%LFPOS_ACC_RESET), CDPATH//'%LFPOS_ACC_RESET'
(  701) 
(  702) WRITE (KLUN, '(Z16.16," ",A)') CRC64 (YD%LRAD_CLOUD_INHOMOG), CDPATH//'%LRAD_CLOUD_INHOMOG'
(  703) 
(  704) END SUBROUTINE
(  705) 
(  706) SUBROUTINE WIPE_TEPHY (YD, LDDELETED, LDFIELDAPI)
(  707) 
(  708) IMPLICIT NONE
(  709) TYPE (TEPHY), INTENT (IN), TARGET :: YD
(  710) LOGICAL, OPTIONAL, INTENT (IN) :: LDDELETED, LDFIELDAPI
(  711) LOGICAL :: LLDELETED
(  712) LOGICAL :: LLFIELDAPI
(  713) 
(  714) LLFIELDAPI = .FALSE.
(  715) IF (PRESENT (LDFIELDAPI)) THEN
(  716)   LLFIELDAPI = LDFIELDAPI
(  717) ENDIF
(  718) 
(  719) 
(  720) 
(  721) 
(  722) 
(  723) 
(  724) 
(  725) 
(  726) 
(  727) 
(  728) 
(  729) 
(  730) 
(  731) 
(  732) 
(  733) 
(  734) 
(  735) 
(  736) 
(  737) 
(  738) 
(  739) 
(  740) 
(  741) 
(  742) 
(  743) 
(  744) 
(  745) 
(  746) 






NVFORTRAN (Version     24.5)          03/19/2025  06:54:33      page 14

(  747) 
(  748) 
(  749) 
(  750) 
(  751) 
(  752) 
(  753) 
(  754) 
(  755) 
(  756) 
(  757) 
(  758) 
(  759) 
(  760) 
(  761) 
(  762) 
(  763) 
(  764) 
(  765) 
(  766) 
(  767) 
(  768) 
(  769) 
(  770) 
(  771) 
(  772) 
(  773) 
(  774) 
(  775) 
(  776) 
(  777) 
(  778) 
(  779) 
(  780) 
(  781) 
(  782) 
(  783) 
(  784) 
(  785) 
(  786) 
(  787) 
(  788) 
(  789) 
(  790) 
(  791) 
(  792) 
(  793) 
(  794) 
(  795) 
(  796) 
(  797) 
(  798) 
(  799) 
(  800) 
(  801) 
(  802) 
(  803) 
(  804) 






NVFORTRAN (Version     24.5)          03/19/2025  06:54:33      page 15

(  805) 
(  806) 
(  807) 
(  808) 
(  809) 
(  810) 
(  811) 
(  812) 
(  813) 
(  814) 
(  815) 
(  816) 
(  817) 
(  818) LLDELETED = .FALSE.
(  819) IF (PRESENT (LDDELETED)) THEN
(  820)   LLDELETED = LDDELETED
(  821) ENDIF
(  822) IF (.NOT. LLDELETED) THEN
(  823)   !$acc exit data delete (YD)
(  824) ENDIF
(  825) END SUBROUTINE
(  826) 
(  827) INTEGER*8 FUNCTION SIZE_TEPHY (YD, CDPATH, LDPRINT) RESULT (KSIZE)
(  828) 
(  829) IMPLICIT NONE
(  830) TYPE (TEPHY),     INTENT (IN), TARGET :: YD
(  831) CHARACTER(LEN=*), INTENT (IN), OPTIONAL :: CDPATH
(  832) LOGICAL,          INTENT (IN), OPTIONAL :: LDPRINT
(  833) INTEGER*8 :: ISIZE, JSIZE
(  834) LOGICAL :: LLPRINT
(  835) CHARACTER(LEN=128) :: CLPATH
(  836) 
(  837) LLPRINT = .FALSE.
(  838) IF (PRESENT (LDPRINT)) THEN
(  839)   LLPRINT = LDPRINT
(  840) ENDIF
(  841) CLPATH=''
(  842) IF (PRESENT (CDPATH)) THEN
(  843)   CLPATH = CDPATH
(  844) ENDIF
(  845) KSIZE = 0
(  846) ISIZE = KIND (YD%LEPHYS)
(  847) IF (LLPRINT) THEN
(  848)   WRITE (*, '(I10," ")', ADVANCE='NO') ISIZE
(  849)   WRITE (*, *) TRIM (CLPATH)//'%LEPHYS'
(  850) ENDIF
(  851) KSIZE = KSIZE + ISIZE
(  852) ISIZE = KIND (YD%LECOND)
(  853) IF (LLPRINT) THEN
(  854)   WRITE (*, '(I10," ")', ADVANCE='NO') ISIZE
(  855)   WRITE (*, *) TRIM (CLPATH)//'%LECOND'
(  856) ENDIF
(  857) KSIZE = KSIZE + ISIZE
(  858) ISIZE = KIND (YD%LECUMF)
(  859) IF (LLPRINT) THEN
(  860)   WRITE (*, '(I10," ")', ADVANCE='NO') ISIZE
(  861)   WRITE (*, *) TRIM (CLPATH)//'%LECUMF'
(  862) ENDIF






NVFORTRAN (Version     24.5)          03/19/2025  06:54:33      page 16

(  863) KSIZE = KSIZE + ISIZE
(  864) ISIZE = KIND (YD%LEDCLD)
(  865) IF (LLPRINT) THEN
(  866)   WRITE (*, '(I10," ")', ADVANCE='NO') ISIZE
(  867)   WRITE (*, *) TRIM (CLPATH)//'%LEDCLD'
(  868) ENDIF
(  869) KSIZE = KSIZE + ISIZE
(  870) ISIZE = KIND (YD%LEEVAP)
(  871) IF (LLPRINT) THEN
(  872)   WRITE (*, '(I10," ")', ADVANCE='NO') ISIZE
(  873)   WRITE (*, *) TRIM (CLPATH)//'%LEEVAP'
(  874) ENDIF
(  875) KSIZE = KSIZE + ISIZE
(  876) ISIZE = KIND (YD%LEGWDG)
(  877) IF (LLPRINT) THEN
(  878)   WRITE (*, '(I10," ")', ADVANCE='NO') ISIZE
(  879)   WRITE (*, *) TRIM (CLPATH)//'%LEGWDG'
(  880) ENDIF
(  881) KSIZE = KSIZE + ISIZE
(  882) ISIZE = KIND (YD%LEGWWMS)
(  883) IF (LLPRINT) THEN
(  884)   WRITE (*, '(I10," ")', ADVANCE='NO') ISIZE
(  885)   WRITE (*, *) TRIM (CLPATH)//'%LEGWWMS'
(  886) ENDIF
(  887) KSIZE = KSIZE + ISIZE
(  888) ISIZE = KIND (YD%LEOZOC)
(  889) IF (LLPRINT) THEN
(  890)   WRITE (*, '(I10," ")', ADVANCE='NO') ISIZE
(  891)   WRITE (*, *) TRIM (CLPATH)//'%LEOZOC'
(  892) ENDIF
(  893) KSIZE = KSIZE + ISIZE
(  894) ISIZE = KIND (YD%LEQNGT)
(  895) IF (LLPRINT) THEN
(  896)   WRITE (*, '(I10," ")', ADVANCE='NO') ISIZE
(  897)   WRITE (*, *) TRIM (CLPATH)//'%LEQNGT'
(  898) ENDIF
(  899) KSIZE = KSIZE + ISIZE
(  900) ISIZE = KIND (YD%LERADI)
(  901) IF (LLPRINT) THEN
(  902)   WRITE (*, '(I10," ")', ADVANCE='NO') ISIZE
(  903)   WRITE (*, *) TRIM (CLPATH)//'%LERADI'
(  904) ENDIF
(  905) KSIZE = KSIZE + ISIZE
(  906) ISIZE = KIND (YD%LERADIMPL)
(  907) IF (LLPRINT) THEN
(  908)   WRITE (*, '(I10," ")', ADVANCE='NO') ISIZE
(  909)   WRITE (*, *) TRIM (CLPATH)//'%LERADIMPL'
(  910) ENDIF
(  911) KSIZE = KSIZE + ISIZE
(  912) ISIZE = KIND (YD%LERADS)
(  913) IF (LLPRINT) THEN
(  914)   WRITE (*, '(I10," ")', ADVANCE='NO') ISIZE
(  915)   WRITE (*, *) TRIM (CLPATH)//'%LERADS'
(  916) ENDIF
(  917) KSIZE = KSIZE + ISIZE
(  918) ISIZE = KIND (YD%LESICE)
(  919) IF (LLPRINT) THEN
(  920)   WRITE (*, '(I10," ")', ADVANCE='NO') ISIZE






NVFORTRAN (Version     24.5)          03/19/2025  06:54:33      page 17

(  921)   WRITE (*, *) TRIM (CLPATH)//'%LESICE'
(  922) ENDIF
(  923) KSIZE = KSIZE + ISIZE
(  924) ISIZE = KIND (YD%LESURF)
(  925) IF (LLPRINT) THEN
(  926)   WRITE (*, '(I10," ")', ADVANCE='NO') ISIZE
(  927)   WRITE (*, *) TRIM (CLPATH)//'%LESURF'
(  928) ENDIF
(  929) KSIZE = KSIZE + ISIZE
(  930) ISIZE = KIND (YD%LEVDIF)
(  931) IF (LLPRINT) THEN
(  932)   WRITE (*, '(I10," ")', ADVANCE='NO') ISIZE
(  933)   WRITE (*, *) TRIM (CLPATH)//'%LEVDIF'
(  934) ENDIF
(  935) KSIZE = KSIZE + ISIZE
(  936) ISIZE = KIND (YD%LEVDIFSL)
(  937) IF (LLPRINT) THEN
(  938)   WRITE (*, '(I10," ")', ADVANCE='NO') ISIZE
(  939)   WRITE (*, *) TRIM (CLPATH)//'%LEVDIFSL'
(  940) ENDIF
(  941) KSIZE = KSIZE + ISIZE
(  942) ISIZE = KIND (YD%LAGPHY)
(  943) IF (LLPRINT) THEN
(  944)   WRITE (*, '(I10," ")', ADVANCE='NO') ISIZE
(  945)   WRITE (*, *) TRIM (CLPATH)//'%LAGPHY'
(  946) ENDIF
(  947) KSIZE = KSIZE + ISIZE
(  948) ISIZE = KIND (YD%LEPCLD)
(  949) IF (LLPRINT) THEN
(  950)   WRITE (*, '(I10," ")', ADVANCE='NO') ISIZE
(  951)   WRITE (*, *) TRIM (CLPATH)//'%LEPCLD'
(  952) ENDIF
(  953) KSIZE = KSIZE + ISIZE
(  954) ISIZE = KIND (YD%LEO3CH)
(  955) IF (LLPRINT) THEN
(  956)   WRITE (*, '(I10," ")', ADVANCE='NO') ISIZE
(  957)   WRITE (*, *) TRIM (CLPATH)//'%LEO3CH'
(  958) ENDIF
(  959) KSIZE = KSIZE + ISIZE
(  960) ISIZE = KIND (YD%LO3CH_SAFE)
(  961) IF (LLPRINT) THEN
(  962)   WRITE (*, '(I10," ")', ADVANCE='NO') ISIZE
(  963)   WRITE (*, *) TRIM (CLPATH)//'%LO3CH_SAFE'
(  964) ENDIF
(  965) KSIZE = KSIZE + ISIZE
(  966) ISIZE = KIND (YD%LO3CH_OLDVER)
(  967) IF (LLPRINT) THEN
(  968)   WRITE (*, '(I10," ")', ADVANCE='NO') ISIZE
(  969)   WRITE (*, *) TRIM (CLPATH)//'%LO3CH_OLDVER'
(  970) ENDIF
(  971) KSIZE = KSIZE + ISIZE
(  972) ISIZE = KIND (YD%LO3CH_BMS)
(  973) IF (LLPRINT) THEN
(  974)   WRITE (*, '(I10," ")', ADVANCE='NO') ISIZE
(  975)   WRITE (*, *) TRIM (CLPATH)//'%LO3CH_BMS'
(  976) ENDIF
(  977) KSIZE = KSIZE + ISIZE
(  978) ISIZE = KIND (YD%LO3CH_HLO)






NVFORTRAN (Version     24.5)          03/19/2025  06:54:33      page 18

(  979) IF (LLPRINT) THEN
(  980)   WRITE (*, '(I10," ")', ADVANCE='NO') ISIZE
(  981)   WRITE (*, *) TRIM (CLPATH)//'%LO3CH_HLO'
(  982) ENDIF
(  983) KSIZE = KSIZE + ISIZE
(  984) ISIZE = KIND (YD%CO3CHEM) * LEN (YD%CO3CHEM)
(  985) IF (LLPRINT) THEN
(  986)   WRITE (*, '(I10," ")', ADVANCE='NO') ISIZE
(  987)   WRITE (*, *) TRIM (CLPATH)//'%CO3CHEM'
(  988) ENDIF
(  989) KSIZE = KSIZE + ISIZE
(  990) ISIZE = KIND (YD%LNEEONLINE)
(  991) IF (LLPRINT) THEN
(  992)   WRITE (*, '(I10," ")', ADVANCE='NO') ISIZE
(  993)   WRITE (*, *) TRIM (CLPATH)//'%LNEEONLINE'
(  994) ENDIF
(  995) KSIZE = KSIZE + ISIZE
(  996) ISIZE = KIND (YD%LWETONLINE)
(  997) IF (LLPRINT) THEN
(  998)   WRITE (*, '(I10," ")', ADVANCE='NO') ISIZE
(  999)   WRITE (*, *) TRIM (CLPATH)//'%LWETONLINE'
( 1000) ENDIF
( 1001) KSIZE = KSIZE + ISIZE
( 1002) ISIZE = KIND (YD%LBUD23)
( 1003) IF (LLPRINT) THEN
( 1004)   WRITE (*, '(I10," ")', ADVANCE='NO') ISIZE
( 1005)   WRITE (*, *) TRIM (CLPATH)//'%LBUD23'
( 1006) ENDIF
( 1007) KSIZE = KSIZE + ISIZE
( 1008) ISIZE = KIND (YD%LPPTILES)
( 1009) IF (LLPRINT) THEN
( 1010)   WRITE (*, '(I10," ")', ADVANCE='NO') ISIZE
( 1011)   WRITE (*, *) TRIM (CLPATH)//'%LPPTILES'
( 1012) ENDIF
( 1013) KSIZE = KSIZE + ISIZE
( 1014) ISIZE = KIND (YD%LBUDCYCLE)
( 1015) IF (LLPRINT) THEN
( 1016)   WRITE (*, '(I10," ")', ADVANCE='NO') ISIZE
( 1017)   WRITE (*, *) TRIM (CLPATH)//'%LBUDCYCLE'
( 1018) ENDIF
( 1019) KSIZE = KSIZE + ISIZE
( 1020) ISIZE = KIND (YD%LEXTRATEND)
( 1021) IF (LLPRINT) THEN
( 1022)   WRITE (*, '(I10," ")', ADVANCE='NO') ISIZE
( 1023)   WRITE (*, *) TRIM (CLPATH)//'%LEXTRATEND'
( 1024) ENDIF
( 1025) KSIZE = KSIZE + ISIZE
( 1026) ISIZE = KIND (YD%LEMETHOX)
( 1027) IF (LLPRINT) THEN
( 1028)   WRITE (*, '(I10," ")', ADVANCE='NO') ISIZE
( 1029)   WRITE (*, *) TRIM (CLPATH)//'%LEMETHOX'
( 1030) ENDIF
( 1031) KSIZE = KSIZE + ISIZE
( 1032) ISIZE = KIND (YD%LECURR)
( 1033) IF (LLPRINT) THEN
( 1034)   WRITE (*, '(I10," ")', ADVANCE='NO') ISIZE
( 1035)   WRITE (*, *) TRIM (CLPATH)//'%LECURR'
( 1036) ENDIF






NVFORTRAN (Version     24.5)          03/19/2025  06:54:33      page 19

( 1037) KSIZE = KSIZE + ISIZE
( 1038) ISIZE = KIND (YD%LESURFTRAJ)
( 1039) IF (LLPRINT) THEN
( 1040)   WRITE (*, '(I10," ")', ADVANCE='NO') ISIZE
( 1041)   WRITE (*, *) TRIM (CLPATH)//'%LESURFTRAJ'
( 1042) ENDIF
( 1043) KSIZE = KSIZE + ISIZE
( 1044) ISIZE = KIND (YD%LVDFTRAC)
( 1045) IF (LLPRINT) THEN
( 1046)   WRITE (*, '(I10," ")', ADVANCE='NO') ISIZE
( 1047)   WRITE (*, *) TRIM (CLPATH)//'%LVDFTRAC'
( 1048) ENDIF
( 1049) KSIZE = KSIZE + ISIZE
( 1050) ISIZE = KIND (YD%LVDFNEWTRAC)
( 1051) IF (LLPRINT) THEN
( 1052)   WRITE (*, '(I10," ")', ADVANCE='NO') ISIZE
( 1053)   WRITE (*, *) TRIM (CLPATH)//'%LVDFNEWTRAC'
( 1054) ENDIF
( 1055) KSIZE = KSIZE + ISIZE
( 1056) ISIZE = KIND (YD%LMFTRAC)
( 1057) IF (LLPRINT) THEN
( 1058)   WRITE (*, '(I10," ")', ADVANCE='NO') ISIZE
( 1059)   WRITE (*, *) TRIM (CLPATH)//'%LMFTRAC'
( 1060) ENDIF
( 1061) KSIZE = KSIZE + ISIZE
( 1062) ISIZE = KIND (YD%LMFSCAV)
( 1063) IF (LLPRINT) THEN
( 1064)   WRITE (*, '(I10," ")', ADVANCE='NO') ISIZE
( 1065)   WRITE (*, *) TRIM (CLPATH)//'%LMFSCAV'
( 1066) ENDIF
( 1067) KSIZE = KSIZE + ISIZE
( 1068) ISIZE = KIND (YD%LERAIN)
( 1069) IF (LLPRINT) THEN
( 1070)   WRITE (*, '(I10," ")', ADVANCE='NO') ISIZE
( 1071)   WRITE (*, *) TRIM (CLPATH)//'%LERAIN'
( 1072) ENDIF
( 1073) KSIZE = KSIZE + ISIZE
( 1074) ISIZE = KIND (YD%LEMWAVE)
( 1075) IF (LLPRINT) THEN
( 1076)   WRITE (*, '(I10," ")', ADVANCE='NO') ISIZE
( 1077)   WRITE (*, *) TRIM (CLPATH)//'%LEMWAVE'
( 1078) ENDIF
( 1079) KSIZE = KSIZE + ISIZE
( 1080) ISIZE = KIND (YD%LEGBRAD)
( 1081) IF (LLPRINT) THEN
( 1082)   WRITE (*, '(I10," ")', ADVANCE='NO') ISIZE
( 1083)   WRITE (*, *) TRIM (CLPATH)//'%LEGBRAD'
( 1084) ENDIF
( 1085) KSIZE = KSIZE + ISIZE
( 1086) ISIZE = KIND (YD%LERAINGG)
( 1087) IF (LLPRINT) THEN
( 1088)   WRITE (*, '(I10," ")', ADVANCE='NO') ISIZE
( 1089)   WRITE (*, *) TRIM (CLPATH)//'%LERAINGG'
( 1090) ENDIF
( 1091) KSIZE = KSIZE + ISIZE
( 1092) ISIZE = KIND (YD%LESMOS)
( 1093) IF (LLPRINT) THEN
( 1094)   WRITE (*, '(I10," ")', ADVANCE='NO') ISIZE






NVFORTRAN (Version     24.5)          03/19/2025  06:54:33      page 20

( 1095)   WRITE (*, *) TRIM (CLPATH)//'%LESMOS'
( 1096) ENDIF
( 1097) KSIZE = KSIZE + ISIZE
( 1098) ISIZE = KIND (YD%LESMAP)
( 1099) IF (LLPRINT) THEN
( 1100)   WRITE (*, '(I10," ")', ADVANCE='NO') ISIZE
( 1101)   WRITE (*, *) TRIM (CLPATH)//'%LESMAP'
( 1102) ENDIF
( 1103) KSIZE = KSIZE + ISIZE
( 1104) ISIZE = KIND (YD%LEOCWA)
( 1105) IF (LLPRINT) THEN
( 1106)   WRITE (*, '(I10," ")', ADVANCE='NO') ISIZE
( 1107)   WRITE (*, *) TRIM (CLPATH)//'%LEOCWA'
( 1108) ENDIF
( 1109) KSIZE = KSIZE + ISIZE
( 1110) ISIZE = KIND (YD%LEOCCO)
( 1111) IF (LLPRINT) THEN
( 1112)   WRITE (*, '(I10," ")', ADVANCE='NO') ISIZE
( 1113)   WRITE (*, *) TRIM (CLPATH)//'%LEOCCO'
( 1114) ENDIF
( 1115) KSIZE = KSIZE + ISIZE
( 1116) ISIZE = KIND (YD%LEOCSA)
( 1117) IF (LLPRINT) THEN
( 1118)   WRITE (*, '(I10," ")', ADVANCE='NO') ISIZE
( 1119)   WRITE (*, *) TRIM (CLPATH)//'%LEOCSA'
( 1120) ENDIF
( 1121) KSIZE = KSIZE + ISIZE
( 1122) ISIZE = KIND (YD%LEOCLA)
( 1123) IF (LLPRINT) THEN
( 1124)   WRITE (*, '(I10," ")', ADVANCE='NO') ISIZE
( 1125)   WRITE (*, *) TRIM (CLPATH)//'%LEOCLA'
( 1126) ENDIF
( 1127) KSIZE = KSIZE + ISIZE
( 1128) ISIZE = KIND (YD%LEVGEN)
( 1129) IF (LLPRINT) THEN
( 1130)   WRITE (*, '(I10," ")', ADVANCE='NO') ISIZE
( 1131)   WRITE (*, *) TRIM (CLPATH)//'%LEVGEN'
( 1132) ENDIF
( 1133) KSIZE = KSIZE + ISIZE
( 1134) ISIZE = KIND (YD%LESSRO)
( 1135) IF (LLPRINT) THEN
( 1136)   WRITE (*, '(I10," ")', ADVANCE='NO') ISIZE
( 1137)   WRITE (*, *) TRIM (CLPATH)//'%LESSRO'
( 1138) ENDIF
( 1139) KSIZE = KSIZE + ISIZE
( 1140) ISIZE = KIND (YD%LEFLAKE)
( 1141) IF (LLPRINT) THEN
( 1142)   WRITE (*, '(I10," ")', ADVANCE='NO') ISIZE
( 1143)   WRITE (*, *) TRIM (CLPATH)//'%LEFLAKE'
( 1144) ENDIF
( 1145) KSIZE = KSIZE + ISIZE
( 1146) ISIZE = KIND (YD%LEOCML)
( 1147) IF (LLPRINT) THEN
( 1148)   WRITE (*, '(I10," ")', ADVANCE='NO') ISIZE
( 1149)   WRITE (*, *) TRIM (CLPATH)//'%LEOCML'
( 1150) ENDIF
( 1151) KSIZE = KSIZE + ISIZE
( 1152) ISIZE = KIND (YD%LEOBC)






NVFORTRAN (Version     24.5)          03/19/2025  06:54:33      page 21

( 1153) IF (LLPRINT) THEN
( 1154)   WRITE (*, '(I10," ")', ADVANCE='NO') ISIZE
( 1155)   WRITE (*, *) TRIM (CLPATH)//'%LEOBC'
( 1156) ENDIF
( 1157) KSIZE = KSIZE + ISIZE
( 1158) ISIZE = KIND (YD%LEOBCMAX)
( 1159) IF (LLPRINT) THEN
( 1160)   WRITE (*, '(I10," ")', ADVANCE='NO') ISIZE
( 1161)   WRITE (*, *) TRIM (CLPATH)//'%LEOBCMAX'
( 1162) ENDIF
( 1163) KSIZE = KSIZE + ISIZE
( 1164) ISIZE = KIND (YD%REOBCMAX)
( 1165) IF (LLPRINT) THEN
( 1166)   WRITE (*, '(I10," ")', ADVANCE='NO') ISIZE
( 1167)   WRITE (*, *) TRIM (CLPATH)//'%REOBCMAX'
( 1168) ENDIF
( 1169) KSIZE = KSIZE + ISIZE
( 1170) ISIZE = KIND (YD%LEOBCICE)
( 1171) IF (LLPRINT) THEN
( 1172)   WRITE (*, '(I10," ")', ADVANCE='NO') ISIZE
( 1173)   WRITE (*, *) TRIM (CLPATH)//'%LEOBCICE'
( 1174) ENDIF
( 1175) KSIZE = KSIZE + ISIZE
( 1176) ISIZE = KIND (YD%LEOCLAKE)
( 1177) IF (LLPRINT) THEN
( 1178)   WRITE (*, '(I10," ")', ADVANCE='NO') ISIZE
( 1179)   WRITE (*, *) TRIM (CLPATH)//'%LEOCLAKE'
( 1180) ENDIF
( 1181) KSIZE = KSIZE + ISIZE
( 1182) ISIZE = KIND (YD%LEOLAKESST)
( 1183) IF (LLPRINT) THEN
( 1184)   WRITE (*, '(I10," ")', ADVANCE='NO') ISIZE
( 1185)   WRITE (*, *) TRIM (CLPATH)//'%LEOLAKESST'
( 1186) ENDIF
( 1187) KSIZE = KSIZE + ISIZE
( 1188) ISIZE = KIND (YD%LOCMLTKE)
( 1189) IF (LLPRINT) THEN
( 1190)   WRITE (*, '(I10," ")', ADVANCE='NO') ISIZE
( 1191)   WRITE (*, *) TRIM (CLPATH)//'%LOCMLTKE'
( 1192) ENDIF
( 1193) KSIZE = KSIZE + ISIZE
( 1194) ISIZE = KIND (YD%LECLIPQT0)
( 1195) IF (LLPRINT) THEN
( 1196)   WRITE (*, '(I10," ")', ADVANCE='NO') ISIZE
( 1197)   WRITE (*, *) TRIM (CLPATH)//'%LECLIPQT0'
( 1198) ENDIF
( 1199) KSIZE = KSIZE + ISIZE
( 1200) ISIZE = KIND (YD%LECLIPCLDT0)
( 1201) IF (LLPRINT) THEN
( 1202)   WRITE (*, '(I10," ")', ADVANCE='NO') ISIZE
( 1203)   WRITE (*, *) TRIM (CLPATH)//'%LECLIPCLDT0'
( 1204) ENDIF
( 1205) KSIZE = KSIZE + ISIZE
( 1206) ISIZE = KIND (YD%LDUCTDIA)
( 1207) IF (LLPRINT) THEN
( 1208)   WRITE (*, '(I10," ")', ADVANCE='NO') ISIZE
( 1209)   WRITE (*, *) TRIM (CLPATH)//'%LDUCTDIA'
( 1210) ENDIF






NVFORTRAN (Version     24.5)          03/19/2025  06:54:33      page 22

( 1211) KSIZE = KSIZE + ISIZE
( 1212) ISIZE = KIND (YD%LDIAGTURB_EC)
( 1213) IF (LLPRINT) THEN
( 1214)   WRITE (*, '(I10," ")', ADVANCE='NO') ISIZE
( 1215)   WRITE (*, *) TRIM (CLPATH)//'%LDIAGTURB_EC'
( 1216) ENDIF
( 1217) KSIZE = KSIZE + ISIZE
( 1218) ISIZE = KIND (YD%LDIAGTURBGRAD_EC)
( 1219) IF (LLPRINT) THEN
( 1220)   WRITE (*, '(I10," ")', ADVANCE='NO') ISIZE
( 1221)   WRITE (*, *) TRIM (CLPATH)//'%LDIAGTURBGRAD_EC'
( 1222) ENDIF
( 1223) KSIZE = KSIZE + ISIZE
( 1224) ISIZE = KIND (YD%LSLPHY)
( 1225) IF (LLPRINT) THEN
( 1226)   WRITE (*, '(I10," ")', ADVANCE='NO') ISIZE
( 1227)   WRITE (*, *) TRIM (CLPATH)//'%LSLPHY'
( 1228) ENDIF
( 1229) KSIZE = KSIZE + ISIZE
( 1230) ISIZE = KIND (YD%LESN09)
( 1231) IF (LLPRINT) THEN
( 1232)   WRITE (*, '(I10," ")', ADVANCE='NO') ISIZE
( 1233)   WRITE (*, *) TRIM (CLPATH)//'%LESN09'
( 1234) ENDIF
( 1235) KSIZE = KSIZE + ISIZE
( 1236) ISIZE = KIND (YD%LELAIV)
( 1237) IF (LLPRINT) THEN
( 1238)   WRITE (*, '(I10," ")', ADVANCE='NO') ISIZE
( 1239)   WRITE (*, *) TRIM (CLPATH)//'%LELAIV'
( 1240) ENDIF
( 1241) KSIZE = KSIZE + ISIZE
( 1242) ISIZE = KIND (YD%LECTESSEL)
( 1243) IF (LLPRINT) THEN
( 1244)   WRITE (*, '(I10," ")', ADVANCE='NO') ISIZE
( 1245)   WRITE (*, *) TRIM (CLPATH)//'%LECTESSEL'
( 1246) ENDIF
( 1247) KSIZE = KSIZE + ISIZE
( 1248) ISIZE = KIND (YD%LEAGS)
( 1249) IF (LLPRINT) THEN
( 1250)   WRITE (*, '(I10," ")', ADVANCE='NO') ISIZE
( 1251)   WRITE (*, *) TRIM (CLPATH)//'%LEAGS'
( 1252) ENDIF
( 1253) KSIZE = KSIZE + ISIZE
( 1254) ISIZE = KIND (YD%LEFARQUHAR)
( 1255) IF (LLPRINT) THEN
( 1256)   WRITE (*, '(I10," ")', ADVANCE='NO') ISIZE
( 1257)   WRITE (*, *) TRIM (CLPATH)//'%LEFARQUHAR'
( 1258) ENDIF
( 1259) KSIZE = KSIZE + ISIZE
( 1260) ISIZE = KIND (YD%LEOPTSURF)
( 1261) IF (LLPRINT) THEN
( 1262)   WRITE (*, '(I10," ")', ADVANCE='NO') ISIZE
( 1263)   WRITE (*, *) TRIM (CLPATH)//'%LEOPTSURF'
( 1264) ENDIF
( 1265) KSIZE = KSIZE + ISIZE
( 1266) ISIZE = KIND (YD%LEC4MAP)
( 1267) IF (LLPRINT) THEN
( 1268)   WRITE (*, '(I10," ")', ADVANCE='NO') ISIZE






NVFORTRAN (Version     24.5)          03/19/2025  06:54:33      page 23

( 1269)   WRITE (*, *) TRIM (CLPATH)//'%LEC4MAP'
( 1270) ENDIF
( 1271) KSIZE = KSIZE + ISIZE
( 1272) ISIZE = KIND (YD%LEAIRCO2COUP)
( 1273) IF (LLPRINT) THEN
( 1274)   WRITE (*, '(I10," ")', ADVANCE='NO') ISIZE
( 1275)   WRITE (*, *) TRIM (CLPATH)//'%LEAIRCO2COUP'
( 1276) ENDIF
( 1277) KSIZE = KSIZE + ISIZE
( 1278) ISIZE = KIND (YD%LELIGHT)
( 1279) IF (LLPRINT) THEN
( 1280)   WRITE (*, '(I10," ")', ADVANCE='NO') ISIZE
( 1281)   WRITE (*, *) TRIM (CLPATH)//'%LELIGHT'
( 1282) ENDIF
( 1283) KSIZE = KSIZE + ISIZE
( 1284) ISIZE = KIND (YD%LVEXTRDYNACC)
( 1285) IF (LLPRINT) THEN
( 1286)   WRITE (*, '(I10," ")', ADVANCE='NO') ISIZE
( 1287)   WRITE (*, *) TRIM (CLPATH)//'%LVEXTRDYNACC'
( 1288) ENDIF
( 1289) KSIZE = KSIZE + ISIZE
( 1290) ISIZE = KIND (YD%RTHRFRTI)
( 1291) IF (LLPRINT) THEN
( 1292)   WRITE (*, '(I10," ")', ADVANCE='NO') ISIZE
( 1293)   WRITE (*, *) TRIM (CLPATH)//'%RTHRFRTI'
( 1294) ENDIF
( 1295) KSIZE = KSIZE + ISIZE
( 1296) ISIZE = KIND (YD%RCIMIN)
( 1297) IF (LLPRINT) THEN
( 1298)   WRITE (*, '(I10," ")', ADVANCE='NO') ISIZE
( 1299)   WRITE (*, *) TRIM (CLPATH)//'%RCIMIN'
( 1300) ENDIF
( 1301) KSIZE = KSIZE + ISIZE
( 1302) ISIZE = KIND (YD%RLAIINT)
( 1303) IF (LLPRINT) THEN
( 1304)   WRITE (*, '(I10," ")', ADVANCE='NO') ISIZE
( 1305)   WRITE (*, *) TRIM (CLPATH)//'%RLAIINT'
( 1306) ENDIF
( 1307) KSIZE = KSIZE + ISIZE
( 1308) ISIZE = KIND (YD%NPRACCL)
( 1309) IF (LLPRINT) THEN
( 1310)   WRITE (*, '(I10," ")', ADVANCE='NO') ISIZE
( 1311)   WRITE (*, *) TRIM (CLPATH)//'%NPRACCL'
( 1312) ENDIF
( 1313) KSIZE = KSIZE + ISIZE
( 1314) ISIZE = KIND (YD%NLIMODE)
( 1315) IF (LLPRINT) THEN
( 1316)   WRITE (*, '(I10," ")', ADVANCE='NO') ISIZE
( 1317)   WRITE (*, *) TRIM (CLPATH)//'%NLIMODE'
( 1318) ENDIF
( 1319) KSIZE = KSIZE + ISIZE
( 1320) ISIZE = KIND (YD%LECLIM10D)
( 1321) IF (LLPRINT) THEN
( 1322)   WRITE (*, '(I10," ")', ADVANCE='NO') ISIZE
( 1323)   WRITE (*, *) TRIM (CLPATH)//'%LECLIM10D'
( 1324) ENDIF
( 1325) KSIZE = KSIZE + ISIZE
( 1326) ISIZE = KIND (YD%LESNML)






NVFORTRAN (Version     24.5)          03/19/2025  06:54:33      page 24

( 1327) IF (LLPRINT) THEN
( 1328)   WRITE (*, '(I10," ")', ADVANCE='NO') ISIZE
( 1329)   WRITE (*, *) TRIM (CLPATH)//'%LESNML'
( 1330) ENDIF
( 1331) KSIZE = KSIZE + ISIZE
( 1332) ISIZE = KIND (YD%LEURBAN)
( 1333) IF (LLPRINT) THEN
( 1334)   WRITE (*, '(I10," ")', ADVANCE='NO') ISIZE
( 1335)   WRITE (*, *) TRIM (CLPATH)//'%LEURBAN'
( 1336) ENDIF
( 1337) KSIZE = KSIZE + ISIZE
( 1338) ISIZE = KIND (YD%NSNMLWS)
( 1339) IF (LLPRINT) THEN
( 1340)   WRITE (*, '(I10," ")', ADVANCE='NO') ISIZE
( 1341)   WRITE (*, *) TRIM (CLPATH)//'%NSNMLWS'
( 1342) ENDIF
( 1343) KSIZE = KSIZE + ISIZE
( 1344) ISIZE = KIND (YD%LBFASCO2)
( 1345) IF (LLPRINT) THEN
( 1346)   WRITE (*, '(I10," ")', ADVANCE='NO') ISIZE
( 1347)   WRITE (*, *) TRIM (CLPATH)//'%LBFASCO2'
( 1348) ENDIF
( 1349) KSIZE = KSIZE + ISIZE
( 1350) ISIZE = KIND (YD%NCO2CLIMYY1)
( 1351) IF (LLPRINT) THEN
( 1352)   WRITE (*, '(I10," ")', ADVANCE='NO') ISIZE
( 1353)   WRITE (*, *) TRIM (CLPATH)//'%NCO2CLIMYY1'
( 1354) ENDIF
( 1355) KSIZE = KSIZE + ISIZE
( 1356) ISIZE = KIND (YD%NCO2CLIMYY2)
( 1357) IF (LLPRINT) THEN
( 1358)   WRITE (*, '(I10," ")', ADVANCE='NO') ISIZE
( 1359)   WRITE (*, *) TRIM (CLPATH)//'%NCO2CLIMYY2'
( 1360) ENDIF
( 1361) KSIZE = KSIZE + ISIZE
( 1362) ISIZE = KIND (YD%NCO2CLIMN1)
( 1363) IF (LLPRINT) THEN
( 1364)   WRITE (*, '(I10," ")', ADVANCE='NO') ISIZE
( 1365)   WRITE (*, *) TRIM (CLPATH)//'%NCO2CLIMN1'
( 1366) ENDIF
( 1367) KSIZE = KSIZE + ISIZE
( 1368) ISIZE = KIND (YD%NCO2CLIMN2)
( 1369) IF (LLPRINT) THEN
( 1370)   WRITE (*, '(I10," ")', ADVANCE='NO') ISIZE
( 1371)   WRITE (*, *) TRIM (CLPATH)//'%NCO2CLIMN2'
( 1372) ENDIF
( 1373) KSIZE = KSIZE + ISIZE
( 1374) ISIZE = KIND (YD%NCO2CLIMFRQ)
( 1375) IF (LLPRINT) THEN
( 1376)   WRITE (*, '(I10," ")', ADVANCE='NO') ISIZE
( 1377)   WRITE (*, *) TRIM (CLPATH)//'%NCO2CLIMFRQ'
( 1378) ENDIF
( 1379) KSIZE = KSIZE + ISIZE
( 1380) ISIZE = KIND (YD%NALBEDOSCHEME)
( 1381) IF (LLPRINT) THEN
( 1382)   WRITE (*, '(I10," ")', ADVANCE='NO') ISIZE
( 1383)   WRITE (*, *) TRIM (CLPATH)//'%NALBEDOSCHEME'
( 1384) ENDIF






NVFORTRAN (Version     24.5)          03/19/2025  06:54:33      page 25

( 1385) KSIZE = KSIZE + ISIZE
( 1386) ISIZE = KIND (YD%NEMISSSCHEME)
( 1387) IF (LLPRINT) THEN
( 1388)   WRITE (*, '(I10," ")', ADVANCE='NO') ISIZE
( 1389)   WRITE (*, *) TRIM (CLPATH)//'%NEMISSSCHEME'
( 1390) ENDIF
( 1391) KSIZE = KSIZE + ISIZE
( 1392) ISIZE = KIND (YD%RALFMINPSN)
( 1393) IF (LLPRINT) THEN
( 1394)   WRITE (*, '(I10," ")', ADVANCE='NO') ISIZE
( 1395)   WRITE (*, *) TRIM (CLPATH)//'%RALFMINPSN'
( 1396) ENDIF
( 1397) KSIZE = KSIZE + ISIZE
( 1398) ISIZE = KIND (YD%RNORTHML)
( 1399) IF (LLPRINT) THEN
( 1400)   WRITE (*, '(I10," ")', ADVANCE='NO') ISIZE
( 1401)   WRITE (*, *) TRIM (CLPATH)//'%RNORTHML'
( 1402) ENDIF
( 1403) KSIZE = KSIZE + ISIZE
( 1404) ISIZE = KIND (YD%RSOUTHML)
( 1405) IF (LLPRINT) THEN
( 1406)   WRITE (*, '(I10," ")', ADVANCE='NO') ISIZE
( 1407)   WRITE (*, *) TRIM (CLPATH)//'%RSOUTHML'
( 1408) ENDIF
( 1409) KSIZE = KSIZE + ISIZE
( 1410) ISIZE = KIND (YD%RWESTML)
( 1411) IF (LLPRINT) THEN
( 1412)   WRITE (*, '(I10," ")', ADVANCE='NO') ISIZE
( 1413)   WRITE (*, *) TRIM (CLPATH)//'%RWESTML'
( 1414) ENDIF
( 1415) KSIZE = KSIZE + ISIZE
( 1416) ISIZE = KIND (YD%REASTML)
( 1417) IF (LLPRINT) THEN
( 1418)   WRITE (*, '(I10," ")', ADVANCE='NO') ISIZE
( 1419)   WRITE (*, *) TRIM (CLPATH)//'%REASTML'
( 1420) ENDIF
( 1421) KSIZE = KSIZE + ISIZE
( 1422) ISIZE = KIND (YD%INVML)
( 1423) IF (LLPRINT) THEN
( 1424)   WRITE (*, '(I10," ")', ADVANCE='NO') ISIZE
( 1425)   WRITE (*, *) TRIM (CLPATH)//'%INVML'
( 1426) ENDIF
( 1427) KSIZE = KSIZE + ISIZE
( 1428) ISIZE = KIND (YD%LFPOS_EC_PHYS)
( 1429) IF (LLPRINT) THEN
( 1430)   WRITE (*, '(I10," ")', ADVANCE='NO') ISIZE
( 1431)   WRITE (*, *) TRIM (CLPATH)//'%LFPOS_EC_PHYS'
( 1432) ENDIF
( 1433) KSIZE = KSIZE + ISIZE
( 1434) ISIZE = KIND (YD%LFPOS_ACC_RESET)
( 1435) IF (LLPRINT) THEN
( 1436)   WRITE (*, '(I10," ")', ADVANCE='NO') ISIZE
( 1437)   WRITE (*, *) TRIM (CLPATH)//'%LFPOS_ACC_RESET'
( 1438) ENDIF
( 1439) KSIZE = KSIZE + ISIZE
( 1440) ISIZE = KIND (YD%LRAD_CLOUD_INHOMOG)
( 1441) IF (LLPRINT) THEN
( 1442)   WRITE (*, '(I10," ")', ADVANCE='NO') ISIZE






NVFORTRAN (Version     24.5)          03/19/2025  06:54:33      page 26

( 1443)   WRITE (*, *) TRIM (CLPATH)//'%LRAD_CLOUD_INHOMOG'
( 1444) ENDIF
( 1445) KSIZE = KSIZE + ISIZE
( 1446) END FUNCTION
( 1447) 
( 1448) END MODULE


























































NVFORTRAN (Version     24.5)          03/19/2025  06:54:33      page 27

(    1) # 1 "./util_tephy_mod.F90"
(    1) MODULE UTIL_TEPHY_MOD
(    2) # 3 "./util_tephy_mod.F90"
(    3) USE YOEPHY, ONLY : TEPHY
(    4) # 5 "./util_tephy_mod.F90"
(    5) INTERFACE SAVE
(    6) MODULE PROCEDURE SAVE_TEPHY
(    7) END INTERFACE
(    8) # 9 "./util_tephy_mod.F90"
(    9) INTERFACE LOAD
(   10) MODULE PROCEDURE LOAD_TEPHY
(   11) END INTERFACE
(   12) # 13 "./util_tephy_mod.F90"
(   13) INTERFACE COPY
(   14) MODULE PROCEDURE COPY_TEPHY
(   15) END INTERFACE
(   16) # 17 "./util_tephy_mod.F90"
(   17) INTERFACE HOST
(   18) MODULE PROCEDURE HOST_TEPHY
(   19) END INTERFACE
(   20) # 21 "./util_tephy_mod.F90"
(   21)      
(   22) INTERFACE CRC64
(   23) MODULE PROCEDURE CRC64_TEPHY
(   24) END INTERFACE
(   25) # 26 "./util_tephy_mod.F90"
(   26) INTERFACE WIPE
(   27) MODULE PROCEDURE WIPE_TEPHY
(   28) END INTERFACE
(   29) # 30 "./util_tephy_mod.F90"
(   30) INTERFACE SIZE
(   31) MODULE PROCEDURE SIZE_TEPHY
(   32) END INTERFACE
(   33) # 35 "./util_tephy_mod.F90"
(   35) CONTAINS
(   36) # 37 "./util_tephy_mod.F90"
(   37) SUBROUTINE SAVE_TEPHY (KLUN, YD)
(   38) # 39 "./util_tephy_mod.F90"
(   39) IMPLICIT NONE
(   40) INTEGER, INTENT (IN) :: KLUN
(   41) TYPE (TEPHY), INTENT (IN), TARGET :: YD
(   42) # 43 "./util_tephy_mod.F90"
(   43) WRITE (KLUN) YD%LEPHYS
(   44) WRITE (KLUN) YD%LECOND
(   45) WRITE (KLUN) YD%LECUMF
(   46) WRITE (KLUN) YD%LEDCLD
(   47) WRITE (KLUN) YD%LEEVAP
(   48) WRITE (KLUN) YD%LEGWDG
(   49) WRITE (KLUN) YD%LEGWWMS
(   50) WRITE (KLUN) YD%LEOZOC
(   51) WRITE (KLUN) YD%LEQNGT
(   52) WRITE (KLUN) YD%LERADI
(   53) WRITE (KLUN) YD%LERADIMPL
(   54) WRITE (KLUN) YD%LERADS
(   55) WRITE (KLUN) YD%LESICE
(   56) WRITE (KLUN) YD%LESURF
(   57) WRITE (KLUN) YD%LEVDIF
(   58) WRITE (KLUN) YD%LEVDIFSL






NVFORTRAN (Version     24.5)          03/19/2025  06:54:33      page 28

(   59) WRITE (KLUN) YD%LAGPHY
(   60) WRITE (KLUN) YD%LEPCLD
(   61) WRITE (KLUN) YD%LEO3CH
(   62) WRITE (KLUN) YD%LO3CH_SAFE
(   63) WRITE (KLUN) YD%LO3CH_OLDVER
(   64) WRITE (KLUN) YD%LO3CH_BMS
(   65) WRITE (KLUN) YD%LO3CH_HLO
(   66) WRITE (KLUN) YD%CO3CHEM
(   67) WRITE (KLUN) YD%LNEEONLINE
(   68) WRITE (KLUN) YD%LWETONLINE
(   69) WRITE (KLUN) YD%LBUD23
(   70) WRITE (KLUN) YD%LPPTILES
(   71) WRITE (KLUN) YD%LBUDCYCLE
(   72) WRITE (KLUN) YD%LEXTRATEND
(   73) WRITE (KLUN) YD%LEMETHOX
(   74) WRITE (KLUN) YD%LECURR
(   75) WRITE (KLUN) YD%LESURFTRAJ
(   76) WRITE (KLUN) YD%LVDFTRAC
(   77) WRITE (KLUN) YD%LVDFNEWTRAC
(   78) WRITE (KLUN) YD%LMFTRAC
(   79) WRITE (KLUN) YD%LMFSCAV
(   80) WRITE (KLUN) YD%LERAIN
(   81) WRITE (KLUN) YD%LEMWAVE
(   82) WRITE (KLUN) YD%LEGBRAD
(   83) WRITE (KLUN) YD%LERAINGG
(   84) WRITE (KLUN) YD%LESMOS
(   85) WRITE (KLUN) YD%LESMAP
(   86) WRITE (KLUN) YD%LEOCWA
(   87) WRITE (KLUN) YD%LEOCCO
(   88) WRITE (KLUN) YD%LEOCSA
(   89) WRITE (KLUN) YD%LEOCLA
(   90) WRITE (KLUN) YD%LEVGEN
(   91) WRITE (KLUN) YD%LESSRO
(   92) WRITE (KLUN) YD%LEFLAKE
(   93) WRITE (KLUN) YD%LEOCML
(   94) WRITE (KLUN) YD%LEOBC
(   95) WRITE (KLUN) YD%LEOBCMAX
(   96) WRITE (KLUN) YD%REOBCMAX
(   97) WRITE (KLUN) YD%LEOBCICE
(   98) WRITE (KLUN) YD%LEOCLAKE
(   99) WRITE (KLUN) YD%LEOLAKESST
(  100) WRITE (KLUN) YD%LOCMLTKE
(  101) WRITE (KLUN) YD%LECLIPQT0
(  102) WRITE (KLUN) YD%LECLIPCLDT0
(  103) WRITE (KLUN) YD%LDUCTDIA
(  104) WRITE (KLUN) YD%LDIAGTURB_EC
(  105) WRITE (KLUN) YD%LDIAGTURBGRAD_EC
(  106) WRITE (KLUN) YD%LSLPHY
(  107) WRITE (KLUN) YD%LESN09
(  108) WRITE (KLUN) YD%LELAIV
(  109) WRITE (KLUN) YD%LECTESSEL
(  110) WRITE (KLUN) YD%LEAGS
(  111) WRITE (KLUN) YD%LEFARQUHAR
(  112) WRITE (KLUN) YD%LEOPTSURF
(  113) WRITE (KLUN) YD%LEC4MAP
(  114) WRITE (KLUN) YD%LEAIRCO2COUP
(  115) WRITE (KLUN) YD%LELIGHT
(  116) WRITE (KLUN) YD%LVEXTRDYNACC






NVFORTRAN (Version     24.5)          03/19/2025  06:54:33      page 29

(  117) WRITE (KLUN) YD%RTHRFRTI
(  118) WRITE (KLUN) YD%RCIMIN
(  119) WRITE (KLUN) YD%RLAIINT
(  120) WRITE (KLUN) YD%NPRACCL
(  121) WRITE (KLUN) YD%NLIMODE
(  122) WRITE (KLUN) YD%LECLIM10D
(  123) WRITE (KLUN) YD%LESNML
(  124) WRITE (KLUN) YD%LEURBAN
(  125) WRITE (KLUN) YD%NSNMLWS
(  126) WRITE (KLUN) YD%LBFASCO2
(  127) WRITE (KLUN) YD%NCO2CLIMYY1
(  128) WRITE (KLUN) YD%NCO2CLIMYY2
(  129) WRITE (KLUN) YD%NCO2CLIMN1
(  130) WRITE (KLUN) YD%NCO2CLIMN2
(  131) WRITE (KLUN) YD%NCO2CLIMFRQ
(  132) WRITE (KLUN) YD%NALBEDOSCHEME
(  133) WRITE (KLUN) YD%NEMISSSCHEME
(  134) WRITE (KLUN) YD%RALFMINPSN
(  135) WRITE (KLUN) YD%RNORTHML
(  136) WRITE (KLUN) YD%RSOUTHML
(  137) WRITE (KLUN) YD%RWESTML
(  138) WRITE (KLUN) YD%REASTML
(  139) WRITE (KLUN) YD%INVML
(  140) WRITE (KLUN) YD%LFPOS_EC_PHYS
(  141) WRITE (KLUN) YD%LFPOS_ACC_RESET
(  142) WRITE (KLUN) YD%LRAD_CLOUD_INHOMOG
(  143) END SUBROUTINE
(  144) # 145 "./util_tephy_mod.F90"
(  145) SUBROUTINE LOAD_TEPHY (KLUN, YD)
(  146) USE PARKIND1, ONLY : JPRD
(  147) # 148 "./util_tephy_mod.F90"
(  148) IMPLICIT NONE
(  149) INTEGER, INTENT (IN) :: KLUN
(  150) TYPE (TEPHY), INTENT (OUT), TARGET :: YD
(  151) REAL(KIND=JPRD) :: ZTMP0
(  152) READ (KLUN) YD%LEPHYS
(  153) READ (KLUN) YD%LECOND
(  154) READ (KLUN) YD%LECUMF
(  155) READ (KLUN) YD%LEDCLD
(  156) READ (KLUN) YD%LEEVAP
(  157) READ (KLUN) YD%LEGWDG
(  158) READ (KLUN) YD%LEGWWMS
(  159) READ (KLUN) YD%LEOZOC
(  160) READ (KLUN) YD%LEQNGT
(  161) READ (KLUN) YD%LERADI
(  162) READ (KLUN) YD%LERADIMPL
(  163) READ (KLUN) YD%LERADS
(  164) READ (KLUN) YD%LESICE
(  165) READ (KLUN) YD%LESURF
(  166) READ (KLUN) YD%LEVDIF
(  167) READ (KLUN) YD%LEVDIFSL
(  168) READ (KLUN) YD%LAGPHY
(  169) READ (KLUN) YD%LEPCLD
(  170) READ (KLUN) YD%LEO3CH
(  171) READ (KLUN) YD%LO3CH_SAFE
(  172) READ (KLUN) YD%LO3CH_OLDVER
(  173) READ (KLUN) YD%LO3CH_BMS
(  174) READ (KLUN) YD%LO3CH_HLO






NVFORTRAN (Version     24.5)          03/19/2025  06:54:33      page 30

(  175) READ (KLUN) YD%CO3CHEM
(  176) READ (KLUN) YD%LNEEONLINE
(  177) READ (KLUN) YD%LWETONLINE
(  178) READ (KLUN) YD%LBUD23
(  179) READ (KLUN) YD%LPPTILES
(  180) READ (KLUN) YD%LBUDCYCLE
(  181) READ (KLUN) YD%LEXTRATEND
(  182) READ (KLUN) YD%LEMETHOX
(  183) READ (KLUN) YD%LECURR
(  184) READ (KLUN) YD%LESURFTRAJ
(  185) READ (KLUN) YD%LVDFTRAC
(  186) READ (KLUN) YD%LVDFNEWTRAC
(  187) READ (KLUN) YD%LMFTRAC
(  188) READ (KLUN) YD%LMFSCAV
(  189) READ (KLUN) YD%LERAIN
(  190) READ (KLUN) YD%LEMWAVE
(  191) READ (KLUN) YD%LEGBRAD
(  192) READ (KLUN) YD%LERAINGG
(  193) READ (KLUN) YD%LESMOS
(  194) READ (KLUN) YD%LESMAP
(  195) READ (KLUN) YD%LEOCWA
(  196) READ (KLUN) YD%LEOCCO
(  197) READ (KLUN) YD%LEOCSA
(  198) READ (KLUN) YD%LEOCLA
(  199) READ (KLUN) YD%LEVGEN
(  200) READ (KLUN) YD%LESSRO
(  201) READ (KLUN) YD%LEFLAKE
(  202) READ (KLUN) YD%LEOCML
(  203) READ (KLUN) YD%LEOBC
(  204) READ (KLUN) YD%LEOBCMAX
(  205) READ (KLUN) ZTMP0
(  206) YD%REOBCMAX = ZTMP0
(  207) READ (KLUN) YD%LEOBCICE
(  208) READ (KLUN) YD%LEOCLAKE
(  209) READ (KLUN) YD%LEOLAKESST
(  210) READ (KLUN) YD%LOCMLTKE
(  211) READ (KLUN) YD%LECLIPQT0
(  212) READ (KLUN) YD%LECLIPCLDT0
(  213) READ (KLUN) YD%LDUCTDIA
(  214) READ (KLUN) YD%LDIAGTURB_EC
(  215) READ (KLUN) YD%LDIAGTURBGRAD_EC
(  216) READ (KLUN) YD%LSLPHY
(  217) READ (KLUN) YD%LESN09
(  218) READ (KLUN) YD%LELAIV
(  219) READ (KLUN) YD%LECTESSEL
(  220) READ (KLUN) YD%LEAGS
(  221) READ (KLUN) YD%LEFARQUHAR
(  222) READ (KLUN) YD%LEOPTSURF
(  223) READ (KLUN) YD%LEC4MAP
(  224) READ (KLUN) YD%LEAIRCO2COUP
(  225) READ (KLUN) YD%LELIGHT
(  226) READ (KLUN) YD%LVEXTRDYNACC
(  227) READ (KLUN) ZTMP0
(  228) YD%RTHRFRTI = ZTMP0
(  229) READ (KLUN) ZTMP0
(  230) YD%RCIMIN = ZTMP0
(  231) READ (KLUN) ZTMP0
(  232) YD%RLAIINT = ZTMP0






NVFORTRAN (Version     24.5)          03/19/2025  06:54:33      page 31

(  233) READ (KLUN) YD%NPRACCL
(  234) READ (KLUN) YD%NLIMODE
(  235) READ (KLUN) YD%LECLIM10D
(  236) READ (KLUN) YD%LESNML
(  237) READ (KLUN) YD%LEURBAN
(  238) READ (KLUN) YD%NSNMLWS
(  239) READ (KLUN) YD%LBFASCO2
(  240) READ (KLUN) YD%NCO2CLIMYY1
(  241) READ (KLUN) YD%NCO2CLIMYY2
(  242) READ (KLUN) YD%NCO2CLIMN1
(  243) READ (KLUN) YD%NCO2CLIMN2
(  244) READ (KLUN) YD%NCO2CLIMFRQ
(  245) READ (KLUN) YD%NALBEDOSCHEME
(  246) READ (KLUN) YD%NEMISSSCHEME
(  247) READ (KLUN) ZTMP0
(  248) YD%RALFMINPSN = ZTMP0
(  249) READ (KLUN) ZTMP0
(  250) YD%RNORTHML = ZTMP0
(  251) READ (KLUN) ZTMP0
(  252) YD%RSOUTHML = ZTMP0
(  253) READ (KLUN) ZTMP0
(  254) YD%RWESTML = ZTMP0
(  255) READ (KLUN) ZTMP0
(  256) YD%REASTML = ZTMP0
(  257) READ (KLUN) YD%INVML
(  258) READ (KLUN) YD%LFPOS_EC_PHYS
(  259) READ (KLUN) YD%LFPOS_ACC_RESET
(  260) READ (KLUN) YD%LRAD_CLOUD_INHOMOG
(  261) END SUBROUTINE
(  262) # 264 "./util_tephy_mod.F90"
(  264) SUBROUTINE COPY_TEPHY (YD, LDCREATED, LDFIELDAPI)
(  265) # 266 "./util_tephy_mod.F90"
(  266) IMPLICIT NONE
(  267) TYPE (TEPHY), INTENT (IN), TARGET :: YD
(  268) LOGICAL, OPTIONAL, INTENT (IN) :: LDCREATED, LDFIELDAPI
(  269) LOGICAL :: LLCREATED
(  270) LOGICAL :: LLFIELDAPI
(  271) # 272 "./util_tephy_mod.F90"
(  272) LLFIELDAPI = .FALSE.
(  273) IF (PRESENT (LDFIELDAPI)) THEN
(  274)   LLFIELDAPI = LDFIELDAPI
(  275) ENDIF
(  276) LLCREATED = .FALSE.
(  277) IF (PRESENT (LDCREATED)) THEN
(  278)   LLCREATED = LDCREATED
(  279) ENDIF
(  280) IF (.NOT. LLCREATED) THEN
(  281)   !$acc enter data create (YD)
(  282)   !$acc update device (YD)
(  283) ENDIF
(  284) # 384 "./util_tephy_mod.F90"
(  384) END SUBROUTINE
(  385) # 386 "./util_tephy_mod.F90"
(  386) SUBROUTINE HOST_TEPHY (YD)
(  387) # 388 "./util_tephy_mod.F90"
(  388) IMPLICIT NONE
(  389) TYPE (TEPHY), TARGET :: YD
(  390) # 491 "./util_tephy_mod.F90"






NVFORTRAN (Version     24.5)          03/19/2025  06:54:33      page 32

(  491) END SUBROUTINE
(  492) # 493 "./util_tephy_mod.F90"
(  493)      
(  494) # 495 "./util_tephy_mod.F90"
(  495) SUBROUTINE CRC64_TEPHY (YD, KLUN, CDPATH)
(  496) USE CRC64_INTRINSIC
(  497) # 498 "./util_tephy_mod.F90"
(  498) IMPLICIT NONE
(  499) TYPE (TEPHY), TARGET :: YD
(  500) INTEGER, INTENT (IN) :: KLUN
(  501) CHARACTER(LEN=*), INTENT (IN) :: CDPATH
(  502) CHARACTER(LEN=128) :: CLIND
(  503) # 504 "./util_tephy_mod.F90"
(  504) WRITE (KLUN, '(Z16.16," ",A)') CRC64 (YD%LEPHYS), CDPATH//'%LEPHYS'
(  505) # 506 "./util_tephy_mod.F90"
(  506) WRITE (KLUN, '(Z16.16," ",A)') CRC64 (YD%LECOND), CDPATH//'%LECOND'
(  507) # 508 "./util_tephy_mod.F90"
(  508) WRITE (KLUN, '(Z16.16," ",A)') CRC64 (YD%LECUMF), CDPATH//'%LECUMF'
(  509) # 510 "./util_tephy_mod.F90"
(  510) WRITE (KLUN, '(Z16.16," ",A)') CRC64 (YD%LEDCLD), CDPATH//'%LEDCLD'
(  511) # 512 "./util_tephy_mod.F90"
(  512) WRITE (KLUN, '(Z16.16," ",A)') CRC64 (YD%LEEVAP), CDPATH//'%LEEVAP'
(  513) # 514 "./util_tephy_mod.F90"
(  514) WRITE (KLUN, '(Z16.16," ",A)') CRC64 (YD%LEGWDG), CDPATH//'%LEGWDG'
(  515) # 516 "./util_tephy_mod.F90"
(  516) WRITE (KLUN, '(Z16.16," ",A)') CRC64 (YD%LEGWWMS), CDPATH//'%LEGWWMS'
(  517) # 518 "./util_tephy_mod.F90"
(  518) WRITE (KLUN, '(Z16.16," ",A)') CRC64 (YD%LEOZOC), CDPATH//'%LEOZOC'
(  519) # 520 "./util_tephy_mod.F90"
(  520) WRITE (KLUN, '(Z16.16," ",A)') CRC64 (YD%LEQNGT), CDPATH//'%LEQNGT'
(  521) # 522 "./util_tephy_mod.F90"
(  522) WRITE (KLUN, '(Z16.16," ",A)') CRC64 (YD%LERADI), CDPATH//'%LERADI'
(  523) # 524 "./util_tephy_mod.F90"
(  524) WRITE (KLUN, '(Z16.16," ",A)') CRC64 (YD%LERADIMPL), CDPATH//'%LERADIMPL'
(  525) # 526 "./util_tephy_mod.F90"
(  526) WRITE (KLUN, '(Z16.16," ",A)') CRC64 (YD%LERADS), CDPATH//'%LERADS'
(  527) # 528 "./util_tephy_mod.F90"
(  528) WRITE (KLUN, '(Z16.16," ",A)') CRC64 (YD%LESICE), CDPATH//'%LESICE'
(  529) # 530 "./util_tephy_mod.F90"
(  530) WRITE (KLUN, '(Z16.16," ",A)') CRC64 (YD%LESURF), CDPATH//'%LESURF'
(  531) # 532 "./util_tephy_mod.F90"
(  532) WRITE (KLUN, '(Z16.16," ",A)') CRC64 (YD%LEVDIF), CDPATH//'%LEVDIF'
(  533) # 534 "./util_tephy_mod.F90"
(  534) WRITE (KLUN, '(Z16.16," ",A)') CRC64 (YD%LEVDIFSL), CDPATH//'%LEVDIFSL'
(  535) # 536 "./util_tephy_mod.F90"
(  536) WRITE (KLUN, '(Z16.16," ",A)') CRC64 (YD%LAGPHY), CDPATH//'%LAGPHY'
(  537) # 538 "./util_tephy_mod.F90"
(  538) WRITE (KLUN, '(Z16.16," ",A)') CRC64 (YD%LEPCLD), CDPATH//'%LEPCLD'
(  539) # 540 "./util_tephy_mod.F90"
(  540) WRITE (KLUN, '(Z16.16," ",A)') CRC64 (YD%LEO3CH), CDPATH//'%LEO3CH'
(  541) # 542 "./util_tephy_mod.F90"
(  542) WRITE (KLUN, '(Z16.16," ",A)') CRC64 (YD%LO3CH_SAFE), CDPATH//'%LO3CH_SAFE'
(  543) # 544 "./util_tephy_mod.F90"
(  544) WRITE (KLUN, '(Z16.16," ",A)') CRC64 (YD%LO3CH_OLDVER), CDPATH//'%LO3CH_OLDVER'
(  545) # 546 "./util_tephy_mod.F90"
(  546) WRITE (KLUN, '(Z16.16," ",A)') CRC64 (YD%LO3CH_BMS), CDPATH//'%LO3CH_BMS'
(  547) # 548 "./util_tephy_mod.F90"
(  548) WRITE (KLUN, '(Z16.16," ",A)') CRC64 (YD%LO3CH_HLO), CDPATH//'%LO3CH_HLO'






NVFORTRAN (Version     24.5)          03/19/2025  06:54:33      page 33

(  549) # 550 "./util_tephy_mod.F90"
(  550) WRITE (KLUN, '(Z16.16," ",A)') CRC64 (YD%CO3CHEM), CDPATH//'%CO3CHEM'
(  551) # 552 "./util_tephy_mod.F90"
(  552) WRITE (KLUN, '(Z16.16," ",A)') CRC64 (YD%LNEEONLINE), CDPATH//'%LNEEONLINE'
(  553) # 554 "./util_tephy_mod.F90"
(  554) WRITE (KLUN, '(Z16.16," ",A)') CRC64 (YD%LWETONLINE), CDPATH//'%LWETONLINE'
(  555) # 556 "./util_tephy_mod.F90"
(  556) WRITE (KLUN, '(Z16.16," ",A)') CRC64 (YD%LBUD23), CDPATH//'%LBUD23'
(  557) # 558 "./util_tephy_mod.F90"
(  558) WRITE (KLUN, '(Z16.16," ",A)') CRC64 (YD%LPPTILES), CDPATH//'%LPPTILES'
(  559) # 560 "./util_tephy_mod.F90"
(  560) WRITE (KLUN, '(Z16.16," ",A)') CRC64 (YD%LBUDCYCLE), CDPATH//'%LBUDCYCLE'
(  561) # 562 "./util_tephy_mod.F90"
(  562) WRITE (KLUN, '(Z16.16," ",A)') CRC64 (YD%LEXTRATEND), CDPATH//'%LEXTRATEND'
(  563) # 564 "./util_tephy_mod.F90"
(  564) WRITE (KLUN, '(Z16.16," ",A)') CRC64 (YD%LEMETHOX), CDPATH//'%LEMETHOX'
(  565) # 566 "./util_tephy_mod.F90"
(  566) WRITE (KLUN, '(Z16.16," ",A)') CRC64 (YD%LECURR), CDPATH//'%LECURR'
(  567) # 568 "./util_tephy_mod.F90"
(  568) WRITE (KLUN, '(Z16.16," ",A)') CRC64 (YD%LESURFTRAJ), CDPATH//'%LESURFTRAJ'
(  569) # 570 "./util_tephy_mod.F90"
(  570) WRITE (KLUN, '(Z16.16," ",A)') CRC64 (YD%LVDFTRAC), CDPATH//'%LVDFTRAC'
(  571) # 572 "./util_tephy_mod.F90"
(  572) WRITE (KLUN, '(Z16.16," ",A)') CRC64 (YD%LVDFNEWTRAC), CDPATH//'%LVDFNEWTRAC'
(  573) # 574 "./util_tephy_mod.F90"
(  574) WRITE (KLUN, '(Z16.16," ",A)') CRC64 (YD%LMFTRAC), CDPATH//'%LMFTRAC'
(  575) # 576 "./util_tephy_mod.F90"
(  576) WRITE (KLUN, '(Z16.16," ",A)') CRC64 (YD%LMFSCAV), CDPATH//'%LMFSCAV'
(  577) # 578 "./util_tephy_mod.F90"
(  578) WRITE (KLUN, '(Z16.16," ",A)') CRC64 (YD%LERAIN), CDPATH//'%LERAIN'
(  579) # 580 "./util_tephy_mod.F90"
(  580) WRITE (KLUN, '(Z16.16," ",A)') CRC64 (YD%LEMWAVE), CDPATH//'%LEMWAVE'
(  581) # 582 "./util_tephy_mod.F90"
(  582) WRITE (KLUN, '(Z16.16," ",A)') CRC64 (YD%LEGBRAD), CDPATH//'%LEGBRAD'
(  583) # 584 "./util_tephy_mod.F90"
(  584) WRITE (KLUN, '(Z16.16," ",A)') CRC64 (YD%LERAINGG), CDPATH//'%LERAINGG'
(  585) # 586 "./util_tephy_mod.F90"
(  586) WRITE (KLUN, '(Z16.16," ",A)') CRC64 (YD%LESMOS), CDPATH//'%LESMOS'
(  587) # 588 "./util_tephy_mod.F90"
(  588) WRITE (KLUN, '(Z16.16," ",A)') CRC64 (YD%LESMAP), CDPATH//'%LESMAP'
(  589) # 590 "./util_tephy_mod.F90"
(  590) WRITE (KLUN, '(Z16.16," ",A)') CRC64 (YD%LEOCWA), CDPATH//'%LEOCWA'
(  591) # 592 "./util_tephy_mod.F90"
(  592) WRITE (KLUN, '(Z16.16," ",A)') CRC64 (YD%LEOCCO), CDPATH//'%LEOCCO'
(  593) # 594 "./util_tephy_mod.F90"
(  594) WRITE (KLUN, '(Z16.16," ",A)') CRC64 (YD%LEOCSA), CDPATH//'%LEOCSA'
(  595) # 596 "./util_tephy_mod.F90"
(  596) WRITE (KLUN, '(Z16.16," ",A)') CRC64 (YD%LEOCLA), CDPATH//'%LEOCLA'
(  597) # 598 "./util_tephy_mod.F90"
(  598) WRITE (KLUN, '(Z16.16," ",A)') CRC64 (YD%LEVGEN), CDPATH//'%LEVGEN'
(  599) # 600 "./util_tephy_mod.F90"
(  600) WRITE (KLUN, '(Z16.16," ",A)') CRC64 (YD%LESSRO), CDPATH//'%LESSRO'
(  601) # 602 "./util_tephy_mod.F90"
(  602) WRITE (KLUN, '(Z16.16," ",A)') CRC64 (YD%LEFLAKE), CDPATH//'%LEFLAKE'
(  603) # 604 "./util_tephy_mod.F90"
(  604) WRITE (KLUN, '(Z16.16," ",A)') CRC64 (YD%LEOCML), CDPATH//'%LEOCML'
(  605) # 606 "./util_tephy_mod.F90"
(  606) WRITE (KLUN, '(Z16.16," ",A)') CRC64 (YD%LEOBC), CDPATH//'%LEOBC'






NVFORTRAN (Version     24.5)          03/19/2025  06:54:33      page 34

(  607) # 608 "./util_tephy_mod.F90"
(  608) WRITE (KLUN, '(Z16.16," ",A)') CRC64 (YD%LEOBCMAX), CDPATH//'%LEOBCMAX'
(  609) # 610 "./util_tephy_mod.F90"
(  610) WRITE (KLUN, '(Z16.16," ",A)') CRC64 (YD%REOBCMAX), CDPATH//'%REOBCMAX'
(  611) # 612 "./util_tephy_mod.F90"
(  612) WRITE (KLUN, '(Z16.16," ",A)') CRC64 (YD%LEOBCICE), CDPATH//'%LEOBCICE'
(  613) # 614 "./util_tephy_mod.F90"
(  614) WRITE (KLUN, '(Z16.16," ",A)') CRC64 (YD%LEOCLAKE), CDPATH//'%LEOCLAKE'
(  615) # 616 "./util_tephy_mod.F90"
(  616) WRITE (KLUN, '(Z16.16," ",A)') CRC64 (YD%LEOLAKESST), CDPATH//'%LEOLAKESST'
(  617) # 618 "./util_tephy_mod.F90"
(  618) WRITE (KLUN, '(Z16.16," ",A)') CRC64 (YD%LOCMLTKE), CDPATH//'%LOCMLTKE'
(  619) # 620 "./util_tephy_mod.F90"
(  620) WRITE (KLUN, '(Z16.16," ",A)') CRC64 (YD%LECLIPQT0), CDPATH//'%LECLIPQT0'
(  621) # 622 "./util_tephy_mod.F90"
(  622) WRITE (KLUN, '(Z16.16," ",A)') CRC64 (YD%LECLIPCLDT0), CDPATH//'%LECLIPCLDT0'
(  623) # 624 "./util_tephy_mod.F90"
(  624) WRITE (KLUN, '(Z16.16," ",A)') CRC64 (YD%LDUCTDIA), CDPATH//'%LDUCTDIA'
(  625) # 626 "./util_tephy_mod.F90"
(  626) WRITE (KLUN, '(Z16.16," ",A)') CRC64 (YD%LDIAGTURB_EC), CDPATH//'%LDIAGTURB_EC'
(  627) # 628 "./util_tephy_mod.F90"
(  628) WRITE (KLUN, '(Z16.16," ",A)') CRC64 (YD%LDIAGTURBGRAD_EC), CDPATH//'%LDIAGTURBGRAD_EC'
(  629) # 630 "./util_tephy_mod.F90"
(  630) WRITE (KLUN, '(Z16.16," ",A)') CRC64 (YD%LSLPHY), CDPATH//'%LSLPHY'
(  631) # 632 "./util_tephy_mod.F90"
(  632) WRITE (KLUN, '(Z16.16," ",A)') CRC64 (YD%LESN09), CDPATH//'%LESN09'
(  633) # 634 "./util_tephy_mod.F90"
(  634) WRITE (KLUN, '(Z16.16," ",A)') CRC64 (YD%LELAIV), CDPATH//'%LELAIV'
(  635) # 636 "./util_tephy_mod.F90"
(  636) WRITE (KLUN, '(Z16.16," ",A)') CRC64 (YD%LECTESSEL), CDPATH//'%LECTESSEL'
(  637) # 638 "./util_tephy_mod.F90"
(  638) WRITE (KLUN, '(Z16.16," ",A)') CRC64 (YD%LEAGS), CDPATH//'%LEAGS'
(  639) # 640 "./util_tephy_mod.F90"
(  640) WRITE (KLUN, '(Z16.16," ",A)') CRC64 (YD%LEFARQUHAR), CDPATH//'%LEFARQUHAR'
(  641) # 642 "./util_tephy_mod.F90"
(  642) WRITE (KLUN, '(Z16.16," ",A)') CRC64 (YD%LEOPTSURF), CDPATH//'%LEOPTSURF'
(  643) # 644 "./util_tephy_mod.F90"
(  644) WRITE (KLUN, '(Z16.16," ",A)') CRC64 (YD%LEC4MAP), CDPATH//'%LEC4MAP'
(  645) # 646 "./util_tephy_mod.F90"
(  646) WRITE (KLUN, '(Z16.16," ",A)') CRC64 (YD%LEAIRCO2COUP), CDPATH//'%LEAIRCO2COUP'
(  647) # 648 "./util_tephy_mod.F90"
(  648) WRITE (KLUN, '(Z16.16," ",A)') CRC64 (YD%LELIGHT), CDPATH//'%LELIGHT'
(  649) # 650 "./util_tephy_mod.F90"
(  650) WRITE (KLUN, '(Z16.16," ",A)') CRC64 (YD%LVEXTRDYNACC), CDPATH//'%LVEXTRDYNACC'
(  651) # 652 "./util_tephy_mod.F90"
(  652) WRITE (KLUN, '(Z16.16," ",A)') CRC64 (YD%RTHRFRTI), CDPATH//'%RTHRFRTI'
(  653) # 654 "./util_tephy_mod.F90"
(  654) WRITE (KLUN, '(Z16.16," ",A)') CRC64 (YD%RCIMIN), CDPATH//'%RCIMIN'
(  655) # 656 "./util_tephy_mod.F90"
(  656) WRITE (KLUN, '(Z16.16," ",A)') CRC64 (YD%RLAIINT), CDPATH//'%RLAIINT'
(  657) # 658 "./util_tephy_mod.F90"
(  658) WRITE (KLUN, '(Z16.16," ",A)') CRC64 (YD%NPRACCL), CDPATH//'%NPRACCL'
(  659) # 660 "./util_tephy_mod.F90"
(  660) WRITE (KLUN, '(Z16.16," ",A)') CRC64 (YD%NLIMODE), CDPATH//'%NLIMODE'
(  661) # 662 "./util_tephy_mod.F90"
(  662) WRITE (KLUN, '(Z16.16," ",A)') CRC64 (YD%LECLIM10D), CDPATH//'%LECLIM10D'
(  663) # 664 "./util_tephy_mod.F90"
(  664) WRITE (KLUN, '(Z16.16," ",A)') CRC64 (YD%LESNML), CDPATH//'%LESNML'






NVFORTRAN (Version     24.5)          03/19/2025  06:54:33      page 35

(  665) # 666 "./util_tephy_mod.F90"
(  666) WRITE (KLUN, '(Z16.16," ",A)') CRC64 (YD%LEURBAN), CDPATH//'%LEURBAN'
(  667) # 668 "./util_tephy_mod.F90"
(  668) WRITE (KLUN, '(Z16.16," ",A)') CRC64 (YD%NSNMLWS), CDPATH//'%NSNMLWS'
(  669) # 670 "./util_tephy_mod.F90"
(  670) WRITE (KLUN, '(Z16.16," ",A)') CRC64 (YD%LBFASCO2), CDPATH//'%LBFASCO2'
(  671) # 672 "./util_tephy_mod.F90"
(  672) WRITE (KLUN, '(Z16.16," ",A)') CRC64 (YD%NCO2CLIMYY1), CDPATH//'%NCO2CLIMYY1'
(  673) # 674 "./util_tephy_mod.F90"
(  674) WRITE (KLUN, '(Z16.16," ",A)') CRC64 (YD%NCO2CLIMYY2), CDPATH//'%NCO2CLIMYY2'
(  675) # 676 "./util_tephy_mod.F90"
(  676) WRITE (KLUN, '(Z16.16," ",A)') CRC64 (YD%NCO2CLIMN1), CDPATH//'%NCO2CLIMN1'
(  677) # 678 "./util_tephy_mod.F90"
(  678) WRITE (KLUN, '(Z16.16," ",A)') CRC64 (YD%NCO2CLIMN2), CDPATH//'%NCO2CLIMN2'
(  679) # 680 "./util_tephy_mod.F90"
(  680) WRITE (KLUN, '(Z16.16," ",A)') CRC64 (YD%NCO2CLIMFRQ), CDPATH//'%NCO2CLIMFRQ'
(  681) # 682 "./util_tephy_mod.F90"
(  682) WRITE (KLUN, '(Z16.16," ",A)') CRC64 (YD%NALBEDOSCHEME), CDPATH//'%NALBEDOSCHEME'
(  683) # 684 "./util_tephy_mod.F90"
(  684) WRITE (KLUN, '(Z16.16," ",A)') CRC64 (YD%NEMISSSCHEME), CDPATH//'%NEMISSSCHEME'
(  685) # 686 "./util_tephy_mod.F90"
(  686) WRITE (KLUN, '(Z16.16," ",A)') CRC64 (YD%RALFMINPSN), CDPATH//'%RALFMINPSN'
(  687) # 688 "./util_tephy_mod.F90"
(  688) WRITE (KLUN, '(Z16.16," ",A)') CRC64 (YD%RNORTHML), CDPATH//'%RNORTHML'
(  689) # 690 "./util_tephy_mod.F90"
(  690) WRITE (KLUN, '(Z16.16," ",A)') CRC64 (YD%RSOUTHML), CDPATH//'%RSOUTHML'
(  691) # 692 "./util_tephy_mod.F90"
(  692) WRITE (KLUN, '(Z16.16," ",A)') CRC64 (YD%RWESTML), CDPATH//'%RWESTML'
(  693) # 694 "./util_tephy_mod.F90"
(  694) WRITE (KLUN, '(Z16.16," ",A)') CRC64 (YD%REASTML), CDPATH//'%REASTML'
(  695) # 696 "./util_tephy_mod.F90"
(  696) WRITE (KLUN, '(Z16.16," ",A)') CRC64 (YD%INVML), CDPATH//'%INVML'
(  697) # 698 "./util_tephy_mod.F90"
(  698) WRITE (KLUN, '(Z16.16," ",A)') CRC64 (YD%LFPOS_EC_PHYS), CDPATH//'%LFPOS_EC_PHYS'
(  699) # 700 "./util_tephy_mod.F90"
(  700) WRITE (KLUN, '(Z16.16," ",A)') CRC64 (YD%LFPOS_ACC_RESET), CDPATH//'%LFPOS_ACC_RESET'
(  701) # 702 "./util_tephy_mod.F90"
(  702) WRITE (KLUN, '(Z16.16," ",A)') CRC64 (YD%LRAD_CLOUD_INHOMOG), CDPATH//'%LRAD_CLOUD_INHOMOG'
(  703) # 704 "./util_tephy_mod.F90"
(  704) END SUBROUTINE
(  705) # 706 "./util_tephy_mod.F90"
(  706) SUBROUTINE WIPE_TEPHY (YD, LDDELETED, LDFIELDAPI)
(  707) # 708 "./util_tephy_mod.F90"
(  708) IMPLICIT NONE
(  709) TYPE (TEPHY), INTENT (IN), TARGET :: YD
(  710) LOGICAL, OPTIONAL, INTENT (IN) :: LDDELETED, LDFIELDAPI
(  711) LOGICAL :: LLDELETED
(  712) LOGICAL :: LLFIELDAPI
(  713) # 714 "./util_tephy_mod.F90"
(  714) LLFIELDAPI = .FALSE.
(  715) IF (PRESENT (LDFIELDAPI)) THEN
(  716)   LLFIELDAPI = LDFIELDAPI
(  717) ENDIF
(  718) # 818 "./util_tephy_mod.F90"
(  818) LLDELETED = .FALSE.
(  819) IF (PRESENT (LDDELETED)) THEN
(  820)   LLDELETED = LDDELETED
(  821) ENDIF






NVFORTRAN (Version     24.5)          03/19/2025  06:54:33      page 36

(  822) IF (.NOT. LLDELETED) THEN
(  823)   !$acc exit data delete (YD)
(  824) ENDIF
(  825) END SUBROUTINE
(  826) # 827 "./util_tephy_mod.F90"
(  827) INTEGER*8 FUNCTION SIZE_TEPHY (YD, CDPATH, LDPRINT) RESULT (KSIZE)
(  828) # 829 "./util_tephy_mod.F90"
(  829) IMPLICIT NONE
(  830) TYPE (TEPHY),     INTENT (IN), TARGET :: YD
(  831) CHARACTER(LEN=*), INTENT (IN), OPTIONAL :: CDPATH
(  832) LOGICAL,          INTENT (IN), OPTIONAL :: LDPRINT
(  833) INTEGER*8 :: ISIZE, JSIZE
(  834) LOGICAL :: LLPRINT
(  835) CHARACTER(LEN=128) :: CLPATH
(  836) # 837 "./util_tephy_mod.F90"
(  837) LLPRINT = .FALSE.
(  838) IF (PRESENT (LDPRINT)) THEN
(  839)   LLPRINT = LDPRINT
(  840) ENDIF
(  841) CLPATH=''
(  842) IF (PRESENT (CDPATH)) THEN
(  843)   CLPATH = CDPATH
(  844) ENDIF
(  845) KSIZE = 0
(  846) ISIZE = KIND (YD%LEPHYS)
(  847) IF (LLPRINT) THEN
(  848)   WRITE (*, '(I10," ")', ADVANCE='NO') ISIZE
(  849)   WRITE (*, *) TRIM (CLPATH)//'%LEPHYS'
(  850) ENDIF
(  851) KSIZE = KSIZE + ISIZE
(  852) ISIZE = KIND (YD%LECOND)
(  853) IF (LLPRINT) THEN
(  854)   WRITE (*, '(I10," ")', ADVANCE='NO') ISIZE
(  855)   WRITE (*, *) TRIM (CLPATH)//'%LECOND'
(  856) ENDIF
(  857) KSIZE = KSIZE + ISIZE
(  858) ISIZE = KIND (YD%LECUMF)
(  859) IF (LLPRINT) THEN
(  860)   WRITE (*, '(I10," ")', ADVANCE='NO') ISIZE
(  861)   WRITE (*, *) TRIM (CLPATH)//'%LECUMF'
(  862) ENDIF
(  863) KSIZE = KSIZE + ISIZE
(  864) ISIZE = KIND (YD%LEDCLD)
(  865) IF (LLPRINT) THEN
(  866)   WRITE (*, '(I10," ")', ADVANCE='NO') ISIZE
(  867)   WRITE (*, *) TRIM (CLPATH)//'%LEDCLD'
(  868) ENDIF
(  869) KSIZE = KSIZE + ISIZE
(  870) ISIZE = KIND (YD%LEEVAP)
(  871) IF (LLPRINT) THEN
(  872)   WRITE (*, '(I10," ")', ADVANCE='NO') ISIZE
(  873)   WRITE (*, *) TRIM (CLPATH)//'%LEEVAP'
(  874) ENDIF
(  875) KSIZE = KSIZE + ISIZE
(  876) ISIZE = KIND (YD%LEGWDG)
(  877) IF (LLPRINT) THEN
(  878)   WRITE (*, '(I10," ")', ADVANCE='NO') ISIZE
(  879)   WRITE (*, *) TRIM (CLPATH)//'%LEGWDG'






NVFORTRAN (Version     24.5)          03/19/2025  06:54:33      page 37

(  880) ENDIF
(  881) KSIZE = KSIZE + ISIZE
(  882) ISIZE = KIND (YD%LEGWWMS)
(  883) IF (LLPRINT) THEN
(  884)   WRITE (*, '(I10," ")', ADVANCE='NO') ISIZE
(  885)   WRITE (*, *) TRIM (CLPATH)//'%LEGWWMS'
(  886) ENDIF
(  887) KSIZE = KSIZE + ISIZE
(  888) ISIZE = KIND (YD%LEOZOC)
(  889) IF (LLPRINT) THEN
(  890)   WRITE (*, '(I10," ")', ADVANCE='NO') ISIZE
(  891)   WRITE (*, *) TRIM (CLPATH)//'%LEOZOC'
(  892) ENDIF
(  893) KSIZE = KSIZE + ISIZE
(  894) ISIZE = KIND (YD%LEQNGT)
(  895) IF (LLPRINT) THEN
(  896)   WRITE (*, '(I10," ")', ADVANCE='NO') ISIZE
(  897)   WRITE (*, *) TRIM (CLPATH)//'%LEQNGT'
(  898) ENDIF
(  899) KSIZE = KSIZE + ISIZE
(  900) ISIZE = KIND (YD%LERADI)
(  901) IF (LLPRINT) THEN
(  902)   WRITE (*, '(I10," ")', ADVANCE='NO') ISIZE
(  903)   WRITE (*, *) TRIM (CLPATH)//'%LERADI'
(  904) ENDIF
(  905) KSIZE = KSIZE + ISIZE
(  906) ISIZE = KIND (YD%LERADIMPL)
(  907) IF (LLPRINT) THEN
(  908)   WRITE (*, '(I10," ")', ADVANCE='NO') ISIZE
(  909)   WRITE (*, *) TRIM (CLPATH)//'%LERADIMPL'
(  910) ENDIF
(  911) KSIZE = KSIZE + ISIZE
(  912) ISIZE = KIND (YD%LERADS)
(  913) IF (LLPRINT) THEN
(  914)   WRITE (*, '(I10," ")', ADVANCE='NO') ISIZE
(  915)   WRITE (*, *) TRIM (CLPATH)//'%LERADS'
(  916) ENDIF
(  917) KSIZE = KSIZE + ISIZE
(  918) ISIZE = KIND (YD%LESICE)
(  919) IF (LLPRINT) THEN
(  920)   WRITE (*, '(I10," ")', ADVANCE='NO') ISIZE
(  921)   WRITE (*, *) TRIM (CLPATH)//'%LESICE'
(  922) ENDIF
(  923) KSIZE = KSIZE + ISIZE
(  924) ISIZE = KIND (YD%LESURF)
(  925) IF (LLPRINT) THEN
(  926)   WRITE (*, '(I10," ")', ADVANCE='NO') ISIZE
(  927)   WRITE (*, *) TRIM (CLPATH)//'%LESURF'
(  928) ENDIF
(  929) KSIZE = KSIZE + ISIZE
(  930) ISIZE = KIND (YD%LEVDIF)
(  931) IF (LLPRINT) THEN
(  932)   WRITE (*, '(I10," ")', ADVANCE='NO') ISIZE
(  933)   WRITE (*, *) TRIM (CLPATH)//'%LEVDIF'
(  934) ENDIF
(  935) KSIZE = KSIZE + ISIZE
(  936) ISIZE = KIND (YD%LEVDIFSL)
(  937) IF (LLPRINT) THEN






NVFORTRAN (Version     24.5)          03/19/2025  06:54:33      page 38

(  938)   WRITE (*, '(I10," ")', ADVANCE='NO') ISIZE
(  939)   WRITE (*, *) TRIM (CLPATH)//'%LEVDIFSL'
(  940) ENDIF
(  941) KSIZE = KSIZE + ISIZE
(  942) ISIZE = KIND (YD%LAGPHY)
(  943) IF (LLPRINT) THEN
(  944)   WRITE (*, '(I10," ")', ADVANCE='NO') ISIZE
(  945)   WRITE (*, *) TRIM (CLPATH)//'%LAGPHY'
(  946) ENDIF
(  947) KSIZE = KSIZE + ISIZE
(  948) ISIZE = KIND (YD%LEPCLD)
(  949) IF (LLPRINT) THEN
(  950)   WRITE (*, '(I10," ")', ADVANCE='NO') ISIZE
(  951)   WRITE (*, *) TRIM (CLPATH)//'%LEPCLD'
(  952) ENDIF
(  953) KSIZE = KSIZE + ISIZE
(  954) ISIZE = KIND (YD%LEO3CH)
(  955) IF (LLPRINT) THEN
(  956)   WRITE (*, '(I10," ")', ADVANCE='NO') ISIZE
(  957)   WRITE (*, *) TRIM (CLPATH)//'%LEO3CH'
(  958) ENDIF
(  959) KSIZE = KSIZE + ISIZE
(  960) ISIZE = KIND (YD%LO3CH_SAFE)
(  961) IF (LLPRINT) THEN
(  962)   WRITE (*, '(I10," ")', ADVANCE='NO') ISIZE
(  963)   WRITE (*, *) TRIM (CLPATH)//'%LO3CH_SAFE'
(  964) ENDIF
(  965) KSIZE = KSIZE + ISIZE
(  966) ISIZE = KIND (YD%LO3CH_OLDVER)
(  967) IF (LLPRINT) THEN
(  968)   WRITE (*, '(I10," ")', ADVANCE='NO') ISIZE
(  969)   WRITE (*, *) TRIM (CLPATH)//'%LO3CH_OLDVER'
(  970) ENDIF
(  971) KSIZE = KSIZE + ISIZE
(  972) ISIZE = KIND (YD%LO3CH_BMS)
(  973) IF (LLPRINT) THEN
(  974)   WRITE (*, '(I10," ")', ADVANCE='NO') ISIZE
(  975)   WRITE (*, *) TRIM (CLPATH)//'%LO3CH_BMS'
(  976) ENDIF
(  977) KSIZE = KSIZE + ISIZE
(  978) ISIZE = KIND (YD%LO3CH_HLO)
(  979) IF (LLPRINT) THEN
(  980)   WRITE (*, '(I10," ")', ADVANCE='NO') ISIZE
(  981)   WRITE (*, *) TRIM (CLPATH)//'%LO3CH_HLO'
(  982) ENDIF
(  983) KSIZE = KSIZE + ISIZE
(  984) ISIZE = KIND (YD%CO3CHEM) * LEN (YD%CO3CHEM)
(  985) IF (LLPRINT) THEN
(  986)   WRITE (*, '(I10," ")', ADVANCE='NO') ISIZE
(  987)   WRITE (*, *) TRIM (CLPATH)//'%CO3CHEM'
(  988) ENDIF
(  989) KSIZE = KSIZE + ISIZE
(  990) ISIZE = KIND (YD%LNEEONLINE)
(  991) IF (LLPRINT) THEN
(  992)   WRITE (*, '(I10," ")', ADVANCE='NO') ISIZE
(  993)   WRITE (*, *) TRIM (CLPATH)//'%LNEEONLINE'
(  994) ENDIF
(  995) KSIZE = KSIZE + ISIZE






NVFORTRAN (Version     24.5)          03/19/2025  06:54:33      page 39

(  996) ISIZE = KIND (YD%LWETONLINE)
(  997) IF (LLPRINT) THEN
(  998)   WRITE (*, '(I10," ")', ADVANCE='NO') ISIZE
(  999)   WRITE (*, *) TRIM (CLPATH)//'%LWETONLINE'
( 1000) ENDIF
( 1001) KSIZE = KSIZE + ISIZE
( 1002) ISIZE = KIND (YD%LBUD23)
( 1003) IF (LLPRINT) THEN
( 1004)   WRITE (*, '(I10," ")', ADVANCE='NO') ISIZE
( 1005)   WRITE (*, *) TRIM (CLPATH)//'%LBUD23'
( 1006) ENDIF
( 1007) KSIZE = KSIZE + ISIZE
( 1008) ISIZE = KIND (YD%LPPTILES)
( 1009) IF (LLPRINT) THEN
( 1010)   WRITE (*, '(I10," ")', ADVANCE='NO') ISIZE
( 1011)   WRITE (*, *) TRIM (CLPATH)//'%LPPTILES'
( 1012) ENDIF
( 1013) KSIZE = KSIZE + ISIZE
( 1014) ISIZE = KIND (YD%LBUDCYCLE)
( 1015) IF (LLPRINT) THEN
( 1016)   WRITE (*, '(I10," ")', ADVANCE='NO') ISIZE
( 1017)   WRITE (*, *) TRIM (CLPATH)//'%LBUDCYCLE'
( 1018) ENDIF
( 1019) KSIZE = KSIZE + ISIZE
( 1020) ISIZE = KIND (YD%LEXTRATEND)
( 1021) IF (LLPRINT) THEN
( 1022)   WRITE (*, '(I10," ")', ADVANCE='NO') ISIZE
( 1023)   WRITE (*, *) TRIM (CLPATH)//'%LEXTRATEND'
( 1024) ENDIF
( 1025) KSIZE = KSIZE + ISIZE
( 1026) ISIZE = KIND (YD%LEMETHOX)
( 1027) IF (LLPRINT) THEN
( 1028)   WRITE (*, '(I10," ")', ADVANCE='NO') ISIZE
( 1029)   WRITE (*, *) TRIM (CLPATH)//'%LEMETHOX'
( 1030) ENDIF
( 1031) KSIZE = KSIZE + ISIZE
( 1032) ISIZE = KIND (YD%LECURR)
( 1033) IF (LLPRINT) THEN
( 1034)   WRITE (*, '(I10," ")', ADVANCE='NO') ISIZE
( 1035)   WRITE (*, *) TRIM (CLPATH)//'%LECURR'
( 1036) ENDIF
( 1037) KSIZE = KSIZE + ISIZE
( 1038) ISIZE = KIND (YD%LESURFTRAJ)
( 1039) IF (LLPRINT) THEN
( 1040)   WRITE (*, '(I10," ")', ADVANCE='NO') ISIZE
( 1041)   WRITE (*, *) TRIM (CLPATH)//'%LESURFTRAJ'
( 1042) ENDIF
( 1043) KSIZE = KSIZE + ISIZE
( 1044) ISIZE = KIND (YD%LVDFTRAC)
( 1045) IF (LLPRINT) THEN
( 1046)   WRITE (*, '(I10," ")', ADVANCE='NO') ISIZE
( 1047)   WRITE (*, *) TRIM (CLPATH)//'%LVDFTRAC'
( 1048) ENDIF
( 1049) KSIZE = KSIZE + ISIZE
( 1050) ISIZE = KIND (YD%LVDFNEWTRAC)
( 1051) IF (LLPRINT) THEN
( 1052)   WRITE (*, '(I10," ")', ADVANCE='NO') ISIZE
( 1053)   WRITE (*, *) TRIM (CLPATH)//'%LVDFNEWTRAC'






NVFORTRAN (Version     24.5)          03/19/2025  06:54:33      page 40

( 1054) ENDIF
( 1055) KSIZE = KSIZE + ISIZE
( 1056) ISIZE = KIND (YD%LMFTRAC)
( 1057) IF (LLPRINT) THEN
( 1058)   WRITE (*, '(I10," ")', ADVANCE='NO') ISIZE
( 1059)   WRITE (*, *) TRIM (CLPATH)//'%LMFTRAC'
( 1060) ENDIF
( 1061) KSIZE = KSIZE + ISIZE
( 1062) ISIZE = KIND (YD%LMFSCAV)
( 1063) IF (LLPRINT) THEN
( 1064)   WRITE (*, '(I10," ")', ADVANCE='NO') ISIZE
( 1065)   WRITE (*, *) TRIM (CLPATH)//'%LMFSCAV'
( 1066) ENDIF
( 1067) KSIZE = KSIZE + ISIZE
( 1068) ISIZE = KIND (YD%LERAIN)
( 1069) IF (LLPRINT) THEN
( 1070)   WRITE (*, '(I10," ")', ADVANCE='NO') ISIZE
( 1071)   WRITE (*, *) TRIM (CLPATH)//'%LERAIN'
( 1072) ENDIF
( 1073) KSIZE = KSIZE + ISIZE
( 1074) ISIZE = KIND (YD%LEMWAVE)
( 1075) IF (LLPRINT) THEN
( 1076)   WRITE (*, '(I10," ")', ADVANCE='NO') ISIZE
( 1077)   WRITE (*, *) TRIM (CLPATH)//'%LEMWAVE'
( 1078) ENDIF
( 1079) KSIZE = KSIZE + ISIZE
( 1080) ISIZE = KIND (YD%LEGBRAD)
( 1081) IF (LLPRINT) THEN
( 1082)   WRITE (*, '(I10," ")', ADVANCE='NO') ISIZE
( 1083)   WRITE (*, *) TRIM (CLPATH)//'%LEGBRAD'
( 1084) ENDIF
( 1085) KSIZE = KSIZE + ISIZE
( 1086) ISIZE = KIND (YD%LERAINGG)
( 1087) IF (LLPRINT) THEN
( 1088)   WRITE (*, '(I10," ")', ADVANCE='NO') ISIZE
( 1089)   WRITE (*, *) TRIM (CLPATH)//'%LERAINGG'
( 1090) ENDIF
( 1091) KSIZE = KSIZE + ISIZE
( 1092) ISIZE = KIND (YD%LESMOS)
( 1093) IF (LLPRINT) THEN
( 1094)   WRITE (*, '(I10," ")', ADVANCE='NO') ISIZE
( 1095)   WRITE (*, *) TRIM (CLPATH)//'%LESMOS'
( 1096) ENDIF
( 1097) KSIZE = KSIZE + ISIZE
( 1098) ISIZE = KIND (YD%LESMAP)
( 1099) IF (LLPRINT) THEN
( 1100)   WRITE (*, '(I10," ")', ADVANCE='NO') ISIZE
( 1101)   WRITE (*, *) TRIM (CLPATH)//'%LESMAP'
( 1102) ENDIF
( 1103) KSIZE = KSIZE + ISIZE
( 1104) ISIZE = KIND (YD%LEOCWA)
( 1105) IF (LLPRINT) THEN
( 1106)   WRITE (*, '(I10," ")', ADVANCE='NO') ISIZE
( 1107)   WRITE (*, *) TRIM (CLPATH)//'%LEOCWA'
( 1108) ENDIF
( 1109) KSIZE = KSIZE + ISIZE
( 1110) ISIZE = KIND (YD%LEOCCO)
( 1111) IF (LLPRINT) THEN






NVFORTRAN (Version     24.5)          03/19/2025  06:54:33      page 41

( 1112)   WRITE (*, '(I10," ")', ADVANCE='NO') ISIZE
( 1113)   WRITE (*, *) TRIM (CLPATH)//'%LEOCCO'
( 1114) ENDIF
( 1115) KSIZE = KSIZE + ISIZE
( 1116) ISIZE = KIND (YD%LEOCSA)
( 1117) IF (LLPRINT) THEN
( 1118)   WRITE (*, '(I10," ")', ADVANCE='NO') ISIZE
( 1119)   WRITE (*, *) TRIM (CLPATH)//'%LEOCSA'
( 1120) ENDIF
( 1121) KSIZE = KSIZE + ISIZE
( 1122) ISIZE = KIND (YD%LEOCLA)
( 1123) IF (LLPRINT) THEN
( 1124)   WRITE (*, '(I10," ")', ADVANCE='NO') ISIZE
( 1125)   WRITE (*, *) TRIM (CLPATH)//'%LEOCLA'
( 1126) ENDIF
( 1127) KSIZE = KSIZE + ISIZE
( 1128) ISIZE = KIND (YD%LEVGEN)
( 1129) IF (LLPRINT) THEN
( 1130)   WRITE (*, '(I10," ")', ADVANCE='NO') ISIZE
( 1131)   WRITE (*, *) TRIM (CLPATH)//'%LEVGEN'
( 1132) ENDIF
( 1133) KSIZE = KSIZE + ISIZE
( 1134) ISIZE = KIND (YD%LESSRO)
( 1135) IF (LLPRINT) THEN
( 1136)   WRITE (*, '(I10," ")', ADVANCE='NO') ISIZE
( 1137)   WRITE (*, *) TRIM (CLPATH)//'%LESSRO'
( 1138) ENDIF
( 1139) KSIZE = KSIZE + ISIZE
( 1140) ISIZE = KIND (YD%LEFLAKE)
( 1141) IF (LLPRINT) THEN
( 1142)   WRITE (*, '(I10," ")', ADVANCE='NO') ISIZE
( 1143)   WRITE (*, *) TRIM (CLPATH)//'%LEFLAKE'
( 1144) ENDIF
( 1145) KSIZE = KSIZE + ISIZE
( 1146) ISIZE = KIND (YD%LEOCML)
( 1147) IF (LLPRINT) THEN
( 1148)   WRITE (*, '(I10," ")', ADVANCE='NO') ISIZE
( 1149)   WRITE (*, *) TRIM (CLPATH)//'%LEOCML'
( 1150) ENDIF
( 1151) KSIZE = KSIZE + ISIZE
( 1152) ISIZE = KIND (YD%LEOBC)
( 1153) IF (LLPRINT) THEN
( 1154)   WRITE (*, '(I10," ")', ADVANCE='NO') ISIZE
( 1155)   WRITE (*, *) TRIM (CLPATH)//'%LEOBC'
( 1156) ENDIF
( 1157) KSIZE = KSIZE + ISIZE
( 1158) ISIZE = KIND (YD%LEOBCMAX)
( 1159) IF (LLPRINT) THEN
( 1160)   WRITE (*, '(I10," ")', ADVANCE='NO') ISIZE
( 1161)   WRITE (*, *) TRIM (CLPATH)//'%LEOBCMAX'
( 1162) ENDIF
( 1163) KSIZE = KSIZE + ISIZE
( 1164) ISIZE = KIND (YD%REOBCMAX)
( 1165) IF (LLPRINT) THEN
( 1166)   WRITE (*, '(I10," ")', ADVANCE='NO') ISIZE
( 1167)   WRITE (*, *) TRIM (CLPATH)//'%REOBCMAX'
( 1168) ENDIF
( 1169) KSIZE = KSIZE + ISIZE






NVFORTRAN (Version     24.5)          03/19/2025  06:54:33      page 42

( 1170) ISIZE = KIND (YD%LEOBCICE)
( 1171) IF (LLPRINT) THEN
( 1172)   WRITE (*, '(I10," ")', ADVANCE='NO') ISIZE
( 1173)   WRITE (*, *) TRIM (CLPATH)//'%LEOBCICE'
( 1174) ENDIF
( 1175) KSIZE = KSIZE + ISIZE
( 1176) ISIZE = KIND (YD%LEOCLAKE)
( 1177) IF (LLPRINT) THEN
( 1178)   WRITE (*, '(I10," ")', ADVANCE='NO') ISIZE
( 1179)   WRITE (*, *) TRIM (CLPATH)//'%LEOCLAKE'
( 1180) ENDIF
( 1181) KSIZE = KSIZE + ISIZE
( 1182) ISIZE = KIND (YD%LEOLAKESST)
( 1183) IF (LLPRINT) THEN
( 1184)   WRITE (*, '(I10," ")', ADVANCE='NO') ISIZE
( 1185)   WRITE (*, *) TRIM (CLPATH)//'%LEOLAKESST'
( 1186) ENDIF
( 1187) KSIZE = KSIZE + ISIZE
( 1188) ISIZE = KIND (YD%LOCMLTKE)
( 1189) IF (LLPRINT) THEN
( 1190)   WRITE (*, '(I10," ")', ADVANCE='NO') ISIZE
( 1191)   WRITE (*, *) TRIM (CLPATH)//'%LOCMLTKE'
( 1192) ENDIF
( 1193) KSIZE = KSIZE + ISIZE
( 1194) ISIZE = KIND (YD%LECLIPQT0)
( 1195) IF (LLPRINT) THEN
( 1196)   WRITE (*, '(I10," ")', ADVANCE='NO') ISIZE
( 1197)   WRITE (*, *) TRIM (CLPATH)//'%LECLIPQT0'
( 1198) ENDIF
( 1199) KSIZE = KSIZE + ISIZE
( 1200) ISIZE = KIND (YD%LECLIPCLDT0)
( 1201) IF (LLPRINT) THEN
( 1202)   WRITE (*, '(I10," ")', ADVANCE='NO') ISIZE
( 1203)   WRITE (*, *) TRIM (CLPATH)//'%LECLIPCLDT0'
( 1204) ENDIF
( 1205) KSIZE = KSIZE + ISIZE
( 1206) ISIZE = KIND (YD%LDUCTDIA)
( 1207) IF (LLPRINT) THEN
( 1208)   WRITE (*, '(I10," ")', ADVANCE='NO') ISIZE
( 1209)   WRITE (*, *) TRIM (CLPATH)//'%LDUCTDIA'
( 1210) ENDIF
( 1211) KSIZE = KSIZE + ISIZE
( 1212) ISIZE = KIND (YD%LDIAGTURB_EC)
( 1213) IF (LLPRINT) THEN
( 1214)   WRITE (*, '(I10," ")', ADVANCE='NO') ISIZE
( 1215)   WRITE (*, *) TRIM (CLPATH)//'%LDIAGTURB_EC'
( 1216) ENDIF
( 1217) KSIZE = KSIZE + ISIZE
( 1218) ISIZE = KIND (YD%LDIAGTURBGRAD_EC)
( 1219) IF (LLPRINT) THEN
( 1220)   WRITE (*, '(I10," ")', ADVANCE='NO') ISIZE
( 1221)   WRITE (*, *) TRIM (CLPATH)//'%LDIAGTURBGRAD_EC'
( 1222) ENDIF
( 1223) KSIZE = KSIZE + ISIZE
( 1224) ISIZE = KIND (YD%LSLPHY)
( 1225) IF (LLPRINT) THEN
( 1226)   WRITE (*, '(I10," ")', ADVANCE='NO') ISIZE
( 1227)   WRITE (*, *) TRIM (CLPATH)//'%LSLPHY'






NVFORTRAN (Version     24.5)          03/19/2025  06:54:33      page 43

( 1228) ENDIF
( 1229) KSIZE = KSIZE + ISIZE
( 1230) ISIZE = KIND (YD%LESN09)
( 1231) IF (LLPRINT) THEN
( 1232)   WRITE (*, '(I10," ")', ADVANCE='NO') ISIZE
( 1233)   WRITE (*, *) TRIM (CLPATH)//'%LESN09'
( 1234) ENDIF
( 1235) KSIZE = KSIZE + ISIZE
( 1236) ISIZE = KIND (YD%LELAIV)
( 1237) IF (LLPRINT) THEN
( 1238)   WRITE (*, '(I10," ")', ADVANCE='NO') ISIZE
( 1239)   WRITE (*, *) TRIM (CLPATH)//'%LELAIV'
( 1240) ENDIF
( 1241) KSIZE = KSIZE + ISIZE
( 1242) ISIZE = KIND (YD%LECTESSEL)
( 1243) IF (LLPRINT) THEN
( 1244)   WRITE (*, '(I10," ")', ADVANCE='NO') ISIZE
( 1245)   WRITE (*, *) TRIM (CLPATH)//'%LECTESSEL'
( 1246) ENDIF
( 1247) KSIZE = KSIZE + ISIZE
( 1248) ISIZE = KIND (YD%LEAGS)
( 1249) IF (LLPRINT) THEN
( 1250)   WRITE (*, '(I10," ")', ADVANCE='NO') ISIZE
( 1251)   WRITE (*, *) TRIM (CLPATH)//'%LEAGS'
( 1252) ENDIF
( 1253) KSIZE = KSIZE + ISIZE
( 1254) ISIZE = KIND (YD%LEFARQUHAR)
( 1255) IF (LLPRINT) THEN
( 1256)   WRITE (*, '(I10," ")', ADVANCE='NO') ISIZE
( 1257)   WRITE (*, *) TRIM (CLPATH)//'%LEFARQUHAR'
( 1258) ENDIF
( 1259) KSIZE = KSIZE + ISIZE
( 1260) ISIZE = KIND (YD%LEOPTSURF)
( 1261) IF (LLPRINT) THEN
( 1262)   WRITE (*, '(I10," ")', ADVANCE='NO') ISIZE
( 1263)   WRITE (*, *) TRIM (CLPATH)//'%LEOPTSURF'
( 1264) ENDIF
( 1265) KSIZE = KSIZE + ISIZE
( 1266) ISIZE = KIND (YD%LEC4MAP)
( 1267) IF (LLPRINT) THEN
( 1268)   WRITE (*, '(I10," ")', ADVANCE='NO') ISIZE
( 1269)   WRITE (*, *) TRIM (CLPATH)//'%LEC4MAP'
( 1270) ENDIF
( 1271) KSIZE = KSIZE + ISIZE
( 1272) ISIZE = KIND (YD%LEAIRCO2COUP)
( 1273) IF (LLPRINT) THEN
( 1274)   WRITE (*, '(I10," ")', ADVANCE='NO') ISIZE
( 1275)   WRITE (*, *) TRIM (CLPATH)//'%LEAIRCO2COUP'
( 1276) ENDIF
( 1277) KSIZE = KSIZE + ISIZE
( 1278) ISIZE = KIND (YD%LELIGHT)
( 1279) IF (LLPRINT) THEN
( 1280)   WRITE (*, '(I10," ")', ADVANCE='NO') ISIZE
( 1281)   WRITE (*, *) TRIM (CLPATH)//'%LELIGHT'
( 1282) ENDIF
( 1283) KSIZE = KSIZE + ISIZE
( 1284) ISIZE = KIND (YD%LVEXTRDYNACC)
( 1285) IF (LLPRINT) THEN






NVFORTRAN (Version     24.5)          03/19/2025  06:54:33      page 44

( 1286)   WRITE (*, '(I10," ")', ADVANCE='NO') ISIZE
( 1287)   WRITE (*, *) TRIM (CLPATH)//'%LVEXTRDYNACC'
( 1288) ENDIF
( 1289) KSIZE = KSIZE + ISIZE
( 1290) ISIZE = KIND (YD%RTHRFRTI)
( 1291) IF (LLPRINT) THEN
( 1292)   WRITE (*, '(I10," ")', ADVANCE='NO') ISIZE
( 1293)   WRITE (*, *) TRIM (CLPATH)//'%RTHRFRTI'
( 1294) ENDIF
( 1295) KSIZE = KSIZE + ISIZE
( 1296) ISIZE = KIND (YD%RCIMIN)
( 1297) IF (LLPRINT) THEN
( 1298)   WRITE (*, '(I10," ")', ADVANCE='NO') ISIZE
( 1299)   WRITE (*, *) TRIM (CLPATH)//'%RCIMIN'
( 1300) ENDIF
( 1301) KSIZE = KSIZE + ISIZE
( 1302) ISIZE = KIND (YD%RLAIINT)
( 1303) IF (LLPRINT) THEN
( 1304)   WRITE (*, '(I10," ")', ADVANCE='NO') ISIZE
( 1305)   WRITE (*, *) TRIM (CLPATH)//'%RLAIINT'
( 1306) ENDIF
( 1307) KSIZE = KSIZE + ISIZE
( 1308) ISIZE = KIND (YD%NPRACCL)
( 1309) IF (LLPRINT) THEN
( 1310)   WRITE (*, '(I10," ")', ADVANCE='NO') ISIZE
( 1311)   WRITE (*, *) TRIM (CLPATH)//'%NPRACCL'
( 1312) ENDIF
( 1313) KSIZE = KSIZE + ISIZE
( 1314) ISIZE = KIND (YD%NLIMODE)
( 1315) IF (LLPRINT) THEN
( 1316)   WRITE (*, '(I10," ")', ADVANCE='NO') ISIZE
( 1317)   WRITE (*, *) TRIM (CLPATH)//'%NLIMODE'
( 1318) ENDIF
( 1319) KSIZE = KSIZE + ISIZE
( 1320) ISIZE = KIND (YD%LECLIM10D)
( 1321) IF (LLPRINT) THEN
( 1322)   WRITE (*, '(I10," ")', ADVANCE='NO') ISIZE
( 1323)   WRITE (*, *) TRIM (CLPATH)//'%LECLIM10D'
( 1324) ENDIF
( 1325) KSIZE = KSIZE + ISIZE
( 1326) ISIZE = KIND (YD%LESNML)
( 1327) IF (LLPRINT) THEN
( 1328)   WRITE (*, '(I10," ")', ADVANCE='NO') ISIZE
( 1329)   WRITE (*, *) TRIM (CLPATH)//'%LESNML'
( 1330) ENDIF
( 1331) KSIZE = KSIZE + ISIZE
( 1332) ISIZE = KIND (YD%LEURBAN)
( 1333) IF (LLPRINT) THEN
( 1334)   WRITE (*, '(I10," ")', ADVANCE='NO') ISIZE
( 1335)   WRITE (*, *) TRIM (CLPATH)//'%LEURBAN'
( 1336) ENDIF
( 1337) KSIZE = KSIZE + ISIZE
( 1338) ISIZE = KIND (YD%NSNMLWS)
( 1339) IF (LLPRINT) THEN
( 1340)   WRITE (*, '(I10," ")', ADVANCE='NO') ISIZE
( 1341)   WRITE (*, *) TRIM (CLPATH)//'%NSNMLWS'
( 1342) ENDIF
( 1343) KSIZE = KSIZE + ISIZE






NVFORTRAN (Version     24.5)          03/19/2025  06:54:33      page 45

( 1344) ISIZE = KIND (YD%LBFASCO2)
( 1345) IF (LLPRINT) THEN
( 1346)   WRITE (*, '(I10," ")', ADVANCE='NO') ISIZE
( 1347)   WRITE (*, *) TRIM (CLPATH)//'%LBFASCO2'
( 1348) ENDIF
( 1349) KSIZE = KSIZE + ISIZE
( 1350) ISIZE = KIND (YD%NCO2CLIMYY1)
( 1351) IF (LLPRINT) THEN
( 1352)   WRITE (*, '(I10," ")', ADVANCE='NO') ISIZE
( 1353)   WRITE (*, *) TRIM (CLPATH)//'%NCO2CLIMYY1'
( 1354) ENDIF
( 1355) KSIZE = KSIZE + ISIZE
( 1356) ISIZE = KIND (YD%NCO2CLIMYY2)
( 1357) IF (LLPRINT) THEN
( 1358)   WRITE (*, '(I10," ")', ADVANCE='NO') ISIZE
( 1359)   WRITE (*, *) TRIM (CLPATH)//'%NCO2CLIMYY2'
( 1360) ENDIF
( 1361) KSIZE = KSIZE + ISIZE
( 1362) ISIZE = KIND (YD%NCO2CLIMN1)
( 1363) IF (LLPRINT) THEN
( 1364)   WRITE (*, '(I10," ")', ADVANCE='NO') ISIZE
( 1365)   WRITE (*, *) TRIM (CLPATH)//'%NCO2CLIMN1'
( 1366) ENDIF
( 1367) KSIZE = KSIZE + ISIZE
( 1368) ISIZE = KIND (YD%NCO2CLIMN2)
( 1369) IF (LLPRINT) THEN
( 1370)   WRITE (*, '(I10," ")', ADVANCE='NO') ISIZE
( 1371)   WRITE (*, *) TRIM (CLPATH)//'%NCO2CLIMN2'
( 1372) ENDIF
( 1373) KSIZE = KSIZE + ISIZE
( 1374) ISIZE = KIND (YD%NCO2CLIMFRQ)
( 1375) IF (LLPRINT) THEN
( 1376)   WRITE (*, '(I10," ")', ADVANCE='NO') ISIZE
( 1377)   WRITE (*, *) TRIM (CLPATH)//'%NCO2CLIMFRQ'
( 1378) ENDIF
( 1379) KSIZE = KSIZE + ISIZE
( 1380) ISIZE = KIND (YD%NALBEDOSCHEME)
( 1381) IF (LLPRINT) THEN
( 1382)   WRITE (*, '(I10," ")', ADVANCE='NO') ISIZE
( 1383)   WRITE (*, *) TRIM (CLPATH)//'%NALBEDOSCHEME'
( 1384) ENDIF
( 1385) KSIZE = KSIZE + ISIZE
( 1386) ISIZE = KIND (YD%NEMISSSCHEME)
( 1387) IF (LLPRINT) THEN
( 1388)   WRITE (*, '(I10," ")', ADVANCE='NO') ISIZE
( 1389)   WRITE (*, *) TRIM (CLPATH)//'%NEMISSSCHEME'
( 1390) ENDIF
( 1391) KSIZE = KSIZE + ISIZE
( 1392) ISIZE = KIND (YD%RALFMINPSN)
( 1393) IF (LLPRINT) THEN
( 1394)   WRITE (*, '(I10," ")', ADVANCE='NO') ISIZE
( 1395)   WRITE (*, *) TRIM (CLPATH)//'%RALFMINPSN'
( 1396) ENDIF
( 1397) KSIZE = KSIZE + ISIZE
( 1398) ISIZE = KIND (YD%RNORTHML)
( 1399) IF (LLPRINT) THEN
( 1400)   WRITE (*, '(I10," ")', ADVANCE='NO') ISIZE
( 1401)   WRITE (*, *) TRIM (CLPATH)//'%RNORTHML'






NVFORTRAN (Version     24.5)          03/19/2025  06:54:33      page 46

( 1402) ENDIF
( 1403) KSIZE = KSIZE + ISIZE
( 1404) ISIZE = KIND (YD%RSOUTHML)
( 1405) IF (LLPRINT) THEN
( 1406)   WRITE (*, '(I10," ")', ADVANCE='NO') ISIZE
( 1407)   WRITE (*, *) TRIM (CLPATH)//'%RSOUTHML'
( 1408) ENDIF
( 1409) KSIZE = KSIZE + ISIZE
( 1410) ISIZE = KIND (YD%RWESTML)
( 1411) IF (LLPRINT) THEN
( 1412)   WRITE (*, '(I10," ")', ADVANCE='NO') ISIZE
( 1413)   WRITE (*, *) TRIM (CLPATH)//'%RWESTML'
( 1414) ENDIF
( 1415) KSIZE = KSIZE + ISIZE
( 1416) ISIZE = KIND (YD%REASTML)
( 1417) IF (LLPRINT) THEN
( 1418)   WRITE (*, '(I10," ")', ADVANCE='NO') ISIZE
( 1419)   WRITE (*, *) TRIM (CLPATH)//'%REASTML'
( 1420) ENDIF
( 1421) KSIZE = KSIZE + ISIZE
( 1422) ISIZE = KIND (YD%INVML)
( 1423) IF (LLPRINT) THEN
( 1424)   WRITE (*, '(I10," ")', ADVANCE='NO') ISIZE
( 1425)   WRITE (*, *) TRIM (CLPATH)//'%INVML'
( 1426) ENDIF
( 1427) KSIZE = KSIZE + ISIZE
( 1428) ISIZE = KIND (YD%LFPOS_EC_PHYS)
( 1429) IF (LLPRINT) THEN
( 1430)   WRITE (*, '(I10," ")', ADVANCE='NO') ISIZE
( 1431)   WRITE (*, *) TRIM (CLPATH)//'%LFPOS_EC_PHYS'
( 1432) ENDIF
( 1433) KSIZE = KSIZE + ISIZE
( 1434) ISIZE = KIND (YD%LFPOS_ACC_RESET)
( 1435) IF (LLPRINT) THEN
( 1436)   WRITE (*, '(I10," ")', ADVANCE='NO') ISIZE
( 1437)   WRITE (*, *) TRIM (CLPATH)//'%LFPOS_ACC_RESET'
( 1438) ENDIF
( 1439) KSIZE = KSIZE + ISIZE
( 1440) ISIZE = KIND (YD%LRAD_CLOUD_INHOMOG)
( 1441) IF (LLPRINT) THEN
( 1442)   WRITE (*, '(I10," ")', ADVANCE='NO') ISIZE
( 1443)   WRITE (*, *) TRIM (CLPATH)//'%LRAD_CLOUD_INHOMOG'
( 1444) ENDIF
( 1445) KSIZE = KSIZE + ISIZE
( 1446) END FUNCTION
( 1447) # 1448 "./util_tephy_mod.F90"
( 1448) END MODULE
