


NVFORTRAN (Version     24.5)          03/19/2025  06:54:36      page 1

Switches: -noasm -nodclchk -debug -nodlines -line -list
          -idir /opt/softs/gcc/9.2.0/hpc_sdk/Linux_x86_64/24.5/comm_libs/12.4/hpcx/hpcx-2.19/ompi/include
          -idir /opt/softs/gcc/9.2.0/hpc_sdk/Linux_x86_64/24.5/comm_libs/12.4/hpcx/hpcx-2.19/ompi/lib
          -inform severe -opt 1 -nosave -object -noonetrip
          -depchk on -nostandard     
          -symbol -noupcase    

Filename: ./util_sphys_hist_type_mod.F90

(    1) MODULE UTIL_SPHYS_HIST_TYPE_MOD
(    2) 
(    3) USE YOMSPHYHIST, ONLY : SPHYS_HIST_TYPE
(    4) 
(    5) INTERFACE SAVE
(    6) MODULE PROCEDURE SAVE_SPHYS_HIST_TYPE
(    7) END INTERFACE
(    8) 
(    9) INTERFACE LOAD
(   10) MODULE PROCEDURE LOAD_SPHYS_HIST_TYPE
(   11) END INTERFACE
(   12) 
(   13) INTERFACE COPY
(   14) MODULE PROCEDURE COPY_SPHYS_HIST_TYPE
(   15) END INTERFACE
(   16) 
(   17) INTERFACE HOST
(   18) MODULE PROCEDURE HOST_SPHYS_HIST_TYPE
(   19) END INTERFACE
(   20) 
(   21)      
(   22) INTERFACE CRC64
(   23) MODULE PROCEDURE CRC64_SPHYS_HIST_TYPE
(   24) END INTERFACE
(   25) 
(   26) INTERFACE WIPE
(   27) MODULE PROCEDURE WIPE_SPHYS_HIST_TYPE
(   28) END INTERFACE
(   29) 
(   30) INTERFACE SIZE
(   31) MODULE PROCEDURE SIZE_SPHYS_HIST_TYPE
(   32) END INTERFACE
(   33) 
(   34) 
(   35) CONTAINS
(   36) 
(   37) SUBROUTINE SAVE_SPHYS_HIST_TYPE (KLUN, YD)
(   38) 
(   39) IMPLICIT NONE
(   40) INTEGER, INTENT (IN) :: KLUN
(   41) TYPE (SPHYS_HIST_TYPE), INTENT (IN), TARGET :: YD
(   42) LOGICAL :: LRADLWM, LRADLWM5, LTGWDWMSU, LTGWDWMSU5, LTGWDWMSV, LTGWDWMSV5, LYA5, LYI5, LYL5
(   43) LYA5 = ASSOCIATED (YD%YA5)
(   44) WRITE (KLUN) LYA5
(   45) IF (LYA5) THEN
(   46)   WRITE (KLUN) LBOUND (YD%YA5)
(   47)   WRITE (KLUN) UBOUND (YD%YA5)
(   48)   WRITE (KLUN) YD%YA5
(   49) ENDIF
(   50) LYL5 = ASSOCIATED (YD%YL5)






NVFORTRAN (Version     24.5)          03/19/2025  06:54:36      page 2

(   51) WRITE (KLUN) LYL5
(   52) IF (LYL5) THEN
(   53)   WRITE (KLUN) LBOUND (YD%YL5)
(   54)   WRITE (KLUN) UBOUND (YD%YL5)
(   55)   WRITE (KLUN) YD%YL5
(   56) ENDIF
(   57) LYI5 = ASSOCIATED (YD%YI5)
(   58) WRITE (KLUN) LYI5
(   59) IF (LYI5) THEN
(   60)   WRITE (KLUN) LBOUND (YD%YI5)
(   61)   WRITE (KLUN) UBOUND (YD%YI5)
(   62)   WRITE (KLUN) YD%YI5
(   63) ENDIF
(   64) LRADLWM = ASSOCIATED (YD%RADLWM)
(   65) WRITE (KLUN) LRADLWM
(   66) IF (LRADLWM) THEN
(   67)   WRITE (KLUN) LBOUND (YD%RADLWM)
(   68)   WRITE (KLUN) UBOUND (YD%RADLWM)
(   69)   WRITE (KLUN) YD%RADLWM
(   70) ENDIF
(   71) LRADLWM5 = ASSOCIATED (YD%RADLWM5)
(   72) WRITE (KLUN) LRADLWM5
(   73) IF (LRADLWM5) THEN
(   74)   WRITE (KLUN) LBOUND (YD%RADLWM5)
(   75)   WRITE (KLUN) UBOUND (YD%RADLWM5)
(   76)   WRITE (KLUN) YD%RADLWM5
(   77) ENDIF
(   78) LTGWDWMSU = ASSOCIATED (YD%TGWDWMSU)
(   79) WRITE (KLUN) LTGWDWMSU
(   80) IF (LTGWDWMSU) THEN
(   81)   WRITE (KLUN) LBOUND (YD%TGWDWMSU)
(   82)   WRITE (KLUN) UBOUND (YD%TGWDWMSU)
(   83)   WRITE (KLUN) YD%TGWDWMSU
(   84) ENDIF
(   85) LTGWDWMSU5 = ASSOCIATED (YD%TGWDWMSU5)
(   86) WRITE (KLUN) LTGWDWMSU5
(   87) IF (LTGWDWMSU5) THEN
(   88)   WRITE (KLUN) LBOUND (YD%TGWDWMSU5)
(   89)   WRITE (KLUN) UBOUND (YD%TGWDWMSU5)
(   90)   WRITE (KLUN) YD%TGWDWMSU5
(   91) ENDIF
(   92) LTGWDWMSV = ASSOCIATED (YD%TGWDWMSV)
(   93) WRITE (KLUN) LTGWDWMSV
(   94) IF (LTGWDWMSV) THEN
(   95)   WRITE (KLUN) LBOUND (YD%TGWDWMSV)
(   96)   WRITE (KLUN) UBOUND (YD%TGWDWMSV)
(   97)   WRITE (KLUN) YD%TGWDWMSV
(   98) ENDIF
(   99) LTGWDWMSV5 = ASSOCIATED (YD%TGWDWMSV5)
(  100) WRITE (KLUN) LTGWDWMSV5
(  101) IF (LTGWDWMSV5) THEN
(  102)   WRITE (KLUN) LBOUND (YD%TGWDWMSV5)
(  103)   WRITE (KLUN) UBOUND (YD%TGWDWMSV5)
(  104)   WRITE (KLUN) YD%TGWDWMSV5
(  105) ENDIF
(  106) END SUBROUTINE
(  107) 
(  108) SUBROUTINE LOAD_SPHYS_HIST_TYPE (KLUN, YD)






NVFORTRAN (Version     24.5)          03/19/2025  06:54:36      page 3

(  109) USE PARKIND1, ONLY : JPRD
(  110) 
(  111) IMPLICIT NONE
(  112) INTEGER, INTENT (IN) :: KLUN
(  113) TYPE (SPHYS_HIST_TYPE), INTENT (OUT), TARGET :: YD
(  114) INTEGER :: IL2(2), IU2(2)
(  115) LOGICAL :: LRADLWM, LRADLWM5, LTGWDWMSU, LTGWDWMSU5, LTGWDWMSV, LTGWDWMSV5, LYA5, LYI5, LYL5
(  116) REAL(KIND=JPRD), ALLOCATABLE :: ZTMP2 (:,:)
(  117) READ (KLUN) LYA5
(  118) IF (LYA5) THEN
(  119)   READ (KLUN) IL2
(  120)   READ (KLUN) IU2
(  121)   ALLOCATE (YD%YA5 (IL2(1):IU2(1), IL2(2):IU2(2)))
(  122)   ALLOCATE (ZTMP2(LBOUND(YD%YA5,1):UBOUND(YD%YA5,1), LBOUND(YD%YA5,2):UBOUND(YD%YA5,2)))
(  123)   READ (KLUN) ZTMP2
(  124)   YD%YA5 = ZTMP2
(  125)   DEALLOCATE (ZTMP2)
(  126) ELSE
(  127)   NULLIFY (YD%YA5)
(  128) ENDIF
(  129) READ (KLUN) LYL5
(  130) IF (LYL5) THEN
(  131)   READ (KLUN) IL2
(  132)   READ (KLUN) IU2
(  133)   ALLOCATE (YD%YL5 (IL2(1):IU2(1), IL2(2):IU2(2)))
(  134)   ALLOCATE (ZTMP2(LBOUND(YD%YL5,1):UBOUND(YD%YL5,1), LBOUND(YD%YL5,2):UBOUND(YD%YL5,2)))
(  135)   READ (KLUN) ZTMP2
(  136)   YD%YL5 = ZTMP2
(  137)   DEALLOCATE (ZTMP2)
(  138) ELSE
(  139)   NULLIFY (YD%YL5)
(  140) ENDIF
(  141) READ (KLUN) LYI5
(  142) IF (LYI5) THEN
(  143)   READ (KLUN) IL2
(  144)   READ (KLUN) IU2
(  145)   ALLOCATE (YD%YI5 (IL2(1):IU2(1), IL2(2):IU2(2)))
(  146)   ALLOCATE (ZTMP2(LBOUND(YD%YI5,1):UBOUND(YD%YI5,1), LBOUND(YD%YI5,2):UBOUND(YD%YI5,2)))
(  147)   READ (KLUN) ZTMP2
(  148)   YD%YI5 = ZTMP2
(  149)   DEALLOCATE (ZTMP2)
(  150) ELSE
(  151)   NULLIFY (YD%YI5)
(  152) ENDIF
(  153) READ (KLUN) LRADLWM
(  154) IF (LRADLWM) THEN
(  155)   READ (KLUN) IL2
(  156)   READ (KLUN) IU2
(  157)   ALLOCATE (YD%RADLWM (IL2(1):IU2(1), IL2(2):IU2(2)))
(  158)   ALLOCATE (ZTMP2(LBOUND(YD%RADLWM,1):UBOUND(YD%RADLWM,1), LBOUND(YD%RADLWM,2):UBOUND(YD%RADLWM,2)))
(  159)   READ (KLUN) ZTMP2
(  160)   YD%RADLWM = ZTMP2
(  161)   DEALLOCATE (ZTMP2)
(  162) ELSE
(  163)   NULLIFY (YD%RADLWM)
(  164) ENDIF
(  165) READ (KLUN) LRADLWM5
(  166) IF (LRADLWM5) THEN






NVFORTRAN (Version     24.5)          03/19/2025  06:54:36      page 4

(  167)   READ (KLUN) IL2
(  168)   READ (KLUN) IU2
(  169)   ALLOCATE (YD%RADLWM5 (IL2(1):IU2(1), IL2(2):IU2(2)))
(  170)   ALLOCATE (ZTMP2(LBOUND(YD%RADLWM5,1):UBOUND(YD%RADLWM5,1), LBOUND(YD%RADLWM5,2):UBOUND(YD%RADLWM5,2)))
(  171)   READ (KLUN) ZTMP2
(  172)   YD%RADLWM5 = ZTMP2
(  173)   DEALLOCATE (ZTMP2)
(  174) ELSE
(  175)   NULLIFY (YD%RADLWM5)
(  176) ENDIF
(  177) READ (KLUN) LTGWDWMSU
(  178) IF (LTGWDWMSU) THEN
(  179)   READ (KLUN) IL2
(  180)   READ (KLUN) IU2
(  181)   ALLOCATE (YD%TGWDWMSU (IL2(1):IU2(1), IL2(2):IU2(2)))
(  182)   ALLOCATE (ZTMP2(LBOUND(YD%TGWDWMSU,1):UBOUND(YD%TGWDWMSU,1), LBOUND(YD%TGWDWMSU,2):UBOUND(YD%TGWDWMSU,2)))
(  183)   READ (KLUN) ZTMP2
(  184)   YD%TGWDWMSU = ZTMP2
(  185)   DEALLOCATE (ZTMP2)
(  186) ELSE
(  187)   NULLIFY (YD%TGWDWMSU)
(  188) ENDIF
(  189) READ (KLUN) LTGWDWMSU5
(  190) IF (LTGWDWMSU5) THEN
(  191)   READ (KLUN) IL2
(  192)   READ (KLUN) IU2
(  193)   ALLOCATE (YD%TGWDWMSU5 (IL2(1):IU2(1), IL2(2):IU2(2)))
(  194)   ALLOCATE (ZTMP2(LBOUND(YD%TGWDWMSU5,1):UBOUND(YD%TGWDWMSU5,1), LBOUND(YD%TGWDWMSU5,2):UBOUND(YD%TGWDWMSU5,2)))
(  195)   READ (KLUN) ZTMP2
(  196)   YD%TGWDWMSU5 = ZTMP2
(  197)   DEALLOCATE (ZTMP2)
(  198) ELSE
(  199)   NULLIFY (YD%TGWDWMSU5)
(  200) ENDIF
(  201) READ (KLUN) LTGWDWMSV
(  202) IF (LTGWDWMSV) THEN
(  203)   READ (KLUN) IL2
(  204)   READ (KLUN) IU2
(  205)   ALLOCATE (YD%TGWDWMSV (IL2(1):IU2(1), IL2(2):IU2(2)))
(  206)   ALLOCATE (ZTMP2(LBOUND(YD%TGWDWMSV,1):UBOUND(YD%TGWDWMSV,1), LBOUND(YD%TGWDWMSV,2):UBOUND(YD%TGWDWMSV,2)))
(  207)   READ (KLUN) ZTMP2
(  208)   YD%TGWDWMSV = ZTMP2
(  209)   DEALLOCATE (ZTMP2)
(  210) ELSE
(  211)   NULLIFY (YD%TGWDWMSV)
(  212) ENDIF
(  213) READ (KLUN) LTGWDWMSV5
(  214) IF (LTGWDWMSV5) THEN
(  215)   READ (KLUN) IL2
(  216)   READ (KLUN) IU2
(  217)   ALLOCATE (YD%TGWDWMSV5 (IL2(1):IU2(1), IL2(2):IU2(2)))
(  218)   ALLOCATE (ZTMP2(LBOUND(YD%TGWDWMSV5,1):UBOUND(YD%TGWDWMSV5,1), LBOUND(YD%TGWDWMSV5,2):UBOUND(YD%TGWDWMSV5,2)))
(  219)   READ (KLUN) ZTMP2
(  220)   YD%TGWDWMSV5 = ZTMP2
(  221)   DEALLOCATE (ZTMP2)
(  222) ELSE
(  223)   NULLIFY (YD%TGWDWMSV5)
(  224) ENDIF






NVFORTRAN (Version     24.5)          03/19/2025  06:54:36      page 5

(  225) END SUBROUTINE
(  226) 
(  227) 
(  228) SUBROUTINE COPY_SPHYS_HIST_TYPE (YD, LDCREATED, LDFIELDAPI)
(  229) 
(  230) IMPLICIT NONE
(  231) TYPE (SPHYS_HIST_TYPE), INTENT (IN), TARGET :: YD
(  232) LOGICAL, OPTIONAL, INTENT (IN) :: LDCREATED, LDFIELDAPI
(  233) LOGICAL :: LLCREATED
(  234) LOGICAL :: LLFIELDAPI
(  235) LOGICAL :: LRADLWM, LRADLWM5, LTGWDWMSU, LTGWDWMSU5, LTGWDWMSV, LTGWDWMSV5, LYA5, LYI5, LYL5
(  236) 
(  237) LLFIELDAPI = .FALSE.
(  238) IF (PRESENT (LDFIELDAPI)) THEN
(  239)   LLFIELDAPI = LDFIELDAPI
(  240) ENDIF
(  241) LLCREATED = .FALSE.
(  242) IF (PRESENT (LDCREATED)) THEN
(  243)   LLCREATED = LDCREATED
(  244) ENDIF
(  245) IF (.NOT. LLCREATED) THEN
(  246)   !$acc enter data create (YD)
(  247)   !$acc update device (YD)
(  248) ENDIF
(  249) LYA5 = ASSOCIATED (YD%YA5)
(  250) IF (LYA5) THEN
(  251)   !$acc enter data create (YD%YA5)
(  252)   !$acc update device (YD%YA5)
(  253)   !$acc enter data attach (YD%YA5)
(  254) ENDIF
(  255) 
(  256) LYL5 = ASSOCIATED (YD%YL5)
(  257) IF (LYL5) THEN
(  258)   !$acc enter data create (YD%YL5)
(  259)   !$acc update device (YD%YL5)
(  260)   !$acc enter data attach (YD%YL5)
(  261) ENDIF
(  262) 
(  263) LYI5 = ASSOCIATED (YD%YI5)
(  264) IF (LYI5) THEN
(  265)   !$acc enter data create (YD%YI5)
(  266)   !$acc update device (YD%YI5)
(  267)   !$acc enter data attach (YD%YI5)
(  268) ENDIF
(  269) 
(  270) LRADLWM = ASSOCIATED (YD%RADLWM)
(  271) IF (LRADLWM) THEN
(  272)   !$acc enter data create (YD%RADLWM)
(  273)   !$acc update device (YD%RADLWM)
(  274)   !$acc enter data attach (YD%RADLWM)
(  275) ENDIF
(  276) 
(  277) LRADLWM5 = ASSOCIATED (YD%RADLWM5)
(  278) IF (LRADLWM5) THEN
(  279)   !$acc enter data create (YD%RADLWM5)
(  280)   !$acc update device (YD%RADLWM5)
(  281)   !$acc enter data attach (YD%RADLWM5)
(  282) ENDIF






NVFORTRAN (Version     24.5)          03/19/2025  06:54:36      page 6

(  283) 
(  284) LTGWDWMSU = ASSOCIATED (YD%TGWDWMSU)
(  285) IF (LTGWDWMSU) THEN
(  286)   !$acc enter data create (YD%TGWDWMSU)
(  287)   !$acc update device (YD%TGWDWMSU)
(  288)   !$acc enter data attach (YD%TGWDWMSU)
(  289) ENDIF
(  290) 
(  291) LTGWDWMSU5 = ASSOCIATED (YD%TGWDWMSU5)
(  292) IF (LTGWDWMSU5) THEN
(  293)   !$acc enter data create (YD%TGWDWMSU5)
(  294)   !$acc update device (YD%TGWDWMSU5)
(  295)   !$acc enter data attach (YD%TGWDWMSU5)
(  296) ENDIF
(  297) 
(  298) LTGWDWMSV = ASSOCIATED (YD%TGWDWMSV)
(  299) IF (LTGWDWMSV) THEN
(  300)   !$acc enter data create (YD%TGWDWMSV)
(  301)   !$acc update device (YD%TGWDWMSV)
(  302)   !$acc enter data attach (YD%TGWDWMSV)
(  303) ENDIF
(  304) 
(  305) LTGWDWMSV5 = ASSOCIATED (YD%TGWDWMSV5)
(  306) IF (LTGWDWMSV5) THEN
(  307)   !$acc enter data create (YD%TGWDWMSV5)
(  308)   !$acc update device (YD%TGWDWMSV5)
(  309)   !$acc enter data attach (YD%TGWDWMSV5)
(  310) ENDIF
(  311) 
(  312) END SUBROUTINE
(  313) 
(  314) SUBROUTINE HOST_SPHYS_HIST_TYPE (YD)
(  315) 
(  316) IMPLICIT NONE
(  317) TYPE (SPHYS_HIST_TYPE), TARGET :: YD
(  318) LOGICAL :: LRADLWM, LRADLWM5, LTGWDWMSU, LTGWDWMSU5, LTGWDWMSV, LTGWDWMSV5, LYA5, LYI5, LYL5
(  319) 
(  320) 
(  321) 
(  322) 
(  323) 
(  324) 
(  325) 
(  326) 
(  327) 
(  328) END SUBROUTINE
(  329) 
(  330)      
(  331) 
(  332) SUBROUTINE CRC64_SPHYS_HIST_TYPE (YD, KLUN, CDPATH)
(  333) USE CRC64_INTRINSIC
(  334) 
(  335) IMPLICIT NONE
(  336) TYPE (SPHYS_HIST_TYPE), TARGET :: YD
(  337) INTEGER, INTENT (IN) :: KLUN
(  338) CHARACTER(LEN=*), INTENT (IN) :: CDPATH
(  339) CHARACTER(LEN=128) :: CLIND
(  340) LOGICAL :: LRADLWM, LRADLWM5, LTGWDWMSU, LTGWDWMSU5, LTGWDWMSV, LTGWDWMSV5, LYA5, LYI5, LYL5






NVFORTRAN (Version     24.5)          03/19/2025  06:54:36      page 7

(  341) WRITE (KLUN, '(Z16.16," ",A)') CRC64 (YD%YA5), CDPATH//'%YA5'
(  342) 
(  343) WRITE (KLUN, '(Z16.16," ",A)') CRC64 (YD%YL5), CDPATH//'%YL5'
(  344) 
(  345) WRITE (KLUN, '(Z16.16," ",A)') CRC64 (YD%YI5), CDPATH//'%YI5'
(  346) 
(  347) WRITE (KLUN, '(Z16.16," ",A)') CRC64 (YD%RADLWM), CDPATH//'%RADLWM'
(  348) 
(  349) WRITE (KLUN, '(Z16.16," ",A)') CRC64 (YD%RADLWM5), CDPATH//'%RADLWM5'
(  350) 
(  351) WRITE (KLUN, '(Z16.16," ",A)') CRC64 (YD%TGWDWMSU), CDPATH//'%TGWDWMSU'
(  352) 
(  353) WRITE (KLUN, '(Z16.16," ",A)') CRC64 (YD%TGWDWMSU5), CDPATH//'%TGWDWMSU5'
(  354) 
(  355) WRITE (KLUN, '(Z16.16," ",A)') CRC64 (YD%TGWDWMSV), CDPATH//'%TGWDWMSV'
(  356) 
(  357) WRITE (KLUN, '(Z16.16," ",A)') CRC64 (YD%TGWDWMSV5), CDPATH//'%TGWDWMSV5'
(  358) 
(  359) END SUBROUTINE
(  360) 
(  361) SUBROUTINE WIPE_SPHYS_HIST_TYPE (YD, LDDELETED, LDFIELDAPI)
(  362) 
(  363) IMPLICIT NONE
(  364) TYPE (SPHYS_HIST_TYPE), INTENT (IN), TARGET :: YD
(  365) LOGICAL, OPTIONAL, INTENT (IN) :: LDDELETED, LDFIELDAPI
(  366) LOGICAL :: LLDELETED
(  367) LOGICAL :: LLFIELDAPI
(  368) LOGICAL :: LRADLWM, LRADLWM5, LTGWDWMSU, LTGWDWMSU5, LTGWDWMSV, LTGWDWMSV5, LYA5, LYI5, LYL5
(  369) 
(  370) LLFIELDAPI = .FALSE.
(  371) IF (PRESENT (LDFIELDAPI)) THEN
(  372)   LLFIELDAPI = LDFIELDAPI
(  373) ENDIF
(  374) LYA5 = ASSOCIATED (YD%YA5)
(  375) IF (LYA5) THEN
(  376)   !$acc exit data detach (YD%YA5)
(  377)   !$acc exit data delete (YD%YA5)
(  378) ENDIF
(  379) 
(  380) LYL5 = ASSOCIATED (YD%YL5)
(  381) IF (LYL5) THEN
(  382)   !$acc exit data detach (YD%YL5)
(  383)   !$acc exit data delete (YD%YL5)
(  384) ENDIF
(  385) 
(  386) LYI5 = ASSOCIATED (YD%YI5)
(  387) IF (LYI5) THEN
(  388)   !$acc exit data detach (YD%YI5)
(  389)   !$acc exit data delete (YD%YI5)
(  390) ENDIF
(  391) 
(  392) LRADLWM = ASSOCIATED (YD%RADLWM)
(  393) IF (LRADLWM) THEN
(  394)   !$acc exit data detach (YD%RADLWM)
(  395)   !$acc exit data delete (YD%RADLWM)
(  396) ENDIF
(  397) 
(  398) LRADLWM5 = ASSOCIATED (YD%RADLWM5)






NVFORTRAN (Version     24.5)          03/19/2025  06:54:36      page 8

(  399) IF (LRADLWM5) THEN
(  400)   !$acc exit data detach (YD%RADLWM5)
(  401)   !$acc exit data delete (YD%RADLWM5)
(  402) ENDIF
(  403) 
(  404) LTGWDWMSU = ASSOCIATED (YD%TGWDWMSU)
(  405) IF (LTGWDWMSU) THEN
(  406)   !$acc exit data detach (YD%TGWDWMSU)
(  407)   !$acc exit data delete (YD%TGWDWMSU)
(  408) ENDIF
(  409) 
(  410) LTGWDWMSU5 = ASSOCIATED (YD%TGWDWMSU5)
(  411) IF (LTGWDWMSU5) THEN
(  412)   !$acc exit data detach (YD%TGWDWMSU5)
(  413)   !$acc exit data delete (YD%TGWDWMSU5)
(  414) ENDIF
(  415) 
(  416) LTGWDWMSV = ASSOCIATED (YD%TGWDWMSV)
(  417) IF (LTGWDWMSV) THEN
(  418)   !$acc exit data detach (YD%TGWDWMSV)
(  419)   !$acc exit data delete (YD%TGWDWMSV)
(  420) ENDIF
(  421) 
(  422) LTGWDWMSV5 = ASSOCIATED (YD%TGWDWMSV5)
(  423) IF (LTGWDWMSV5) THEN
(  424)   !$acc exit data detach (YD%TGWDWMSV5)
(  425)   !$acc exit data delete (YD%TGWDWMSV5)
(  426) ENDIF
(  427) 
(  428) LLDELETED = .FALSE.
(  429) IF (PRESENT (LDDELETED)) THEN
(  430)   LLDELETED = LDDELETED
(  431) ENDIF
(  432) IF (.NOT. LLDELETED) THEN
(  433)   !$acc exit data delete (YD)
(  434) ENDIF
(  435) END SUBROUTINE
(  436) 
(  437) INTEGER*8 FUNCTION SIZE_SPHYS_HIST_TYPE (YD, CDPATH, LDPRINT) RESULT (KSIZE)
(  438) 
(  439) IMPLICIT NONE
(  440) TYPE (SPHYS_HIST_TYPE),     INTENT (IN), TARGET :: YD
(  441) CHARACTER(LEN=*), INTENT (IN), OPTIONAL :: CDPATH
(  442) LOGICAL,          INTENT (IN), OPTIONAL :: LDPRINT
(  443) INTEGER*8 :: ISIZE, JSIZE
(  444) LOGICAL :: LLPRINT
(  445) CHARACTER(LEN=128) :: CLPATH
(  446) LOGICAL :: LRADLWM, LRADLWM5, LTGWDWMSU, LTGWDWMSU5, LTGWDWMSV, LTGWDWMSV5, LYA5, LYI5, LYL5
(  447) 
(  448) LLPRINT = .FALSE.
(  449) IF (PRESENT (LDPRINT)) THEN
(  450)   LLPRINT = LDPRINT
(  451) ENDIF
(  452) CLPATH=''
(  453) IF (PRESENT (CDPATH)) THEN
(  454)   CLPATH = CDPATH
(  455) ENDIF
(  456) KSIZE = 0






NVFORTRAN (Version     24.5)          03/19/2025  06:54:36      page 9

(  457) LYA5 = ASSOCIATED (YD%YA5)
(  458) IF (LYA5) THEN
(  459)   ISIZE = KIND (YD%YA5) * SIZE (YD%YA5)
(  460)   IF (LLPRINT) THEN
(  461)     WRITE (*, '(I10," ")', ADVANCE='NO') ISIZE
(  462)     WRITE (*, *) TRIM (CLPATH)//'%YA5'
(  463)   ENDIF
(  464)   KSIZE = KSIZE + ISIZE
(  465) ENDIF
(  466) LYL5 = ASSOCIATED (YD%YL5)
(  467) IF (LYL5) THEN
(  468)   ISIZE = KIND (YD%YL5) * SIZE (YD%YL5)
(  469)   IF (LLPRINT) THEN
(  470)     WRITE (*, '(I10," ")', ADVANCE='NO') ISIZE
(  471)     WRITE (*, *) TRIM (CLPATH)//'%YL5'
(  472)   ENDIF
(  473)   KSIZE = KSIZE + ISIZE
(  474) ENDIF
(  475) LYI5 = ASSOCIATED (YD%YI5)
(  476) IF (LYI5) THEN
(  477)   ISIZE = KIND (YD%YI5) * SIZE (YD%YI5)
(  478)   IF (LLPRINT) THEN
(  479)     WRITE (*, '(I10," ")', ADVANCE='NO') ISIZE
(  480)     WRITE (*, *) TRIM (CLPATH)//'%YI5'
(  481)   ENDIF
(  482)   KSIZE = KSIZE + ISIZE
(  483) ENDIF
(  484) LRADLWM = ASSOCIATED (YD%RADLWM)
(  485) IF (LRADLWM) THEN
(  486)   ISIZE = KIND (YD%RADLWM) * SIZE (YD%RADLWM)
(  487)   IF (LLPRINT) THEN
(  488)     WRITE (*, '(I10," ")', ADVANCE='NO') ISIZE
(  489)     WRITE (*, *) TRIM (CLPATH)//'%RADLWM'
(  490)   ENDIF
(  491)   KSIZE = KSIZE + ISIZE
(  492) ENDIF
(  493) LRADLWM5 = ASSOCIATED (YD%RADLWM5)
(  494) IF (LRADLWM5) THEN
(  495)   ISIZE = KIND (YD%RADLWM5) * SIZE (YD%RADLWM5)
(  496)   IF (LLPRINT) THEN
(  497)     WRITE (*, '(I10," ")', ADVANCE='NO') ISIZE
(  498)     WRITE (*, *) TRIM (CLPATH)//'%RADLWM5'
(  499)   ENDIF
(  500)   KSIZE = KSIZE + ISIZE
(  501) ENDIF
(  502) LTGWDWMSU = ASSOCIATED (YD%TGWDWMSU)
(  503) IF (LTGWDWMSU) THEN
(  504)   ISIZE = KIND (YD%TGWDWMSU) * SIZE (YD%TGWDWMSU)
(  505)   IF (LLPRINT) THEN
(  506)     WRITE (*, '(I10," ")', ADVANCE='NO') ISIZE
(  507)     WRITE (*, *) TRIM (CLPATH)//'%TGWDWMSU'
(  508)   ENDIF
(  509)   KSIZE = KSIZE + ISIZE
(  510) ENDIF
(  511) LTGWDWMSU5 = ASSOCIATED (YD%TGWDWMSU5)
(  512) IF (LTGWDWMSU5) THEN
(  513)   ISIZE = KIND (YD%TGWDWMSU5) * SIZE (YD%TGWDWMSU5)
(  514)   IF (LLPRINT) THEN






NVFORTRAN (Version     24.5)          03/19/2025  06:54:36      page 10

(  515)     WRITE (*, '(I10," ")', ADVANCE='NO') ISIZE
(  516)     WRITE (*, *) TRIM (CLPATH)//'%TGWDWMSU5'
(  517)   ENDIF
(  518)   KSIZE = KSIZE + ISIZE
(  519) ENDIF
(  520) LTGWDWMSV = ASSOCIATED (YD%TGWDWMSV)
(  521) IF (LTGWDWMSV) THEN
(  522)   ISIZE = KIND (YD%TGWDWMSV) * SIZE (YD%TGWDWMSV)
(  523)   IF (LLPRINT) THEN
(  524)     WRITE (*, '(I10," ")', ADVANCE='NO') ISIZE
(  525)     WRITE (*, *) TRIM (CLPATH)//'%TGWDWMSV'
(  526)   ENDIF
(  527)   KSIZE = KSIZE + ISIZE
(  528) ENDIF
(  529) LTGWDWMSV5 = ASSOCIATED (YD%TGWDWMSV5)
(  530) IF (LTGWDWMSV5) THEN
(  531)   ISIZE = KIND (YD%TGWDWMSV5) * SIZE (YD%TGWDWMSV5)
(  532)   IF (LLPRINT) THEN
(  533)     WRITE (*, '(I10," ")', ADVANCE='NO') ISIZE
(  534)     WRITE (*, *) TRIM (CLPATH)//'%TGWDWMSV5'
(  535)   ENDIF
(  536)   KSIZE = KSIZE + ISIZE
(  537) ENDIF
(  538) END FUNCTION
(  539) 
(  540) END MODULE






































NVFORTRAN (Version     24.5)          03/19/2025  06:54:36      page 11

(    1) # 1 "./util_sphys_hist_type_mod.F90"
(    1) MODULE UTIL_SPHYS_HIST_TYPE_MOD
(    2) # 3 "./util_sphys_hist_type_mod.F90"
(    3) USE YOMSPHYHIST, ONLY : SPHYS_HIST_TYPE
(    4) # 5 "./util_sphys_hist_type_mod.F90"
(    5) INTERFACE SAVE
(    6) MODULE PROCEDURE SAVE_SPHYS_HIST_TYPE
(    7) END INTERFACE
(    8) # 9 "./util_sphys_hist_type_mod.F90"
(    9) INTERFACE LOAD
(   10) MODULE PROCEDURE LOAD_SPHYS_HIST_TYPE
(   11) END INTERFACE
(   12) # 13 "./util_sphys_hist_type_mod.F90"
(   13) INTERFACE COPY
(   14) MODULE PROCEDURE COPY_SPHYS_HIST_TYPE
(   15) END INTERFACE
(   16) # 17 "./util_sphys_hist_type_mod.F90"
(   17) INTERFACE HOST
(   18) MODULE PROCEDURE HOST_SPHYS_HIST_TYPE
(   19) END INTERFACE
(   20) # 21 "./util_sphys_hist_type_mod.F90"
(   21)      
(   22) INTERFACE CRC64
(   23) MODULE PROCEDURE CRC64_SPHYS_HIST_TYPE
(   24) END INTERFACE
(   25) # 26 "./util_sphys_hist_type_mod.F90"
(   26) INTERFACE WIPE
(   27) MODULE PROCEDURE WIPE_SPHYS_HIST_TYPE
(   28) END INTERFACE
(   29) # 30 "./util_sphys_hist_type_mod.F90"
(   30) INTERFACE SIZE
(   31) MODULE PROCEDURE SIZE_SPHYS_HIST_TYPE
(   32) END INTERFACE
(   33) # 35 "./util_sphys_hist_type_mod.F90"
(   35) CONTAINS
(   36) # 37 "./util_sphys_hist_type_mod.F90"
(   37) SUBROUTINE SAVE_SPHYS_HIST_TYPE (KLUN, YD)
(   38) # 39 "./util_sphys_hist_type_mod.F90"
(   39) IMPLICIT NONE
(   40) INTEGER, INTENT (IN) :: KLUN
(   41) TYPE (SPHYS_HIST_TYPE), INTENT (IN), TARGET :: YD
(   42) LOGICAL :: LRADLWM, LRADLWM5, LTGWDWMSU, LTGWDWMSU5, LTGWDWMSV, LTGWDWMSV5, LYA5, LYI5, LYL5
(   43) LYA5 = ASSOCIATED (YD%YA5)
(   44) WRITE (KLUN) LYA5
(   45) IF (LYA5) THEN
(   46)   WRITE (KLUN) LBOUND (YD%YA5)
(   47)   WRITE (KLUN) UBOUND (YD%YA5)
(   48)   WRITE (KLUN) YD%YA5
(   49) ENDIF
(   50) LYL5 = ASSOCIATED (YD%YL5)
(   51) WRITE (KLUN) LYL5
(   52) IF (LYL5) THEN
(   53)   WRITE (KLUN) LBOUND (YD%YL5)
(   54)   WRITE (KLUN) UBOUND (YD%YL5)
(   55)   WRITE (KLUN) YD%YL5
(   56) ENDIF
(   57) LYI5 = ASSOCIATED (YD%YI5)
(   58) WRITE (KLUN) LYI5






NVFORTRAN (Version     24.5)          03/19/2025  06:54:36      page 12

(   59) IF (LYI5) THEN
(   60)   WRITE (KLUN) LBOUND (YD%YI5)
(   61)   WRITE (KLUN) UBOUND (YD%YI5)
(   62)   WRITE (KLUN) YD%YI5
(   63) ENDIF
(   64) LRADLWM = ASSOCIATED (YD%RADLWM)
(   65) WRITE (KLUN) LRADLWM
(   66) IF (LRADLWM) THEN
(   67)   WRITE (KLUN) LBOUND (YD%RADLWM)
(   68)   WRITE (KLUN) UBOUND (YD%RADLWM)
(   69)   WRITE (KLUN) YD%RADLWM
(   70) ENDIF
(   71) LRADLWM5 = ASSOCIATED (YD%RADLWM5)
(   72) WRITE (KLUN) LRADLWM5
(   73) IF (LRADLWM5) THEN
(   74)   WRITE (KLUN) LBOUND (YD%RADLWM5)
(   75)   WRITE (KLUN) UBOUND (YD%RADLWM5)
(   76)   WRITE (KLUN) YD%RADLWM5
(   77) ENDIF
(   78) LTGWDWMSU = ASSOCIATED (YD%TGWDWMSU)
(   79) WRITE (KLUN) LTGWDWMSU
(   80) IF (LTGWDWMSU) THEN
(   81)   WRITE (KLUN) LBOUND (YD%TGWDWMSU)
(   82)   WRITE (KLUN) UBOUND (YD%TGWDWMSU)
(   83)   WRITE (KLUN) YD%TGWDWMSU
(   84) ENDIF
(   85) LTGWDWMSU5 = ASSOCIATED (YD%TGWDWMSU5)
(   86) WRITE (KLUN) LTGWDWMSU5
(   87) IF (LTGWDWMSU5) THEN
(   88)   WRITE (KLUN) LBOUND (YD%TGWDWMSU5)
(   89)   WRITE (KLUN) UBOUND (YD%TGWDWMSU5)
(   90)   WRITE (KLUN) YD%TGWDWMSU5
(   91) ENDIF
(   92) LTGWDWMSV = ASSOCIATED (YD%TGWDWMSV)
(   93) WRITE (KLUN) LTGWDWMSV
(   94) IF (LTGWDWMSV) THEN
(   95)   WRITE (KLUN) LBOUND (YD%TGWDWMSV)
(   96)   WRITE (KLUN) UBOUND (YD%TGWDWMSV)
(   97)   WRITE (KLUN) YD%TGWDWMSV
(   98) ENDIF
(   99) LTGWDWMSV5 = ASSOCIATED (YD%TGWDWMSV5)
(  100) WRITE (KLUN) LTGWDWMSV5
(  101) IF (LTGWDWMSV5) THEN
(  102)   WRITE (KLUN) LBOUND (YD%TGWDWMSV5)
(  103)   WRITE (KLUN) UBOUND (YD%TGWDWMSV5)
(  104)   WRITE (KLUN) YD%TGWDWMSV5
(  105) ENDIF
(  106) END SUBROUTINE
(  107) # 108 "./util_sphys_hist_type_mod.F90"
(  108) SUBROUTINE LOAD_SPHYS_HIST_TYPE (KLUN, YD)
(  109) USE PARKIND1, ONLY : JPRD
(  110) # 111 "./util_sphys_hist_type_mod.F90"
(  111) IMPLICIT NONE
(  112) INTEGER, INTENT (IN) :: KLUN
(  113) TYPE (SPHYS_HIST_TYPE), INTENT (OUT), TARGET :: YD
(  114) INTEGER :: IL2(2), IU2(2)
(  115) LOGICAL :: LRADLWM, LRADLWM5, LTGWDWMSU, LTGWDWMSU5, LTGWDWMSV, LTGWDWMSV5, LYA5, LYI5, LYL5
(  116) REAL(KIND=JPRD), ALLOCATABLE :: ZTMP2 (:,:)






NVFORTRAN (Version     24.5)          03/19/2025  06:54:36      page 13

(  117) READ (KLUN) LYA5
(  118) IF (LYA5) THEN
(  119)   READ (KLUN) IL2
(  120)   READ (KLUN) IU2
(  121)   ALLOCATE (YD%YA5 (IL2(1):IU2(1), IL2(2):IU2(2)))
(  122)   ALLOCATE (ZTMP2(LBOUND(YD%YA5,1):UBOUND(YD%YA5,1), LBOUND(YD%YA5,2):UBOUND(YD%YA5,2)))
(  123)   READ (KLUN) ZTMP2
(  124)   YD%YA5 = ZTMP2
(  125)   DEALLOCATE (ZTMP2)
(  126) ELSE
(  127)   NULLIFY (YD%YA5)
(  128) ENDIF
(  129) READ (KLUN) LYL5
(  130) IF (LYL5) THEN
(  131)   READ (KLUN) IL2
(  132)   READ (KLUN) IU2
(  133)   ALLOCATE (YD%YL5 (IL2(1):IU2(1), IL2(2):IU2(2)))
(  134)   ALLOCATE (ZTMP2(LBOUND(YD%YL5,1):UBOUND(YD%YL5,1), LBOUND(YD%YL5,2):UBOUND(YD%YL5,2)))
(  135)   READ (KLUN) ZTMP2
(  136)   YD%YL5 = ZTMP2
(  137)   DEALLOCATE (ZTMP2)
(  138) ELSE
(  139)   NULLIFY (YD%YL5)
(  140) ENDIF
(  141) READ (KLUN) LYI5
(  142) IF (LYI5) THEN
(  143)   READ (KLUN) IL2
(  144)   READ (KLUN) IU2
(  145)   ALLOCATE (YD%YI5 (IL2(1):IU2(1), IL2(2):IU2(2)))
(  146)   ALLOCATE (ZTMP2(LBOUND(YD%YI5,1):UBOUND(YD%YI5,1), LBOUND(YD%YI5,2):UBOUND(YD%YI5,2)))
(  147)   READ (KLUN) ZTMP2
(  148)   YD%YI5 = ZTMP2
(  149)   DEALLOCATE (ZTMP2)
(  150) ELSE
(  151)   NULLIFY (YD%YI5)
(  152) ENDIF
(  153) READ (KLUN) LRADLWM
(  154) IF (LRADLWM) THEN
(  155)   READ (KLUN) IL2
(  156)   READ (KLUN) IU2
(  157)   ALLOCATE (YD%RADLWM (IL2(1):IU2(1), IL2(2):IU2(2)))
(  158)   ALLOCATE (ZTMP2(LBOUND(YD%RADLWM,1):UBOUND(YD%RADLWM,1), LBOUND(YD%RADLWM,2):UBOUND(YD%RADLWM,2)))
(  159)   READ (KLUN) ZTMP2
(  160)   YD%RADLWM = ZTMP2
(  161)   DEALLOCATE (ZTMP2)
(  162) ELSE
(  163)   NULLIFY (YD%RADLWM)
(  164) ENDIF
(  165) READ (KLUN) LRADLWM5
(  166) IF (LRADLWM5) THEN
(  167)   READ (KLUN) IL2
(  168)   READ (KLUN) IU2
(  169)   ALLOCATE (YD%RADLWM5 (IL2(1):IU2(1), IL2(2):IU2(2)))
(  170)   ALLOCATE (ZTMP2(LBOUND(YD%RADLWM5,1):UBOUND(YD%RADLWM5,1), LBOUND(YD%RADLWM5,2):UBOUND(YD%RADLWM5,2)))
(  171)   READ (KLUN) ZTMP2
(  172)   YD%RADLWM5 = ZTMP2
(  173)   DEALLOCATE (ZTMP2)
(  174) ELSE






NVFORTRAN (Version     24.5)          03/19/2025  06:54:36      page 14

(  175)   NULLIFY (YD%RADLWM5)
(  176) ENDIF
(  177) READ (KLUN) LTGWDWMSU
(  178) IF (LTGWDWMSU) THEN
(  179)   READ (KLUN) IL2
(  180)   READ (KLUN) IU2
(  181)   ALLOCATE (YD%TGWDWMSU (IL2(1):IU2(1), IL2(2):IU2(2)))
(  182)   ALLOCATE (ZTMP2(LBOUND(YD%TGWDWMSU,1):UBOUND(YD%TGWDWMSU,1), LBOUND(YD%TGWDWMSU,2):UBOUND(YD%TGWDWMSU,2)))
(  183)   READ (KLUN) ZTMP2
(  184)   YD%TGWDWMSU = ZTMP2
(  185)   DEALLOCATE (ZTMP2)
(  186) ELSE
(  187)   NULLIFY (YD%TGWDWMSU)
(  188) ENDIF
(  189) READ (KLUN) LTGWDWMSU5
(  190) IF (LTGWDWMSU5) THEN
(  191)   READ (KLUN) IL2
(  192)   READ (KLUN) IU2
(  193)   ALLOCATE (YD%TGWDWMSU5 (IL2(1):IU2(1), IL2(2):IU2(2)))
(  194)   ALLOCATE (ZTMP2(LBOUND(YD%TGWDWMSU5,1):UBOUND(YD%TGWDWMSU5,1), LBOUND(YD%TGWDWMSU5,2):UBOUND(YD%TGWDWMSU5,2)))
(  195)   READ (KLUN) ZTMP2
(  196)   YD%TGWDWMSU5 = ZTMP2
(  197)   DEALLOCATE (ZTMP2)
(  198) ELSE
(  199)   NULLIFY (YD%TGWDWMSU5)
(  200) ENDIF
(  201) READ (KLUN) LTGWDWMSV
(  202) IF (LTGWDWMSV) THEN
(  203)   READ (KLUN) IL2
(  204)   READ (KLUN) IU2
(  205)   ALLOCATE (YD%TGWDWMSV (IL2(1):IU2(1), IL2(2):IU2(2)))
(  206)   ALLOCATE (ZTMP2(LBOUND(YD%TGWDWMSV,1):UBOUND(YD%TGWDWMSV,1), LBOUND(YD%TGWDWMSV,2):UBOUND(YD%TGWDWMSV,2)))
(  207)   READ (KLUN) ZTMP2
(  208)   YD%TGWDWMSV = ZTMP2
(  209)   DEALLOCATE (ZTMP2)
(  210) ELSE
(  211)   NULLIFY (YD%TGWDWMSV)
(  212) ENDIF
(  213) READ (KLUN) LTGWDWMSV5
(  214) IF (LTGWDWMSV5) THEN
(  215)   READ (KLUN) IL2
(  216)   READ (KLUN) IU2
(  217)   ALLOCATE (YD%TGWDWMSV5 (IL2(1):IU2(1), IL2(2):IU2(2)))
(  218)   ALLOCATE (ZTMP2(LBOUND(YD%TGWDWMSV5,1):UBOUND(YD%TGWDWMSV5,1), LBOUND(YD%TGWDWMSV5,2):UBOUND(YD%TGWDWMSV5,2)))
(  219)   READ (KLUN) ZTMP2
(  220)   YD%TGWDWMSV5 = ZTMP2
(  221)   DEALLOCATE (ZTMP2)
(  222) ELSE
(  223)   NULLIFY (YD%TGWDWMSV5)
(  224) ENDIF
(  225) END SUBROUTINE
(  226) # 228 "./util_sphys_hist_type_mod.F90"
(  228) SUBROUTINE COPY_SPHYS_HIST_TYPE (YD, LDCREATED, LDFIELDAPI)
(  229) # 230 "./util_sphys_hist_type_mod.F90"
(  230) IMPLICIT NONE
(  231) TYPE (SPHYS_HIST_TYPE), INTENT (IN), TARGET :: YD
(  232) LOGICAL, OPTIONAL, INTENT (IN) :: LDCREATED, LDFIELDAPI
(  233) LOGICAL :: LLCREATED






NVFORTRAN (Version     24.5)          03/19/2025  06:54:36      page 15

(  234) LOGICAL :: LLFIELDAPI
(  235) LOGICAL :: LRADLWM, LRADLWM5, LTGWDWMSU, LTGWDWMSU5, LTGWDWMSV, LTGWDWMSV5, LYA5, LYI5, LYL5
(  236) # 237 "./util_sphys_hist_type_mod.F90"
(  237) LLFIELDAPI = .FALSE.
(  238) IF (PRESENT (LDFIELDAPI)) THEN
(  239)   LLFIELDAPI = LDFIELDAPI
(  240) ENDIF
(  241) LLCREATED = .FALSE.
(  242) IF (PRESENT (LDCREATED)) THEN
(  243)   LLCREATED = LDCREATED
(  244) ENDIF
(  245) IF (.NOT. LLCREATED) THEN
(  246)   !$acc enter data create (YD)
(  247)   !$acc update device (YD)
(  248) ENDIF
(  249) LYA5 = ASSOCIATED (YD%YA5)
(  250) IF (LYA5) THEN
(  251)   !$acc enter data create (YD%YA5)
(  252)   !$acc update device (YD%YA5)
(  253)   !$acc enter data attach (YD%YA5)
(  254) ENDIF
(  255) # 256 "./util_sphys_hist_type_mod.F90"
(  256) LYL5 = ASSOCIATED (YD%YL5)
(  257) IF (LYL5) THEN
(  258)   !$acc enter data create (YD%YL5)
(  259)   !$acc update device (YD%YL5)
(  260)   !$acc enter data attach (YD%YL5)
(  261) ENDIF
(  262) # 263 "./util_sphys_hist_type_mod.F90"
(  263) LYI5 = ASSOCIATED (YD%YI5)
(  264) IF (LYI5) THEN
(  265)   !$acc enter data create (YD%YI5)
(  266)   !$acc update device (YD%YI5)
(  267)   !$acc enter data attach (YD%YI5)
(  268) ENDIF
(  269) # 270 "./util_sphys_hist_type_mod.F90"
(  270) LRADLWM = ASSOCIATED (YD%RADLWM)
(  271) IF (LRADLWM) THEN
(  272)   !$acc enter data create (YD%RADLWM)
(  273)   !$acc update device (YD%RADLWM)
(  274)   !$acc enter data attach (YD%RADLWM)
(  275) ENDIF
(  276) # 277 "./util_sphys_hist_type_mod.F90"
(  277) LRADLWM5 = ASSOCIATED (YD%RADLWM5)
(  278) IF (LRADLWM5) THEN
(  279)   !$acc enter data create (YD%RADLWM5)
(  280)   !$acc update device (YD%RADLWM5)
(  281)   !$acc enter data attach (YD%RADLWM5)
(  282) ENDIF
(  283) # 284 "./util_sphys_hist_type_mod.F90"
(  284) LTGWDWMSU = ASSOCIATED (YD%TGWDWMSU)
(  285) IF (LTGWDWMSU) THEN
(  286)   !$acc enter data create (YD%TGWDWMSU)
(  287)   !$acc update device (YD%TGWDWMSU)
(  288)   !$acc enter data attach (YD%TGWDWMSU)
(  289) ENDIF
(  290) # 291 "./util_sphys_hist_type_mod.F90"
(  291) LTGWDWMSU5 = ASSOCIATED (YD%TGWDWMSU5)






NVFORTRAN (Version     24.5)          03/19/2025  06:54:36      page 16

(  292) IF (LTGWDWMSU5) THEN
(  293)   !$acc enter data create (YD%TGWDWMSU5)
(  294)   !$acc update device (YD%TGWDWMSU5)
(  295)   !$acc enter data attach (YD%TGWDWMSU5)
(  296) ENDIF
(  297) # 298 "./util_sphys_hist_type_mod.F90"
(  298) LTGWDWMSV = ASSOCIATED (YD%TGWDWMSV)
(  299) IF (LTGWDWMSV) THEN
(  300)   !$acc enter data create (YD%TGWDWMSV)
(  301)   !$acc update device (YD%TGWDWMSV)
(  302)   !$acc enter data attach (YD%TGWDWMSV)
(  303) ENDIF
(  304) # 305 "./util_sphys_hist_type_mod.F90"
(  305) LTGWDWMSV5 = ASSOCIATED (YD%TGWDWMSV5)
(  306) IF (LTGWDWMSV5) THEN
(  307)   !$acc enter data create (YD%TGWDWMSV5)
(  308)   !$acc update device (YD%TGWDWMSV5)
(  309)   !$acc enter data attach (YD%TGWDWMSV5)
(  310) ENDIF
(  311) # 312 "./util_sphys_hist_type_mod.F90"
(  312) END SUBROUTINE
(  313) # 314 "./util_sphys_hist_type_mod.F90"
(  314) SUBROUTINE HOST_SPHYS_HIST_TYPE (YD)
(  315) # 316 "./util_sphys_hist_type_mod.F90"
(  316) IMPLICIT NONE
(  317) TYPE (SPHYS_HIST_TYPE), TARGET :: YD
(  318) LOGICAL :: LRADLWM, LRADLWM5, LTGWDWMSU, LTGWDWMSU5, LTGWDWMSV, LTGWDWMSV5, LYA5, LYI5, LYL5
(  319) # 328 "./util_sphys_hist_type_mod.F90"
(  328) END SUBROUTINE
(  329) # 330 "./util_sphys_hist_type_mod.F90"
(  330)      
(  331) # 332 "./util_sphys_hist_type_mod.F90"
(  332) SUBROUTINE CRC64_SPHYS_HIST_TYPE (YD, KLUN, CDPATH)
(  333) USE CRC64_INTRINSIC
(  334) # 335 "./util_sphys_hist_type_mod.F90"
(  335) IMPLICIT NONE
(  336) TYPE (SPHYS_HIST_TYPE), TARGET :: YD
(  337) INTEGER, INTENT (IN) :: KLUN
(  338) CHARACTER(LEN=*), INTENT (IN) :: CDPATH
(  339) CHARACTER(LEN=128) :: CLIND
(  340) LOGICAL :: LRADLWM, LRADLWM5, LTGWDWMSU, LTGWDWMSU5, LTGWDWMSV, LTGWDWMSV5, LYA5, LYI5, LYL5
(  341) WRITE (KLUN, '(Z16.16," ",A)') CRC64 (YD%YA5), CDPATH//'%YA5'
(  342) # 343 "./util_sphys_hist_type_mod.F90"
(  343) WRITE (KLUN, '(Z16.16," ",A)') CRC64 (YD%YL5), CDPATH//'%YL5'
(  344) # 345 "./util_sphys_hist_type_mod.F90"
(  345) WRITE (KLUN, '(Z16.16," ",A)') CRC64 (YD%YI5), CDPATH//'%YI5'
(  346) # 347 "./util_sphys_hist_type_mod.F90"
(  347) WRITE (KLUN, '(Z16.16," ",A)') CRC64 (YD%RADLWM), CDPATH//'%RADLWM'
(  348) # 349 "./util_sphys_hist_type_mod.F90"
(  349) WRITE (KLUN, '(Z16.16," ",A)') CRC64 (YD%RADLWM5), CDPATH//'%RADLWM5'
(  350) # 351 "./util_sphys_hist_type_mod.F90"
(  351) WRITE (KLUN, '(Z16.16," ",A)') CRC64 (YD%TGWDWMSU), CDPATH//'%TGWDWMSU'
(  352) # 353 "./util_sphys_hist_type_mod.F90"
(  353) WRITE (KLUN, '(Z16.16," ",A)') CRC64 (YD%TGWDWMSU5), CDPATH//'%TGWDWMSU5'
(  354) # 355 "./util_sphys_hist_type_mod.F90"
(  355) WRITE (KLUN, '(Z16.16," ",A)') CRC64 (YD%TGWDWMSV), CDPATH//'%TGWDWMSV'
(  356) # 357 "./util_sphys_hist_type_mod.F90"
(  357) WRITE (KLUN, '(Z16.16," ",A)') CRC64 (YD%TGWDWMSV5), CDPATH//'%TGWDWMSV5'






NVFORTRAN (Version     24.5)          03/19/2025  06:54:36      page 17

(  358) # 359 "./util_sphys_hist_type_mod.F90"
(  359) END SUBROUTINE
(  360) # 361 "./util_sphys_hist_type_mod.F90"
(  361) SUBROUTINE WIPE_SPHYS_HIST_TYPE (YD, LDDELETED, LDFIELDAPI)
(  362) # 363 "./util_sphys_hist_type_mod.F90"
(  363) IMPLICIT NONE
(  364) TYPE (SPHYS_HIST_TYPE), INTENT (IN), TARGET :: YD
(  365) LOGICAL, OPTIONAL, INTENT (IN) :: LDDELETED, LDFIELDAPI
(  366) LOGICAL :: LLDELETED
(  367) LOGICAL :: LLFIELDAPI
(  368) LOGICAL :: LRADLWM, LRADLWM5, LTGWDWMSU, LTGWDWMSU5, LTGWDWMSV, LTGWDWMSV5, LYA5, LYI5, LYL5
(  369) # 370 "./util_sphys_hist_type_mod.F90"
(  370) LLFIELDAPI = .FALSE.
(  371) IF (PRESENT (LDFIELDAPI)) THEN
(  372)   LLFIELDAPI = LDFIELDAPI
(  373) ENDIF
(  374) LYA5 = ASSOCIATED (YD%YA5)
(  375) IF (LYA5) THEN
(  376)   !$acc exit data detach (YD%YA5)
(  377)   !$acc exit data delete (YD%YA5)
(  378) ENDIF
(  379) # 380 "./util_sphys_hist_type_mod.F90"
(  380) LYL5 = ASSOCIATED (YD%YL5)
(  381) IF (LYL5) THEN
(  382)   !$acc exit data detach (YD%YL5)
(  383)   !$acc exit data delete (YD%YL5)
(  384) ENDIF
(  385) # 386 "./util_sphys_hist_type_mod.F90"
(  386) LYI5 = ASSOCIATED (YD%YI5)
(  387) IF (LYI5) THEN
(  388)   !$acc exit data detach (YD%YI5)
(  389)   !$acc exit data delete (YD%YI5)
(  390) ENDIF
(  391) # 392 "./util_sphys_hist_type_mod.F90"
(  392) LRADLWM = ASSOCIATED (YD%RADLWM)
(  393) IF (LRADLWM) THEN
(  394)   !$acc exit data detach (YD%RADLWM)
(  395)   !$acc exit data delete (YD%RADLWM)
(  396) ENDIF
(  397) # 398 "./util_sphys_hist_type_mod.F90"
(  398) LRADLWM5 = ASSOCIATED (YD%RADLWM5)
(  399) IF (LRADLWM5) THEN
(  400)   !$acc exit data detach (YD%RADLWM5)
(  401)   !$acc exit data delete (YD%RADLWM5)
(  402) ENDIF
(  403) # 404 "./util_sphys_hist_type_mod.F90"
(  404) LTGWDWMSU = ASSOCIATED (YD%TGWDWMSU)
(  405) IF (LTGWDWMSU) THEN
(  406)   !$acc exit data detach (YD%TGWDWMSU)
(  407)   !$acc exit data delete (YD%TGWDWMSU)
(  408) ENDIF
(  409) # 410 "./util_sphys_hist_type_mod.F90"
(  410) LTGWDWMSU5 = ASSOCIATED (YD%TGWDWMSU5)
(  411) IF (LTGWDWMSU5) THEN
(  412)   !$acc exit data detach (YD%TGWDWMSU5)
(  413)   !$acc exit data delete (YD%TGWDWMSU5)
(  414) ENDIF
(  415) # 416 "./util_sphys_hist_type_mod.F90"






NVFORTRAN (Version     24.5)          03/19/2025  06:54:36      page 18

(  416) LTGWDWMSV = ASSOCIATED (YD%TGWDWMSV)
(  417) IF (LTGWDWMSV) THEN
(  418)   !$acc exit data detach (YD%TGWDWMSV)
(  419)   !$acc exit data delete (YD%TGWDWMSV)
(  420) ENDIF
(  421) # 422 "./util_sphys_hist_type_mod.F90"
(  422) LTGWDWMSV5 = ASSOCIATED (YD%TGWDWMSV5)
(  423) IF (LTGWDWMSV5) THEN
(  424)   !$acc exit data detach (YD%TGWDWMSV5)
(  425)   !$acc exit data delete (YD%TGWDWMSV5)
(  426) ENDIF
(  427) # 428 "./util_sphys_hist_type_mod.F90"
(  428) LLDELETED = .FALSE.
(  429) IF (PRESENT (LDDELETED)) THEN
(  430)   LLDELETED = LDDELETED
(  431) ENDIF
(  432) IF (.NOT. LLDELETED) THEN
(  433)   !$acc exit data delete (YD)
(  434) ENDIF
(  435) END SUBROUTINE
(  436) # 437 "./util_sphys_hist_type_mod.F90"
(  437) INTEGER*8 FUNCTION SIZE_SPHYS_HIST_TYPE (YD, CDPATH, LDPRINT) RESULT (KSIZE)
(  438) # 439 "./util_sphys_hist_type_mod.F90"
(  439) IMPLICIT NONE
(  440) TYPE (SPHYS_HIST_TYPE),     INTENT (IN), TARGET :: YD
(  441) CHARACTER(LEN=*), INTENT (IN), OPTIONAL :: CDPATH
(  442) LOGICAL,          INTENT (IN), OPTIONAL :: LDPRINT
(  443) INTEGER*8 :: ISIZE, JSIZE
(  444) LOGICAL :: LLPRINT
(  445) CHARACTER(LEN=128) :: CLPATH
(  446) LOGICAL :: LRADLWM, LRADLWM5, LTGWDWMSU, LTGWDWMSU5, LTGWDWMSV, LTGWDWMSV5, LYA5, LYI5, LYL5
(  447) # 448 "./util_sphys_hist_type_mod.F90"
(  448) LLPRINT = .FALSE.
(  449) IF (PRESENT (LDPRINT)) THEN
(  450)   LLPRINT = LDPRINT
(  451) ENDIF
(  452) CLPATH=''
(  453) IF (PRESENT (CDPATH)) THEN
(  454)   CLPATH = CDPATH
(  455) ENDIF
(  456) KSIZE = 0
(  457) LYA5 = ASSOCIATED (YD%YA5)
(  458) IF (LYA5) THEN
(  459)   ISIZE = KIND (YD%YA5) * SIZE (YD%YA5)
(  460)   IF (LLPRINT) THEN
(  461)     WRITE (*, '(I10," ")', ADVANCE='NO') ISIZE
(  462)     WRITE (*, *) TRIM (CLPATH)//'%YA5'
(  463)   ENDIF
(  464)   KSIZE = KSIZE + ISIZE
(  465) ENDIF
(  466) LYL5 = ASSOCIATED (YD%YL5)
(  467) IF (LYL5) THEN
(  468)   ISIZE = KIND (YD%YL5) * SIZE (YD%YL5)
(  469)   IF (LLPRINT) THEN
(  470)     WRITE (*, '(I10," ")', ADVANCE='NO') ISIZE
(  471)     WRITE (*, *) TRIM (CLPATH)//'%YL5'
(  472)   ENDIF
(  473)   KSIZE = KSIZE + ISIZE






NVFORTRAN (Version     24.5)          03/19/2025  06:54:36      page 19

(  474) ENDIF
(  475) LYI5 = ASSOCIATED (YD%YI5)
(  476) IF (LYI5) THEN
(  477)   ISIZE = KIND (YD%YI5) * SIZE (YD%YI5)
(  478)   IF (LLPRINT) THEN
(  479)     WRITE (*, '(I10," ")', ADVANCE='NO') ISIZE
(  480)     WRITE (*, *) TRIM (CLPATH)//'%YI5'
(  481)   ENDIF
(  482)   KSIZE = KSIZE + ISIZE
(  483) ENDIF
(  484) LRADLWM = ASSOCIATED (YD%RADLWM)
(  485) IF (LRADLWM) THEN
(  486)   ISIZE = KIND (YD%RADLWM) * SIZE (YD%RADLWM)
(  487)   IF (LLPRINT) THEN
(  488)     WRITE (*, '(I10," ")', ADVANCE='NO') ISIZE
(  489)     WRITE (*, *) TRIM (CLPATH)//'%RADLWM'
(  490)   ENDIF
(  491)   KSIZE = KSIZE + ISIZE
(  492) ENDIF
(  493) LRADLWM5 = ASSOCIATED (YD%RADLWM5)
(  494) IF (LRADLWM5) THEN
(  495)   ISIZE = KIND (YD%RADLWM5) * SIZE (YD%RADLWM5)
(  496)   IF (LLPRINT) THEN
(  497)     WRITE (*, '(I10," ")', ADVANCE='NO') ISIZE
(  498)     WRITE (*, *) TRIM (CLPATH)//'%RADLWM5'
(  499)   ENDIF
(  500)   KSIZE = KSIZE + ISIZE
(  501) ENDIF
(  502) LTGWDWMSU = ASSOCIATED (YD%TGWDWMSU)
(  503) IF (LTGWDWMSU) THEN
(  504)   ISIZE = KIND (YD%TGWDWMSU) * SIZE (YD%TGWDWMSU)
(  505)   IF (LLPRINT) THEN
(  506)     WRITE (*, '(I10," ")', ADVANCE='NO') ISIZE
(  507)     WRITE (*, *) TRIM (CLPATH)//'%TGWDWMSU'
(  508)   ENDIF
(  509)   KSIZE = KSIZE + ISIZE
(  510) ENDIF
(  511) LTGWDWMSU5 = ASSOCIATED (YD%TGWDWMSU5)
(  512) IF (LTGWDWMSU5) THEN
(  513)   ISIZE = KIND (YD%TGWDWMSU5) * SIZE (YD%TGWDWMSU5)
(  514)   IF (LLPRINT) THEN
(  515)     WRITE (*, '(I10," ")', ADVANCE='NO') ISIZE
(  516)     WRITE (*, *) TRIM (CLPATH)//'%TGWDWMSU5'
(  517)   ENDIF
(  518)   KSIZE = KSIZE + ISIZE
(  519) ENDIF
(  520) LTGWDWMSV = ASSOCIATED (YD%TGWDWMSV)
(  521) IF (LTGWDWMSV) THEN
(  522)   ISIZE = KIND (YD%TGWDWMSV) * SIZE (YD%TGWDWMSV)
(  523)   IF (LLPRINT) THEN
(  524)     WRITE (*, '(I10," ")', ADVANCE='NO') ISIZE
(  525)     WRITE (*, *) TRIM (CLPATH)//'%TGWDWMSV'
(  526)   ENDIF
(  527)   KSIZE = KSIZE + ISIZE
(  528) ENDIF
(  529) LTGWDWMSV5 = ASSOCIATED (YD%TGWDWMSV5)
(  530) IF (LTGWDWMSV5) THEN
(  531)   ISIZE = KIND (YD%TGWDWMSV5) * SIZE (YD%TGWDWMSV5)






NVFORTRAN (Version     24.5)          03/19/2025  06:54:36      page 20

(  532)   IF (LLPRINT) THEN
(  533)     WRITE (*, '(I10," ")', ADVANCE='NO') ISIZE
(  534)     WRITE (*, *) TRIM (CLPATH)//'%TGWDWMSV5'
(  535)   ENDIF
(  536)   KSIZE = KSIZE + ISIZE
(  537) ENDIF
(  538) END FUNCTION
(  539) # 540 "./util_sphys_hist_type_mod.F90"
(  540) END MODULE
