


NVFORTRAN (Version     24.5)          03/19/2025  06:54:40      page 1

Switches: -noasm -nodclchk -debug -nodlines -line -list
          -idir /opt/softs/gcc/9.2.0/hpc_sdk/Linux_x86_64/24.5/comm_libs/12.4/hpcx/hpcx-2.19/ompi/include
          -idir /opt/softs/gcc/9.2.0/hpc_sdk/Linux_x86_64/24.5/comm_libs/12.4/hpcx/hpcx-2.19/ompi/lib
          -inform severe -opt 1 -nosave -object -noonetrip
          -depchk on -nostandard     
          -symbol -noupcase    

Filename: ./util_tspectralplanck_mod.F90

(    1) MODULE UTIL_TSPECTRALPLANCK_MOD
(    2) 
(    3) USE YOE_SPECTRAL_PLANCK, ONLY : TSPECTRALPLANCK
(    4) 
(    5) INTERFACE SAVE
(    6) MODULE PROCEDURE SAVE_TSPECTRALPLANCK
(    7) END INTERFACE
(    8) 
(    9) INTERFACE LOAD
(   10) MODULE PROCEDURE LOAD_TSPECTRALPLANCK
(   11) END INTERFACE
(   12) 
(   13) INTERFACE COPY
(   14) MODULE PROCEDURE COPY_TSPECTRALPLANCK
(   15) END INTERFACE
(   16) 
(   17) INTERFACE HOST
(   18) MODULE PROCEDURE HOST_TSPECTRALPLANCK
(   19) END INTERFACE
(   20) 
(   21)      
(   22) INTERFACE CRC64
(   23) MODULE PROCEDURE CRC64_TSPECTRALPLANCK
(   24) END INTERFACE
(   25) 
(   26) INTERFACE WIPE
(   27) MODULE PROCEDURE WIPE_TSPECTRALPLANCK
(   28) END INTERFACE
(   29) 
(   30) INTERFACE SIZE
(   31) MODULE PROCEDURE SIZE_TSPECTRALPLANCK
(   32) END INTERFACE
(   33) 
(   34) 
(   35) CONTAINS
(   36) 
(   37) SUBROUTINE SAVE_TSPECTRALPLANCK (KLUN, YD)
(   38) 
(   39) IMPLICIT NONE
(   40) INTEGER, INTENT (IN) :: KLUN
(   41) TYPE (TSPECTRALPLANCK), INTENT (IN), TARGET :: YD
(   42) LOGICAL :: LINTERVAL_MAP, LPLANCK_LUT, LWAVLEN_BOUND
(   43) WRITE (KLUN) YD%NINTERVALS
(   44) WRITE (KLUN) YD%NTEMPS
(   45) WRITE (KLUN) YD%TEMP1
(   46) WRITE (KLUN) YD%DTEMP
(   47) LPLANCK_LUT = ALLOCATED (YD%PLANCK_LUT)
(   48) WRITE (KLUN) LPLANCK_LUT
(   49) IF (LPLANCK_LUT) THEN
(   50)   WRITE (KLUN) LBOUND (YD%PLANCK_LUT)






NVFORTRAN (Version     24.5)          03/19/2025  06:54:40      page 2

(   51)   WRITE (KLUN) UBOUND (YD%PLANCK_LUT)
(   52)   WRITE (KLUN) YD%PLANCK_LUT
(   53) ENDIF
(   54) LWAVLEN_BOUND = ALLOCATED (YD%WAVLEN_BOUND)
(   55) WRITE (KLUN) LWAVLEN_BOUND
(   56) IF (LWAVLEN_BOUND) THEN
(   57)   WRITE (KLUN) LBOUND (YD%WAVLEN_BOUND)
(   58)   WRITE (KLUN) UBOUND (YD%WAVLEN_BOUND)
(   59)   WRITE (KLUN) YD%WAVLEN_BOUND
(   60) ENDIF
(   61) LINTERVAL_MAP = ALLOCATED (YD%INTERVAL_MAP)
(   62) WRITE (KLUN) LINTERVAL_MAP
(   63) IF (LINTERVAL_MAP) THEN
(   64)   WRITE (KLUN) LBOUND (YD%INTERVAL_MAP)
(   65)   WRITE (KLUN) UBOUND (YD%INTERVAL_MAP)
(   66)   WRITE (KLUN) YD%INTERVAL_MAP
(   67) ENDIF
(   68) END SUBROUTINE
(   69) 
(   70) SUBROUTINE LOAD_TSPECTRALPLANCK (KLUN, YD)
(   71) USE PARKIND1, ONLY : JPRD
(   72) 
(   73) IMPLICIT NONE
(   74) INTEGER, INTENT (IN) :: KLUN
(   75) TYPE (TSPECTRALPLANCK), INTENT (OUT), TARGET :: YD
(   76) INTEGER :: IL1(1), IU1(1), IL2(2), IU2(2)
(   77) LOGICAL :: LINTERVAL_MAP, LPLANCK_LUT, LWAVLEN_BOUND
(   78) REAL(KIND=JPRD) :: ZTMP0
(   79) REAL(KIND=JPRD), ALLOCATABLE :: ZTMP1 (:)
(   80) REAL(KIND=JPRD), ALLOCATABLE :: ZTMP2 (:,:)
(   81) READ (KLUN) YD%NINTERVALS
(   82) READ (KLUN) YD%NTEMPS
(   83) READ (KLUN) ZTMP0
(   84) YD%TEMP1 = ZTMP0
(   85) READ (KLUN) ZTMP0
(   86) YD%DTEMP = ZTMP0
(   87) READ (KLUN) LPLANCK_LUT
(   88) IF (LPLANCK_LUT) THEN
(   89)   READ (KLUN) IL2
(   90)   READ (KLUN) IU2
(   91)   ALLOCATE (YD%PLANCK_LUT (IL2(1):IU2(1), IL2(2):IU2(2)))
(   92)   ALLOCATE (ZTMP2(LBOUND(YD%PLANCK_LUT,1):UBOUND(YD%PLANCK_LUT,1), LBOUND(YD%PLANCK_LUT,2):UBOUND(YD%PLANCK_LUT,2)))
(   93)   READ (KLUN) ZTMP2
(   94)   YD%PLANCK_LUT = ZTMP2
(   95)   DEALLOCATE (ZTMP2)
(   96) ENDIF
(   97) READ (KLUN) LWAVLEN_BOUND
(   98) IF (LWAVLEN_BOUND) THEN
(   99)   READ (KLUN) IL1
(  100)   READ (KLUN) IU1
(  101)   ALLOCATE (YD%WAVLEN_BOUND (IL1(1):IU1(1)))
(  102)   ALLOCATE (ZTMP1(LBOUND(YD%WAVLEN_BOUND,1):UBOUND(YD%WAVLEN_BOUND,1)))
(  103)   READ (KLUN) ZTMP1
(  104)   YD%WAVLEN_BOUND = ZTMP1
(  105)   DEALLOCATE (ZTMP1)
(  106) ENDIF
(  107) READ (KLUN) LINTERVAL_MAP
(  108) IF (LINTERVAL_MAP) THEN






NVFORTRAN (Version     24.5)          03/19/2025  06:54:40      page 3

(  109)   READ (KLUN) IL1
(  110)   READ (KLUN) IU1
(  111)   ALLOCATE (YD%INTERVAL_MAP (IL1(1):IU1(1)))
(  112)   READ (KLUN) YD%INTERVAL_MAP
(  113) ENDIF
(  114) END SUBROUTINE
(  115) 
(  116) 
(  117) SUBROUTINE COPY_TSPECTRALPLANCK (YD, LDCREATED, LDFIELDAPI)
(  118) 
(  119) IMPLICIT NONE
(  120) TYPE (TSPECTRALPLANCK), INTENT (IN), TARGET :: YD
(  121) LOGICAL, OPTIONAL, INTENT (IN) :: LDCREATED, LDFIELDAPI
(  122) LOGICAL :: LLCREATED
(  123) LOGICAL :: LLFIELDAPI
(  124) LOGICAL :: LINTERVAL_MAP, LPLANCK_LUT, LWAVLEN_BOUND
(  125) 
(  126) LLFIELDAPI = .FALSE.
(  127) IF (PRESENT (LDFIELDAPI)) THEN
(  128)   LLFIELDAPI = LDFIELDAPI
(  129) ENDIF
(  130) LLCREATED = .FALSE.
(  131) IF (PRESENT (LDCREATED)) THEN
(  132)   LLCREATED = LDCREATED
(  133) ENDIF
(  134) IF (.NOT. LLCREATED) THEN
(  135)   !$acc enter data create (YD)
(  136)   !$acc update device (YD)
(  137) ENDIF
(  138) 
(  139) 
(  140) 
(  141) 
(  142) LPLANCK_LUT = ALLOCATED (YD%PLANCK_LUT)
(  143) IF (LPLANCK_LUT) THEN
(  144)   !$acc enter data create (YD%PLANCK_LUT)
(  145)   !$acc update device (YD%PLANCK_LUT)
(  146)   !$acc enter data attach (YD%PLANCK_LUT)
(  147) ENDIF
(  148) 
(  149) LWAVLEN_BOUND = ALLOCATED (YD%WAVLEN_BOUND)
(  150) IF (LWAVLEN_BOUND) THEN
(  151)   !$acc enter data create (YD%WAVLEN_BOUND)
(  152)   !$acc update device (YD%WAVLEN_BOUND)
(  153)   !$acc enter data attach (YD%WAVLEN_BOUND)
(  154) ENDIF
(  155) 
(  156) LINTERVAL_MAP = ALLOCATED (YD%INTERVAL_MAP)
(  157) IF (LINTERVAL_MAP) THEN
(  158)   !$acc enter data create (YD%INTERVAL_MAP)
(  159)   !$acc update device (YD%INTERVAL_MAP)
(  160)   !$acc enter data attach (YD%INTERVAL_MAP)
(  161) ENDIF
(  162) 
(  163) END SUBROUTINE
(  164) 
(  165) SUBROUTINE HOST_TSPECTRALPLANCK (YD)
(  166) 






NVFORTRAN (Version     24.5)          03/19/2025  06:54:40      page 4

(  167) IMPLICIT NONE
(  168) TYPE (TSPECTRALPLANCK), TARGET :: YD
(  169) LOGICAL :: LINTERVAL_MAP, LPLANCK_LUT, LWAVLEN_BOUND
(  170) 
(  171) 
(  172) 
(  173) 
(  174) 
(  175) 
(  176) 
(  177) END SUBROUTINE
(  178) 
(  179)      
(  180) 
(  181) SUBROUTINE CRC64_TSPECTRALPLANCK (YD, KLUN, CDPATH)
(  182) USE CRC64_INTRINSIC
(  183) 
(  184) IMPLICIT NONE
(  185) TYPE (TSPECTRALPLANCK), TARGET :: YD
(  186) INTEGER, INTENT (IN) :: KLUN
(  187) CHARACTER(LEN=*), INTENT (IN) :: CDPATH
(  188) CHARACTER(LEN=128) :: CLIND
(  189) LOGICAL :: LINTERVAL_MAP, LPLANCK_LUT, LWAVLEN_BOUND
(  190) WRITE (KLUN, '(Z16.16," ",A)') CRC64 (YD%NINTERVALS), CDPATH//'%NINTERVALS'
(  191) 
(  192) WRITE (KLUN, '(Z16.16," ",A)') CRC64 (YD%NTEMPS), CDPATH//'%NTEMPS'
(  193) 
(  194) WRITE (KLUN, '(Z16.16," ",A)') CRC64 (YD%TEMP1), CDPATH//'%TEMP1'
(  195) 
(  196) WRITE (KLUN, '(Z16.16," ",A)') CRC64 (YD%DTEMP), CDPATH//'%DTEMP'
(  197) 
(  198) WRITE (KLUN, '(Z16.16," ",A)') CRC64 (YD%PLANCK_LUT), CDPATH//'%PLANCK_LUT'
(  199) 
(  200) WRITE (KLUN, '(Z16.16," ",A)') CRC64 (YD%WAVLEN_BOUND), CDPATH//'%WAVLEN_BOUND'
(  201) 
(  202) WRITE (KLUN, '(Z16.16," ",A)') CRC64 (YD%INTERVAL_MAP), CDPATH//'%INTERVAL_MAP'
(  203) 
(  204) END SUBROUTINE
(  205) 
(  206) SUBROUTINE WIPE_TSPECTRALPLANCK (YD, LDDELETED, LDFIELDAPI)
(  207) 
(  208) IMPLICIT NONE
(  209) TYPE (TSPECTRALPLANCK), INTENT (IN), TARGET :: YD
(  210) LOGICAL, OPTIONAL, INTENT (IN) :: LDDELETED, LDFIELDAPI
(  211) LOGICAL :: LLDELETED
(  212) LOGICAL :: LLFIELDAPI
(  213) LOGICAL :: LINTERVAL_MAP, LPLANCK_LUT, LWAVLEN_BOUND
(  214) 
(  215) LLFIELDAPI = .FALSE.
(  216) IF (PRESENT (LDFIELDAPI)) THEN
(  217)   LLFIELDAPI = LDFIELDAPI
(  218) ENDIF
(  219) 
(  220) 
(  221) 
(  222) 
(  223) LPLANCK_LUT = ALLOCATED (YD%PLANCK_LUT)
(  224) IF (LPLANCK_LUT) THEN






NVFORTRAN (Version     24.5)          03/19/2025  06:54:40      page 5

(  225)   !$acc exit data detach (YD%PLANCK_LUT)
(  226)   !$acc exit data delete (YD%PLANCK_LUT)
(  227) ENDIF
(  228) 
(  229) LWAVLEN_BOUND = ALLOCATED (YD%WAVLEN_BOUND)
(  230) IF (LWAVLEN_BOUND) THEN
(  231)   !$acc exit data detach (YD%WAVLEN_BOUND)
(  232)   !$acc exit data delete (YD%WAVLEN_BOUND)
(  233) ENDIF
(  234) 
(  235) LINTERVAL_MAP = ALLOCATED (YD%INTERVAL_MAP)
(  236) IF (LINTERVAL_MAP) THEN
(  237)   !$acc exit data detach (YD%INTERVAL_MAP)
(  238)   !$acc exit data delete (YD%INTERVAL_MAP)
(  239) ENDIF
(  240) 
(  241) LLDELETED = .FALSE.
(  242) IF (PRESENT (LDDELETED)) THEN
(  243)   LLDELETED = LDDELETED
(  244) ENDIF
(  245) IF (.NOT. LLDELETED) THEN
(  246)   !$acc exit data delete (YD)
(  247) ENDIF
(  248) END SUBROUTINE
(  249) 
(  250) INTEGER*8 FUNCTION SIZE_TSPECTRALPLANCK (YD, CDPATH, LDPRINT) RESULT (KSIZE)
(  251) 
(  252) IMPLICIT NONE
(  253) TYPE (TSPECTRALPLANCK),     INTENT (IN), TARGET :: YD
(  254) CHARACTER(LEN=*), INTENT (IN), OPTIONAL :: CDPATH
(  255) LOGICAL,          INTENT (IN), OPTIONAL :: LDPRINT
(  256) INTEGER*8 :: ISIZE, JSIZE
(  257) LOGICAL :: LLPRINT
(  258) CHARACTER(LEN=128) :: CLPATH
(  259) LOGICAL :: LINTERVAL_MAP, LPLANCK_LUT, LWAVLEN_BOUND
(  260) 
(  261) LLPRINT = .FALSE.
(  262) IF (PRESENT (LDPRINT)) THEN
(  263)   LLPRINT = LDPRINT
(  264) ENDIF
(  265) CLPATH=''
(  266) IF (PRESENT (CDPATH)) THEN
(  267)   CLPATH = CDPATH
(  268) ENDIF
(  269) KSIZE = 0
(  270) ISIZE = KIND (YD%NINTERVALS)
(  271) IF (LLPRINT) THEN
(  272)   WRITE (*, '(I10," ")', ADVANCE='NO') ISIZE
(  273)   WRITE (*, *) TRIM (CLPATH)//'%NINTERVALS'
(  274) ENDIF
(  275) KSIZE = KSIZE + ISIZE
(  276) ISIZE = KIND (YD%NTEMPS)
(  277) IF (LLPRINT) THEN
(  278)   WRITE (*, '(I10," ")', ADVANCE='NO') ISIZE
(  279)   WRITE (*, *) TRIM (CLPATH)//'%NTEMPS'
(  280) ENDIF
(  281) KSIZE = KSIZE + ISIZE
(  282) ISIZE = KIND (YD%TEMP1)






NVFORTRAN (Version     24.5)          03/19/2025  06:54:40      page 6

(  283) IF (LLPRINT) THEN
(  284)   WRITE (*, '(I10," ")', ADVANCE='NO') ISIZE
(  285)   WRITE (*, *) TRIM (CLPATH)//'%TEMP1'
(  286) ENDIF
(  287) KSIZE = KSIZE + ISIZE
(  288) ISIZE = KIND (YD%DTEMP)
(  289) IF (LLPRINT) THEN
(  290)   WRITE (*, '(I10," ")', ADVANCE='NO') ISIZE
(  291)   WRITE (*, *) TRIM (CLPATH)//'%DTEMP'
(  292) ENDIF
(  293) KSIZE = KSIZE + ISIZE
(  294) LPLANCK_LUT = ALLOCATED (YD%PLANCK_LUT)
(  295) IF (LPLANCK_LUT) THEN
(  296)   ISIZE = KIND (YD%PLANCK_LUT) * SIZE (YD%PLANCK_LUT)
(  297)   IF (LLPRINT) THEN
(  298)     WRITE (*, '(I10," ")', ADVANCE='NO') ISIZE
(  299)     WRITE (*, *) TRIM (CLPATH)//'%PLANCK_LUT'
(  300)   ENDIF
(  301)   KSIZE = KSIZE + ISIZE
(  302) ENDIF
(  303) LWAVLEN_BOUND = ALLOCATED (YD%WAVLEN_BOUND)
(  304) IF (LWAVLEN_BOUND) THEN
(  305)   ISIZE = KIND (YD%WAVLEN_BOUND) * SIZE (YD%WAVLEN_BOUND)
(  306)   IF (LLPRINT) THEN
(  307)     WRITE (*, '(I10," ")', ADVANCE='NO') ISIZE
(  308)     WRITE (*, *) TRIM (CLPATH)//'%WAVLEN_BOUND'
(  309)   ENDIF
(  310)   KSIZE = KSIZE + ISIZE
(  311) ENDIF
(  312) LINTERVAL_MAP = ALLOCATED (YD%INTERVAL_MAP)
(  313) IF (LINTERVAL_MAP) THEN
(  314)   ISIZE = KIND (YD%INTERVAL_MAP) * SIZE (YD%INTERVAL_MAP)
(  315)   IF (LLPRINT) THEN
(  316)     WRITE (*, '(I10," ")', ADVANCE='NO') ISIZE
(  317)     WRITE (*, *) TRIM (CLPATH)//'%INTERVAL_MAP'
(  318)   ENDIF
(  319)   KSIZE = KSIZE + ISIZE
(  320) ENDIF
(  321) END FUNCTION
(  322) 
(  323) END MODULE























NVFORTRAN (Version     24.5)          03/19/2025  06:54:40      page 7

(    1) # 1 "./util_tspectralplanck_mod.F90"
(    1) MODULE UTIL_TSPECTRALPLANCK_MOD
(    2) # 3 "./util_tspectralplanck_mod.F90"
(    3) USE YOE_SPECTRAL_PLANCK, ONLY : TSPECTRALPLANCK
(    4) # 5 "./util_tspectralplanck_mod.F90"
(    5) INTERFACE SAVE
(    6) MODULE PROCEDURE SAVE_TSPECTRALPLANCK
(    7) END INTERFACE
(    8) # 9 "./util_tspectralplanck_mod.F90"
(    9) INTERFACE LOAD
(   10) MODULE PROCEDURE LOAD_TSPECTRALPLANCK
(   11) END INTERFACE
(   12) # 13 "./util_tspectralplanck_mod.F90"
(   13) INTERFACE COPY
(   14) MODULE PROCEDURE COPY_TSPECTRALPLANCK
(   15) END INTERFACE
(   16) # 17 "./util_tspectralplanck_mod.F90"
(   17) INTERFACE HOST
(   18) MODULE PROCEDURE HOST_TSPECTRALPLANCK
(   19) END INTERFACE
(   20) # 21 "./util_tspectralplanck_mod.F90"
(   21)      
(   22) INTERFACE CRC64
(   23) MODULE PROCEDURE CRC64_TSPECTRALPLANCK
(   24) END INTERFACE
(   25) # 26 "./util_tspectralplanck_mod.F90"
(   26) INTERFACE WIPE
(   27) MODULE PROCEDURE WIPE_TSPECTRALPLANCK
(   28) END INTERFACE
(   29) # 30 "./util_tspectralplanck_mod.F90"
(   30) INTERFACE SIZE
(   31) MODULE PROCEDURE SIZE_TSPECTRALPLANCK
(   32) END INTERFACE
(   33) # 35 "./util_tspectralplanck_mod.F90"
(   35) CONTAINS
(   36) # 37 "./util_tspectralplanck_mod.F90"
(   37) SUBROUTINE SAVE_TSPECTRALPLANCK (KLUN, YD)
(   38) # 39 "./util_tspectralplanck_mod.F90"
(   39) IMPLICIT NONE
(   40) INTEGER, INTENT (IN) :: KLUN
(   41) TYPE (TSPECTRALPLANCK), INTENT (IN), TARGET :: YD
(   42) LOGICAL :: LINTERVAL_MAP, LPLANCK_LUT, LWAVLEN_BOUND
(   43) WRITE (KLUN) YD%NINTERVALS
(   44) WRITE (KLUN) YD%NTEMPS
(   45) WRITE (KLUN) YD%TEMP1
(   46) WRITE (KLUN) YD%DTEMP
(   47) LPLANCK_LUT = ALLOCATED (YD%PLANCK_LUT)
(   48) WRITE (KLUN) LPLANCK_LUT
(   49) IF (LPLANCK_LUT) THEN
(   50)   WRITE (KLUN) LBOUND (YD%PLANCK_LUT)
(   51)   WRITE (KLUN) UBOUND (YD%PLANCK_LUT)
(   52)   WRITE (KLUN) YD%PLANCK_LUT
(   53) ENDIF
(   54) LWAVLEN_BOUND = ALLOCATED (YD%WAVLEN_BOUND)
(   55) WRITE (KLUN) LWAVLEN_BOUND
(   56) IF (LWAVLEN_BOUND) THEN
(   57)   WRITE (KLUN) LBOUND (YD%WAVLEN_BOUND)
(   58)   WRITE (KLUN) UBOUND (YD%WAVLEN_BOUND)






NVFORTRAN (Version     24.5)          03/19/2025  06:54:40      page 8

(   59)   WRITE (KLUN) YD%WAVLEN_BOUND
(   60) ENDIF
(   61) LINTERVAL_MAP = ALLOCATED (YD%INTERVAL_MAP)
(   62) WRITE (KLUN) LINTERVAL_MAP
(   63) IF (LINTERVAL_MAP) THEN
(   64)   WRITE (KLUN) LBOUND (YD%INTERVAL_MAP)
(   65)   WRITE (KLUN) UBOUND (YD%INTERVAL_MAP)
(   66)   WRITE (KLUN) YD%INTERVAL_MAP
(   67) ENDIF
(   68) END SUBROUTINE
(   69) # 70 "./util_tspectralplanck_mod.F90"
(   70) SUBROUTINE LOAD_TSPECTRALPLANCK (KLUN, YD)
(   71) USE PARKIND1, ONLY : JPRD
(   72) # 73 "./util_tspectralplanck_mod.F90"
(   73) IMPLICIT NONE
(   74) INTEGER, INTENT (IN) :: KLUN
(   75) TYPE (TSPECTRALPLANCK), INTENT (OUT), TARGET :: YD
(   76) INTEGER :: IL1(1), IU1(1), IL2(2), IU2(2)
(   77) LOGICAL :: LINTERVAL_MAP, LPLANCK_LUT, LWAVLEN_BOUND
(   78) REAL(KIND=JPRD) :: ZTMP0
(   79) REAL(KIND=JPRD), ALLOCATABLE :: ZTMP1 (:)
(   80) REAL(KIND=JPRD), ALLOCATABLE :: ZTMP2 (:,:)
(   81) READ (KLUN) YD%NINTERVALS
(   82) READ (KLUN) YD%NTEMPS
(   83) READ (KLUN) ZTMP0
(   84) YD%TEMP1 = ZTMP0
(   85) READ (KLUN) ZTMP0
(   86) YD%DTEMP = ZTMP0
(   87) READ (KLUN) LPLANCK_LUT
(   88) IF (LPLANCK_LUT) THEN
(   89)   READ (KLUN) IL2
(   90)   READ (KLUN) IU2
(   91)   ALLOCATE (YD%PLANCK_LUT (IL2(1):IU2(1), IL2(2):IU2(2)))
(   92)   ALLOCATE (ZTMP2(LBOUND(YD%PLANCK_LUT,1):UBOUND(YD%PLANCK_LUT,1), LBOUND(YD%PLANCK_LUT,2):UBOUND(YD%PLANCK_LUT,2)))
(   93)   READ (KLUN) ZTMP2
(   94)   YD%PLANCK_LUT = ZTMP2
(   95)   DEALLOCATE (ZTMP2)
(   96) ENDIF
(   97) READ (KLUN) LWAVLEN_BOUND
(   98) IF (LWAVLEN_BOUND) THEN
(   99)   READ (KLUN) IL1
(  100)   READ (KLUN) IU1
(  101)   ALLOCATE (YD%WAVLEN_BOUND (IL1(1):IU1(1)))
(  102)   ALLOCATE (ZTMP1(LBOUND(YD%WAVLEN_BOUND,1):UBOUND(YD%WAVLEN_BOUND,1)))
(  103)   READ (KLUN) ZTMP1
(  104)   YD%WAVLEN_BOUND = ZTMP1
(  105)   DEALLOCATE (ZTMP1)
(  106) ENDIF
(  107) READ (KLUN) LINTERVAL_MAP
(  108) IF (LINTERVAL_MAP) THEN
(  109)   READ (KLUN) IL1
(  110)   READ (KLUN) IU1
(  111)   ALLOCATE (YD%INTERVAL_MAP (IL1(1):IU1(1)))
(  112)   READ (KLUN) YD%INTERVAL_MAP
(  113) ENDIF
(  114) END SUBROUTINE
(  115) # 117 "./util_tspectralplanck_mod.F90"
(  117) SUBROUTINE COPY_TSPECTRALPLANCK (YD, LDCREATED, LDFIELDAPI)






NVFORTRAN (Version     24.5)          03/19/2025  06:54:40      page 9

(  118) # 119 "./util_tspectralplanck_mod.F90"
(  119) IMPLICIT NONE
(  120) TYPE (TSPECTRALPLANCK), INTENT (IN), TARGET :: YD
(  121) LOGICAL, OPTIONAL, INTENT (IN) :: LDCREATED, LDFIELDAPI
(  122) LOGICAL :: LLCREATED
(  123) LOGICAL :: LLFIELDAPI
(  124) LOGICAL :: LINTERVAL_MAP, LPLANCK_LUT, LWAVLEN_BOUND
(  125) # 126 "./util_tspectralplanck_mod.F90"
(  126) LLFIELDAPI = .FALSE.
(  127) IF (PRESENT (LDFIELDAPI)) THEN
(  128)   LLFIELDAPI = LDFIELDAPI
(  129) ENDIF
(  130) LLCREATED = .FALSE.
(  131) IF (PRESENT (LDCREATED)) THEN
(  132)   LLCREATED = LDCREATED
(  133) ENDIF
(  134) IF (.NOT. LLCREATED) THEN
(  135)   !$acc enter data create (YD)
(  136)   !$acc update device (YD)
(  137) ENDIF
(  138) # 142 "./util_tspectralplanck_mod.F90"
(  142) LPLANCK_LUT = ALLOCATED (YD%PLANCK_LUT)
(  143) IF (LPLANCK_LUT) THEN
(  144)   !$acc enter data create (YD%PLANCK_LUT)
(  145)   !$acc update device (YD%PLANCK_LUT)
(  146)   !$acc enter data attach (YD%PLANCK_LUT)
(  147) ENDIF
(  148) # 149 "./util_tspectralplanck_mod.F90"
(  149) LWAVLEN_BOUND = ALLOCATED (YD%WAVLEN_BOUND)
(  150) IF (LWAVLEN_BOUND) THEN
(  151)   !$acc enter data create (YD%WAVLEN_BOUND)
(  152)   !$acc update device (YD%WAVLEN_BOUND)
(  153)   !$acc enter data attach (YD%WAVLEN_BOUND)
(  154) ENDIF
(  155) # 156 "./util_tspectralplanck_mod.F90"
(  156) LINTERVAL_MAP = ALLOCATED (YD%INTERVAL_MAP)
(  157) IF (LINTERVAL_MAP) THEN
(  158)   !$acc enter data create (YD%INTERVAL_MAP)
(  159)   !$acc update device (YD%INTERVAL_MAP)
(  160)   !$acc enter data attach (YD%INTERVAL_MAP)
(  161) ENDIF
(  162) # 163 "./util_tspectralplanck_mod.F90"
(  163) END SUBROUTINE
(  164) # 165 "./util_tspectralplanck_mod.F90"
(  165) SUBROUTINE HOST_TSPECTRALPLANCK (YD)
(  166) # 167 "./util_tspectralplanck_mod.F90"
(  167) IMPLICIT NONE
(  168) TYPE (TSPECTRALPLANCK), TARGET :: YD
(  169) LOGICAL :: LINTERVAL_MAP, LPLANCK_LUT, LWAVLEN_BOUND
(  170) # 177 "./util_tspectralplanck_mod.F90"
(  177) END SUBROUTINE
(  178) # 179 "./util_tspectralplanck_mod.F90"
(  179)      
(  180) # 181 "./util_tspectralplanck_mod.F90"
(  181) SUBROUTINE CRC64_TSPECTRALPLANCK (YD, KLUN, CDPATH)
(  182) USE CRC64_INTRINSIC
(  183) # 184 "./util_tspectralplanck_mod.F90"
(  184) IMPLICIT NONE






NVFORTRAN (Version     24.5)          03/19/2025  06:54:40      page 10

(  185) TYPE (TSPECTRALPLANCK), TARGET :: YD
(  186) INTEGER, INTENT (IN) :: KLUN
(  187) CHARACTER(LEN=*), INTENT (IN) :: CDPATH
(  188) CHARACTER(LEN=128) :: CLIND
(  189) LOGICAL :: LINTERVAL_MAP, LPLANCK_LUT, LWAVLEN_BOUND
(  190) WRITE (KLUN, '(Z16.16," ",A)') CRC64 (YD%NINTERVALS), CDPATH//'%NINTERVALS'
(  191) # 192 "./util_tspectralplanck_mod.F90"
(  192) WRITE (KLUN, '(Z16.16," ",A)') CRC64 (YD%NTEMPS), CDPATH//'%NTEMPS'
(  193) # 194 "./util_tspectralplanck_mod.F90"
(  194) WRITE (KLUN, '(Z16.16," ",A)') CRC64 (YD%TEMP1), CDPATH//'%TEMP1'
(  195) # 196 "./util_tspectralplanck_mod.F90"
(  196) WRITE (KLUN, '(Z16.16," ",A)') CRC64 (YD%DTEMP), CDPATH//'%DTEMP'
(  197) # 198 "./util_tspectralplanck_mod.F90"
(  198) WRITE (KLUN, '(Z16.16," ",A)') CRC64 (YD%PLANCK_LUT), CDPATH//'%PLANCK_LUT'
(  199) # 200 "./util_tspectralplanck_mod.F90"
(  200) WRITE (KLUN, '(Z16.16," ",A)') CRC64 (YD%WAVLEN_BOUND), CDPATH//'%WAVLEN_BOUND'
(  201) # 202 "./util_tspectralplanck_mod.F90"
(  202) WRITE (KLUN, '(Z16.16," ",A)') CRC64 (YD%INTERVAL_MAP), CDPATH//'%INTERVAL_MAP'
(  203) # 204 "./util_tspectralplanck_mod.F90"
(  204) END SUBROUTINE
(  205) # 206 "./util_tspectralplanck_mod.F90"
(  206) SUBROUTINE WIPE_TSPECTRALPLANCK (YD, LDDELETED, LDFIELDAPI)
(  207) # 208 "./util_tspectralplanck_mod.F90"
(  208) IMPLICIT NONE
(  209) TYPE (TSPECTRALPLANCK), INTENT (IN), TARGET :: YD
(  210) LOGICAL, OPTIONAL, INTENT (IN) :: LDDELETED, LDFIELDAPI
(  211) LOGICAL :: LLDELETED
(  212) LOGICAL :: LLFIELDAPI
(  213) LOGICAL :: LINTERVAL_MAP, LPLANCK_LUT, LWAVLEN_BOUND
(  214) # 215 "./util_tspectralplanck_mod.F90"
(  215) LLFIELDAPI = .FALSE.
(  216) IF (PRESENT (LDFIELDAPI)) THEN
(  217)   LLFIELDAPI = LDFIELDAPI
(  218) ENDIF
(  219) # 223 "./util_tspectralplanck_mod.F90"
(  223) LPLANCK_LUT = ALLOCATED (YD%PLANCK_LUT)
(  224) IF (LPLANCK_LUT) THEN
(  225)   !$acc exit data detach (YD%PLANCK_LUT)
(  226)   !$acc exit data delete (YD%PLANCK_LUT)
(  227) ENDIF
(  228) # 229 "./util_tspectralplanck_mod.F90"
(  229) LWAVLEN_BOUND = ALLOCATED (YD%WAVLEN_BOUND)
(  230) IF (LWAVLEN_BOUND) THEN
(  231)   !$acc exit data detach (YD%WAVLEN_BOUND)
(  232)   !$acc exit data delete (YD%WAVLEN_BOUND)
(  233) ENDIF
(  234) # 235 "./util_tspectralplanck_mod.F90"
(  235) LINTERVAL_MAP = ALLOCATED (YD%INTERVAL_MAP)
(  236) IF (LINTERVAL_MAP) THEN
(  237)   !$acc exit data detach (YD%INTERVAL_MAP)
(  238)   !$acc exit data delete (YD%INTERVAL_MAP)
(  239) ENDIF
(  240) # 241 "./util_tspectralplanck_mod.F90"
(  241) LLDELETED = .FALSE.
(  242) IF (PRESENT (LDDELETED)) THEN
(  243)   LLDELETED = LDDELETED
(  244) ENDIF
(  245) IF (.NOT. LLDELETED) THEN






NVFORTRAN (Version     24.5)          03/19/2025  06:54:40      page 11

(  246)   !$acc exit data delete (YD)
(  247) ENDIF
(  248) END SUBROUTINE
(  249) # 250 "./util_tspectralplanck_mod.F90"
(  250) INTEGER*8 FUNCTION SIZE_TSPECTRALPLANCK (YD, CDPATH, LDPRINT) RESULT (KSIZE)
(  251) # 252 "./util_tspectralplanck_mod.F90"
(  252) IMPLICIT NONE
(  253) TYPE (TSPECTRALPLANCK),     INTENT (IN), TARGET :: YD
(  254) CHARACTER(LEN=*), INTENT (IN), OPTIONAL :: CDPATH
(  255) LOGICAL,          INTENT (IN), OPTIONAL :: LDPRINT
(  256) INTEGER*8 :: ISIZE, JSIZE
(  257) LOGICAL :: LLPRINT
(  258) CHARACTER(LEN=128) :: CLPATH
(  259) LOGICAL :: LINTERVAL_MAP, LPLANCK_LUT, LWAVLEN_BOUND
(  260) # 261 "./util_tspectralplanck_mod.F90"
(  261) LLPRINT = .FALSE.
(  262) IF (PRESENT (LDPRINT)) THEN
(  263)   LLPRINT = LDPRINT
(  264) ENDIF
(  265) CLPATH=''
(  266) IF (PRESENT (CDPATH)) THEN
(  267)   CLPATH = CDPATH
(  268) ENDIF
(  269) KSIZE = 0
(  270) ISIZE = KIND (YD%NINTERVALS)
(  271) IF (LLPRINT) THEN
(  272)   WRITE (*, '(I10," ")', ADVANCE='NO') ISIZE
(  273)   WRITE (*, *) TRIM (CLPATH)//'%NINTERVALS'
(  274) ENDIF
(  275) KSIZE = KSIZE + ISIZE
(  276) ISIZE = KIND (YD%NTEMPS)
(  277) IF (LLPRINT) THEN
(  278)   WRITE (*, '(I10," ")', ADVANCE='NO') ISIZE
(  279)   WRITE (*, *) TRIM (CLPATH)//'%NTEMPS'
(  280) ENDIF
(  281) KSIZE = KSIZE + ISIZE
(  282) ISIZE = KIND (YD%TEMP1)
(  283) IF (LLPRINT) THEN
(  284)   WRITE (*, '(I10," ")', ADVANCE='NO') ISIZE
(  285)   WRITE (*, *) TRIM (CLPATH)//'%TEMP1'
(  286) ENDIF
(  287) KSIZE = KSIZE + ISIZE
(  288) ISIZE = KIND (YD%DTEMP)
(  289) IF (LLPRINT) THEN
(  290)   WRITE (*, '(I10," ")', ADVANCE='NO') ISIZE
(  291)   WRITE (*, *) TRIM (CLPATH)//'%DTEMP'
(  292) ENDIF
(  293) KSIZE = KSIZE + ISIZE
(  294) LPLANCK_LUT = ALLOCATED (YD%PLANCK_LUT)
(  295) IF (LPLANCK_LUT) THEN
(  296)   ISIZE = KIND (YD%PLANCK_LUT) * SIZE (YD%PLANCK_LUT)
(  297)   IF (LLPRINT) THEN
(  298)     WRITE (*, '(I10," ")', ADVANCE='NO') ISIZE
(  299)     WRITE (*, *) TRIM (CLPATH)//'%PLANCK_LUT'
(  300)   ENDIF
(  301)   KSIZE = KSIZE + ISIZE
(  302) ENDIF
(  303) LWAVLEN_BOUND = ALLOCATED (YD%WAVLEN_BOUND)






NVFORTRAN (Version     24.5)          03/19/2025  06:54:40      page 12

(  304) IF (LWAVLEN_BOUND) THEN
(  305)   ISIZE = KIND (YD%WAVLEN_BOUND) * SIZE (YD%WAVLEN_BOUND)
(  306)   IF (LLPRINT) THEN
(  307)     WRITE (*, '(I10," ")', ADVANCE='NO') ISIZE
(  308)     WRITE (*, *) TRIM (CLPATH)//'%WAVLEN_BOUND'
(  309)   ENDIF
(  310)   KSIZE = KSIZE + ISIZE
(  311) ENDIF
(  312) LINTERVAL_MAP = ALLOCATED (YD%INTERVAL_MAP)
(  313) IF (LINTERVAL_MAP) THEN
(  314)   ISIZE = KIND (YD%INTERVAL_MAP) * SIZE (YD%INTERVAL_MAP)
(  315)   IF (LLPRINT) THEN
(  316)     WRITE (*, '(I10," ")', ADVANCE='NO') ISIZE
(  317)     WRITE (*, *) TRIM (CLPATH)//'%INTERVAL_MAP'
(  318)   ENDIF
(  319)   KSIZE = KSIZE + ISIZE
(  320) ENDIF
(  321) END FUNCTION
(  322) # 323 "./util_tspectralplanck_mod.F90"
(  323) END MODULE
