


NVFORTRAN (Version     24.5)          03/19/2025  06:54:49      page 1

Switches: -noasm -nodclchk -debug -nodlines -line -list
          -idir /opt/softs/gcc/9.2.0/hpc_sdk/Linux_x86_64/24.5/comm_libs/12.4/hpcx/hpcx-2.19/ompi/include
          -idir /opt/softs/gcc/9.2.0/hpc_sdk/Linux_x86_64/24.5/comm_libs/12.4/hpcx/hpcx-2.19/ompi/lib
          -inform severe -opt 1 -nosave -object -noonetrip
          -depchk on -nostandard     
          -symbol -noupcase    

Filename: ./util_spp_pert_pointer_mod.F90

(    1) MODULE UTIL_SPP_PERT_POINTER_MOD
(    2) 
(    3) USE spp_def_mod, ONLY : SPP_PERT_POINTER
(    4) 
(    5) INTERFACE SAVE
(    6) MODULE PROCEDURE SAVE_SPP_PERT_POINTER
(    7) END INTERFACE
(    8) 
(    9) INTERFACE LOAD
(   10) MODULE PROCEDURE LOAD_SPP_PERT_POINTER
(   11) END INTERFACE
(   12) 
(   13) INTERFACE COPY
(   14) MODULE PROCEDURE COPY_SPP_PERT_POINTER
(   15) END INTERFACE
(   16) 
(   17) INTERFACE HOST
(   18) MODULE PROCEDURE HOST_SPP_PERT_POINTER
(   19) END INTERFACE
(   20) 
(   21)      
(   22) INTERFACE CRC64
(   23) MODULE PROCEDURE CRC64_SPP_PERT_POINTER
(   24) END INTERFACE
(   25) 
(   26) INTERFACE WIPE
(   27) MODULE PROCEDURE WIPE_SPP_PERT_POINTER
(   28) END INTERFACE
(   29) 
(   30) INTERFACE SIZE
(   31) MODULE PROCEDURE SIZE_SPP_PERT_POINTER
(   32) END INTERFACE
(   33) 
(   34) 
(   35) CONTAINS
(   36) 
(   37) SUBROUTINE SAVE_SPP_PERT_POINTER (KLUN, YD)
(   38) 
(   39) IMPLICIT NONE
(   40) INTEGER, INTENT (IN) :: KLUN
(   41) TYPE (SPP_PERT_POINTER), INTENT (IN), TARGET :: YD
(   42) 
(   43) WRITE (KLUN) YD%CFM
(   44) WRITE (KLUN) YD%CFM1
(   45) WRITE (KLUN) YD%CFM2
(   46) WRITE (KLUN) YD%CFM3
(   47) WRITE (KLUN) YD%RKAP
(   48) WRITE (KLUN) YD%RKAP1
(   49) WRITE (KLUN) YD%RKAP2
(   50) WRITE (KLUN) YD%RKAP3






NVFORTRAN (Version     24.5)          03/19/2025  06:54:49      page 2

(   51) WRITE (KLUN) YD%TOFDC
(   52) WRITE (KLUN) YD%HSDT
(   53) WRITE (KLUN) YD%VDEXC
(   54) WRITE (KLUN) YD%ENTRORG
(   55) WRITE (KLUN) YD%ENTSHALP
(   56) WRITE (KLUN) YD%ENTSTPC1
(   57) WRITE (KLUN) YD%DETRPEN
(   58) WRITE (KLUN) YD%RPRCON
(   59) WRITE (KLUN) YD%RTAU
(   60) WRITE (KLUN) YD%CUDUDV
(   61) WRITE (KLUN) YD%CUDUDVS
(   62) WRITE (KLUN) YD%RAMID
(   63) WRITE (KLUN) YD%RCLDIFF
(   64) WRITE (KLUN) YD%RCLCRIT
(   65) WRITE (KLUN) YD%RLCRITSNOW
(   66) WRITE (KLUN) YD%RAINEVAP
(   67) WRITE (KLUN) YD%SNOWSUBLIM
(   68) WRITE (KLUN) YD%CLOUDINHOM
(   69) WRITE (KLUN) YD%QSATVERVEL
(   70) WRITE (KLUN) YD%ZDECORR
(   71) WRITE (KLUN) YD%ZSIGQCW
(   72) WRITE (KLUN) YD%ZRADEFFL
(   73) WRITE (KLUN) YD%ZRADEFFI
(   74) WRITE (KLUN) YD%PHR
(   75) WRITE (KLUN) YD%ZHS_VDAERO
(   76) WRITE (KLUN) YD%DELTA_AERO
(   77) WRITE (KLUN) YD%PSIGQSAT
(   78) WRITE (KLUN) YD%CLDDPTH
(   79) WRITE (KLUN) YD%CLDDPTHDP
(   80) WRITE (KLUN) YD%ICE_CLD_WGT
(   81) WRITE (KLUN) YD%ICENU
(   82) WRITE (KLUN) YD%KGN_ACON
(   83) WRITE (KLUN) YD%KGN_SBGR
(   84) WRITE (KLUN) YD%RADGR
(   85) WRITE (KLUN) YD%RADSN
(   86) WRITE (KLUN) YD%RFAC_TWOC
(   87) WRITE (KLUN) YD%RZC_H
(   88) WRITE (KLUN) YD%RZL_INF
(   89) WRITE (KLUN) YD%RSWINHF
(   90) WRITE (KLUN) YD%RLWINHF
(   91) WRITE (KLUN) YD%ALPHA
(   92) WRITE (KLUN) YD%RZNUC
(   93) WRITE (KLUN) YD%RZMFDRY
(   94) WRITE (KLUN) YD%RZMBCLOSURE
(   95) WRITE (KLUN) YD%SLWIND
(   96) END SUBROUTINE
(   97) 
(   98) SUBROUTINE LOAD_SPP_PERT_POINTER (KLUN, YD)
(   99) 
(  100) IMPLICIT NONE
(  101) INTEGER, INTENT (IN) :: KLUN
(  102) TYPE (SPP_PERT_POINTER), INTENT (OUT), TARGET :: YD
(  103) 
(  104) READ (KLUN) YD%CFM
(  105) READ (KLUN) YD%CFM1
(  106) READ (KLUN) YD%CFM2
(  107) READ (KLUN) YD%CFM3
(  108) READ (KLUN) YD%RKAP






NVFORTRAN (Version     24.5)          03/19/2025  06:54:49      page 3

(  109) READ (KLUN) YD%RKAP1
(  110) READ (KLUN) YD%RKAP2
(  111) READ (KLUN) YD%RKAP3
(  112) READ (KLUN) YD%TOFDC
(  113) READ (KLUN) YD%HSDT
(  114) READ (KLUN) YD%VDEXC
(  115) READ (KLUN) YD%ENTRORG
(  116) READ (KLUN) YD%ENTSHALP
(  117) READ (KLUN) YD%ENTSTPC1
(  118) READ (KLUN) YD%DETRPEN
(  119) READ (KLUN) YD%RPRCON
(  120) READ (KLUN) YD%RTAU
(  121) READ (KLUN) YD%CUDUDV
(  122) READ (KLUN) YD%CUDUDVS
(  123) READ (KLUN) YD%RAMID
(  124) READ (KLUN) YD%RCLDIFF
(  125) READ (KLUN) YD%RCLCRIT
(  126) READ (KLUN) YD%RLCRITSNOW
(  127) READ (KLUN) YD%RAINEVAP
(  128) READ (KLUN) YD%SNOWSUBLIM
(  129) READ (KLUN) YD%CLOUDINHOM
(  130) READ (KLUN) YD%QSATVERVEL
(  131) READ (KLUN) YD%ZDECORR
(  132) READ (KLUN) YD%ZSIGQCW
(  133) READ (KLUN) YD%ZRADEFFL
(  134) READ (KLUN) YD%ZRADEFFI
(  135) READ (KLUN) YD%PHR
(  136) READ (KLUN) YD%ZHS_VDAERO
(  137) READ (KLUN) YD%DELTA_AERO
(  138) READ (KLUN) YD%PSIGQSAT
(  139) READ (KLUN) YD%CLDDPTH
(  140) READ (KLUN) YD%CLDDPTHDP
(  141) READ (KLUN) YD%ICE_CLD_WGT
(  142) READ (KLUN) YD%ICENU
(  143) READ (KLUN) YD%KGN_ACON
(  144) READ (KLUN) YD%KGN_SBGR
(  145) READ (KLUN) YD%RADGR
(  146) READ (KLUN) YD%RADSN
(  147) READ (KLUN) YD%RFAC_TWOC
(  148) READ (KLUN) YD%RZC_H
(  149) READ (KLUN) YD%RZL_INF
(  150) READ (KLUN) YD%RSWINHF
(  151) READ (KLUN) YD%RLWINHF
(  152) READ (KLUN) YD%ALPHA
(  153) READ (KLUN) YD%RZNUC
(  154) READ (KLUN) YD%RZMFDRY
(  155) READ (KLUN) YD%RZMBCLOSURE
(  156) READ (KLUN) YD%SLWIND
(  157) END SUBROUTINE
(  158) 
(  159) 
(  160) SUBROUTINE COPY_SPP_PERT_POINTER (YD, LDCREATED, LDFIELDAPI)
(  161) 
(  162) IMPLICIT NONE
(  163) TYPE (SPP_PERT_POINTER), INTENT (IN), TARGET :: YD
(  164) LOGICAL, OPTIONAL, INTENT (IN) :: LDCREATED, LDFIELDAPI
(  165) LOGICAL :: LLCREATED
(  166) LOGICAL :: LLFIELDAPI






NVFORTRAN (Version     24.5)          03/19/2025  06:54:49      page 4

(  167) 
(  168) LLFIELDAPI = .FALSE.
(  169) IF (PRESENT (LDFIELDAPI)) THEN
(  170)   LLFIELDAPI = LDFIELDAPI
(  171) ENDIF
(  172) LLCREATED = .FALSE.
(  173) IF (PRESENT (LDCREATED)) THEN
(  174)   LLCREATED = LDCREATED
(  175) ENDIF
(  176) IF (.NOT. LLCREATED) THEN
(  177)   !$acc enter data create (YD)
(  178)   !$acc update device (YD)
(  179) ENDIF
(  180) 
(  181) 
(  182) 
(  183) 
(  184) 
(  185) 
(  186) 
(  187) 
(  188) 
(  189) 
(  190) 
(  191) 
(  192) 
(  193) 
(  194) 
(  195) 
(  196) 
(  197) 
(  198) 
(  199) 
(  200) 
(  201) 
(  202) 
(  203) 
(  204) 
(  205) 
(  206) 
(  207) 
(  208) 
(  209) 
(  210) 
(  211) 
(  212) 
(  213) 
(  214) 
(  215) 
(  216) 
(  217) 
(  218) 
(  219) 
(  220) 
(  221) 
(  222) 
(  223) 
(  224) 






NVFORTRAN (Version     24.5)          03/19/2025  06:54:49      page 5

(  225) 
(  226) 
(  227) 
(  228) 
(  229) 
(  230) 
(  231) 
(  232) 
(  233) END SUBROUTINE
(  234) 
(  235) SUBROUTINE HOST_SPP_PERT_POINTER (YD)
(  236) 
(  237) IMPLICIT NONE
(  238) TYPE (SPP_PERT_POINTER), TARGET :: YD
(  239) 
(  240) 
(  241) 
(  242) 
(  243) 
(  244) 
(  245) 
(  246) 
(  247) 
(  248) 
(  249) 
(  250) 
(  251) 
(  252) 
(  253) 
(  254) 
(  255) 
(  256) 
(  257) 
(  258) 
(  259) 
(  260) 
(  261) 
(  262) 
(  263) 
(  264) 
(  265) 
(  266) 
(  267) 
(  268) 
(  269) 
(  270) 
(  271) 
(  272) 
(  273) 
(  274) 
(  275) 
(  276) 
(  277) 
(  278) 
(  279) 
(  280) 
(  281) 
(  282) 






NVFORTRAN (Version     24.5)          03/19/2025  06:54:49      page 6

(  283) 
(  284) 
(  285) 
(  286) 
(  287) 
(  288) 
(  289) 
(  290) 
(  291) 
(  292) 
(  293) END SUBROUTINE
(  294) 
(  295)      
(  296) 
(  297) SUBROUTINE CRC64_SPP_PERT_POINTER (YD, KLUN, CDPATH)
(  298) USE CRC64_INTRINSIC
(  299) 
(  300) IMPLICIT NONE
(  301) TYPE (SPP_PERT_POINTER), TARGET :: YD
(  302) INTEGER, INTENT (IN) :: KLUN
(  303) CHARACTER(LEN=*), INTENT (IN) :: CDPATH
(  304) CHARACTER(LEN=128) :: CLIND
(  305) 
(  306) WRITE (KLUN, '(Z16.16," ",A)') CRC64 (YD%CFM), CDPATH//'%CFM'
(  307) 
(  308) WRITE (KLUN, '(Z16.16," ",A)') CRC64 (YD%CFM1), CDPATH//'%CFM1'
(  309) 
(  310) WRITE (KLUN, '(Z16.16," ",A)') CRC64 (YD%CFM2), CDPATH//'%CFM2'
(  311) 
(  312) WRITE (KLUN, '(Z16.16," ",A)') CRC64 (YD%CFM3), CDPATH//'%CFM3'
(  313) 
(  314) WRITE (KLUN, '(Z16.16," ",A)') CRC64 (YD%RKAP), CDPATH//'%RKAP'
(  315) 
(  316) WRITE (KLUN, '(Z16.16," ",A)') CRC64 (YD%RKAP1), CDPATH//'%RKAP1'
(  317) 
(  318) WRITE (KLUN, '(Z16.16," ",A)') CRC64 (YD%RKAP2), CDPATH//'%RKAP2'
(  319) 
(  320) WRITE (KLUN, '(Z16.16," ",A)') CRC64 (YD%RKAP3), CDPATH//'%RKAP3'
(  321) 
(  322) WRITE (KLUN, '(Z16.16," ",A)') CRC64 (YD%TOFDC), CDPATH//'%TOFDC'
(  323) 
(  324) WRITE (KLUN, '(Z16.16," ",A)') CRC64 (YD%HSDT), CDPATH//'%HSDT'
(  325) 
(  326) WRITE (KLUN, '(Z16.16," ",A)') CRC64 (YD%VDEXC), CDPATH//'%VDEXC'
(  327) 
(  328) WRITE (KLUN, '(Z16.16," ",A)') CRC64 (YD%ENTRORG), CDPATH//'%ENTRORG'
(  329) 
(  330) WRITE (KLUN, '(Z16.16," ",A)') CRC64 (YD%ENTSHALP), CDPATH//'%ENTSHALP'
(  331) 
(  332) WRITE (KLUN, '(Z16.16," ",A)') CRC64 (YD%ENTSTPC1), CDPATH//'%ENTSTPC1'
(  333) 
(  334) WRITE (KLUN, '(Z16.16," ",A)') CRC64 (YD%DETRPEN), CDPATH//'%DETRPEN'
(  335) 
(  336) WRITE (KLUN, '(Z16.16," ",A)') CRC64 (YD%RPRCON), CDPATH//'%RPRCON'
(  337) 
(  338) WRITE (KLUN, '(Z16.16," ",A)') CRC64 (YD%RTAU), CDPATH//'%RTAU'
(  339) 
(  340) WRITE (KLUN, '(Z16.16," ",A)') CRC64 (YD%CUDUDV), CDPATH//'%CUDUDV'






NVFORTRAN (Version     24.5)          03/19/2025  06:54:49      page 7

(  341) 
(  342) WRITE (KLUN, '(Z16.16," ",A)') CRC64 (YD%CUDUDVS), CDPATH//'%CUDUDVS'
(  343) 
(  344) WRITE (KLUN, '(Z16.16," ",A)') CRC64 (YD%RAMID), CDPATH//'%RAMID'
(  345) 
(  346) WRITE (KLUN, '(Z16.16," ",A)') CRC64 (YD%RCLDIFF), CDPATH//'%RCLDIFF'
(  347) 
(  348) WRITE (KLUN, '(Z16.16," ",A)') CRC64 (YD%RCLCRIT), CDPATH//'%RCLCRIT'
(  349) 
(  350) WRITE (KLUN, '(Z16.16," ",A)') CRC64 (YD%RLCRITSNOW), CDPATH//'%RLCRITSNOW'
(  351) 
(  352) WRITE (KLUN, '(Z16.16," ",A)') CRC64 (YD%RAINEVAP), CDPATH//'%RAINEVAP'
(  353) 
(  354) WRITE (KLUN, '(Z16.16," ",A)') CRC64 (YD%SNOWSUBLIM), CDPATH//'%SNOWSUBLIM'
(  355) 
(  356) WRITE (KLUN, '(Z16.16," ",A)') CRC64 (YD%CLOUDINHOM), CDPATH//'%CLOUDINHOM'
(  357) 
(  358) WRITE (KLUN, '(Z16.16," ",A)') CRC64 (YD%QSATVERVEL), CDPATH//'%QSATVERVEL'
(  359) 
(  360) WRITE (KLUN, '(Z16.16," ",A)') CRC64 (YD%ZDECORR), CDPATH//'%ZDECORR'
(  361) 
(  362) WRITE (KLUN, '(Z16.16," ",A)') CRC64 (YD%ZSIGQCW), CDPATH//'%ZSIGQCW'
(  363) 
(  364) WRITE (KLUN, '(Z16.16," ",A)') CRC64 (YD%ZRADEFFL), CDPATH//'%ZRADEFFL'
(  365) 
(  366) WRITE (KLUN, '(Z16.16," ",A)') CRC64 (YD%ZRADEFFI), CDPATH//'%ZRADEFFI'
(  367) 
(  368) WRITE (KLUN, '(Z16.16," ",A)') CRC64 (YD%PHR), CDPATH//'%PHR'
(  369) 
(  370) WRITE (KLUN, '(Z16.16," ",A)') CRC64 (YD%ZHS_VDAERO), CDPATH//'%ZHS_VDAERO'
(  371) 
(  372) WRITE (KLUN, '(Z16.16," ",A)') CRC64 (YD%DELTA_AERO), CDPATH//'%DELTA_AERO'
(  373) 
(  374) WRITE (KLUN, '(Z16.16," ",A)') CRC64 (YD%PSIGQSAT), CDPATH//'%PSIGQSAT'
(  375) 
(  376) WRITE (KLUN, '(Z16.16," ",A)') CRC64 (YD%CLDDPTH), CDPATH//'%CLDDPTH'
(  377) 
(  378) WRITE (KLUN, '(Z16.16," ",A)') CRC64 (YD%CLDDPTHDP), CDPATH//'%CLDDPTHDP'
(  379) 
(  380) WRITE (KLUN, '(Z16.16," ",A)') CRC64 (YD%ICE_CLD_WGT), CDPATH//'%ICE_CLD_WGT'
(  381) 
(  382) WRITE (KLUN, '(Z16.16," ",A)') CRC64 (YD%ICENU), CDPATH//'%ICENU'
(  383) 
(  384) WRITE (KLUN, '(Z16.16," ",A)') CRC64 (YD%KGN_ACON), CDPATH//'%KGN_ACON'
(  385) 
(  386) WRITE (KLUN, '(Z16.16," ",A)') CRC64 (YD%KGN_SBGR), CDPATH//'%KGN_SBGR'
(  387) 
(  388) WRITE (KLUN, '(Z16.16," ",A)') CRC64 (YD%RADGR), CDPATH//'%RADGR'
(  389) 
(  390) WRITE (KLUN, '(Z16.16," ",A)') CRC64 (YD%RADSN), CDPATH//'%RADSN'
(  391) 
(  392) WRITE (KLUN, '(Z16.16," ",A)') CRC64 (YD%RFAC_TWOC), CDPATH//'%RFAC_TWOC'
(  393) 
(  394) WRITE (KLUN, '(Z16.16," ",A)') CRC64 (YD%RZC_H), CDPATH//'%RZC_H'
(  395) 
(  396) WRITE (KLUN, '(Z16.16," ",A)') CRC64 (YD%RZL_INF), CDPATH//'%RZL_INF'
(  397) 
(  398) WRITE (KLUN, '(Z16.16," ",A)') CRC64 (YD%RSWINHF), CDPATH//'%RSWINHF'






NVFORTRAN (Version     24.5)          03/19/2025  06:54:49      page 8

(  399) 
(  400) WRITE (KLUN, '(Z16.16," ",A)') CRC64 (YD%RLWINHF), CDPATH//'%RLWINHF'
(  401) 
(  402) WRITE (KLUN, '(Z16.16," ",A)') CRC64 (YD%ALPHA), CDPATH//'%ALPHA'
(  403) 
(  404) WRITE (KLUN, '(Z16.16," ",A)') CRC64 (YD%RZNUC), CDPATH//'%RZNUC'
(  405) 
(  406) WRITE (KLUN, '(Z16.16," ",A)') CRC64 (YD%RZMFDRY), CDPATH//'%RZMFDRY'
(  407) 
(  408) WRITE (KLUN, '(Z16.16," ",A)') CRC64 (YD%RZMBCLOSURE), CDPATH//'%RZMBCLOSURE'
(  409) 
(  410) WRITE (KLUN, '(Z16.16," ",A)') CRC64 (YD%SLWIND), CDPATH//'%SLWIND'
(  411) 
(  412) END SUBROUTINE
(  413) 
(  414) SUBROUTINE WIPE_SPP_PERT_POINTER (YD, LDDELETED, LDFIELDAPI)
(  415) 
(  416) IMPLICIT NONE
(  417) TYPE (SPP_PERT_POINTER), INTENT (IN), TARGET :: YD
(  418) LOGICAL, OPTIONAL, INTENT (IN) :: LDDELETED, LDFIELDAPI
(  419) LOGICAL :: LLDELETED
(  420) LOGICAL :: LLFIELDAPI
(  421) 
(  422) LLFIELDAPI = .FALSE.
(  423) IF (PRESENT (LDFIELDAPI)) THEN
(  424)   LLFIELDAPI = LDFIELDAPI
(  425) ENDIF
(  426) 
(  427) 
(  428) 
(  429) 
(  430) 
(  431) 
(  432) 
(  433) 
(  434) 
(  435) 
(  436) 
(  437) 
(  438) 
(  439) 
(  440) 
(  441) 
(  442) 
(  443) 
(  444) 
(  445) 
(  446) 
(  447) 
(  448) 
(  449) 
(  450) 
(  451) 
(  452) 
(  453) 
(  454) 
(  455) 
(  456) 






NVFORTRAN (Version     24.5)          03/19/2025  06:54:49      page 9

(  457) 
(  458) 
(  459) 
(  460) 
(  461) 
(  462) 
(  463) 
(  464) 
(  465) 
(  466) 
(  467) 
(  468) 
(  469) 
(  470) 
(  471) 
(  472) 
(  473) 
(  474) 
(  475) 
(  476) 
(  477) 
(  478) 
(  479) LLDELETED = .FALSE.
(  480) IF (PRESENT (LDDELETED)) THEN
(  481)   LLDELETED = LDDELETED
(  482) ENDIF
(  483) IF (.NOT. LLDELETED) THEN
(  484)   !$acc exit data delete (YD)
(  485) ENDIF
(  486) END SUBROUTINE
(  487) 
(  488) INTEGER*8 FUNCTION SIZE_SPP_PERT_POINTER (YD, CDPATH, LDPRINT) RESULT (KSIZE)
(  489) 
(  490) IMPLICIT NONE
(  491) TYPE (SPP_PERT_POINTER),     INTENT (IN), TARGET :: YD
(  492) CHARACTER(LEN=*), INTENT (IN), OPTIONAL :: CDPATH
(  493) LOGICAL,          INTENT (IN), OPTIONAL :: LDPRINT
(  494) INTEGER*8 :: ISIZE, JSIZE
(  495) LOGICAL :: LLPRINT
(  496) CHARACTER(LEN=128) :: CLPATH
(  497) 
(  498) LLPRINT = .FALSE.
(  499) IF (PRESENT (LDPRINT)) THEN
(  500)   LLPRINT = LDPRINT
(  501) ENDIF
(  502) CLPATH=''
(  503) IF (PRESENT (CDPATH)) THEN
(  504)   CLPATH = CDPATH
(  505) ENDIF
(  506) KSIZE = 0
(  507) ISIZE = KIND (YD%CFM)
(  508) IF (LLPRINT) THEN
(  509)   WRITE (*, '(I10," ")', ADVANCE='NO') ISIZE
(  510)   WRITE (*, *) TRIM (CLPATH)//'%CFM'
(  511) ENDIF
(  512) KSIZE = KSIZE + ISIZE
(  513) ISIZE = KIND (YD%CFM1)
(  514) IF (LLPRINT) THEN






NVFORTRAN (Version     24.5)          03/19/2025  06:54:49      page 10

(  515)   WRITE (*, '(I10," ")', ADVANCE='NO') ISIZE
(  516)   WRITE (*, *) TRIM (CLPATH)//'%CFM1'
(  517) ENDIF
(  518) KSIZE = KSIZE + ISIZE
(  519) ISIZE = KIND (YD%CFM2)
(  520) IF (LLPRINT) THEN
(  521)   WRITE (*, '(I10," ")', ADVANCE='NO') ISIZE
(  522)   WRITE (*, *) TRIM (CLPATH)//'%CFM2'
(  523) ENDIF
(  524) KSIZE = KSIZE + ISIZE
(  525) ISIZE = KIND (YD%CFM3)
(  526) IF (LLPRINT) THEN
(  527)   WRITE (*, '(I10," ")', ADVANCE='NO') ISIZE
(  528)   WRITE (*, *) TRIM (CLPATH)//'%CFM3'
(  529) ENDIF
(  530) KSIZE = KSIZE + ISIZE
(  531) ISIZE = KIND (YD%RKAP)
(  532) IF (LLPRINT) THEN
(  533)   WRITE (*, '(I10," ")', ADVANCE='NO') ISIZE
(  534)   WRITE (*, *) TRIM (CLPATH)//'%RKAP'
(  535) ENDIF
(  536) KSIZE = KSIZE + ISIZE
(  537) ISIZE = KIND (YD%RKAP1)
(  538) IF (LLPRINT) THEN
(  539)   WRITE (*, '(I10," ")', ADVANCE='NO') ISIZE
(  540)   WRITE (*, *) TRIM (CLPATH)//'%RKAP1'
(  541) ENDIF
(  542) KSIZE = KSIZE + ISIZE
(  543) ISIZE = KIND (YD%RKAP2)
(  544) IF (LLPRINT) THEN
(  545)   WRITE (*, '(I10," ")', ADVANCE='NO') ISIZE
(  546)   WRITE (*, *) TRIM (CLPATH)//'%RKAP2'
(  547) ENDIF
(  548) KSIZE = KSIZE + ISIZE
(  549) ISIZE = KIND (YD%RKAP3)
(  550) IF (LLPRINT) THEN
(  551)   WRITE (*, '(I10," ")', ADVANCE='NO') ISIZE
(  552)   WRITE (*, *) TRIM (CLPATH)//'%RKAP3'
(  553) ENDIF
(  554) KSIZE = KSIZE + ISIZE
(  555) ISIZE = KIND (YD%TOFDC)
(  556) IF (LLPRINT) THEN
(  557)   WRITE (*, '(I10," ")', ADVANCE='NO') ISIZE
(  558)   WRITE (*, *) TRIM (CLPATH)//'%TOFDC'
(  559) ENDIF
(  560) KSIZE = KSIZE + ISIZE
(  561) ISIZE = KIND (YD%HSDT)
(  562) IF (LLPRINT) THEN
(  563)   WRITE (*, '(I10," ")', ADVANCE='NO') ISIZE
(  564)   WRITE (*, *) TRIM (CLPATH)//'%HSDT'
(  565) ENDIF
(  566) KSIZE = KSIZE + ISIZE
(  567) ISIZE = KIND (YD%VDEXC)
(  568) IF (LLPRINT) THEN
(  569)   WRITE (*, '(I10," ")', ADVANCE='NO') ISIZE
(  570)   WRITE (*, *) TRIM (CLPATH)//'%VDEXC'
(  571) ENDIF
(  572) KSIZE = KSIZE + ISIZE






NVFORTRAN (Version     24.5)          03/19/2025  06:54:49      page 11

(  573) ISIZE = KIND (YD%ENTRORG)
(  574) IF (LLPRINT) THEN
(  575)   WRITE (*, '(I10," ")', ADVANCE='NO') ISIZE
(  576)   WRITE (*, *) TRIM (CLPATH)//'%ENTRORG'
(  577) ENDIF
(  578) KSIZE = KSIZE + ISIZE
(  579) ISIZE = KIND (YD%ENTSHALP)
(  580) IF (LLPRINT) THEN
(  581)   WRITE (*, '(I10," ")', ADVANCE='NO') ISIZE
(  582)   WRITE (*, *) TRIM (CLPATH)//'%ENTSHALP'
(  583) ENDIF
(  584) KSIZE = KSIZE + ISIZE
(  585) ISIZE = KIND (YD%ENTSTPC1)
(  586) IF (LLPRINT) THEN
(  587)   WRITE (*, '(I10," ")', ADVANCE='NO') ISIZE
(  588)   WRITE (*, *) TRIM (CLPATH)//'%ENTSTPC1'
(  589) ENDIF
(  590) KSIZE = KSIZE + ISIZE
(  591) ISIZE = KIND (YD%DETRPEN)
(  592) IF (LLPRINT) THEN
(  593)   WRITE (*, '(I10," ")', ADVANCE='NO') ISIZE
(  594)   WRITE (*, *) TRIM (CLPATH)//'%DETRPEN'
(  595) ENDIF
(  596) KSIZE = KSIZE + ISIZE
(  597) ISIZE = KIND (YD%RPRCON)
(  598) IF (LLPRINT) THEN
(  599)   WRITE (*, '(I10," ")', ADVANCE='NO') ISIZE
(  600)   WRITE (*, *) TRIM (CLPATH)//'%RPRCON'
(  601) ENDIF
(  602) KSIZE = KSIZE + ISIZE
(  603) ISIZE = KIND (YD%RTAU)
(  604) IF (LLPRINT) THEN
(  605)   WRITE (*, '(I10," ")', ADVANCE='NO') ISIZE
(  606)   WRITE (*, *) TRIM (CLPATH)//'%RTAU'
(  607) ENDIF
(  608) KSIZE = KSIZE + ISIZE
(  609) ISIZE = KIND (YD%CUDUDV)
(  610) IF (LLPRINT) THEN
(  611)   WRITE (*, '(I10," ")', ADVANCE='NO') ISIZE
(  612)   WRITE (*, *) TRIM (CLPATH)//'%CUDUDV'
(  613) ENDIF
(  614) KSIZE = KSIZE + ISIZE
(  615) ISIZE = KIND (YD%CUDUDVS)
(  616) IF (LLPRINT) THEN
(  617)   WRITE (*, '(I10," ")', ADVANCE='NO') ISIZE
(  618)   WRITE (*, *) TRIM (CLPATH)//'%CUDUDVS'
(  619) ENDIF
(  620) KSIZE = KSIZE + ISIZE
(  621) ISIZE = KIND (YD%RAMID)
(  622) IF (LLPRINT) THEN
(  623)   WRITE (*, '(I10," ")', ADVANCE='NO') ISIZE
(  624)   WRITE (*, *) TRIM (CLPATH)//'%RAMID'
(  625) ENDIF
(  626) KSIZE = KSIZE + ISIZE
(  627) ISIZE = KIND (YD%RCLDIFF)
(  628) IF (LLPRINT) THEN
(  629)   WRITE (*, '(I10," ")', ADVANCE='NO') ISIZE
(  630)   WRITE (*, *) TRIM (CLPATH)//'%RCLDIFF'






NVFORTRAN (Version     24.5)          03/19/2025  06:54:49      page 12

(  631) ENDIF
(  632) KSIZE = KSIZE + ISIZE
(  633) ISIZE = KIND (YD%RCLCRIT)
(  634) IF (LLPRINT) THEN
(  635)   WRITE (*, '(I10," ")', ADVANCE='NO') ISIZE
(  636)   WRITE (*, *) TRIM (CLPATH)//'%RCLCRIT'
(  637) ENDIF
(  638) KSIZE = KSIZE + ISIZE
(  639) ISIZE = KIND (YD%RLCRITSNOW)
(  640) IF (LLPRINT) THEN
(  641)   WRITE (*, '(I10," ")', ADVANCE='NO') ISIZE
(  642)   WRITE (*, *) TRIM (CLPATH)//'%RLCRITSNOW'
(  643) ENDIF
(  644) KSIZE = KSIZE + ISIZE
(  645) ISIZE = KIND (YD%RAINEVAP)
(  646) IF (LLPRINT) THEN
(  647)   WRITE (*, '(I10," ")', ADVANCE='NO') ISIZE
(  648)   WRITE (*, *) TRIM (CLPATH)//'%RAINEVAP'
(  649) ENDIF
(  650) KSIZE = KSIZE + ISIZE
(  651) ISIZE = KIND (YD%SNOWSUBLIM)
(  652) IF (LLPRINT) THEN
(  653)   WRITE (*, '(I10," ")', ADVANCE='NO') ISIZE
(  654)   WRITE (*, *) TRIM (CLPATH)//'%SNOWSUBLIM'
(  655) ENDIF
(  656) KSIZE = KSIZE + ISIZE
(  657) ISIZE = KIND (YD%CLOUDINHOM)
(  658) IF (LLPRINT) THEN
(  659)   WRITE (*, '(I10," ")', ADVANCE='NO') ISIZE
(  660)   WRITE (*, *) TRIM (CLPATH)//'%CLOUDINHOM'
(  661) ENDIF
(  662) KSIZE = KSIZE + ISIZE
(  663) ISIZE = KIND (YD%QSATVERVEL)
(  664) IF (LLPRINT) THEN
(  665)   WRITE (*, '(I10," ")', ADVANCE='NO') ISIZE
(  666)   WRITE (*, *) TRIM (CLPATH)//'%QSATVERVEL'
(  667) ENDIF
(  668) KSIZE = KSIZE + ISIZE
(  669) ISIZE = KIND (YD%ZDECORR)
(  670) IF (LLPRINT) THEN
(  671)   WRITE (*, '(I10," ")', ADVANCE='NO') ISIZE
(  672)   WRITE (*, *) TRIM (CLPATH)//'%ZDECORR'
(  673) ENDIF
(  674) KSIZE = KSIZE + ISIZE
(  675) ISIZE = KIND (YD%ZSIGQCW)
(  676) IF (LLPRINT) THEN
(  677)   WRITE (*, '(I10," ")', ADVANCE='NO') ISIZE
(  678)   WRITE (*, *) TRIM (CLPATH)//'%ZSIGQCW'
(  679) ENDIF
(  680) KSIZE = KSIZE + ISIZE
(  681) ISIZE = KIND (YD%ZRADEFFL)
(  682) IF (LLPRINT) THEN
(  683)   WRITE (*, '(I10," ")', ADVANCE='NO') ISIZE
(  684)   WRITE (*, *) TRIM (CLPATH)//'%ZRADEFFL'
(  685) ENDIF
(  686) KSIZE = KSIZE + ISIZE
(  687) ISIZE = KIND (YD%ZRADEFFI)
(  688) IF (LLPRINT) THEN






NVFORTRAN (Version     24.5)          03/19/2025  06:54:49      page 13

(  689)   WRITE (*, '(I10," ")', ADVANCE='NO') ISIZE
(  690)   WRITE (*, *) TRIM (CLPATH)//'%ZRADEFFI'
(  691) ENDIF
(  692) KSIZE = KSIZE + ISIZE
(  693) ISIZE = KIND (YD%PHR)
(  694) IF (LLPRINT) THEN
(  695)   WRITE (*, '(I10," ")', ADVANCE='NO') ISIZE
(  696)   WRITE (*, *) TRIM (CLPATH)//'%PHR'
(  697) ENDIF
(  698) KSIZE = KSIZE + ISIZE
(  699) ISIZE = KIND (YD%ZHS_VDAERO)
(  700) IF (LLPRINT) THEN
(  701)   WRITE (*, '(I10," ")', ADVANCE='NO') ISIZE
(  702)   WRITE (*, *) TRIM (CLPATH)//'%ZHS_VDAERO'
(  703) ENDIF
(  704) KSIZE = KSIZE + ISIZE
(  705) ISIZE = KIND (YD%DELTA_AERO)
(  706) IF (LLPRINT) THEN
(  707)   WRITE (*, '(I10," ")', ADVANCE='NO') ISIZE
(  708)   WRITE (*, *) TRIM (CLPATH)//'%DELTA_AERO'
(  709) ENDIF
(  710) KSIZE = KSIZE + ISIZE
(  711) ISIZE = KIND (YD%PSIGQSAT)
(  712) IF (LLPRINT) THEN
(  713)   WRITE (*, '(I10," ")', ADVANCE='NO') ISIZE
(  714)   WRITE (*, *) TRIM (CLPATH)//'%PSIGQSAT'
(  715) ENDIF
(  716) KSIZE = KSIZE + ISIZE
(  717) ISIZE = KIND (YD%CLDDPTH)
(  718) IF (LLPRINT) THEN
(  719)   WRITE (*, '(I10," ")', ADVANCE='NO') ISIZE
(  720)   WRITE (*, *) TRIM (CLPATH)//'%CLDDPTH'
(  721) ENDIF
(  722) KSIZE = KSIZE + ISIZE
(  723) ISIZE = KIND (YD%CLDDPTHDP)
(  724) IF (LLPRINT) THEN
(  725)   WRITE (*, '(I10," ")', ADVANCE='NO') ISIZE
(  726)   WRITE (*, *) TRIM (CLPATH)//'%CLDDPTHDP'
(  727) ENDIF
(  728) KSIZE = KSIZE + ISIZE
(  729) ISIZE = KIND (YD%ICE_CLD_WGT)
(  730) IF (LLPRINT) THEN
(  731)   WRITE (*, '(I10," ")', ADVANCE='NO') ISIZE
(  732)   WRITE (*, *) TRIM (CLPATH)//'%ICE_CLD_WGT'
(  733) ENDIF
(  734) KSIZE = KSIZE + ISIZE
(  735) ISIZE = KIND (YD%ICENU)
(  736) IF (LLPRINT) THEN
(  737)   WRITE (*, '(I10," ")', ADVANCE='NO') ISIZE
(  738)   WRITE (*, *) TRIM (CLPATH)//'%ICENU'
(  739) ENDIF
(  740) KSIZE = KSIZE + ISIZE
(  741) ISIZE = KIND (YD%KGN_ACON)
(  742) IF (LLPRINT) THEN
(  743)   WRITE (*, '(I10," ")', ADVANCE='NO') ISIZE
(  744)   WRITE (*, *) TRIM (CLPATH)//'%KGN_ACON'
(  745) ENDIF
(  746) KSIZE = KSIZE + ISIZE






NVFORTRAN (Version     24.5)          03/19/2025  06:54:49      page 14

(  747) ISIZE = KIND (YD%KGN_SBGR)
(  748) IF (LLPRINT) THEN
(  749)   WRITE (*, '(I10," ")', ADVANCE='NO') ISIZE
(  750)   WRITE (*, *) TRIM (CLPATH)//'%KGN_SBGR'
(  751) ENDIF
(  752) KSIZE = KSIZE + ISIZE
(  753) ISIZE = KIND (YD%RADGR)
(  754) IF (LLPRINT) THEN
(  755)   WRITE (*, '(I10," ")', ADVANCE='NO') ISIZE
(  756)   WRITE (*, *) TRIM (CLPATH)//'%RADGR'
(  757) ENDIF
(  758) KSIZE = KSIZE + ISIZE
(  759) ISIZE = KIND (YD%RADSN)
(  760) IF (LLPRINT) THEN
(  761)   WRITE (*, '(I10," ")', ADVANCE='NO') ISIZE
(  762)   WRITE (*, *) TRIM (CLPATH)//'%RADSN'
(  763) ENDIF
(  764) KSIZE = KSIZE + ISIZE
(  765) ISIZE = KIND (YD%RFAC_TWOC)
(  766) IF (LLPRINT) THEN
(  767)   WRITE (*, '(I10," ")', ADVANCE='NO') ISIZE
(  768)   WRITE (*, *) TRIM (CLPATH)//'%RFAC_TWOC'
(  769) ENDIF
(  770) KSIZE = KSIZE + ISIZE
(  771) ISIZE = KIND (YD%RZC_H)
(  772) IF (LLPRINT) THEN
(  773)   WRITE (*, '(I10," ")', ADVANCE='NO') ISIZE
(  774)   WRITE (*, *) TRIM (CLPATH)//'%RZC_H'
(  775) ENDIF
(  776) KSIZE = KSIZE + ISIZE
(  777) ISIZE = KIND (YD%RZL_INF)
(  778) IF (LLPRINT) THEN
(  779)   WRITE (*, '(I10," ")', ADVANCE='NO') ISIZE
(  780)   WRITE (*, *) TRIM (CLPATH)//'%RZL_INF'
(  781) ENDIF
(  782) KSIZE = KSIZE + ISIZE
(  783) ISIZE = KIND (YD%RSWINHF)
(  784) IF (LLPRINT) THEN
(  785)   WRITE (*, '(I10," ")', ADVANCE='NO') ISIZE
(  786)   WRITE (*, *) TRIM (CLPATH)//'%RSWINHF'
(  787) ENDIF
(  788) KSIZE = KSIZE + ISIZE
(  789) ISIZE = KIND (YD%RLWINHF)
(  790) IF (LLPRINT) THEN
(  791)   WRITE (*, '(I10," ")', ADVANCE='NO') ISIZE
(  792)   WRITE (*, *) TRIM (CLPATH)//'%RLWINHF'
(  793) ENDIF
(  794) KSIZE = KSIZE + ISIZE
(  795) ISIZE = KIND (YD%ALPHA)
(  796) IF (LLPRINT) THEN
(  797)   WRITE (*, '(I10," ")', ADVANCE='NO') ISIZE
(  798)   WRITE (*, *) TRIM (CLPATH)//'%ALPHA'
(  799) ENDIF
(  800) KSIZE = KSIZE + ISIZE
(  801) ISIZE = KIND (YD%RZNUC)
(  802) IF (LLPRINT) THEN
(  803)   WRITE (*, '(I10," ")', ADVANCE='NO') ISIZE
(  804)   WRITE (*, *) TRIM (CLPATH)//'%RZNUC'






NVFORTRAN (Version     24.5)          03/19/2025  06:54:49      page 15

(  805) ENDIF
(  806) KSIZE = KSIZE + ISIZE
(  807) ISIZE = KIND (YD%RZMFDRY)
(  808) IF (LLPRINT) THEN
(  809)   WRITE (*, '(I10," ")', ADVANCE='NO') ISIZE
(  810)   WRITE (*, *) TRIM (CLPATH)//'%RZMFDRY'
(  811) ENDIF
(  812) KSIZE = KSIZE + ISIZE
(  813) ISIZE = KIND (YD%RZMBCLOSURE)
(  814) IF (LLPRINT) THEN
(  815)   WRITE (*, '(I10," ")', ADVANCE='NO') ISIZE
(  816)   WRITE (*, *) TRIM (CLPATH)//'%RZMBCLOSURE'
(  817) ENDIF
(  818) KSIZE = KSIZE + ISIZE
(  819) ISIZE = KIND (YD%SLWIND)
(  820) IF (LLPRINT) THEN
(  821)   WRITE (*, '(I10," ")', ADVANCE='NO') ISIZE
(  822)   WRITE (*, *) TRIM (CLPATH)//'%SLWIND'
(  823) ENDIF
(  824) KSIZE = KSIZE + ISIZE
(  825) END FUNCTION
(  826) 
(  827) END MODULE









































NVFORTRAN (Version     24.5)          03/19/2025  06:54:49      page 16

(    1) # 1 "./util_spp_pert_pointer_mod.F90"
(    1) MODULE UTIL_SPP_PERT_POINTER_MOD
(    2) # 3 "./util_spp_pert_pointer_mod.F90"
(    3) USE spp_def_mod, ONLY : SPP_PERT_POINTER
(    4) # 5 "./util_spp_pert_pointer_mod.F90"
(    5) INTERFACE SAVE
(    6) MODULE PROCEDURE SAVE_SPP_PERT_POINTER
(    7) END INTERFACE
(    8) # 9 "./util_spp_pert_pointer_mod.F90"
(    9) INTERFACE LOAD
(   10) MODULE PROCEDURE LOAD_SPP_PERT_POINTER
(   11) END INTERFACE
(   12) # 13 "./util_spp_pert_pointer_mod.F90"
(   13) INTERFACE COPY
(   14) MODULE PROCEDURE COPY_SPP_PERT_POINTER
(   15) END INTERFACE
(   16) # 17 "./util_spp_pert_pointer_mod.F90"
(   17) INTERFACE HOST
(   18) MODULE PROCEDURE HOST_SPP_PERT_POINTER
(   19) END INTERFACE
(   20) # 21 "./util_spp_pert_pointer_mod.F90"
(   21)      
(   22) INTERFACE CRC64
(   23) MODULE PROCEDURE CRC64_SPP_PERT_POINTER
(   24) END INTERFACE
(   25) # 26 "./util_spp_pert_pointer_mod.F90"
(   26) INTERFACE WIPE
(   27) MODULE PROCEDURE WIPE_SPP_PERT_POINTER
(   28) END INTERFACE
(   29) # 30 "./util_spp_pert_pointer_mod.F90"
(   30) INTERFACE SIZE
(   31) MODULE PROCEDURE SIZE_SPP_PERT_POINTER
(   32) END INTERFACE
(   33) # 35 "./util_spp_pert_pointer_mod.F90"
(   35) CONTAINS
(   36) # 37 "./util_spp_pert_pointer_mod.F90"
(   37) SUBROUTINE SAVE_SPP_PERT_POINTER (KLUN, YD)
(   38) # 39 "./util_spp_pert_pointer_mod.F90"
(   39) IMPLICIT NONE
(   40) INTEGER, INTENT (IN) :: KLUN
(   41) TYPE (SPP_PERT_POINTER), INTENT (IN), TARGET :: YD
(   42) # 43 "./util_spp_pert_pointer_mod.F90"
(   43) WRITE (KLUN) YD%CFM
(   44) WRITE (KLUN) YD%CFM1
(   45) WRITE (KLUN) YD%CFM2
(   46) WRITE (KLUN) YD%CFM3
(   47) WRITE (KLUN) YD%RKAP
(   48) WRITE (KLUN) YD%RKAP1
(   49) WRITE (KLUN) YD%RKAP2
(   50) WRITE (KLUN) YD%RKAP3
(   51) WRITE (KLUN) YD%TOFDC
(   52) WRITE (KLUN) YD%HSDT
(   53) WRITE (KLUN) YD%VDEXC
(   54) WRITE (KLUN) YD%ENTRORG
(   55) WRITE (KLUN) YD%ENTSHALP
(   56) WRITE (KLUN) YD%ENTSTPC1
(   57) WRITE (KLUN) YD%DETRPEN
(   58) WRITE (KLUN) YD%RPRCON






NVFORTRAN (Version     24.5)          03/19/2025  06:54:49      page 17

(   59) WRITE (KLUN) YD%RTAU
(   60) WRITE (KLUN) YD%CUDUDV
(   61) WRITE (KLUN) YD%CUDUDVS
(   62) WRITE (KLUN) YD%RAMID
(   63) WRITE (KLUN) YD%RCLDIFF
(   64) WRITE (KLUN) YD%RCLCRIT
(   65) WRITE (KLUN) YD%RLCRITSNOW
(   66) WRITE (KLUN) YD%RAINEVAP
(   67) WRITE (KLUN) YD%SNOWSUBLIM
(   68) WRITE (KLUN) YD%CLOUDINHOM
(   69) WRITE (KLUN) YD%QSATVERVEL
(   70) WRITE (KLUN) YD%ZDECORR
(   71) WRITE (KLUN) YD%ZSIGQCW
(   72) WRITE (KLUN) YD%ZRADEFFL
(   73) WRITE (KLUN) YD%ZRADEFFI
(   74) WRITE (KLUN) YD%PHR
(   75) WRITE (KLUN) YD%ZHS_VDAERO
(   76) WRITE (KLUN) YD%DELTA_AERO
(   77) WRITE (KLUN) YD%PSIGQSAT
(   78) WRITE (KLUN) YD%CLDDPTH
(   79) WRITE (KLUN) YD%CLDDPTHDP
(   80) WRITE (KLUN) YD%ICE_CLD_WGT
(   81) WRITE (KLUN) YD%ICENU
(   82) WRITE (KLUN) YD%KGN_ACON
(   83) WRITE (KLUN) YD%KGN_SBGR
(   84) WRITE (KLUN) YD%RADGR
(   85) WRITE (KLUN) YD%RADSN
(   86) WRITE (KLUN) YD%RFAC_TWOC
(   87) WRITE (KLUN) YD%RZC_H
(   88) WRITE (KLUN) YD%RZL_INF
(   89) WRITE (KLUN) YD%RSWINHF
(   90) WRITE (KLUN) YD%RLWINHF
(   91) WRITE (KLUN) YD%ALPHA
(   92) WRITE (KLUN) YD%RZNUC
(   93) WRITE (KLUN) YD%RZMFDRY
(   94) WRITE (KLUN) YD%RZMBCLOSURE
(   95) WRITE (KLUN) YD%SLWIND
(   96) END SUBROUTINE
(   97) # 98 "./util_spp_pert_pointer_mod.F90"
(   98) SUBROUTINE LOAD_SPP_PERT_POINTER (KLUN, YD)
(   99) # 100 "./util_spp_pert_pointer_mod.F90"
(  100) IMPLICIT NONE
(  101) INTEGER, INTENT (IN) :: KLUN
(  102) TYPE (SPP_PERT_POINTER), INTENT (OUT), TARGET :: YD
(  103) # 104 "./util_spp_pert_pointer_mod.F90"
(  104) READ (KLUN) YD%CFM
(  105) READ (KLUN) YD%CFM1
(  106) READ (KLUN) YD%CFM2
(  107) READ (KLUN) YD%CFM3
(  108) READ (KLUN) YD%RKAP
(  109) READ (KLUN) YD%RKAP1
(  110) READ (KLUN) YD%RKAP2
(  111) READ (KLUN) YD%RKAP3
(  112) READ (KLUN) YD%TOFDC
(  113) READ (KLUN) YD%HSDT
(  114) READ (KLUN) YD%VDEXC
(  115) READ (KLUN) YD%ENTRORG
(  116) READ (KLUN) YD%ENTSHALP






NVFORTRAN (Version     24.5)          03/19/2025  06:54:49      page 18

(  117) READ (KLUN) YD%ENTSTPC1
(  118) READ (KLUN) YD%DETRPEN
(  119) READ (KLUN) YD%RPRCON
(  120) READ (KLUN) YD%RTAU
(  121) READ (KLUN) YD%CUDUDV
(  122) READ (KLUN) YD%CUDUDVS
(  123) READ (KLUN) YD%RAMID
(  124) READ (KLUN) YD%RCLDIFF
(  125) READ (KLUN) YD%RCLCRIT
(  126) READ (KLUN) YD%RLCRITSNOW
(  127) READ (KLUN) YD%RAINEVAP
(  128) READ (KLUN) YD%SNOWSUBLIM
(  129) READ (KLUN) YD%CLOUDINHOM
(  130) READ (KLUN) YD%QSATVERVEL
(  131) READ (KLUN) YD%ZDECORR
(  132) READ (KLUN) YD%ZSIGQCW
(  133) READ (KLUN) YD%ZRADEFFL
(  134) READ (KLUN) YD%ZRADEFFI
(  135) READ (KLUN) YD%PHR
(  136) READ (KLUN) YD%ZHS_VDAERO
(  137) READ (KLUN) YD%DELTA_AERO
(  138) READ (KLUN) YD%PSIGQSAT
(  139) READ (KLUN) YD%CLDDPTH
(  140) READ (KLUN) YD%CLDDPTHDP
(  141) READ (KLUN) YD%ICE_CLD_WGT
(  142) READ (KLUN) YD%ICENU
(  143) READ (KLUN) YD%KGN_ACON
(  144) READ (KLUN) YD%KGN_SBGR
(  145) READ (KLUN) YD%RADGR
(  146) READ (KLUN) YD%RADSN
(  147) READ (KLUN) YD%RFAC_TWOC
(  148) READ (KLUN) YD%RZC_H
(  149) READ (KLUN) YD%RZL_INF
(  150) READ (KLUN) YD%RSWINHF
(  151) READ (KLUN) YD%RLWINHF
(  152) READ (KLUN) YD%ALPHA
(  153) READ (KLUN) YD%RZNUC
(  154) READ (KLUN) YD%RZMFDRY
(  155) READ (KLUN) YD%RZMBCLOSURE
(  156) READ (KLUN) YD%SLWIND
(  157) END SUBROUTINE
(  158) # 160 "./util_spp_pert_pointer_mod.F90"
(  160) SUBROUTINE COPY_SPP_PERT_POINTER (YD, LDCREATED, LDFIELDAPI)
(  161) # 162 "./util_spp_pert_pointer_mod.F90"
(  162) IMPLICIT NONE
(  163) TYPE (SPP_PERT_POINTER), INTENT (IN), TARGET :: YD
(  164) LOGICAL, OPTIONAL, INTENT (IN) :: LDCREATED, LDFIELDAPI
(  165) LOGICAL :: LLCREATED
(  166) LOGICAL :: LLFIELDAPI
(  167) # 168 "./util_spp_pert_pointer_mod.F90"
(  168) LLFIELDAPI = .FALSE.
(  169) IF (PRESENT (LDFIELDAPI)) THEN
(  170)   LLFIELDAPI = LDFIELDAPI
(  171) ENDIF
(  172) LLCREATED = .FALSE.
(  173) IF (PRESENT (LDCREATED)) THEN
(  174)   LLCREATED = LDCREATED
(  175) ENDIF






NVFORTRAN (Version     24.5)          03/19/2025  06:54:49      page 19

(  176) IF (.NOT. LLCREATED) THEN
(  177)   !$acc enter data create (YD)
(  178)   !$acc update device (YD)
(  179) ENDIF
(  180) # 233 "./util_spp_pert_pointer_mod.F90"
(  233) END SUBROUTINE
(  234) # 235 "./util_spp_pert_pointer_mod.F90"
(  235) SUBROUTINE HOST_SPP_PERT_POINTER (YD)
(  236) # 237 "./util_spp_pert_pointer_mod.F90"
(  237) IMPLICIT NONE
(  238) TYPE (SPP_PERT_POINTER), TARGET :: YD
(  239) # 293 "./util_spp_pert_pointer_mod.F90"
(  293) END SUBROUTINE
(  294) # 295 "./util_spp_pert_pointer_mod.F90"
(  295)      
(  296) # 297 "./util_spp_pert_pointer_mod.F90"
(  297) SUBROUTINE CRC64_SPP_PERT_POINTER (YD, KLUN, CDPATH)
(  298) USE CRC64_INTRINSIC
(  299) # 300 "./util_spp_pert_pointer_mod.F90"
(  300) IMPLICIT NONE
(  301) TYPE (SPP_PERT_POINTER), TARGET :: YD
(  302) INTEGER, INTENT (IN) :: KLUN
(  303) CHARACTER(LEN=*), INTENT (IN) :: CDPATH
(  304) CHARACTER(LEN=128) :: CLIND
(  305) # 306 "./util_spp_pert_pointer_mod.F90"
(  306) WRITE (KLUN, '(Z16.16," ",A)') CRC64 (YD%CFM), CDPATH//'%CFM'
(  307) # 308 "./util_spp_pert_pointer_mod.F90"
(  308) WRITE (KLUN, '(Z16.16," ",A)') CRC64 (YD%CFM1), CDPATH//'%CFM1'
(  309) # 310 "./util_spp_pert_pointer_mod.F90"
(  310) WRITE (KLUN, '(Z16.16," ",A)') CRC64 (YD%CFM2), CDPATH//'%CFM2'
(  311) # 312 "./util_spp_pert_pointer_mod.F90"
(  312) WRITE (KLUN, '(Z16.16," ",A)') CRC64 (YD%CFM3), CDPATH//'%CFM3'
(  313) # 314 "./util_spp_pert_pointer_mod.F90"
(  314) WRITE (KLUN, '(Z16.16," ",A)') CRC64 (YD%RKAP), CDPATH//'%RKAP'
(  315) # 316 "./util_spp_pert_pointer_mod.F90"
(  316) WRITE (KLUN, '(Z16.16," ",A)') CRC64 (YD%RKAP1), CDPATH//'%RKAP1'
(  317) # 318 "./util_spp_pert_pointer_mod.F90"
(  318) WRITE (KLUN, '(Z16.16," ",A)') CRC64 (YD%RKAP2), CDPATH//'%RKAP2'
(  319) # 320 "./util_spp_pert_pointer_mod.F90"
(  320) WRITE (KLUN, '(Z16.16," ",A)') CRC64 (YD%RKAP3), CDPATH//'%RKAP3'
(  321) # 322 "./util_spp_pert_pointer_mod.F90"
(  322) WRITE (KLUN, '(Z16.16," ",A)') CRC64 (YD%TOFDC), CDPATH//'%TOFDC'
(  323) # 324 "./util_spp_pert_pointer_mod.F90"
(  324) WRITE (KLUN, '(Z16.16," ",A)') CRC64 (YD%HSDT), CDPATH//'%HSDT'
(  325) # 326 "./util_spp_pert_pointer_mod.F90"
(  326) WRITE (KLUN, '(Z16.16," ",A)') CRC64 (YD%VDEXC), CDPATH//'%VDEXC'
(  327) # 328 "./util_spp_pert_pointer_mod.F90"
(  328) WRITE (KLUN, '(Z16.16," ",A)') CRC64 (YD%ENTRORG), CDPATH//'%ENTRORG'
(  329) # 330 "./util_spp_pert_pointer_mod.F90"
(  330) WRITE (KLUN, '(Z16.16," ",A)') CRC64 (YD%ENTSHALP), CDPATH//'%ENTSHALP'
(  331) # 332 "./util_spp_pert_pointer_mod.F90"
(  332) WRITE (KLUN, '(Z16.16," ",A)') CRC64 (YD%ENTSTPC1), CDPATH//'%ENTSTPC1'
(  333) # 334 "./util_spp_pert_pointer_mod.F90"
(  334) WRITE (KLUN, '(Z16.16," ",A)') CRC64 (YD%DETRPEN), CDPATH//'%DETRPEN'
(  335) # 336 "./util_spp_pert_pointer_mod.F90"
(  336) WRITE (KLUN, '(Z16.16," ",A)') CRC64 (YD%RPRCON), CDPATH//'%RPRCON'
(  337) # 338 "./util_spp_pert_pointer_mod.F90"
(  338) WRITE (KLUN, '(Z16.16," ",A)') CRC64 (YD%RTAU), CDPATH//'%RTAU'






NVFORTRAN (Version     24.5)          03/19/2025  06:54:49      page 20

(  339) # 340 "./util_spp_pert_pointer_mod.F90"
(  340) WRITE (KLUN, '(Z16.16," ",A)') CRC64 (YD%CUDUDV), CDPATH//'%CUDUDV'
(  341) # 342 "./util_spp_pert_pointer_mod.F90"
(  342) WRITE (KLUN, '(Z16.16," ",A)') CRC64 (YD%CUDUDVS), CDPATH//'%CUDUDVS'
(  343) # 344 "./util_spp_pert_pointer_mod.F90"
(  344) WRITE (KLUN, '(Z16.16," ",A)') CRC64 (YD%RAMID), CDPATH//'%RAMID'
(  345) # 346 "./util_spp_pert_pointer_mod.F90"
(  346) WRITE (KLUN, '(Z16.16," ",A)') CRC64 (YD%RCLDIFF), CDPATH//'%RCLDIFF'
(  347) # 348 "./util_spp_pert_pointer_mod.F90"
(  348) WRITE (KLUN, '(Z16.16," ",A)') CRC64 (YD%RCLCRIT), CDPATH//'%RCLCRIT'
(  349) # 350 "./util_spp_pert_pointer_mod.F90"
(  350) WRITE (KLUN, '(Z16.16," ",A)') CRC64 (YD%RLCRITSNOW), CDPATH//'%RLCRITSNOW'
(  351) # 352 "./util_spp_pert_pointer_mod.F90"
(  352) WRITE (KLUN, '(Z16.16," ",A)') CRC64 (YD%RAINEVAP), CDPATH//'%RAINEVAP'
(  353) # 354 "./util_spp_pert_pointer_mod.F90"
(  354) WRITE (KLUN, '(Z16.16," ",A)') CRC64 (YD%SNOWSUBLIM), CDPATH//'%SNOWSUBLIM'
(  355) # 356 "./util_spp_pert_pointer_mod.F90"
(  356) WRITE (KLUN, '(Z16.16," ",A)') CRC64 (YD%CLOUDINHOM), CDPATH//'%CLOUDINHOM'
(  357) # 358 "./util_spp_pert_pointer_mod.F90"
(  358) WRITE (KLUN, '(Z16.16," ",A)') CRC64 (YD%QSATVERVEL), CDPATH//'%QSATVERVEL'
(  359) # 360 "./util_spp_pert_pointer_mod.F90"
(  360) WRITE (KLUN, '(Z16.16," ",A)') CRC64 (YD%ZDECORR), CDPATH//'%ZDECORR'
(  361) # 362 "./util_spp_pert_pointer_mod.F90"
(  362) WRITE (KLUN, '(Z16.16," ",A)') CRC64 (YD%ZSIGQCW), CDPATH//'%ZSIGQCW'
(  363) # 364 "./util_spp_pert_pointer_mod.F90"
(  364) WRITE (KLUN, '(Z16.16," ",A)') CRC64 (YD%ZRADEFFL), CDPATH//'%ZRADEFFL'
(  365) # 366 "./util_spp_pert_pointer_mod.F90"
(  366) WRITE (KLUN, '(Z16.16," ",A)') CRC64 (YD%ZRADEFFI), CDPATH//'%ZRADEFFI'
(  367) # 368 "./util_spp_pert_pointer_mod.F90"
(  368) WRITE (KLUN, '(Z16.16," ",A)') CRC64 (YD%PHR), CDPATH//'%PHR'
(  369) # 370 "./util_spp_pert_pointer_mod.F90"
(  370) WRITE (KLUN, '(Z16.16," ",A)') CRC64 (YD%ZHS_VDAERO), CDPATH//'%ZHS_VDAERO'
(  371) # 372 "./util_spp_pert_pointer_mod.F90"
(  372) WRITE (KLUN, '(Z16.16," ",A)') CRC64 (YD%DELTA_AERO), CDPATH//'%DELTA_AERO'
(  373) # 374 "./util_spp_pert_pointer_mod.F90"
(  374) WRITE (KLUN, '(Z16.16," ",A)') CRC64 (YD%PSIGQSAT), CDPATH//'%PSIGQSAT'
(  375) # 376 "./util_spp_pert_pointer_mod.F90"
(  376) WRITE (KLUN, '(Z16.16," ",A)') CRC64 (YD%CLDDPTH), CDPATH//'%CLDDPTH'
(  377) # 378 "./util_spp_pert_pointer_mod.F90"
(  378) WRITE (KLUN, '(Z16.16," ",A)') CRC64 (YD%CLDDPTHDP), CDPATH//'%CLDDPTHDP'
(  379) # 380 "./util_spp_pert_pointer_mod.F90"
(  380) WRITE (KLUN, '(Z16.16," ",A)') CRC64 (YD%ICE_CLD_WGT), CDPATH//'%ICE_CLD_WGT'
(  381) # 382 "./util_spp_pert_pointer_mod.F90"
(  382) WRITE (KLUN, '(Z16.16," ",A)') CRC64 (YD%ICENU), CDPATH//'%ICENU'
(  383) # 384 "./util_spp_pert_pointer_mod.F90"
(  384) WRITE (KLUN, '(Z16.16," ",A)') CRC64 (YD%KGN_ACON), CDPATH//'%KGN_ACON'
(  385) # 386 "./util_spp_pert_pointer_mod.F90"
(  386) WRITE (KLUN, '(Z16.16," ",A)') CRC64 (YD%KGN_SBGR), CDPATH//'%KGN_SBGR'
(  387) # 388 "./util_spp_pert_pointer_mod.F90"
(  388) WRITE (KLUN, '(Z16.16," ",A)') CRC64 (YD%RADGR), CDPATH//'%RADGR'
(  389) # 390 "./util_spp_pert_pointer_mod.F90"
(  390) WRITE (KLUN, '(Z16.16," ",A)') CRC64 (YD%RADSN), CDPATH//'%RADSN'
(  391) # 392 "./util_spp_pert_pointer_mod.F90"
(  392) WRITE (KLUN, '(Z16.16," ",A)') CRC64 (YD%RFAC_TWOC), CDPATH//'%RFAC_TWOC'
(  393) # 394 "./util_spp_pert_pointer_mod.F90"
(  394) WRITE (KLUN, '(Z16.16," ",A)') CRC64 (YD%RZC_H), CDPATH//'%RZC_H'
(  395) # 396 "./util_spp_pert_pointer_mod.F90"
(  396) WRITE (KLUN, '(Z16.16," ",A)') CRC64 (YD%RZL_INF), CDPATH//'%RZL_INF'






NVFORTRAN (Version     24.5)          03/19/2025  06:54:49      page 21

(  397) # 398 "./util_spp_pert_pointer_mod.F90"
(  398) WRITE (KLUN, '(Z16.16," ",A)') CRC64 (YD%RSWINHF), CDPATH//'%RSWINHF'
(  399) # 400 "./util_spp_pert_pointer_mod.F90"
(  400) WRITE (KLUN, '(Z16.16," ",A)') CRC64 (YD%RLWINHF), CDPATH//'%RLWINHF'
(  401) # 402 "./util_spp_pert_pointer_mod.F90"
(  402) WRITE (KLUN, '(Z16.16," ",A)') CRC64 (YD%ALPHA), CDPATH//'%ALPHA'
(  403) # 404 "./util_spp_pert_pointer_mod.F90"
(  404) WRITE (KLUN, '(Z16.16," ",A)') CRC64 (YD%RZNUC), CDPATH//'%RZNUC'
(  405) # 406 "./util_spp_pert_pointer_mod.F90"
(  406) WRITE (KLUN, '(Z16.16," ",A)') CRC64 (YD%RZMFDRY), CDPATH//'%RZMFDRY'
(  407) # 408 "./util_spp_pert_pointer_mod.F90"
(  408) WRITE (KLUN, '(Z16.16," ",A)') CRC64 (YD%RZMBCLOSURE), CDPATH//'%RZMBCLOSURE'
(  409) # 410 "./util_spp_pert_pointer_mod.F90"
(  410) WRITE (KLUN, '(Z16.16," ",A)') CRC64 (YD%SLWIND), CDPATH//'%SLWIND'
(  411) # 412 "./util_spp_pert_pointer_mod.F90"
(  412) END SUBROUTINE
(  413) # 414 "./util_spp_pert_pointer_mod.F90"
(  414) SUBROUTINE WIPE_SPP_PERT_POINTER (YD, LDDELETED, LDFIELDAPI)
(  415) # 416 "./util_spp_pert_pointer_mod.F90"
(  416) IMPLICIT NONE
(  417) TYPE (SPP_PERT_POINTER), INTENT (IN), TARGET :: YD
(  418) LOGICAL, OPTIONAL, INTENT (IN) :: LDDELETED, LDFIELDAPI
(  419) LOGICAL :: LLDELETED
(  420) LOGICAL :: LLFIELDAPI
(  421) # 422 "./util_spp_pert_pointer_mod.F90"
(  422) LLFIELDAPI = .FALSE.
(  423) IF (PRESENT (LDFIELDAPI)) THEN
(  424)   LLFIELDAPI = LDFIELDAPI
(  425) ENDIF
(  426) # 479 "./util_spp_pert_pointer_mod.F90"
(  479) LLDELETED = .FALSE.
(  480) IF (PRESENT (LDDELETED)) THEN
(  481)   LLDELETED = LDDELETED
(  482) ENDIF
(  483) IF (.NOT. LLDELETED) THEN
(  484)   !$acc exit data delete (YD)
(  485) ENDIF
(  486) END SUBROUTINE
(  487) # 488 "./util_spp_pert_pointer_mod.F90"
(  488) INTEGER*8 FUNCTION SIZE_SPP_PERT_POINTER (YD, CDPATH, LDPRINT) RESULT (KSIZE)
(  489) # 490 "./util_spp_pert_pointer_mod.F90"
(  490) IMPLICIT NONE
(  491) TYPE (SPP_PERT_POINTER),     INTENT (IN), TARGET :: YD
(  492) CHARACTER(LEN=*), INTENT (IN), OPTIONAL :: CDPATH
(  493) LOGICAL,          INTENT (IN), OPTIONAL :: LDPRINT
(  494) INTEGER*8 :: ISIZE, JSIZE
(  495) LOGICAL :: LLPRINT
(  496) CHARACTER(LEN=128) :: CLPATH
(  497) # 498 "./util_spp_pert_pointer_mod.F90"
(  498) LLPRINT = .FALSE.
(  499) IF (PRESENT (LDPRINT)) THEN
(  500)   LLPRINT = LDPRINT
(  501) ENDIF
(  502) CLPATH=''
(  503) IF (PRESENT (CDPATH)) THEN
(  504)   CLPATH = CDPATH
(  505) ENDIF
(  506) KSIZE = 0






NVFORTRAN (Version     24.5)          03/19/2025  06:54:49      page 22

(  507) ISIZE = KIND (YD%CFM)
(  508) IF (LLPRINT) THEN
(  509)   WRITE (*, '(I10," ")', ADVANCE='NO') ISIZE
(  510)   WRITE (*, *) TRIM (CLPATH)//'%CFM'
(  511) ENDIF
(  512) KSIZE = KSIZE + ISIZE
(  513) ISIZE = KIND (YD%CFM1)
(  514) IF (LLPRINT) THEN
(  515)   WRITE (*, '(I10," ")', ADVANCE='NO') ISIZE
(  516)   WRITE (*, *) TRIM (CLPATH)//'%CFM1'
(  517) ENDIF
(  518) KSIZE = KSIZE + ISIZE
(  519) ISIZE = KIND (YD%CFM2)
(  520) IF (LLPRINT) THEN
(  521)   WRITE (*, '(I10," ")', ADVANCE='NO') ISIZE
(  522)   WRITE (*, *) TRIM (CLPATH)//'%CFM2'
(  523) ENDIF
(  524) KSIZE = KSIZE + ISIZE
(  525) ISIZE = KIND (YD%CFM3)
(  526) IF (LLPRINT) THEN
(  527)   WRITE (*, '(I10," ")', ADVANCE='NO') ISIZE
(  528)   WRITE (*, *) TRIM (CLPATH)//'%CFM3'
(  529) ENDIF
(  530) KSIZE = KSIZE + ISIZE
(  531) ISIZE = KIND (YD%RKAP)
(  532) IF (LLPRINT) THEN
(  533)   WRITE (*, '(I10," ")', ADVANCE='NO') ISIZE
(  534)   WRITE (*, *) TRIM (CLPATH)//'%RKAP'
(  535) ENDIF
(  536) KSIZE = KSIZE + ISIZE
(  537) ISIZE = KIND (YD%RKAP1)
(  538) IF (LLPRINT) THEN
(  539)   WRITE (*, '(I10," ")', ADVANCE='NO') ISIZE
(  540)   WRITE (*, *) TRIM (CLPATH)//'%RKAP1'
(  541) ENDIF
(  542) KSIZE = KSIZE + ISIZE
(  543) ISIZE = KIND (YD%RKAP2)
(  544) IF (LLPRINT) THEN
(  545)   WRITE (*, '(I10," ")', ADVANCE='NO') ISIZE
(  546)   WRITE (*, *) TRIM (CLPATH)//'%RKAP2'
(  547) ENDIF
(  548) KSIZE = KSIZE + ISIZE
(  549) ISIZE = KIND (YD%RKAP3)
(  550) IF (LLPRINT) THEN
(  551)   WRITE (*, '(I10," ")', ADVANCE='NO') ISIZE
(  552)   WRITE (*, *) TRIM (CLPATH)//'%RKAP3'
(  553) ENDIF
(  554) KSIZE = KSIZE + ISIZE
(  555) ISIZE = KIND (YD%TOFDC)
(  556) IF (LLPRINT) THEN
(  557)   WRITE (*, '(I10," ")', ADVANCE='NO') ISIZE
(  558)   WRITE (*, *) TRIM (CLPATH)//'%TOFDC'
(  559) ENDIF
(  560) KSIZE = KSIZE + ISIZE
(  561) ISIZE = KIND (YD%HSDT)
(  562) IF (LLPRINT) THEN
(  563)   WRITE (*, '(I10," ")', ADVANCE='NO') ISIZE
(  564)   WRITE (*, *) TRIM (CLPATH)//'%HSDT'






NVFORTRAN (Version     24.5)          03/19/2025  06:54:49      page 23

(  565) ENDIF
(  566) KSIZE = KSIZE + ISIZE
(  567) ISIZE = KIND (YD%VDEXC)
(  568) IF (LLPRINT) THEN
(  569)   WRITE (*, '(I10," ")', ADVANCE='NO') ISIZE
(  570)   WRITE (*, *) TRIM (CLPATH)//'%VDEXC'
(  571) ENDIF
(  572) KSIZE = KSIZE + ISIZE
(  573) ISIZE = KIND (YD%ENTRORG)
(  574) IF (LLPRINT) THEN
(  575)   WRITE (*, '(I10," ")', ADVANCE='NO') ISIZE
(  576)   WRITE (*, *) TRIM (CLPATH)//'%ENTRORG'
(  577) ENDIF
(  578) KSIZE = KSIZE + ISIZE
(  579) ISIZE = KIND (YD%ENTSHALP)
(  580) IF (LLPRINT) THEN
(  581)   WRITE (*, '(I10," ")', ADVANCE='NO') ISIZE
(  582)   WRITE (*, *) TRIM (CLPATH)//'%ENTSHALP'
(  583) ENDIF
(  584) KSIZE = KSIZE + ISIZE
(  585) ISIZE = KIND (YD%ENTSTPC1)
(  586) IF (LLPRINT) THEN
(  587)   WRITE (*, '(I10," ")', ADVANCE='NO') ISIZE
(  588)   WRITE (*, *) TRIM (CLPATH)//'%ENTSTPC1'
(  589) ENDIF
(  590) KSIZE = KSIZE + ISIZE
(  591) ISIZE = KIND (YD%DETRPEN)
(  592) IF (LLPRINT) THEN
(  593)   WRITE (*, '(I10," ")', ADVANCE='NO') ISIZE
(  594)   WRITE (*, *) TRIM (CLPATH)//'%DETRPEN'
(  595) ENDIF
(  596) KSIZE = KSIZE + ISIZE
(  597) ISIZE = KIND (YD%RPRCON)
(  598) IF (LLPRINT) THEN
(  599)   WRITE (*, '(I10," ")', ADVANCE='NO') ISIZE
(  600)   WRITE (*, *) TRIM (CLPATH)//'%RPRCON'
(  601) ENDIF
(  602) KSIZE = KSIZE + ISIZE
(  603) ISIZE = KIND (YD%RTAU)
(  604) IF (LLPRINT) THEN
(  605)   WRITE (*, '(I10," ")', ADVANCE='NO') ISIZE
(  606)   WRITE (*, *) TRIM (CLPATH)//'%RTAU'
(  607) ENDIF
(  608) KSIZE = KSIZE + ISIZE
(  609) ISIZE = KIND (YD%CUDUDV)
(  610) IF (LLPRINT) THEN
(  611)   WRITE (*, '(I10," ")', ADVANCE='NO') ISIZE
(  612)   WRITE (*, *) TRIM (CLPATH)//'%CUDUDV'
(  613) ENDIF
(  614) KSIZE = KSIZE + ISIZE
(  615) ISIZE = KIND (YD%CUDUDVS)
(  616) IF (LLPRINT) THEN
(  617)   WRITE (*, '(I10," ")', ADVANCE='NO') ISIZE
(  618)   WRITE (*, *) TRIM (CLPATH)//'%CUDUDVS'
(  619) ENDIF
(  620) KSIZE = KSIZE + ISIZE
(  621) ISIZE = KIND (YD%RAMID)
(  622) IF (LLPRINT) THEN






NVFORTRAN (Version     24.5)          03/19/2025  06:54:49      page 24

(  623)   WRITE (*, '(I10," ")', ADVANCE='NO') ISIZE
(  624)   WRITE (*, *) TRIM (CLPATH)//'%RAMID'
(  625) ENDIF
(  626) KSIZE = KSIZE + ISIZE
(  627) ISIZE = KIND (YD%RCLDIFF)
(  628) IF (LLPRINT) THEN
(  629)   WRITE (*, '(I10," ")', ADVANCE='NO') ISIZE
(  630)   WRITE (*, *) TRIM (CLPATH)//'%RCLDIFF'
(  631) ENDIF
(  632) KSIZE = KSIZE + ISIZE
(  633) ISIZE = KIND (YD%RCLCRIT)
(  634) IF (LLPRINT) THEN
(  635)   WRITE (*, '(I10," ")', ADVANCE='NO') ISIZE
(  636)   WRITE (*, *) TRIM (CLPATH)//'%RCLCRIT'
(  637) ENDIF
(  638) KSIZE = KSIZE + ISIZE
(  639) ISIZE = KIND (YD%RLCRITSNOW)
(  640) IF (LLPRINT) THEN
(  641)   WRITE (*, '(I10," ")', ADVANCE='NO') ISIZE
(  642)   WRITE (*, *) TRIM (CLPATH)//'%RLCRITSNOW'
(  643) ENDIF
(  644) KSIZE = KSIZE + ISIZE
(  645) ISIZE = KIND (YD%RAINEVAP)
(  646) IF (LLPRINT) THEN
(  647)   WRITE (*, '(I10," ")', ADVANCE='NO') ISIZE
(  648)   WRITE (*, *) TRIM (CLPATH)//'%RAINEVAP'
(  649) ENDIF
(  650) KSIZE = KSIZE + ISIZE
(  651) ISIZE = KIND (YD%SNOWSUBLIM)
(  652) IF (LLPRINT) THEN
(  653)   WRITE (*, '(I10," ")', ADVANCE='NO') ISIZE
(  654)   WRITE (*, *) TRIM (CLPATH)//'%SNOWSUBLIM'
(  655) ENDIF
(  656) KSIZE = KSIZE + ISIZE
(  657) ISIZE = KIND (YD%CLOUDINHOM)
(  658) IF (LLPRINT) THEN
(  659)   WRITE (*, '(I10," ")', ADVANCE='NO') ISIZE
(  660)   WRITE (*, *) TRIM (CLPATH)//'%CLOUDINHOM'
(  661) ENDIF
(  662) KSIZE = KSIZE + ISIZE
(  663) ISIZE = KIND (YD%QSATVERVEL)
(  664) IF (LLPRINT) THEN
(  665)   WRITE (*, '(I10," ")', ADVANCE='NO') ISIZE
(  666)   WRITE (*, *) TRIM (CLPATH)//'%QSATVERVEL'
(  667) ENDIF
(  668) KSIZE = KSIZE + ISIZE
(  669) ISIZE = KIND (YD%ZDECORR)
(  670) IF (LLPRINT) THEN
(  671)   WRITE (*, '(I10," ")', ADVANCE='NO') ISIZE
(  672)   WRITE (*, *) TRIM (CLPATH)//'%ZDECORR'
(  673) ENDIF
(  674) KSIZE = KSIZE + ISIZE
(  675) ISIZE = KIND (YD%ZSIGQCW)
(  676) IF (LLPRINT) THEN
(  677)   WRITE (*, '(I10," ")', ADVANCE='NO') ISIZE
(  678)   WRITE (*, *) TRIM (CLPATH)//'%ZSIGQCW'
(  679) ENDIF
(  680) KSIZE = KSIZE + ISIZE






NVFORTRAN (Version     24.5)          03/19/2025  06:54:49      page 25

(  681) ISIZE = KIND (YD%ZRADEFFL)
(  682) IF (LLPRINT) THEN
(  683)   WRITE (*, '(I10," ")', ADVANCE='NO') ISIZE
(  684)   WRITE (*, *) TRIM (CLPATH)//'%ZRADEFFL'
(  685) ENDIF
(  686) KSIZE = KSIZE + ISIZE
(  687) ISIZE = KIND (YD%ZRADEFFI)
(  688) IF (LLPRINT) THEN
(  689)   WRITE (*, '(I10," ")', ADVANCE='NO') ISIZE
(  690)   WRITE (*, *) TRIM (CLPATH)//'%ZRADEFFI'
(  691) ENDIF
(  692) KSIZE = KSIZE + ISIZE
(  693) ISIZE = KIND (YD%PHR)
(  694) IF (LLPRINT) THEN
(  695)   WRITE (*, '(I10," ")', ADVANCE='NO') ISIZE
(  696)   WRITE (*, *) TRIM (CLPATH)//'%PHR'
(  697) ENDIF
(  698) KSIZE = KSIZE + ISIZE
(  699) ISIZE = KIND (YD%ZHS_VDAERO)
(  700) IF (LLPRINT) THEN
(  701)   WRITE (*, '(I10," ")', ADVANCE='NO') ISIZE
(  702)   WRITE (*, *) TRIM (CLPATH)//'%ZHS_VDAERO'
(  703) ENDIF
(  704) KSIZE = KSIZE + ISIZE
(  705) ISIZE = KIND (YD%DELTA_AERO)
(  706) IF (LLPRINT) THEN
(  707)   WRITE (*, '(I10," ")', ADVANCE='NO') ISIZE
(  708)   WRITE (*, *) TRIM (CLPATH)//'%DELTA_AERO'
(  709) ENDIF
(  710) KSIZE = KSIZE + ISIZE
(  711) ISIZE = KIND (YD%PSIGQSAT)
(  712) IF (LLPRINT) THEN
(  713)   WRITE (*, '(I10," ")', ADVANCE='NO') ISIZE
(  714)   WRITE (*, *) TRIM (CLPATH)//'%PSIGQSAT'
(  715) ENDIF
(  716) KSIZE = KSIZE + ISIZE
(  717) ISIZE = KIND (YD%CLDDPTH)
(  718) IF (LLPRINT) THEN
(  719)   WRITE (*, '(I10," ")', ADVANCE='NO') ISIZE
(  720)   WRITE (*, *) TRIM (CLPATH)//'%CLDDPTH'
(  721) ENDIF
(  722) KSIZE = KSIZE + ISIZE
(  723) ISIZE = KIND (YD%CLDDPTHDP)
(  724) IF (LLPRINT) THEN
(  725)   WRITE (*, '(I10," ")', ADVANCE='NO') ISIZE
(  726)   WRITE (*, *) TRIM (CLPATH)//'%CLDDPTHDP'
(  727) ENDIF
(  728) KSIZE = KSIZE + ISIZE
(  729) ISIZE = KIND (YD%ICE_CLD_WGT)
(  730) IF (LLPRINT) THEN
(  731)   WRITE (*, '(I10," ")', ADVANCE='NO') ISIZE
(  732)   WRITE (*, *) TRIM (CLPATH)//'%ICE_CLD_WGT'
(  733) ENDIF
(  734) KSIZE = KSIZE + ISIZE
(  735) ISIZE = KIND (YD%ICENU)
(  736) IF (LLPRINT) THEN
(  737)   WRITE (*, '(I10," ")', ADVANCE='NO') ISIZE
(  738)   WRITE (*, *) TRIM (CLPATH)//'%ICENU'






NVFORTRAN (Version     24.5)          03/19/2025  06:54:49      page 26

(  739) ENDIF
(  740) KSIZE = KSIZE + ISIZE
(  741) ISIZE = KIND (YD%KGN_ACON)
(  742) IF (LLPRINT) THEN
(  743)   WRITE (*, '(I10," ")', ADVANCE='NO') ISIZE
(  744)   WRITE (*, *) TRIM (CLPATH)//'%KGN_ACON'
(  745) ENDIF
(  746) KSIZE = KSIZE + ISIZE
(  747) ISIZE = KIND (YD%KGN_SBGR)
(  748) IF (LLPRINT) THEN
(  749)   WRITE (*, '(I10," ")', ADVANCE='NO') ISIZE
(  750)   WRITE (*, *) TRIM (CLPATH)//'%KGN_SBGR'
(  751) ENDIF
(  752) KSIZE = KSIZE + ISIZE
(  753) ISIZE = KIND (YD%RADGR)
(  754) IF (LLPRINT) THEN
(  755)   WRITE (*, '(I10," ")', ADVANCE='NO') ISIZE
(  756)   WRITE (*, *) TRIM (CLPATH)//'%RADGR'
(  757) ENDIF
(  758) KSIZE = KSIZE + ISIZE
(  759) ISIZE = KIND (YD%RADSN)
(  760) IF (LLPRINT) THEN
(  761)   WRITE (*, '(I10," ")', ADVANCE='NO') ISIZE
(  762)   WRITE (*, *) TRIM (CLPATH)//'%RADSN'
(  763) ENDIF
(  764) KSIZE = KSIZE + ISIZE
(  765) ISIZE = KIND (YD%RFAC_TWOC)
(  766) IF (LLPRINT) THEN
(  767)   WRITE (*, '(I10," ")', ADVANCE='NO') ISIZE
(  768)   WRITE (*, *) TRIM (CLPATH)//'%RFAC_TWOC'
(  769) ENDIF
(  770) KSIZE = KSIZE + ISIZE
(  771) ISIZE = KIND (YD%RZC_H)
(  772) IF (LLPRINT) THEN
(  773)   WRITE (*, '(I10," ")', ADVANCE='NO') ISIZE
(  774)   WRITE (*, *) TRIM (CLPATH)//'%RZC_H'
(  775) ENDIF
(  776) KSIZE = KSIZE + ISIZE
(  777) ISIZE = KIND (YD%RZL_INF)
(  778) IF (LLPRINT) THEN
(  779)   WRITE (*, '(I10," ")', ADVANCE='NO') ISIZE
(  780)   WRITE (*, *) TRIM (CLPATH)//'%RZL_INF'
(  781) ENDIF
(  782) KSIZE = KSIZE + ISIZE
(  783) ISIZE = KIND (YD%RSWINHF)
(  784) IF (LLPRINT) THEN
(  785)   WRITE (*, '(I10," ")', ADVANCE='NO') ISIZE
(  786)   WRITE (*, *) TRIM (CLPATH)//'%RSWINHF'
(  787) ENDIF
(  788) KSIZE = KSIZE + ISIZE
(  789) ISIZE = KIND (YD%RLWINHF)
(  790) IF (LLPRINT) THEN
(  791)   WRITE (*, '(I10," ")', ADVANCE='NO') ISIZE
(  792)   WRITE (*, *) TRIM (CLPATH)//'%RLWINHF'
(  793) ENDIF
(  794) KSIZE = KSIZE + ISIZE
(  795) ISIZE = KIND (YD%ALPHA)
(  796) IF (LLPRINT) THEN






NVFORTRAN (Version     24.5)          03/19/2025  06:54:49      page 27

(  797)   WRITE (*, '(I10," ")', ADVANCE='NO') ISIZE
(  798)   WRITE (*, *) TRIM (CLPATH)//'%ALPHA'
(  799) ENDIF
(  800) KSIZE = KSIZE + ISIZE
(  801) ISIZE = KIND (YD%RZNUC)
(  802) IF (LLPRINT) THEN
(  803)   WRITE (*, '(I10," ")', ADVANCE='NO') ISIZE
(  804)   WRITE (*, *) TRIM (CLPATH)//'%RZNUC'
(  805) ENDIF
(  806) KSIZE = KSIZE + ISIZE
(  807) ISIZE = KIND (YD%RZMFDRY)
(  808) IF (LLPRINT) THEN
(  809)   WRITE (*, '(I10," ")', ADVANCE='NO') ISIZE
(  810)   WRITE (*, *) TRIM (CLPATH)//'%RZMFDRY'
(  811) ENDIF
(  812) KSIZE = KSIZE + ISIZE
(  813) ISIZE = KIND (YD%RZMBCLOSURE)
(  814) IF (LLPRINT) THEN
(  815)   WRITE (*, '(I10," ")', ADVANCE='NO') ISIZE
(  816)   WRITE (*, *) TRIM (CLPATH)//'%RZMBCLOSURE'
(  817) ENDIF
(  818) KSIZE = KSIZE + ISIZE
(  819) ISIZE = KIND (YD%SLWIND)
(  820) IF (LLPRINT) THEN
(  821)   WRITE (*, '(I10," ")', ADVANCE='NO') ISIZE
(  822)   WRITE (*, *) TRIM (CLPATH)//'%SLWIND'
(  823) ENDIF
(  824) KSIZE = KSIZE + ISIZE
(  825) END FUNCTION
(  826) # 827 "./util_spp_pert_pointer_mod.F90"
(  827) END MODULE
