


NVFORTRAN (Version     24.5)          03/19/2025  06:54:35      page 1

Switches: -noasm -nodclchk -debug -nodlines -line -list
          -idir /opt/softs/gcc/9.2.0/hpc_sdk/Linux_x86_64/24.5/comm_libs/12.4/hpcx/hpcx-2.19/ompi/include
          -idir /opt/softs/gcc/9.2.0/hpc_sdk/Linux_x86_64/24.5/comm_libs/12.4/hpcx/hpcx-2.19/ompi/lib
          -inform severe -opt 1 -nosave -object -noonetrip
          -depchk on -nostandard     
          -symbol -noupcase    

Filename: ./util_tthf_mod.F90

(    1) MODULE UTIL_TTHF_MOD
(    2) 
(    3) USE YOETHF, ONLY : TTHF
(    4) 
(    5) INTERFACE SAVE
(    6) MODULE PROCEDURE SAVE_TTHF
(    7) END INTERFACE
(    8) 
(    9) INTERFACE LOAD
(   10) MODULE PROCEDURE LOAD_TTHF
(   11) END INTERFACE
(   12) 
(   13) INTERFACE COPY
(   14) MODULE PROCEDURE COPY_TTHF
(   15) END INTERFACE
(   16) 
(   17) INTERFACE HOST
(   18) MODULE PROCEDURE HOST_TTHF
(   19) END INTERFACE
(   20) 
(   21)      
(   22) INTERFACE CRC64
(   23) MODULE PROCEDURE CRC64_TTHF
(   24) END INTERFACE
(   25) 
(   26) INTERFACE WIPE
(   27) MODULE PROCEDURE WIPE_TTHF
(   28) END INTERFACE
(   29) 
(   30) INTERFACE SIZE
(   31) MODULE PROCEDURE SIZE_TTHF
(   32) END INTERFACE
(   33) 
(   34) 
(   35) CONTAINS
(   36) 
(   37) SUBROUTINE SAVE_TTHF (KLUN, YD)
(   38) 
(   39) IMPLICIT NONE
(   40) INTEGER, INTENT (IN) :: KLUN
(   41) TYPE (TTHF), INTENT (IN), TARGET :: YD
(   42) 
(   43) WRITE (KLUN) YD%R2ES
(   44) WRITE (KLUN) YD%R3LES
(   45) WRITE (KLUN) YD%R3IES
(   46) WRITE (KLUN) YD%R4LES
(   47) WRITE (KLUN) YD%R4IES
(   48) WRITE (KLUN) YD%R5LES
(   49) WRITE (KLUN) YD%R5IES
(   50) WRITE (KLUN) YD%RVTMP2






NVFORTRAN (Version     24.5)          03/19/2025  06:54:35      page 2

(   51) WRITE (KLUN) YD%RHOH2O
(   52) WRITE (KLUN) YD%R5ALVCP
(   53) WRITE (KLUN) YD%R5ALSCP
(   54) WRITE (KLUN) YD%RALVDCP
(   55) WRITE (KLUN) YD%RALSDCP
(   56) WRITE (KLUN) YD%RALFDCP
(   57) WRITE (KLUN) YD%RTWAT
(   58) WRITE (KLUN) YD%RTBER
(   59) WRITE (KLUN) YD%RTBERCU
(   60) WRITE (KLUN) YD%RTICE
(   61) WRITE (KLUN) YD%RTICECU
(   62) WRITE (KLUN) YD%RTWAT_RTICE_R
(   63) WRITE (KLUN) YD%RTWAT_RTICECU_R
(   64) WRITE (KLUN) YD%RKOOP1
(   65) WRITE (KLUN) YD%RKOOP2
(   66) END SUBROUTINE
(   67) 
(   68) SUBROUTINE LOAD_TTHF (KLUN, YD)
(   69) USE PARKIND1, ONLY : JPRD
(   70) 
(   71) IMPLICIT NONE
(   72) INTEGER, INTENT (IN) :: KLUN
(   73) TYPE (TTHF), INTENT (OUT), TARGET :: YD
(   74) REAL(KIND=JPRD) :: ZTMP0
(   75) READ (KLUN) ZTMP0
(   76) YD%R2ES = ZTMP0
(   77) READ (KLUN) ZTMP0
(   78) YD%R3LES = ZTMP0
(   79) READ (KLUN) ZTMP0
(   80) YD%R3IES = ZTMP0
(   81) READ (KLUN) ZTMP0
(   82) YD%R4LES = ZTMP0
(   83) READ (KLUN) ZTMP0
(   84) YD%R4IES = ZTMP0
(   85) READ (KLUN) ZTMP0
(   86) YD%R5LES = ZTMP0
(   87) READ (KLUN) ZTMP0
(   88) YD%R5IES = ZTMP0
(   89) READ (KLUN) ZTMP0
(   90) YD%RVTMP2 = ZTMP0
(   91) READ (KLUN) ZTMP0
(   92) YD%RHOH2O = ZTMP0
(   93) READ (KLUN) ZTMP0
(   94) YD%R5ALVCP = ZTMP0
(   95) READ (KLUN) ZTMP0
(   96) YD%R5ALSCP = ZTMP0
(   97) READ (KLUN) ZTMP0
(   98) YD%RALVDCP = ZTMP0
(   99) READ (KLUN) ZTMP0
(  100) YD%RALSDCP = ZTMP0
(  101) READ (KLUN) ZTMP0
(  102) YD%RALFDCP = ZTMP0
(  103) READ (KLUN) ZTMP0
(  104) YD%RTWAT = ZTMP0
(  105) READ (KLUN) ZTMP0
(  106) YD%RTBER = ZTMP0
(  107) READ (KLUN) ZTMP0
(  108) YD%RTBERCU = ZTMP0






NVFORTRAN (Version     24.5)          03/19/2025  06:54:35      page 3

(  109) READ (KLUN) ZTMP0
(  110) YD%RTICE = ZTMP0
(  111) READ (KLUN) ZTMP0
(  112) YD%RTICECU = ZTMP0
(  113) READ (KLUN) ZTMP0
(  114) YD%RTWAT_RTICE_R = ZTMP0
(  115) READ (KLUN) ZTMP0
(  116) YD%RTWAT_RTICECU_R = ZTMP0
(  117) READ (KLUN) ZTMP0
(  118) YD%RKOOP1 = ZTMP0
(  119) READ (KLUN) ZTMP0
(  120) YD%RKOOP2 = ZTMP0
(  121) END SUBROUTINE
(  122) 
(  123) 
(  124) SUBROUTINE COPY_TTHF (YD, LDCREATED, LDFIELDAPI)
(  125) 
(  126) IMPLICIT NONE
(  127) TYPE (TTHF), INTENT (IN), TARGET :: YD
(  128) LOGICAL, OPTIONAL, INTENT (IN) :: LDCREATED, LDFIELDAPI
(  129) LOGICAL :: LLCREATED
(  130) LOGICAL :: LLFIELDAPI
(  131) 
(  132) LLFIELDAPI = .FALSE.
(  133) IF (PRESENT (LDFIELDAPI)) THEN
(  134)   LLFIELDAPI = LDFIELDAPI
(  135) ENDIF
(  136) LLCREATED = .FALSE.
(  137) IF (PRESENT (LDCREATED)) THEN
(  138)   LLCREATED = LDCREATED
(  139) ENDIF
(  140) IF (.NOT. LLCREATED) THEN
(  141)   !$acc enter data create (YD)
(  142)   !$acc update device (YD)
(  143) ENDIF
(  144) 
(  145) 
(  146) 
(  147) 
(  148) 
(  149) 
(  150) 
(  151) 
(  152) 
(  153) 
(  154) 
(  155) 
(  156) 
(  157) 
(  158) 
(  159) 
(  160) 
(  161) 
(  162) 
(  163) 
(  164) 
(  165) 
(  166) 






NVFORTRAN (Version     24.5)          03/19/2025  06:54:35      page 4

(  167) END SUBROUTINE
(  168) 
(  169) SUBROUTINE HOST_TTHF (YD)
(  170) 
(  171) IMPLICIT NONE
(  172) TYPE (TTHF), TARGET :: YD
(  173) 
(  174) 
(  175) 
(  176) 
(  177) 
(  178) 
(  179) 
(  180) 
(  181) 
(  182) 
(  183) 
(  184) 
(  185) 
(  186) 
(  187) 
(  188) 
(  189) 
(  190) 
(  191) 
(  192) 
(  193) 
(  194) 
(  195) 
(  196) 
(  197) END SUBROUTINE
(  198) 
(  199)      
(  200) 
(  201) SUBROUTINE CRC64_TTHF (YD, KLUN, CDPATH)
(  202) USE CRC64_INTRINSIC
(  203) 
(  204) IMPLICIT NONE
(  205) TYPE (TTHF), TARGET :: YD
(  206) INTEGER, INTENT (IN) :: KLUN
(  207) CHARACTER(LEN=*), INTENT (IN) :: CDPATH
(  208) CHARACTER(LEN=128) :: CLIND
(  209) 
(  210) WRITE (KLUN, '(Z16.16," ",A)') CRC64 (YD%R2ES), CDPATH//'%R2ES'
(  211) 
(  212) WRITE (KLUN, '(Z16.16," ",A)') CRC64 (YD%R3LES), CDPATH//'%R3LES'
(  213) 
(  214) WRITE (KLUN, '(Z16.16," ",A)') CRC64 (YD%R3IES), CDPATH//'%R3IES'
(  215) 
(  216) WRITE (KLUN, '(Z16.16," ",A)') CRC64 (YD%R4LES), CDPATH//'%R4LES'
(  217) 
(  218) WRITE (KLUN, '(Z16.16," ",A)') CRC64 (YD%R4IES), CDPATH//'%R4IES'
(  219) 
(  220) WRITE (KLUN, '(Z16.16," ",A)') CRC64 (YD%R5LES), CDPATH//'%R5LES'
(  221) 
(  222) WRITE (KLUN, '(Z16.16," ",A)') CRC64 (YD%R5IES), CDPATH//'%R5IES'
(  223) 
(  224) WRITE (KLUN, '(Z16.16," ",A)') CRC64 (YD%RVTMP2), CDPATH//'%RVTMP2'






NVFORTRAN (Version     24.5)          03/19/2025  06:54:35      page 5

(  225) 
(  226) WRITE (KLUN, '(Z16.16," ",A)') CRC64 (YD%RHOH2O), CDPATH//'%RHOH2O'
(  227) 
(  228) WRITE (KLUN, '(Z16.16," ",A)') CRC64 (YD%R5ALVCP), CDPATH//'%R5ALVCP'
(  229) 
(  230) WRITE (KLUN, '(Z16.16," ",A)') CRC64 (YD%R5ALSCP), CDPATH//'%R5ALSCP'
(  231) 
(  232) WRITE (KLUN, '(Z16.16," ",A)') CRC64 (YD%RALVDCP), CDPATH//'%RALVDCP'
(  233) 
(  234) WRITE (KLUN, '(Z16.16," ",A)') CRC64 (YD%RALSDCP), CDPATH//'%RALSDCP'
(  235) 
(  236) WRITE (KLUN, '(Z16.16," ",A)') CRC64 (YD%RALFDCP), CDPATH//'%RALFDCP'
(  237) 
(  238) WRITE (KLUN, '(Z16.16," ",A)') CRC64 (YD%RTWAT), CDPATH//'%RTWAT'
(  239) 
(  240) WRITE (KLUN, '(Z16.16," ",A)') CRC64 (YD%RTBER), CDPATH//'%RTBER'
(  241) 
(  242) WRITE (KLUN, '(Z16.16," ",A)') CRC64 (YD%RTBERCU), CDPATH//'%RTBERCU'
(  243) 
(  244) WRITE (KLUN, '(Z16.16," ",A)') CRC64 (YD%RTICE), CDPATH//'%RTICE'
(  245) 
(  246) WRITE (KLUN, '(Z16.16," ",A)') CRC64 (YD%RTICECU), CDPATH//'%RTICECU'
(  247) 
(  248) WRITE (KLUN, '(Z16.16," ",A)') CRC64 (YD%RTWAT_RTICE_R), CDPATH//'%RTWAT_RTICE_R'
(  249) 
(  250) WRITE (KLUN, '(Z16.16," ",A)') CRC64 (YD%RTWAT_RTICECU_R), CDPATH//'%RTWAT_RTICECU_R'
(  251) 
(  252) WRITE (KLUN, '(Z16.16," ",A)') CRC64 (YD%RKOOP1), CDPATH//'%RKOOP1'
(  253) 
(  254) WRITE (KLUN, '(Z16.16," ",A)') CRC64 (YD%RKOOP2), CDPATH//'%RKOOP2'
(  255) 
(  256) END SUBROUTINE
(  257) 
(  258) SUBROUTINE WIPE_TTHF (YD, LDDELETED, LDFIELDAPI)
(  259) 
(  260) IMPLICIT NONE
(  261) TYPE (TTHF), INTENT (IN), TARGET :: YD
(  262) LOGICAL, OPTIONAL, INTENT (IN) :: LDDELETED, LDFIELDAPI
(  263) LOGICAL :: LLDELETED
(  264) LOGICAL :: LLFIELDAPI
(  265) 
(  266) LLFIELDAPI = .FALSE.
(  267) IF (PRESENT (LDFIELDAPI)) THEN
(  268)   LLFIELDAPI = LDFIELDAPI
(  269) ENDIF
(  270) 
(  271) 
(  272) 
(  273) 
(  274) 
(  275) 
(  276) 
(  277) 
(  278) 
(  279) 
(  280) 
(  281) 
(  282) 






NVFORTRAN (Version     24.5)          03/19/2025  06:54:35      page 6

(  283) 
(  284) 
(  285) 
(  286) 
(  287) 
(  288) 
(  289) 
(  290) 
(  291) 
(  292) 
(  293) LLDELETED = .FALSE.
(  294) IF (PRESENT (LDDELETED)) THEN
(  295)   LLDELETED = LDDELETED
(  296) ENDIF
(  297) IF (.NOT. LLDELETED) THEN
(  298)   !$acc exit data delete (YD)
(  299) ENDIF
(  300) END SUBROUTINE
(  301) 
(  302) INTEGER*8 FUNCTION SIZE_TTHF (YD, CDPATH, LDPRINT) RESULT (KSIZE)
(  303) 
(  304) IMPLICIT NONE
(  305) TYPE (TTHF),     INTENT (IN), TARGET :: YD
(  306) CHARACTER(LEN=*), INTENT (IN), OPTIONAL :: CDPATH
(  307) LOGICAL,          INTENT (IN), OPTIONAL :: LDPRINT
(  308) INTEGER*8 :: ISIZE, JSIZE
(  309) LOGICAL :: LLPRINT
(  310) CHARACTER(LEN=128) :: CLPATH
(  311) 
(  312) LLPRINT = .FALSE.
(  313) IF (PRESENT (LDPRINT)) THEN
(  314)   LLPRINT = LDPRINT
(  315) ENDIF
(  316) CLPATH=''
(  317) IF (PRESENT (CDPATH)) THEN
(  318)   CLPATH = CDPATH
(  319) ENDIF
(  320) KSIZE = 0
(  321) ISIZE = KIND (YD%R2ES)
(  322) IF (LLPRINT) THEN
(  323)   WRITE (*, '(I10," ")', ADVANCE='NO') ISIZE
(  324)   WRITE (*, *) TRIM (CLPATH)//'%R2ES'
(  325) ENDIF
(  326) KSIZE = KSIZE + ISIZE
(  327) ISIZE = KIND (YD%R3LES)
(  328) IF (LLPRINT) THEN
(  329)   WRITE (*, '(I10," ")', ADVANCE='NO') ISIZE
(  330)   WRITE (*, *) TRIM (CLPATH)//'%R3LES'
(  331) ENDIF
(  332) KSIZE = KSIZE + ISIZE
(  333) ISIZE = KIND (YD%R3IES)
(  334) IF (LLPRINT) THEN
(  335)   WRITE (*, '(I10," ")', ADVANCE='NO') ISIZE
(  336)   WRITE (*, *) TRIM (CLPATH)//'%R3IES'
(  337) ENDIF
(  338) KSIZE = KSIZE + ISIZE
(  339) ISIZE = KIND (YD%R4LES)
(  340) IF (LLPRINT) THEN






NVFORTRAN (Version     24.5)          03/19/2025  06:54:35      page 7

(  341)   WRITE (*, '(I10," ")', ADVANCE='NO') ISIZE
(  342)   WRITE (*, *) TRIM (CLPATH)//'%R4LES'
(  343) ENDIF
(  344) KSIZE = KSIZE + ISIZE
(  345) ISIZE = KIND (YD%R4IES)
(  346) IF (LLPRINT) THEN
(  347)   WRITE (*, '(I10," ")', ADVANCE='NO') ISIZE
(  348)   WRITE (*, *) TRIM (CLPATH)//'%R4IES'
(  349) ENDIF
(  350) KSIZE = KSIZE + ISIZE
(  351) ISIZE = KIND (YD%R5LES)
(  352) IF (LLPRINT) THEN
(  353)   WRITE (*, '(I10," ")', ADVANCE='NO') ISIZE
(  354)   WRITE (*, *) TRIM (CLPATH)//'%R5LES'
(  355) ENDIF
(  356) KSIZE = KSIZE + ISIZE
(  357) ISIZE = KIND (YD%R5IES)
(  358) IF (LLPRINT) THEN
(  359)   WRITE (*, '(I10," ")', ADVANCE='NO') ISIZE
(  360)   WRITE (*, *) TRIM (CLPATH)//'%R5IES'
(  361) ENDIF
(  362) KSIZE = KSIZE + ISIZE
(  363) ISIZE = KIND (YD%RVTMP2)
(  364) IF (LLPRINT) THEN
(  365)   WRITE (*, '(I10," ")', ADVANCE='NO') ISIZE
(  366)   WRITE (*, *) TRIM (CLPATH)//'%RVTMP2'
(  367) ENDIF
(  368) KSIZE = KSIZE + ISIZE
(  369) ISIZE = KIND (YD%RHOH2O)
(  370) IF (LLPRINT) THEN
(  371)   WRITE (*, '(I10," ")', ADVANCE='NO') ISIZE
(  372)   WRITE (*, *) TRIM (CLPATH)//'%RHOH2O'
(  373) ENDIF
(  374) KSIZE = KSIZE + ISIZE
(  375) ISIZE = KIND (YD%R5ALVCP)
(  376) IF (LLPRINT) THEN
(  377)   WRITE (*, '(I10," ")', ADVANCE='NO') ISIZE
(  378)   WRITE (*, *) TRIM (CLPATH)//'%R5ALVCP'
(  379) ENDIF
(  380) KSIZE = KSIZE + ISIZE
(  381) ISIZE = KIND (YD%R5ALSCP)
(  382) IF (LLPRINT) THEN
(  383)   WRITE (*, '(I10," ")', ADVANCE='NO') ISIZE
(  384)   WRITE (*, *) TRIM (CLPATH)//'%R5ALSCP'
(  385) ENDIF
(  386) KSIZE = KSIZE + ISIZE
(  387) ISIZE = KIND (YD%RALVDCP)
(  388) IF (LLPRINT) THEN
(  389)   WRITE (*, '(I10," ")', ADVANCE='NO') ISIZE
(  390)   WRITE (*, *) TRIM (CLPATH)//'%RALVDCP'
(  391) ENDIF
(  392) KSIZE = KSIZE + ISIZE
(  393) ISIZE = KIND (YD%RALSDCP)
(  394) IF (LLPRINT) THEN
(  395)   WRITE (*, '(I10," ")', ADVANCE='NO') ISIZE
(  396)   WRITE (*, *) TRIM (CLPATH)//'%RALSDCP'
(  397) ENDIF
(  398) KSIZE = KSIZE + ISIZE






NVFORTRAN (Version     24.5)          03/19/2025  06:54:35      page 8

(  399) ISIZE = KIND (YD%RALFDCP)
(  400) IF (LLPRINT) THEN
(  401)   WRITE (*, '(I10," ")', ADVANCE='NO') ISIZE
(  402)   WRITE (*, *) TRIM (CLPATH)//'%RALFDCP'
(  403) ENDIF
(  404) KSIZE = KSIZE + ISIZE
(  405) ISIZE = KIND (YD%RTWAT)
(  406) IF (LLPRINT) THEN
(  407)   WRITE (*, '(I10," ")', ADVANCE='NO') ISIZE
(  408)   WRITE (*, *) TRIM (CLPATH)//'%RTWAT'
(  409) ENDIF
(  410) KSIZE = KSIZE + ISIZE
(  411) ISIZE = KIND (YD%RTBER)
(  412) IF (LLPRINT) THEN
(  413)   WRITE (*, '(I10," ")', ADVANCE='NO') ISIZE
(  414)   WRITE (*, *) TRIM (CLPATH)//'%RTBER'
(  415) ENDIF
(  416) KSIZE = KSIZE + ISIZE
(  417) ISIZE = KIND (YD%RTBERCU)
(  418) IF (LLPRINT) THEN
(  419)   WRITE (*, '(I10," ")', ADVANCE='NO') ISIZE
(  420)   WRITE (*, *) TRIM (CLPATH)//'%RTBERCU'
(  421) ENDIF
(  422) KSIZE = KSIZE + ISIZE
(  423) ISIZE = KIND (YD%RTICE)
(  424) IF (LLPRINT) THEN
(  425)   WRITE (*, '(I10," ")', ADVANCE='NO') ISIZE
(  426)   WRITE (*, *) TRIM (CLPATH)//'%RTICE'
(  427) ENDIF
(  428) KSIZE = KSIZE + ISIZE
(  429) ISIZE = KIND (YD%RTICECU)
(  430) IF (LLPRINT) THEN
(  431)   WRITE (*, '(I10," ")', ADVANCE='NO') ISIZE
(  432)   WRITE (*, *) TRIM (CLPATH)//'%RTICECU'
(  433) ENDIF
(  434) KSIZE = KSIZE + ISIZE
(  435) ISIZE = KIND (YD%RTWAT_RTICE_R)
(  436) IF (LLPRINT) THEN
(  437)   WRITE (*, '(I10," ")', ADVANCE='NO') ISIZE
(  438)   WRITE (*, *) TRIM (CLPATH)//'%RTWAT_RTICE_R'
(  439) ENDIF
(  440) KSIZE = KSIZE + ISIZE
(  441) ISIZE = KIND (YD%RTWAT_RTICECU_R)
(  442) IF (LLPRINT) THEN
(  443)   WRITE (*, '(I10," ")', ADVANCE='NO') ISIZE
(  444)   WRITE (*, *) TRIM (CLPATH)//'%RTWAT_RTICECU_R'
(  445) ENDIF
(  446) KSIZE = KSIZE + ISIZE
(  447) ISIZE = KIND (YD%RKOOP1)
(  448) IF (LLPRINT) THEN
(  449)   WRITE (*, '(I10," ")', ADVANCE='NO') ISIZE
(  450)   WRITE (*, *) TRIM (CLPATH)//'%RKOOP1'
(  451) ENDIF
(  452) KSIZE = KSIZE + ISIZE
(  453) ISIZE = KIND (YD%RKOOP2)
(  454) IF (LLPRINT) THEN
(  455)   WRITE (*, '(I10," ")', ADVANCE='NO') ISIZE
(  456)   WRITE (*, *) TRIM (CLPATH)//'%RKOOP2'






NVFORTRAN (Version     24.5)          03/19/2025  06:54:35      page 9

(  457) ENDIF
(  458) KSIZE = KSIZE + ISIZE
(  459) END FUNCTION
(  460) 
(  461) END MODULE



























































NVFORTRAN (Version     24.5)          03/19/2025  06:54:35      page 10

(    1) # 1 "./util_tthf_mod.F90"
(    1) MODULE UTIL_TTHF_MOD
(    2) # 3 "./util_tthf_mod.F90"
(    3) USE YOETHF, ONLY : TTHF
(    4) # 5 "./util_tthf_mod.F90"
(    5) INTERFACE SAVE
(    6) MODULE PROCEDURE SAVE_TTHF
(    7) END INTERFACE
(    8) # 9 "./util_tthf_mod.F90"
(    9) INTERFACE LOAD
(   10) MODULE PROCEDURE LOAD_TTHF
(   11) END INTERFACE
(   12) # 13 "./util_tthf_mod.F90"
(   13) INTERFACE COPY
(   14) MODULE PROCEDURE COPY_TTHF
(   15) END INTERFACE
(   16) # 17 "./util_tthf_mod.F90"
(   17) INTERFACE HOST
(   18) MODULE PROCEDURE HOST_TTHF
(   19) END INTERFACE
(   20) # 21 "./util_tthf_mod.F90"
(   21)      
(   22) INTERFACE CRC64
(   23) MODULE PROCEDURE CRC64_TTHF
(   24) END INTERFACE
(   25) # 26 "./util_tthf_mod.F90"
(   26) INTERFACE WIPE
(   27) MODULE PROCEDURE WIPE_TTHF
(   28) END INTERFACE
(   29) # 30 "./util_tthf_mod.F90"
(   30) INTERFACE SIZE
(   31) MODULE PROCEDURE SIZE_TTHF
(   32) END INTERFACE
(   33) # 35 "./util_tthf_mod.F90"
(   35) CONTAINS
(   36) # 37 "./util_tthf_mod.F90"
(   37) SUBROUTINE SAVE_TTHF (KLUN, YD)
(   38) # 39 "./util_tthf_mod.F90"
(   39) IMPLICIT NONE
(   40) INTEGER, INTENT (IN) :: KLUN
(   41) TYPE (TTHF), INTENT (IN), TARGET :: YD
(   42) # 43 "./util_tthf_mod.F90"
(   43) WRITE (KLUN) YD%R2ES
(   44) WRITE (KLUN) YD%R3LES
(   45) WRITE (KLUN) YD%R3IES
(   46) WRITE (KLUN) YD%R4LES
(   47) WRITE (KLUN) YD%R4IES
(   48) WRITE (KLUN) YD%R5LES
(   49) WRITE (KLUN) YD%R5IES
(   50) WRITE (KLUN) YD%RVTMP2
(   51) WRITE (KLUN) YD%RHOH2O
(   52) WRITE (KLUN) YD%R5ALVCP
(   53) WRITE (KLUN) YD%R5ALSCP
(   54) WRITE (KLUN) YD%RALVDCP
(   55) WRITE (KLUN) YD%RALSDCP
(   56) WRITE (KLUN) YD%RALFDCP
(   57) WRITE (KLUN) YD%RTWAT
(   58) WRITE (KLUN) YD%RTBER






NVFORTRAN (Version     24.5)          03/19/2025  06:54:35      page 11

(   59) WRITE (KLUN) YD%RTBERCU
(   60) WRITE (KLUN) YD%RTICE
(   61) WRITE (KLUN) YD%RTICECU
(   62) WRITE (KLUN) YD%RTWAT_RTICE_R
(   63) WRITE (KLUN) YD%RTWAT_RTICECU_R
(   64) WRITE (KLUN) YD%RKOOP1
(   65) WRITE (KLUN) YD%RKOOP2
(   66) END SUBROUTINE
(   67) # 68 "./util_tthf_mod.F90"
(   68) SUBROUTINE LOAD_TTHF (KLUN, YD)
(   69) USE PARKIND1, ONLY : JPRD
(   70) # 71 "./util_tthf_mod.F90"
(   71) IMPLICIT NONE
(   72) INTEGER, INTENT (IN) :: KLUN
(   73) TYPE (TTHF), INTENT (OUT), TARGET :: YD
(   74) REAL(KIND=JPRD) :: ZTMP0
(   75) READ (KLUN) ZTMP0
(   76) YD%R2ES = ZTMP0
(   77) READ (KLUN) ZTMP0
(   78) YD%R3LES = ZTMP0
(   79) READ (KLUN) ZTMP0
(   80) YD%R3IES = ZTMP0
(   81) READ (KLUN) ZTMP0
(   82) YD%R4LES = ZTMP0
(   83) READ (KLUN) ZTMP0
(   84) YD%R4IES = ZTMP0
(   85) READ (KLUN) ZTMP0
(   86) YD%R5LES = ZTMP0
(   87) READ (KLUN) ZTMP0
(   88) YD%R5IES = ZTMP0
(   89) READ (KLUN) ZTMP0
(   90) YD%RVTMP2 = ZTMP0
(   91) READ (KLUN) ZTMP0
(   92) YD%RHOH2O = ZTMP0
(   93) READ (KLUN) ZTMP0
(   94) YD%R5ALVCP = ZTMP0
(   95) READ (KLUN) ZTMP0
(   96) YD%R5ALSCP = ZTMP0
(   97) READ (KLUN) ZTMP0
(   98) YD%RALVDCP = ZTMP0
(   99) READ (KLUN) ZTMP0
(  100) YD%RALSDCP = ZTMP0
(  101) READ (KLUN) ZTMP0
(  102) YD%RALFDCP = ZTMP0
(  103) READ (KLUN) ZTMP0
(  104) YD%RTWAT = ZTMP0
(  105) READ (KLUN) ZTMP0
(  106) YD%RTBER = ZTMP0
(  107) READ (KLUN) ZTMP0
(  108) YD%RTBERCU = ZTMP0
(  109) READ (KLUN) ZTMP0
(  110) YD%RTICE = ZTMP0
(  111) READ (KLUN) ZTMP0
(  112) YD%RTICECU = ZTMP0
(  113) READ (KLUN) ZTMP0
(  114) YD%RTWAT_RTICE_R = ZTMP0
(  115) READ (KLUN) ZTMP0
(  116) YD%RTWAT_RTICECU_R = ZTMP0






NVFORTRAN (Version     24.5)          03/19/2025  06:54:35      page 12

(  117) READ (KLUN) ZTMP0
(  118) YD%RKOOP1 = ZTMP0
(  119) READ (KLUN) ZTMP0
(  120) YD%RKOOP2 = ZTMP0
(  121) END SUBROUTINE
(  122) # 124 "./util_tthf_mod.F90"
(  124) SUBROUTINE COPY_TTHF (YD, LDCREATED, LDFIELDAPI)
(  125) # 126 "./util_tthf_mod.F90"
(  126) IMPLICIT NONE
(  127) TYPE (TTHF), INTENT (IN), TARGET :: YD
(  128) LOGICAL, OPTIONAL, INTENT (IN) :: LDCREATED, LDFIELDAPI
(  129) LOGICAL :: LLCREATED
(  130) LOGICAL :: LLFIELDAPI
(  131) # 132 "./util_tthf_mod.F90"
(  132) LLFIELDAPI = .FALSE.
(  133) IF (PRESENT (LDFIELDAPI)) THEN
(  134)   LLFIELDAPI = LDFIELDAPI
(  135) ENDIF
(  136) LLCREATED = .FALSE.
(  137) IF (PRESENT (LDCREATED)) THEN
(  138)   LLCREATED = LDCREATED
(  139) ENDIF
(  140) IF (.NOT. LLCREATED) THEN
(  141)   !$acc enter data create (YD)
(  142)   !$acc update device (YD)
(  143) ENDIF
(  144) # 167 "./util_tthf_mod.F90"
(  167) END SUBROUTINE
(  168) # 169 "./util_tthf_mod.F90"
(  169) SUBROUTINE HOST_TTHF (YD)
(  170) # 171 "./util_tthf_mod.F90"
(  171) IMPLICIT NONE
(  172) TYPE (TTHF), TARGET :: YD
(  173) # 197 "./util_tthf_mod.F90"
(  197) END SUBROUTINE
(  198) # 199 "./util_tthf_mod.F90"
(  199)      
(  200) # 201 "./util_tthf_mod.F90"
(  201) SUBROUTINE CRC64_TTHF (YD, KLUN, CDPATH)
(  202) USE CRC64_INTRINSIC
(  203) # 204 "./util_tthf_mod.F90"
(  204) IMPLICIT NONE
(  205) TYPE (TTHF), TARGET :: YD
(  206) INTEGER, INTENT (IN) :: KLUN
(  207) CHARACTER(LEN=*), INTENT (IN) :: CDPATH
(  208) CHARACTER(LEN=128) :: CLIND
(  209) # 210 "./util_tthf_mod.F90"
(  210) WRITE (KLUN, '(Z16.16," ",A)') CRC64 (YD%R2ES), CDPATH//'%R2ES'
(  211) # 212 "./util_tthf_mod.F90"
(  212) WRITE (KLUN, '(Z16.16," ",A)') CRC64 (YD%R3LES), CDPATH//'%R3LES'
(  213) # 214 "./util_tthf_mod.F90"
(  214) WRITE (KLUN, '(Z16.16," ",A)') CRC64 (YD%R3IES), CDPATH//'%R3IES'
(  215) # 216 "./util_tthf_mod.F90"
(  216) WRITE (KLUN, '(Z16.16," ",A)') CRC64 (YD%R4LES), CDPATH//'%R4LES'
(  217) # 218 "./util_tthf_mod.F90"
(  218) WRITE (KLUN, '(Z16.16," ",A)') CRC64 (YD%R4IES), CDPATH//'%R4IES'
(  219) # 220 "./util_tthf_mod.F90"
(  220) WRITE (KLUN, '(Z16.16," ",A)') CRC64 (YD%R5LES), CDPATH//'%R5LES'






NVFORTRAN (Version     24.5)          03/19/2025  06:54:35      page 13

(  221) # 222 "./util_tthf_mod.F90"
(  222) WRITE (KLUN, '(Z16.16," ",A)') CRC64 (YD%R5IES), CDPATH//'%R5IES'
(  223) # 224 "./util_tthf_mod.F90"
(  224) WRITE (KLUN, '(Z16.16," ",A)') CRC64 (YD%RVTMP2), CDPATH//'%RVTMP2'
(  225) # 226 "./util_tthf_mod.F90"
(  226) WRITE (KLUN, '(Z16.16," ",A)') CRC64 (YD%RHOH2O), CDPATH//'%RHOH2O'
(  227) # 228 "./util_tthf_mod.F90"
(  228) WRITE (KLUN, '(Z16.16," ",A)') CRC64 (YD%R5ALVCP), CDPATH//'%R5ALVCP'
(  229) # 230 "./util_tthf_mod.F90"
(  230) WRITE (KLUN, '(Z16.16," ",A)') CRC64 (YD%R5ALSCP), CDPATH//'%R5ALSCP'
(  231) # 232 "./util_tthf_mod.F90"
(  232) WRITE (KLUN, '(Z16.16," ",A)') CRC64 (YD%RALVDCP), CDPATH//'%RALVDCP'
(  233) # 234 "./util_tthf_mod.F90"
(  234) WRITE (KLUN, '(Z16.16," ",A)') CRC64 (YD%RALSDCP), CDPATH//'%RALSDCP'
(  235) # 236 "./util_tthf_mod.F90"
(  236) WRITE (KLUN, '(Z16.16," ",A)') CRC64 (YD%RALFDCP), CDPATH//'%RALFDCP'
(  237) # 238 "./util_tthf_mod.F90"
(  238) WRITE (KLUN, '(Z16.16," ",A)') CRC64 (YD%RTWAT), CDPATH//'%RTWAT'
(  239) # 240 "./util_tthf_mod.F90"
(  240) WRITE (KLUN, '(Z16.16," ",A)') CRC64 (YD%RTBER), CDPATH//'%RTBER'
(  241) # 242 "./util_tthf_mod.F90"
(  242) WRITE (KLUN, '(Z16.16," ",A)') CRC64 (YD%RTBERCU), CDPATH//'%RTBERCU'
(  243) # 244 "./util_tthf_mod.F90"
(  244) WRITE (KLUN, '(Z16.16," ",A)') CRC64 (YD%RTICE), CDPATH//'%RTICE'
(  245) # 246 "./util_tthf_mod.F90"
(  246) WRITE (KLUN, '(Z16.16," ",A)') CRC64 (YD%RTICECU), CDPATH//'%RTICECU'
(  247) # 248 "./util_tthf_mod.F90"
(  248) WRITE (KLUN, '(Z16.16," ",A)') CRC64 (YD%RTWAT_RTICE_R), CDPATH//'%RTWAT_RTICE_R'
(  249) # 250 "./util_tthf_mod.F90"
(  250) WRITE (KLUN, '(Z16.16," ",A)') CRC64 (YD%RTWAT_RTICECU_R), CDPATH//'%RTWAT_RTICECU_R'
(  251) # 252 "./util_tthf_mod.F90"
(  252) WRITE (KLUN, '(Z16.16," ",A)') CRC64 (YD%RKOOP1), CDPATH//'%RKOOP1'
(  253) # 254 "./util_tthf_mod.F90"
(  254) WRITE (KLUN, '(Z16.16," ",A)') CRC64 (YD%RKOOP2), CDPATH//'%RKOOP2'
(  255) # 256 "./util_tthf_mod.F90"
(  256) END SUBROUTINE
(  257) # 258 "./util_tthf_mod.F90"
(  258) SUBROUTINE WIPE_TTHF (YD, LDDELETED, LDFIELDAPI)
(  259) # 260 "./util_tthf_mod.F90"
(  260) IMPLICIT NONE
(  261) TYPE (TTHF), INTENT (IN), TARGET :: YD
(  262) LOGICAL, OPTIONAL, INTENT (IN) :: LDDELETED, LDFIELDAPI
(  263) LOGICAL :: LLDELETED
(  264) LOGICAL :: LLFIELDAPI
(  265) # 266 "./util_tthf_mod.F90"
(  266) LLFIELDAPI = .FALSE.
(  267) IF (PRESENT (LDFIELDAPI)) THEN
(  268)   LLFIELDAPI = LDFIELDAPI
(  269) ENDIF
(  270) # 293 "./util_tthf_mod.F90"
(  293) LLDELETED = .FALSE.
(  294) IF (PRESENT (LDDELETED)) THEN
(  295)   LLDELETED = LDDELETED
(  296) ENDIF
(  297) IF (.NOT. LLDELETED) THEN
(  298)   !$acc exit data delete (YD)
(  299) ENDIF
(  300) END SUBROUTINE






NVFORTRAN (Version     24.5)          03/19/2025  06:54:35      page 14

(  301) # 302 "./util_tthf_mod.F90"
(  302) INTEGER*8 FUNCTION SIZE_TTHF (YD, CDPATH, LDPRINT) RESULT (KSIZE)
(  303) # 304 "./util_tthf_mod.F90"
(  304) IMPLICIT NONE
(  305) TYPE (TTHF),     INTENT (IN), TARGET :: YD
(  306) CHARACTER(LEN=*), INTENT (IN), OPTIONAL :: CDPATH
(  307) LOGICAL,          INTENT (IN), OPTIONAL :: LDPRINT
(  308) INTEGER*8 :: ISIZE, JSIZE
(  309) LOGICAL :: LLPRINT
(  310) CHARACTER(LEN=128) :: CLPATH
(  311) # 312 "./util_tthf_mod.F90"
(  312) LLPRINT = .FALSE.
(  313) IF (PRESENT (LDPRINT)) THEN
(  314)   LLPRINT = LDPRINT
(  315) ENDIF
(  316) CLPATH=''
(  317) IF (PRESENT (CDPATH)) THEN
(  318)   CLPATH = CDPATH
(  319) ENDIF
(  320) KSIZE = 0
(  321) ISIZE = KIND (YD%R2ES)
(  322) IF (LLPRINT) THEN
(  323)   WRITE (*, '(I10," ")', ADVANCE='NO') ISIZE
(  324)   WRITE (*, *) TRIM (CLPATH)//'%R2ES'
(  325) ENDIF
(  326) KSIZE = KSIZE + ISIZE
(  327) ISIZE = KIND (YD%R3LES)
(  328) IF (LLPRINT) THEN
(  329)   WRITE (*, '(I10," ")', ADVANCE='NO') ISIZE
(  330)   WRITE (*, *) TRIM (CLPATH)//'%R3LES'
(  331) ENDIF
(  332) KSIZE = KSIZE + ISIZE
(  333) ISIZE = KIND (YD%R3IES)
(  334) IF (LLPRINT) THEN
(  335)   WRITE (*, '(I10," ")', ADVANCE='NO') ISIZE
(  336)   WRITE (*, *) TRIM (CLPATH)//'%R3IES'
(  337) ENDIF
(  338) KSIZE = KSIZE + ISIZE
(  339) ISIZE = KIND (YD%R4LES)
(  340) IF (LLPRINT) THEN
(  341)   WRITE (*, '(I10," ")', ADVANCE='NO') ISIZE
(  342)   WRITE (*, *) TRIM (CLPATH)//'%R4LES'
(  343) ENDIF
(  344) KSIZE = KSIZE + ISIZE
(  345) ISIZE = KIND (YD%R4IES)
(  346) IF (LLPRINT) THEN
(  347)   WRITE (*, '(I10," ")', ADVANCE='NO') ISIZE
(  348)   WRITE (*, *) TRIM (CLPATH)//'%R4IES'
(  349) ENDIF
(  350) KSIZE = KSIZE + ISIZE
(  351) ISIZE = KIND (YD%R5LES)
(  352) IF (LLPRINT) THEN
(  353)   WRITE (*, '(I10," ")', ADVANCE='NO') ISIZE
(  354)   WRITE (*, *) TRIM (CLPATH)//'%R5LES'
(  355) ENDIF
(  356) KSIZE = KSIZE + ISIZE
(  357) ISIZE = KIND (YD%R5IES)
(  358) IF (LLPRINT) THEN






NVFORTRAN (Version     24.5)          03/19/2025  06:54:35      page 15

(  359)   WRITE (*, '(I10," ")', ADVANCE='NO') ISIZE
(  360)   WRITE (*, *) TRIM (CLPATH)//'%R5IES'
(  361) ENDIF
(  362) KSIZE = KSIZE + ISIZE
(  363) ISIZE = KIND (YD%RVTMP2)
(  364) IF (LLPRINT) THEN
(  365)   WRITE (*, '(I10," ")', ADVANCE='NO') ISIZE
(  366)   WRITE (*, *) TRIM (CLPATH)//'%RVTMP2'
(  367) ENDIF
(  368) KSIZE = KSIZE + ISIZE
(  369) ISIZE = KIND (YD%RHOH2O)
(  370) IF (LLPRINT) THEN
(  371)   WRITE (*, '(I10," ")', ADVANCE='NO') ISIZE
(  372)   WRITE (*, *) TRIM (CLPATH)//'%RHOH2O'
(  373) ENDIF
(  374) KSIZE = KSIZE + ISIZE
(  375) ISIZE = KIND (YD%R5ALVCP)
(  376) IF (LLPRINT) THEN
(  377)   WRITE (*, '(I10," ")', ADVANCE='NO') ISIZE
(  378)   WRITE (*, *) TRIM (CLPATH)//'%R5ALVCP'
(  379) ENDIF
(  380) KSIZE = KSIZE + ISIZE
(  381) ISIZE = KIND (YD%R5ALSCP)
(  382) IF (LLPRINT) THEN
(  383)   WRITE (*, '(I10," ")', ADVANCE='NO') ISIZE
(  384)   WRITE (*, *) TRIM (CLPATH)//'%R5ALSCP'
(  385) ENDIF
(  386) KSIZE = KSIZE + ISIZE
(  387) ISIZE = KIND (YD%RALVDCP)
(  388) IF (LLPRINT) THEN
(  389)   WRITE (*, '(I10," ")', ADVANCE='NO') ISIZE
(  390)   WRITE (*, *) TRIM (CLPATH)//'%RALVDCP'
(  391) ENDIF
(  392) KSIZE = KSIZE + ISIZE
(  393) ISIZE = KIND (YD%RALSDCP)
(  394) IF (LLPRINT) THEN
(  395)   WRITE (*, '(I10," ")', ADVANCE='NO') ISIZE
(  396)   WRITE (*, *) TRIM (CLPATH)//'%RALSDCP'
(  397) ENDIF
(  398) KSIZE = KSIZE + ISIZE
(  399) ISIZE = KIND (YD%RALFDCP)
(  400) IF (LLPRINT) THEN
(  401)   WRITE (*, '(I10," ")', ADVANCE='NO') ISIZE
(  402)   WRITE (*, *) TRIM (CLPATH)//'%RALFDCP'
(  403) ENDIF
(  404) KSIZE = KSIZE + ISIZE
(  405) ISIZE = KIND (YD%RTWAT)
(  406) IF (LLPRINT) THEN
(  407)   WRITE (*, '(I10," ")', ADVANCE='NO') ISIZE
(  408)   WRITE (*, *) TRIM (CLPATH)//'%RTWAT'
(  409) ENDIF
(  410) KSIZE = KSIZE + ISIZE
(  411) ISIZE = KIND (YD%RTBER)
(  412) IF (LLPRINT) THEN
(  413)   WRITE (*, '(I10," ")', ADVANCE='NO') ISIZE
(  414)   WRITE (*, *) TRIM (CLPATH)//'%RTBER'
(  415) ENDIF
(  416) KSIZE = KSIZE + ISIZE






NVFORTRAN (Version     24.5)          03/19/2025  06:54:35      page 16

(  417) ISIZE = KIND (YD%RTBERCU)
(  418) IF (LLPRINT) THEN
(  419)   WRITE (*, '(I10," ")', ADVANCE='NO') ISIZE
(  420)   WRITE (*, *) TRIM (CLPATH)//'%RTBERCU'
(  421) ENDIF
(  422) KSIZE = KSIZE + ISIZE
(  423) ISIZE = KIND (YD%RTICE)
(  424) IF (LLPRINT) THEN
(  425)   WRITE (*, '(I10," ")', ADVANCE='NO') ISIZE
(  426)   WRITE (*, *) TRIM (CLPATH)//'%RTICE'
(  427) ENDIF
(  428) KSIZE = KSIZE + ISIZE
(  429) ISIZE = KIND (YD%RTICECU)
(  430) IF (LLPRINT) THEN
(  431)   WRITE (*, '(I10," ")', ADVANCE='NO') ISIZE
(  432)   WRITE (*, *) TRIM (CLPATH)//'%RTICECU'
(  433) ENDIF
(  434) KSIZE = KSIZE + ISIZE
(  435) ISIZE = KIND (YD%RTWAT_RTICE_R)
(  436) IF (LLPRINT) THEN
(  437)   WRITE (*, '(I10," ")', ADVANCE='NO') ISIZE
(  438)   WRITE (*, *) TRIM (CLPATH)//'%RTWAT_RTICE_R'
(  439) ENDIF
(  440) KSIZE = KSIZE + ISIZE
(  441) ISIZE = KIND (YD%RTWAT_RTICECU_R)
(  442) IF (LLPRINT) THEN
(  443)   WRITE (*, '(I10," ")', ADVANCE='NO') ISIZE
(  444)   WRITE (*, *) TRIM (CLPATH)//'%RTWAT_RTICECU_R'
(  445) ENDIF
(  446) KSIZE = KSIZE + ISIZE
(  447) ISIZE = KIND (YD%RKOOP1)
(  448) IF (LLPRINT) THEN
(  449)   WRITE (*, '(I10," ")', ADVANCE='NO') ISIZE
(  450)   WRITE (*, *) TRIM (CLPATH)//'%RKOOP1'
(  451) ENDIF
(  452) KSIZE = KSIZE + ISIZE
(  453) ISIZE = KIND (YD%RKOOP2)
(  454) IF (LLPRINT) THEN
(  455)   WRITE (*, '(I10," ")', ADVANCE='NO') ISIZE
(  456)   WRITE (*, *) TRIM (CLPATH)//'%RKOOP2'
(  457) ENDIF
(  458) KSIZE = KSIZE + ISIZE
(  459) END FUNCTION
(  460) # 461 "./util_tthf_mod.F90"
(  461) END MODULE
