


NVFORTRAN (Version     24.5)          03/19/2025  06:54:33      page 1

Switches: -noasm -nodclchk -debug -nodlines -line -list
          -idir /opt/softs/gcc/9.2.0/hpc_sdk/Linux_x86_64/24.5/comm_libs/12.4/hpcx/hpcx-2.19/ompi/include
          -idir /opt/softs/gcc/9.2.0/hpc_sdk/Linux_x86_64/24.5/comm_libs/12.4/hpcx/hpcx-2.19/ompi/lib
          -inform severe -opt 1 -nosave -object -noonetrip
          -depchk on -nostandard     
          -symbol -noupcase    

Filename: ./util_tegwwms_mod.F90

(    1) MODULE UTIL_TEGWWMS_MOD
(    2) 
(    3) USE YOEGWWMS, ONLY : TEGWWMS
(    4) 
(    5) INTERFACE SAVE
(    6) MODULE PROCEDURE SAVE_TEGWWMS
(    7) END INTERFACE
(    8) 
(    9) INTERFACE LOAD
(   10) MODULE PROCEDURE LOAD_TEGWWMS
(   11) END INTERFACE
(   12) 
(   13) INTERFACE COPY
(   14) MODULE PROCEDURE COPY_TEGWWMS
(   15) END INTERFACE
(   16) 
(   17) INTERFACE HOST
(   18) MODULE PROCEDURE HOST_TEGWWMS
(   19) END INTERFACE
(   20) 
(   21)      
(   22) INTERFACE CRC64
(   23) MODULE PROCEDURE CRC64_TEGWWMS
(   24) END INTERFACE
(   25) 
(   26) INTERFACE WIPE
(   27) MODULE PROCEDURE WIPE_TEGWWMS
(   28) END INTERFACE
(   29) 
(   30) INTERFACE SIZE
(   31) MODULE PROCEDURE SIZE_TEGWWMS
(   32) END INTERFACE
(   33) 
(   34) 
(   35) CONTAINS
(   36) 
(   37) SUBROUTINE SAVE_TEGWWMS (KLUN, YD)
(   38) 
(   39) IMPLICIT NONE
(   40) INTEGER, INTENT (IN) :: KLUN
(   41) TYPE (TEGWWMS), INTENT (IN), TARGET :: YD
(   42) 
(   43) WRITE (KLUN) YD%LOZPR
(   44) WRITE (KLUN) YD%LGACALC
(   45) WRITE (KLUN) YD%LGSATL
(   46) WRITE (KLUN) YD%LGINDL
(   47) WRITE (KLUN) YD%NLAUNCHL
(   48) WRITE (KLUN) YD%NLAUNCHLEV
(   49) WRITE (KLUN) YD%NLAUNCH
(   50) WRITE (KLUN) YD%NSLOPE






NVFORTRAN (Version     24.5)          03/19/2025  06:54:33      page 2

(   51) WRITE (KLUN) YD%NGAUSS
(   52) WRITE (KLUN) YD%GFLUXLAUNL
(   53) WRITE (KLUN) YD%GFLUXLAUN
(   54) WRITE (KLUN) YD%GMSTAR_L
(   55) WRITE (KLUN) YD%GCSTAR
(   56) WRITE (KLUN) YD%GPTWO
(   57) WRITE (KLUN) YD%GTPHYGWWMS
(   58) WRITE (KLUN) YD%GGAUSSA
(   59) WRITE (KLUN) YD%GGAUSSB
(   60) WRITE (KLUN) YD%GCOEFF
(   61) END SUBROUTINE
(   62) 
(   63) SUBROUTINE LOAD_TEGWWMS (KLUN, YD)
(   64) USE PARKIND1, ONLY : JPRD
(   65) 
(   66) IMPLICIT NONE
(   67) INTEGER, INTENT (IN) :: KLUN
(   68) TYPE (TEGWWMS), INTENT (OUT), TARGET :: YD
(   69) REAL(KIND=JPRD) :: ZTMP0
(   70) REAL(KIND=JPRD), ALLOCATABLE :: ZTMP1 (:)
(   71) READ (KLUN) YD%LOZPR
(   72) READ (KLUN) YD%LGACALC
(   73) READ (KLUN) YD%LGSATL
(   74) READ (KLUN) YD%LGINDL
(   75) READ (KLUN) YD%NLAUNCHL
(   76) READ (KLUN) YD%NLAUNCHLEV
(   77) READ (KLUN) YD%NLAUNCH
(   78) READ (KLUN) YD%NSLOPE
(   79) READ (KLUN) YD%NGAUSS
(   80) ALLOCATE (ZTMP1(LBOUND(YD%GFLUXLAUNL,1):UBOUND(YD%GFLUXLAUNL,1)))
(   81) READ (KLUN) ZTMP1
(   82) YD%GFLUXLAUNL = ZTMP1
(   83) DEALLOCATE (ZTMP1)
(   84) READ (KLUN) ZTMP0
(   85) YD%GFLUXLAUN = ZTMP0
(   86) ALLOCATE (ZTMP1(LBOUND(YD%GMSTAR_L,1):UBOUND(YD%GMSTAR_L,1)))
(   87) READ (KLUN) ZTMP1
(   88) YD%GMSTAR_L = ZTMP1
(   89) DEALLOCATE (ZTMP1)
(   90) READ (KLUN) ZTMP0
(   91) YD%GCSTAR = ZTMP0
(   92) READ (KLUN) ZTMP0
(   93) YD%GPTWO = ZTMP0
(   94) READ (KLUN) ZTMP0
(   95) YD%GTPHYGWWMS = ZTMP0
(   96) READ (KLUN) ZTMP0
(   97) YD%GGAUSSA = ZTMP0
(   98) ALLOCATE (ZTMP1(LBOUND(YD%GGAUSSB,1):UBOUND(YD%GGAUSSB,1)))
(   99) READ (KLUN) ZTMP1
(  100) YD%GGAUSSB = ZTMP1
(  101) DEALLOCATE (ZTMP1)
(  102) READ (KLUN) ZTMP0
(  103) YD%GCOEFF = ZTMP0
(  104) END SUBROUTINE
(  105) 
(  106) 
(  107) SUBROUTINE COPY_TEGWWMS (YD, LDCREATED, LDFIELDAPI)
(  108) 






NVFORTRAN (Version     24.5)          03/19/2025  06:54:33      page 3

(  109) IMPLICIT NONE
(  110) TYPE (TEGWWMS), INTENT (IN), TARGET :: YD
(  111) LOGICAL, OPTIONAL, INTENT (IN) :: LDCREATED, LDFIELDAPI
(  112) LOGICAL :: LLCREATED
(  113) LOGICAL :: LLFIELDAPI
(  114) 
(  115) LLFIELDAPI = .FALSE.
(  116) IF (PRESENT (LDFIELDAPI)) THEN
(  117)   LLFIELDAPI = LDFIELDAPI
(  118) ENDIF
(  119) LLCREATED = .FALSE.
(  120) IF (PRESENT (LDCREATED)) THEN
(  121)   LLCREATED = LDCREATED
(  122) ENDIF
(  123) IF (.NOT. LLCREATED) THEN
(  124)   !$acc enter data create (YD)
(  125)   !$acc update device (YD)
(  126) ENDIF
(  127) 
(  128) 
(  129) 
(  130) 
(  131) 
(  132) 
(  133) 
(  134) 
(  135) 
(  136) 
(  137) 
(  138) 
(  139) 
(  140) 
(  141) 
(  142) 
(  143) 
(  144) 
(  145) END SUBROUTINE
(  146) 
(  147) SUBROUTINE HOST_TEGWWMS (YD)
(  148) 
(  149) IMPLICIT NONE
(  150) TYPE (TEGWWMS), TARGET :: YD
(  151) 
(  152) 
(  153) 
(  154) 
(  155) 
(  156) 
(  157) 
(  158) 
(  159) 
(  160) 
(  161) 
(  162) 
(  163) 
(  164) 
(  165) 
(  166) 






NVFORTRAN (Version     24.5)          03/19/2025  06:54:33      page 4

(  167) 
(  168) 
(  169) 
(  170) END SUBROUTINE
(  171) 
(  172)      
(  173) 
(  174) SUBROUTINE CRC64_TEGWWMS (YD, KLUN, CDPATH)
(  175) USE CRC64_INTRINSIC
(  176) 
(  177) IMPLICIT NONE
(  178) TYPE (TEGWWMS), TARGET :: YD
(  179) INTEGER, INTENT (IN) :: KLUN
(  180) CHARACTER(LEN=*), INTENT (IN) :: CDPATH
(  181) CHARACTER(LEN=128) :: CLIND
(  182) 
(  183) WRITE (KLUN, '(Z16.16," ",A)') CRC64 (YD%LOZPR), CDPATH//'%LOZPR'
(  184) 
(  185) WRITE (KLUN, '(Z16.16," ",A)') CRC64 (YD%LGACALC), CDPATH//'%LGACALC'
(  186) 
(  187) WRITE (KLUN, '(Z16.16," ",A)') CRC64 (YD%LGSATL), CDPATH//'%LGSATL'
(  188) 
(  189) WRITE (KLUN, '(Z16.16," ",A)') CRC64 (YD%LGINDL), CDPATH//'%LGINDL'
(  190) 
(  191) WRITE (KLUN, '(Z16.16," ",A)') CRC64 (YD%NLAUNCHL), CDPATH//'%NLAUNCHL'
(  192) 
(  193) WRITE (KLUN, '(Z16.16," ",A)') CRC64 (YD%NLAUNCHLEV), CDPATH//'%NLAUNCHLEV'
(  194) 
(  195) WRITE (KLUN, '(Z16.16," ",A)') CRC64 (YD%NLAUNCH), CDPATH//'%NLAUNCH'
(  196) 
(  197) WRITE (KLUN, '(Z16.16," ",A)') CRC64 (YD%NSLOPE), CDPATH//'%NSLOPE'
(  198) 
(  199) WRITE (KLUN, '(Z16.16," ",A)') CRC64 (YD%NGAUSS), CDPATH//'%NGAUSS'
(  200) 
(  201) WRITE (KLUN, '(Z16.16," ",A)') CRC64 (YD%GFLUXLAUNL), CDPATH//'%GFLUXLAUNL'
(  202) 
(  203) WRITE (KLUN, '(Z16.16," ",A)') CRC64 (YD%GFLUXLAUN), CDPATH//'%GFLUXLAUN'
(  204) 
(  205) WRITE (KLUN, '(Z16.16," ",A)') CRC64 (YD%GMSTAR_L), CDPATH//'%GMSTAR_L'
(  206) 
(  207) WRITE (KLUN, '(Z16.16," ",A)') CRC64 (YD%GCSTAR), CDPATH//'%GCSTAR'
(  208) 
(  209) WRITE (KLUN, '(Z16.16," ",A)') CRC64 (YD%GPTWO), CDPATH//'%GPTWO'
(  210) 
(  211) WRITE (KLUN, '(Z16.16," ",A)') CRC64 (YD%GTPHYGWWMS), CDPATH//'%GTPHYGWWMS'
(  212) 
(  213) WRITE (KLUN, '(Z16.16," ",A)') CRC64 (YD%GGAUSSA), CDPATH//'%GGAUSSA'
(  214) 
(  215) WRITE (KLUN, '(Z16.16," ",A)') CRC64 (YD%GGAUSSB), CDPATH//'%GGAUSSB'
(  216) 
(  217) WRITE (KLUN, '(Z16.16," ",A)') CRC64 (YD%GCOEFF), CDPATH//'%GCOEFF'
(  218) 
(  219) END SUBROUTINE
(  220) 
(  221) SUBROUTINE WIPE_TEGWWMS (YD, LDDELETED, LDFIELDAPI)
(  222) 
(  223) IMPLICIT NONE
(  224) TYPE (TEGWWMS), INTENT (IN), TARGET :: YD






NVFORTRAN (Version     24.5)          03/19/2025  06:54:33      page 5

(  225) LOGICAL, OPTIONAL, INTENT (IN) :: LDDELETED, LDFIELDAPI
(  226) LOGICAL :: LLDELETED
(  227) LOGICAL :: LLFIELDAPI
(  228) 
(  229) LLFIELDAPI = .FALSE.
(  230) IF (PRESENT (LDFIELDAPI)) THEN
(  231)   LLFIELDAPI = LDFIELDAPI
(  232) ENDIF
(  233) 
(  234) 
(  235) 
(  236) 
(  237) 
(  238) 
(  239) 
(  240) 
(  241) 
(  242) 
(  243) 
(  244) 
(  245) 
(  246) 
(  247) 
(  248) 
(  249) 
(  250) 
(  251) LLDELETED = .FALSE.
(  252) IF (PRESENT (LDDELETED)) THEN
(  253)   LLDELETED = LDDELETED
(  254) ENDIF
(  255) IF (.NOT. LLDELETED) THEN
(  256)   !$acc exit data delete (YD)
(  257) ENDIF
(  258) END SUBROUTINE
(  259) 
(  260) INTEGER*8 FUNCTION SIZE_TEGWWMS (YD, CDPATH, LDPRINT) RESULT (KSIZE)
(  261) 
(  262) IMPLICIT NONE
(  263) TYPE (TEGWWMS),     INTENT (IN), TARGET :: YD
(  264) CHARACTER(LEN=*), INTENT (IN), OPTIONAL :: CDPATH
(  265) LOGICAL,          INTENT (IN), OPTIONAL :: LDPRINT
(  266) INTEGER*8 :: ISIZE, JSIZE
(  267) LOGICAL :: LLPRINT
(  268) CHARACTER(LEN=128) :: CLPATH
(  269) 
(  270) LLPRINT = .FALSE.
(  271) IF (PRESENT (LDPRINT)) THEN
(  272)   LLPRINT = LDPRINT
(  273) ENDIF
(  274) CLPATH=''
(  275) IF (PRESENT (CDPATH)) THEN
(  276)   CLPATH = CDPATH
(  277) ENDIF
(  278) KSIZE = 0
(  279) ISIZE = KIND (YD%LOZPR)
(  280) IF (LLPRINT) THEN
(  281)   WRITE (*, '(I10," ")', ADVANCE='NO') ISIZE
(  282)   WRITE (*, *) TRIM (CLPATH)//'%LOZPR'






NVFORTRAN (Version     24.5)          03/19/2025  06:54:33      page 6

(  283) ENDIF
(  284) KSIZE = KSIZE + ISIZE
(  285) ISIZE = KIND (YD%LGACALC)
(  286) IF (LLPRINT) THEN
(  287)   WRITE (*, '(I10," ")', ADVANCE='NO') ISIZE
(  288)   WRITE (*, *) TRIM (CLPATH)//'%LGACALC'
(  289) ENDIF
(  290) KSIZE = KSIZE + ISIZE
(  291) ISIZE = KIND (YD%LGSATL)
(  292) IF (LLPRINT) THEN
(  293)   WRITE (*, '(I10," ")', ADVANCE='NO') ISIZE
(  294)   WRITE (*, *) TRIM (CLPATH)//'%LGSATL'
(  295) ENDIF
(  296) KSIZE = KSIZE + ISIZE
(  297) ISIZE = KIND (YD%LGINDL)
(  298) IF (LLPRINT) THEN
(  299)   WRITE (*, '(I10," ")', ADVANCE='NO') ISIZE
(  300)   WRITE (*, *) TRIM (CLPATH)//'%LGINDL'
(  301) ENDIF
(  302) KSIZE = KSIZE + ISIZE
(  303) ISIZE = KIND (YD%NLAUNCHL) * SIZE (YD%NLAUNCHL)
(  304) IF (LLPRINT) THEN
(  305)   WRITE (*, '(I10," ")', ADVANCE='NO') ISIZE
(  306)   WRITE (*, *) TRIM (CLPATH)//'%NLAUNCHL'
(  307) ENDIF
(  308) KSIZE = KSIZE + ISIZE
(  309) ISIZE = KIND (YD%NLAUNCHLEV)
(  310) IF (LLPRINT) THEN
(  311)   WRITE (*, '(I10," ")', ADVANCE='NO') ISIZE
(  312)   WRITE (*, *) TRIM (CLPATH)//'%NLAUNCHLEV'
(  313) ENDIF
(  314) KSIZE = KSIZE + ISIZE
(  315) ISIZE = KIND (YD%NLAUNCH)
(  316) IF (LLPRINT) THEN
(  317)   WRITE (*, '(I10," ")', ADVANCE='NO') ISIZE
(  318)   WRITE (*, *) TRIM (CLPATH)//'%NLAUNCH'
(  319) ENDIF
(  320) KSIZE = KSIZE + ISIZE
(  321) ISIZE = KIND (YD%NSLOPE)
(  322) IF (LLPRINT) THEN
(  323)   WRITE (*, '(I10," ")', ADVANCE='NO') ISIZE
(  324)   WRITE (*, *) TRIM (CLPATH)//'%NSLOPE'
(  325) ENDIF
(  326) KSIZE = KSIZE + ISIZE
(  327) ISIZE = KIND (YD%NGAUSS)
(  328) IF (LLPRINT) THEN
(  329)   WRITE (*, '(I10," ")', ADVANCE='NO') ISIZE
(  330)   WRITE (*, *) TRIM (CLPATH)//'%NGAUSS'
(  331) ENDIF
(  332) KSIZE = KSIZE + ISIZE
(  333) ISIZE = KIND (YD%GFLUXLAUNL) * SIZE (YD%GFLUXLAUNL)
(  334) IF (LLPRINT) THEN
(  335)   WRITE (*, '(I10," ")', ADVANCE='NO') ISIZE
(  336)   WRITE (*, *) TRIM (CLPATH)//'%GFLUXLAUNL'
(  337) ENDIF
(  338) KSIZE = KSIZE + ISIZE
(  339) ISIZE = KIND (YD%GFLUXLAUN)
(  340) IF (LLPRINT) THEN






NVFORTRAN (Version     24.5)          03/19/2025  06:54:33      page 7

(  341)   WRITE (*, '(I10," ")', ADVANCE='NO') ISIZE
(  342)   WRITE (*, *) TRIM (CLPATH)//'%GFLUXLAUN'
(  343) ENDIF
(  344) KSIZE = KSIZE + ISIZE
(  345) ISIZE = KIND (YD%GMSTAR_L) * SIZE (YD%GMSTAR_L)
(  346) IF (LLPRINT) THEN
(  347)   WRITE (*, '(I10," ")', ADVANCE='NO') ISIZE
(  348)   WRITE (*, *) TRIM (CLPATH)//'%GMSTAR_L'
(  349) ENDIF
(  350) KSIZE = KSIZE + ISIZE
(  351) ISIZE = KIND (YD%GCSTAR)
(  352) IF (LLPRINT) THEN
(  353)   WRITE (*, '(I10," ")', ADVANCE='NO') ISIZE
(  354)   WRITE (*, *) TRIM (CLPATH)//'%GCSTAR'
(  355) ENDIF
(  356) KSIZE = KSIZE + ISIZE
(  357) ISIZE = KIND (YD%GPTWO)
(  358) IF (LLPRINT) THEN
(  359)   WRITE (*, '(I10," ")', ADVANCE='NO') ISIZE
(  360)   WRITE (*, *) TRIM (CLPATH)//'%GPTWO'
(  361) ENDIF
(  362) KSIZE = KSIZE + ISIZE
(  363) ISIZE = KIND (YD%GTPHYGWWMS)
(  364) IF (LLPRINT) THEN
(  365)   WRITE (*, '(I10," ")', ADVANCE='NO') ISIZE
(  366)   WRITE (*, *) TRIM (CLPATH)//'%GTPHYGWWMS'
(  367) ENDIF
(  368) KSIZE = KSIZE + ISIZE
(  369) ISIZE = KIND (YD%GGAUSSA)
(  370) IF (LLPRINT) THEN
(  371)   WRITE (*, '(I10," ")', ADVANCE='NO') ISIZE
(  372)   WRITE (*, *) TRIM (CLPATH)//'%GGAUSSA'
(  373) ENDIF
(  374) KSIZE = KSIZE + ISIZE
(  375) ISIZE = KIND (YD%GGAUSSB) * SIZE (YD%GGAUSSB)
(  376) IF (LLPRINT) THEN
(  377)   WRITE (*, '(I10," ")', ADVANCE='NO') ISIZE
(  378)   WRITE (*, *) TRIM (CLPATH)//'%GGAUSSB'
(  379) ENDIF
(  380) KSIZE = KSIZE + ISIZE
(  381) ISIZE = KIND (YD%GCOEFF)
(  382) IF (LLPRINT) THEN
(  383)   WRITE (*, '(I10," ")', ADVANCE='NO') ISIZE
(  384)   WRITE (*, *) TRIM (CLPATH)//'%GCOEFF'
(  385) ENDIF
(  386) KSIZE = KSIZE + ISIZE
(  387) END FUNCTION
(  388) 
(  389) END MODULE















NVFORTRAN (Version     24.5)          03/19/2025  06:54:33      page 8

(    1) # 1 "./util_tegwwms_mod.F90"
(    1) MODULE UTIL_TEGWWMS_MOD
(    2) # 3 "./util_tegwwms_mod.F90"
(    3) USE YOEGWWMS, ONLY : TEGWWMS
(    4) # 5 "./util_tegwwms_mod.F90"
(    5) INTERFACE SAVE
(    6) MODULE PROCEDURE SAVE_TEGWWMS
(    7) END INTERFACE
(    8) # 9 "./util_tegwwms_mod.F90"
(    9) INTERFACE LOAD
(   10) MODULE PROCEDURE LOAD_TEGWWMS
(   11) END INTERFACE
(   12) # 13 "./util_tegwwms_mod.F90"
(   13) INTERFACE COPY
(   14) MODULE PROCEDURE COPY_TEGWWMS
(   15) END INTERFACE
(   16) # 17 "./util_tegwwms_mod.F90"
(   17) INTERFACE HOST
(   18) MODULE PROCEDURE HOST_TEGWWMS
(   19) END INTERFACE
(   20) # 21 "./util_tegwwms_mod.F90"
(   21)      
(   22) INTERFACE CRC64
(   23) MODULE PROCEDURE CRC64_TEGWWMS
(   24) END INTERFACE
(   25) # 26 "./util_tegwwms_mod.F90"
(   26) INTERFACE WIPE
(   27) MODULE PROCEDURE WIPE_TEGWWMS
(   28) END INTERFACE
(   29) # 30 "./util_tegwwms_mod.F90"
(   30) INTERFACE SIZE
(   31) MODULE PROCEDURE SIZE_TEGWWMS
(   32) END INTERFACE
(   33) # 35 "./util_tegwwms_mod.F90"
(   35) CONTAINS
(   36) # 37 "./util_tegwwms_mod.F90"
(   37) SUBROUTINE SAVE_TEGWWMS (KLUN, YD)
(   38) # 39 "./util_tegwwms_mod.F90"
(   39) IMPLICIT NONE
(   40) INTEGER, INTENT (IN) :: KLUN
(   41) TYPE (TEGWWMS), INTENT (IN), TARGET :: YD
(   42) # 43 "./util_tegwwms_mod.F90"
(   43) WRITE (KLUN) YD%LOZPR
(   44) WRITE (KLUN) YD%LGACALC
(   45) WRITE (KLUN) YD%LGSATL
(   46) WRITE (KLUN) YD%LGINDL
(   47) WRITE (KLUN) YD%NLAUNCHL
(   48) WRITE (KLUN) YD%NLAUNCHLEV
(   49) WRITE (KLUN) YD%NLAUNCH
(   50) WRITE (KLUN) YD%NSLOPE
(   51) WRITE (KLUN) YD%NGAUSS
(   52) WRITE (KLUN) YD%GFLUXLAUNL
(   53) WRITE (KLUN) YD%GFLUXLAUN
(   54) WRITE (KLUN) YD%GMSTAR_L
(   55) WRITE (KLUN) YD%GCSTAR
(   56) WRITE (KLUN) YD%GPTWO
(   57) WRITE (KLUN) YD%GTPHYGWWMS
(   58) WRITE (KLUN) YD%GGAUSSA






NVFORTRAN (Version     24.5)          03/19/2025  06:54:33      page 9

(   59) WRITE (KLUN) YD%GGAUSSB
(   60) WRITE (KLUN) YD%GCOEFF
(   61) END SUBROUTINE
(   62) # 63 "./util_tegwwms_mod.F90"
(   63) SUBROUTINE LOAD_TEGWWMS (KLUN, YD)
(   64) USE PARKIND1, ONLY : JPRD
(   65) # 66 "./util_tegwwms_mod.F90"
(   66) IMPLICIT NONE
(   67) INTEGER, INTENT (IN) :: KLUN
(   68) TYPE (TEGWWMS), INTENT (OUT), TARGET :: YD
(   69) REAL(KIND=JPRD) :: ZTMP0
(   70) REAL(KIND=JPRD), ALLOCATABLE :: ZTMP1 (:)
(   71) READ (KLUN) YD%LOZPR
(   72) READ (KLUN) YD%LGACALC
(   73) READ (KLUN) YD%LGSATL
(   74) READ (KLUN) YD%LGINDL
(   75) READ (KLUN) YD%NLAUNCHL
(   76) READ (KLUN) YD%NLAUNCHLEV
(   77) READ (KLUN) YD%NLAUNCH
(   78) READ (KLUN) YD%NSLOPE
(   79) READ (KLUN) YD%NGAUSS
(   80) ALLOCATE (ZTMP1(LBOUND(YD%GFLUXLAUNL,1):UBOUND(YD%GFLUXLAUNL,1)))
(   81) READ (KLUN) ZTMP1
(   82) YD%GFLUXLAUNL = ZTMP1
(   83) DEALLOCATE (ZTMP1)
(   84) READ (KLUN) ZTMP0
(   85) YD%GFLUXLAUN = ZTMP0
(   86) ALLOCATE (ZTMP1(LBOUND(YD%GMSTAR_L,1):UBOUND(YD%GMSTAR_L,1)))
(   87) READ (KLUN) ZTMP1
(   88) YD%GMSTAR_L = ZTMP1
(   89) DEALLOCATE (ZTMP1)
(   90) READ (KLUN) ZTMP0
(   91) YD%GCSTAR = ZTMP0
(   92) READ (KLUN) ZTMP0
(   93) YD%GPTWO = ZTMP0
(   94) READ (KLUN) ZTMP0
(   95) YD%GTPHYGWWMS = ZTMP0
(   96) READ (KLUN) ZTMP0
(   97) YD%GGAUSSA = ZTMP0
(   98) ALLOCATE (ZTMP1(LBOUND(YD%GGAUSSB,1):UBOUND(YD%GGAUSSB,1)))
(   99) READ (KLUN) ZTMP1
(  100) YD%GGAUSSB = ZTMP1
(  101) DEALLOCATE (ZTMP1)
(  102) READ (KLUN) ZTMP0
(  103) YD%GCOEFF = ZTMP0
(  104) END SUBROUTINE
(  105) # 107 "./util_tegwwms_mod.F90"
(  107) SUBROUTINE COPY_TEGWWMS (YD, LDCREATED, LDFIELDAPI)
(  108) # 109 "./util_tegwwms_mod.F90"
(  109) IMPLICIT NONE
(  110) TYPE (TEGWWMS), INTENT (IN), TARGET :: YD
(  111) LOGICAL, OPTIONAL, INTENT (IN) :: LDCREATED, LDFIELDAPI
(  112) LOGICAL :: LLCREATED
(  113) LOGICAL :: LLFIELDAPI
(  114) # 115 "./util_tegwwms_mod.F90"
(  115) LLFIELDAPI = .FALSE.
(  116) IF (PRESENT (LDFIELDAPI)) THEN
(  117)   LLFIELDAPI = LDFIELDAPI






NVFORTRAN (Version     24.5)          03/19/2025  06:54:33      page 10

(  118) ENDIF
(  119) LLCREATED = .FALSE.
(  120) IF (PRESENT (LDCREATED)) THEN
(  121)   LLCREATED = LDCREATED
(  122) ENDIF
(  123) IF (.NOT. LLCREATED) THEN
(  124)   !$acc enter data create (YD)
(  125)   !$acc update device (YD)
(  126) ENDIF
(  127) # 145 "./util_tegwwms_mod.F90"
(  145) END SUBROUTINE
(  146) # 147 "./util_tegwwms_mod.F90"
(  147) SUBROUTINE HOST_TEGWWMS (YD)
(  148) # 149 "./util_tegwwms_mod.F90"
(  149) IMPLICIT NONE
(  150) TYPE (TEGWWMS), TARGET :: YD
(  151) # 170 "./util_tegwwms_mod.F90"
(  170) END SUBROUTINE
(  171) # 172 "./util_tegwwms_mod.F90"
(  172)      
(  173) # 174 "./util_tegwwms_mod.F90"
(  174) SUBROUTINE CRC64_TEGWWMS (YD, KLUN, CDPATH)
(  175) USE CRC64_INTRINSIC
(  176) # 177 "./util_tegwwms_mod.F90"
(  177) IMPLICIT NONE
(  178) TYPE (TEGWWMS), TARGET :: YD
(  179) INTEGER, INTENT (IN) :: KLUN
(  180) CHARACTER(LEN=*), INTENT (IN) :: CDPATH
(  181) CHARACTER(LEN=128) :: CLIND
(  182) # 183 "./util_tegwwms_mod.F90"
(  183) WRITE (KLUN, '(Z16.16," ",A)') CRC64 (YD%LOZPR), CDPATH//'%LOZPR'
(  184) # 185 "./util_tegwwms_mod.F90"
(  185) WRITE (KLUN, '(Z16.16," ",A)') CRC64 (YD%LGACALC), CDPATH//'%LGACALC'
(  186) # 187 "./util_tegwwms_mod.F90"
(  187) WRITE (KLUN, '(Z16.16," ",A)') CRC64 (YD%LGSATL), CDPATH//'%LGSATL'
(  188) # 189 "./util_tegwwms_mod.F90"
(  189) WRITE (KLUN, '(Z16.16," ",A)') CRC64 (YD%LGINDL), CDPATH//'%LGINDL'
(  190) # 191 "./util_tegwwms_mod.F90"
(  191) WRITE (KLUN, '(Z16.16," ",A)') CRC64 (YD%NLAUNCHL), CDPATH//'%NLAUNCHL'
(  192) # 193 "./util_tegwwms_mod.F90"
(  193) WRITE (KLUN, '(Z16.16," ",A)') CRC64 (YD%NLAUNCHLEV), CDPATH//'%NLAUNCHLEV'
(  194) # 195 "./util_tegwwms_mod.F90"
(  195) WRITE (KLUN, '(Z16.16," ",A)') CRC64 (YD%NLAUNCH), CDPATH//'%NLAUNCH'
(  196) # 197 "./util_tegwwms_mod.F90"
(  197) WRITE (KLUN, '(Z16.16," ",A)') CRC64 (YD%NSLOPE), CDPATH//'%NSLOPE'
(  198) # 199 "./util_tegwwms_mod.F90"
(  199) WRITE (KLUN, '(Z16.16," ",A)') CRC64 (YD%NGAUSS), CDPATH//'%NGAUSS'
(  200) # 201 "./util_tegwwms_mod.F90"
(  201) WRITE (KLUN, '(Z16.16," ",A)') CRC64 (YD%GFLUXLAUNL), CDPATH//'%GFLUXLAUNL'
(  202) # 203 "./util_tegwwms_mod.F90"
(  203) WRITE (KLUN, '(Z16.16," ",A)') CRC64 (YD%GFLUXLAUN), CDPATH//'%GFLUXLAUN'
(  204) # 205 "./util_tegwwms_mod.F90"
(  205) WRITE (KLUN, '(Z16.16," ",A)') CRC64 (YD%GMSTAR_L), CDPATH//'%GMSTAR_L'
(  206) # 207 "./util_tegwwms_mod.F90"
(  207) WRITE (KLUN, '(Z16.16," ",A)') CRC64 (YD%GCSTAR), CDPATH//'%GCSTAR'
(  208) # 209 "./util_tegwwms_mod.F90"
(  209) WRITE (KLUN, '(Z16.16," ",A)') CRC64 (YD%GPTWO), CDPATH//'%GPTWO'
(  210) # 211 "./util_tegwwms_mod.F90"






NVFORTRAN (Version     24.5)          03/19/2025  06:54:33      page 11

(  211) WRITE (KLUN, '(Z16.16," ",A)') CRC64 (YD%GTPHYGWWMS), CDPATH//'%GTPHYGWWMS'
(  212) # 213 "./util_tegwwms_mod.F90"
(  213) WRITE (KLUN, '(Z16.16," ",A)') CRC64 (YD%GGAUSSA), CDPATH//'%GGAUSSA'
(  214) # 215 "./util_tegwwms_mod.F90"
(  215) WRITE (KLUN, '(Z16.16," ",A)') CRC64 (YD%GGAUSSB), CDPATH//'%GGAUSSB'
(  216) # 217 "./util_tegwwms_mod.F90"
(  217) WRITE (KLUN, '(Z16.16," ",A)') CRC64 (YD%GCOEFF), CDPATH//'%GCOEFF'
(  218) # 219 "./util_tegwwms_mod.F90"
(  219) END SUBROUTINE
(  220) # 221 "./util_tegwwms_mod.F90"
(  221) SUBROUTINE WIPE_TEGWWMS (YD, LDDELETED, LDFIELDAPI)
(  222) # 223 "./util_tegwwms_mod.F90"
(  223) IMPLICIT NONE
(  224) TYPE (TEGWWMS), INTENT (IN), TARGET :: YD
(  225) LOGICAL, OPTIONAL, INTENT (IN) :: LDDELETED, LDFIELDAPI
(  226) LOGICAL :: LLDELETED
(  227) LOGICAL :: LLFIELDAPI
(  228) # 229 "./util_tegwwms_mod.F90"
(  229) LLFIELDAPI = .FALSE.
(  230) IF (PRESENT (LDFIELDAPI)) THEN
(  231)   LLFIELDAPI = LDFIELDAPI
(  232) ENDIF
(  233) # 251 "./util_tegwwms_mod.F90"
(  251) LLDELETED = .FALSE.
(  252) IF (PRESENT (LDDELETED)) THEN
(  253)   LLDELETED = LDDELETED
(  254) ENDIF
(  255) IF (.NOT. LLDELETED) THEN
(  256)   !$acc exit data delete (YD)
(  257) ENDIF
(  258) END SUBROUTINE
(  259) # 260 "./util_tegwwms_mod.F90"
(  260) INTEGER*8 FUNCTION SIZE_TEGWWMS (YD, CDPATH, LDPRINT) RESULT (KSIZE)
(  261) # 262 "./util_tegwwms_mod.F90"
(  262) IMPLICIT NONE
(  263) TYPE (TEGWWMS),     INTENT (IN), TARGET :: YD
(  264) CHARACTER(LEN=*), INTENT (IN), OPTIONAL :: CDPATH
(  265) LOGICAL,          INTENT (IN), OPTIONAL :: LDPRINT
(  266) INTEGER*8 :: ISIZE, JSIZE
(  267) LOGICAL :: LLPRINT
(  268) CHARACTER(LEN=128) :: CLPATH
(  269) # 270 "./util_tegwwms_mod.F90"
(  270) LLPRINT = .FALSE.
(  271) IF (PRESENT (LDPRINT)) THEN
(  272)   LLPRINT = LDPRINT
(  273) ENDIF
(  274) CLPATH=''
(  275) IF (PRESENT (CDPATH)) THEN
(  276)   CLPATH = CDPATH
(  277) ENDIF
(  278) KSIZE = 0
(  279) ISIZE = KIND (YD%LOZPR)
(  280) IF (LLPRINT) THEN
(  281)   WRITE (*, '(I10," ")', ADVANCE='NO') ISIZE
(  282)   WRITE (*, *) TRIM (CLPATH)//'%LOZPR'
(  283) ENDIF
(  284) KSIZE = KSIZE + ISIZE
(  285) ISIZE = KIND (YD%LGACALC)






NVFORTRAN (Version     24.5)          03/19/2025  06:54:33      page 12

(  286) IF (LLPRINT) THEN
(  287)   WRITE (*, '(I10," ")', ADVANCE='NO') ISIZE
(  288)   WRITE (*, *) TRIM (CLPATH)//'%LGACALC'
(  289) ENDIF
(  290) KSIZE = KSIZE + ISIZE
(  291) ISIZE = KIND (YD%LGSATL)
(  292) IF (LLPRINT) THEN
(  293)   WRITE (*, '(I10," ")', ADVANCE='NO') ISIZE
(  294)   WRITE (*, *) TRIM (CLPATH)//'%LGSATL'
(  295) ENDIF
(  296) KSIZE = KSIZE + ISIZE
(  297) ISIZE = KIND (YD%LGINDL)
(  298) IF (LLPRINT) THEN
(  299)   WRITE (*, '(I10," ")', ADVANCE='NO') ISIZE
(  300)   WRITE (*, *) TRIM (CLPATH)//'%LGINDL'
(  301) ENDIF
(  302) KSIZE = KSIZE + ISIZE
(  303) ISIZE = KIND (YD%NLAUNCHL) * SIZE (YD%NLAUNCHL)
(  304) IF (LLPRINT) THEN
(  305)   WRITE (*, '(I10," ")', ADVANCE='NO') ISIZE
(  306)   WRITE (*, *) TRIM (CLPATH)//'%NLAUNCHL'
(  307) ENDIF
(  308) KSIZE = KSIZE + ISIZE
(  309) ISIZE = KIND (YD%NLAUNCHLEV)
(  310) IF (LLPRINT) THEN
(  311)   WRITE (*, '(I10," ")', ADVANCE='NO') ISIZE
(  312)   WRITE (*, *) TRIM (CLPATH)//'%NLAUNCHLEV'
(  313) ENDIF
(  314) KSIZE = KSIZE + ISIZE
(  315) ISIZE = KIND (YD%NLAUNCH)
(  316) IF (LLPRINT) THEN
(  317)   WRITE (*, '(I10," ")', ADVANCE='NO') ISIZE
(  318)   WRITE (*, *) TRIM (CLPATH)//'%NLAUNCH'
(  319) ENDIF
(  320) KSIZE = KSIZE + ISIZE
(  321) ISIZE = KIND (YD%NSLOPE)
(  322) IF (LLPRINT) THEN
(  323)   WRITE (*, '(I10," ")', ADVANCE='NO') ISIZE
(  324)   WRITE (*, *) TRIM (CLPATH)//'%NSLOPE'
(  325) ENDIF
(  326) KSIZE = KSIZE + ISIZE
(  327) ISIZE = KIND (YD%NGAUSS)
(  328) IF (LLPRINT) THEN
(  329)   WRITE (*, '(I10," ")', ADVANCE='NO') ISIZE
(  330)   WRITE (*, *) TRIM (CLPATH)//'%NGAUSS'
(  331) ENDIF
(  332) KSIZE = KSIZE + ISIZE
(  333) ISIZE = KIND (YD%GFLUXLAUNL) * SIZE (YD%GFLUXLAUNL)
(  334) IF (LLPRINT) THEN
(  335)   WRITE (*, '(I10," ")', ADVANCE='NO') ISIZE
(  336)   WRITE (*, *) TRIM (CLPATH)//'%GFLUXLAUNL'
(  337) ENDIF
(  338) KSIZE = KSIZE + ISIZE
(  339) ISIZE = KIND (YD%GFLUXLAUN)
(  340) IF (LLPRINT) THEN
(  341)   WRITE (*, '(I10," ")', ADVANCE='NO') ISIZE
(  342)   WRITE (*, *) TRIM (CLPATH)//'%GFLUXLAUN'
(  343) ENDIF






NVFORTRAN (Version     24.5)          03/19/2025  06:54:33      page 13

(  344) KSIZE = KSIZE + ISIZE
(  345) ISIZE = KIND (YD%GMSTAR_L) * SIZE (YD%GMSTAR_L)
(  346) IF (LLPRINT) THEN
(  347)   WRITE (*, '(I10," ")', ADVANCE='NO') ISIZE
(  348)   WRITE (*, *) TRIM (CLPATH)//'%GMSTAR_L'
(  349) ENDIF
(  350) KSIZE = KSIZE + ISIZE
(  351) ISIZE = KIND (YD%GCSTAR)
(  352) IF (LLPRINT) THEN
(  353)   WRITE (*, '(I10," ")', ADVANCE='NO') ISIZE
(  354)   WRITE (*, *) TRIM (CLPATH)//'%GCSTAR'
(  355) ENDIF
(  356) KSIZE = KSIZE + ISIZE
(  357) ISIZE = KIND (YD%GPTWO)
(  358) IF (LLPRINT) THEN
(  359)   WRITE (*, '(I10," ")', ADVANCE='NO') ISIZE
(  360)   WRITE (*, *) TRIM (CLPATH)//'%GPTWO'
(  361) ENDIF
(  362) KSIZE = KSIZE + ISIZE
(  363) ISIZE = KIND (YD%GTPHYGWWMS)
(  364) IF (LLPRINT) THEN
(  365)   WRITE (*, '(I10," ")', ADVANCE='NO') ISIZE
(  366)   WRITE (*, *) TRIM (CLPATH)//'%GTPHYGWWMS'
(  367) ENDIF
(  368) KSIZE = KSIZE + ISIZE
(  369) ISIZE = KIND (YD%GGAUSSA)
(  370) IF (LLPRINT) THEN
(  371)   WRITE (*, '(I10," ")', ADVANCE='NO') ISIZE
(  372)   WRITE (*, *) TRIM (CLPATH)//'%GGAUSSA'
(  373) ENDIF
(  374) KSIZE = KSIZE + ISIZE
(  375) ISIZE = KIND (YD%GGAUSSB) * SIZE (YD%GGAUSSB)
(  376) IF (LLPRINT) THEN
(  377)   WRITE (*, '(I10," ")', ADVANCE='NO') ISIZE
(  378)   WRITE (*, *) TRIM (CLPATH)//'%GGAUSSB'
(  379) ENDIF
(  380) KSIZE = KSIZE + ISIZE
(  381) ISIZE = KIND (YD%GCOEFF)
(  382) IF (LLPRINT) THEN
(  383)   WRITE (*, '(I10," ")', ADVANCE='NO') ISIZE
(  384)   WRITE (*, *) TRIM (CLPATH)//'%GCOEFF'
(  385) ENDIF
(  386) KSIZE = KSIZE + ISIZE
(  387) END FUNCTION
(  388) # 389 "./util_tegwwms_mod.F90"
(  389) END MODULE
