


NVFORTRAN (Version     24.5)          03/19/2025  06:54:39      page 1

Switches: -noasm -nodclchk -debug -nodlines -line -list
          -idir /opt/softs/gcc/9.2.0/hpc_sdk/Linux_x86_64/24.5/comm_libs/12.4/hpcx/hpcx-2.19/ompi/include
          -idir /opt/softs/gcc/9.2.0/hpc_sdk/Linux_x86_64/24.5/comm_libs/12.4/hpcx/hpcx-2.19/ompi/lib
          -inform severe -opt 1 -nosave -object -noonetrip
          -depchk on -nostandard     
          -symbol -noupcase    

Filename: ./util_tsrftlad_mod.F90

(    1) MODULE UTIL_TSRFTLAD_MOD
(    2) 
(    3) USE YOMSRFTLAD, ONLY : TSRFTLAD
(    4) 
(    5) INTERFACE SAVE
(    6) MODULE PROCEDURE SAVE_TSRFTLAD
(    7) END INTERFACE
(    8) 
(    9) INTERFACE LOAD
(   10) MODULE PROCEDURE LOAD_TSRFTLAD
(   11) END INTERFACE
(   12) 
(   13) INTERFACE COPY
(   14) MODULE PROCEDURE COPY_TSRFTLAD
(   15) END INTERFACE
(   16) 
(   17) INTERFACE HOST
(   18) MODULE PROCEDURE HOST_TSRFTLAD
(   19) END INTERFACE
(   20) 
(   21)      
(   22) INTERFACE CRC64
(   23) MODULE PROCEDURE CRC64_TSRFTLAD
(   24) END INTERFACE
(   25) 
(   26) INTERFACE WIPE
(   27) MODULE PROCEDURE WIPE_TSRFTLAD
(   28) END INTERFACE
(   29) 
(   30) INTERFACE SIZE
(   31) MODULE PROCEDURE SIZE_TSRFTLAD
(   32) END INTERFACE
(   33) 
(   34) 
(   35) CONTAINS
(   36) 
(   37) SUBROUTINE SAVE_TSRFTLAD (KLUN, YD)
(   38) 
(   39) IMPLICIT NONE
(   40) INTEGER, INTENT (IN) :: KLUN
(   41) TYPE (TSRFTLAD), INTENT (IN), TARGET :: YD
(   42) LOGICAL :: LGPTSKIN0, LGPTSKIN9
(   43) LGPTSKIN0 = ALLOCATED (YD%GPTSKIN0)
(   44) WRITE (KLUN) LGPTSKIN0
(   45) IF (LGPTSKIN0) THEN
(   46)   WRITE (KLUN) LBOUND (YD%GPTSKIN0)
(   47)   WRITE (KLUN) UBOUND (YD%GPTSKIN0)
(   48)   WRITE (KLUN) YD%GPTSKIN0
(   49) ENDIF
(   50) LGPTSKIN9 = ALLOCATED (YD%GPTSKIN9)






NVFORTRAN (Version     24.5)          03/19/2025  06:54:39      page 2

(   51) WRITE (KLUN) LGPTSKIN9
(   52) IF (LGPTSKIN9) THEN
(   53)   WRITE (KLUN) LBOUND (YD%GPTSKIN9)
(   54)   WRITE (KLUN) UBOUND (YD%GPTSKIN9)
(   55)   WRITE (KLUN) YD%GPTSKIN9
(   56) ENDIF
(   57) WRITE (KLUN) YD%NGSKIN
(   58) WRITE (KLUN) YD%LREGSF
(   59) END SUBROUTINE
(   60) 
(   61) SUBROUTINE LOAD_TSRFTLAD (KLUN, YD)
(   62) USE PARKIND1, ONLY : JPRD
(   63) 
(   64) IMPLICIT NONE
(   65) INTEGER, INTENT (IN) :: KLUN
(   66) TYPE (TSRFTLAD), INTENT (OUT), TARGET :: YD
(   67) INTEGER :: IL3(3), IU3(3)
(   68) LOGICAL :: LGPTSKIN0, LGPTSKIN9
(   69) REAL(KIND=JPRD), ALLOCATABLE :: ZTMP3 (:,:,:)
(   70) READ (KLUN) LGPTSKIN0
(   71) IF (LGPTSKIN0) THEN
(   72)   READ (KLUN) IL3
(   73)   READ (KLUN) IU3
(   74)   ALLOCATE (YD%GPTSKIN0 (IL3(1):IU3(1), IL3(2):IU3(2), IL3(3):IU3(3)))
(   75)   ALLOCATE (ZTMP3(LBOUND(YD%GPTSKIN0,1):UBOUND(YD%GPTSKIN0,1), LBOUND(YD%GPTSKIN0,2):UBOUND(YD%GPTSKIN0,2), LBOUND(YD%GPTSKI
(   76)   READ (KLUN) ZTMP3
(   77)   YD%GPTSKIN0 = ZTMP3
(   78)   DEALLOCATE (ZTMP3)
(   79) ENDIF
(   80) READ (KLUN) LGPTSKIN9
(   81) IF (LGPTSKIN9) THEN
(   82)   READ (KLUN) IL3
(   83)   READ (KLUN) IU3
(   84)   ALLOCATE (YD%GPTSKIN9 (IL3(1):IU3(1), IL3(2):IU3(2), IL3(3):IU3(3)))
(   85)   ALLOCATE (ZTMP3(LBOUND(YD%GPTSKIN9,1):UBOUND(YD%GPTSKIN9,1), LBOUND(YD%GPTSKIN9,2):UBOUND(YD%GPTSKIN9,2), LBOUND(YD%GPTSKI
(   86)   READ (KLUN) ZTMP3
(   87)   YD%GPTSKIN9 = ZTMP3
(   88)   DEALLOCATE (ZTMP3)
(   89) ENDIF
(   90) READ (KLUN) YD%NGSKIN
(   91) READ (KLUN) YD%LREGSF
(   92) END SUBROUTINE
(   93) 
(   94) 
(   95) SUBROUTINE COPY_TSRFTLAD (YD, LDCREATED, LDFIELDAPI)
(   96) 
(   97) IMPLICIT NONE
(   98) TYPE (TSRFTLAD), INTENT (IN), TARGET :: YD
(   99) LOGICAL, OPTIONAL, INTENT (IN) :: LDCREATED, LDFIELDAPI
(  100) LOGICAL :: LLCREATED
(  101) LOGICAL :: LLFIELDAPI
(  102) LOGICAL :: LGPTSKIN0, LGPTSKIN9
(  103) 
(  104) LLFIELDAPI = .FALSE.
(  105) IF (PRESENT (LDFIELDAPI)) THEN
(  106)   LLFIELDAPI = LDFIELDAPI
(  107) ENDIF
(  108) LLCREATED = .FALSE.






NVFORTRAN (Version     24.5)          03/19/2025  06:54:39      page 3

(  109) IF (PRESENT (LDCREATED)) THEN
(  110)   LLCREATED = LDCREATED
(  111) ENDIF
(  112) IF (.NOT. LLCREATED) THEN
(  113)   !$acc enter data create (YD)
(  114)   !$acc update device (YD)
(  115) ENDIF
(  116) LGPTSKIN0 = ALLOCATED (YD%GPTSKIN0)
(  117) IF (LGPTSKIN0) THEN
(  118)   !$acc enter data create (YD%GPTSKIN0)
(  119)   !$acc update device (YD%GPTSKIN0)
(  120)   !$acc enter data attach (YD%GPTSKIN0)
(  121) ENDIF
(  122) 
(  123) LGPTSKIN9 = ALLOCATED (YD%GPTSKIN9)
(  124) IF (LGPTSKIN9) THEN
(  125)   !$acc enter data create (YD%GPTSKIN9)
(  126)   !$acc update device (YD%GPTSKIN9)
(  127)   !$acc enter data attach (YD%GPTSKIN9)
(  128) ENDIF
(  129) 
(  130) 
(  131) 
(  132) END SUBROUTINE
(  133) 
(  134) SUBROUTINE HOST_TSRFTLAD (YD)
(  135) 
(  136) IMPLICIT NONE
(  137) TYPE (TSRFTLAD), TARGET :: YD
(  138) LOGICAL :: LGPTSKIN0, LGPTSKIN9
(  139) 
(  140) 
(  141) 
(  142) 
(  143) END SUBROUTINE
(  144) 
(  145)      
(  146) 
(  147) SUBROUTINE CRC64_TSRFTLAD (YD, KLUN, CDPATH)
(  148) USE CRC64_INTRINSIC
(  149) 
(  150) IMPLICIT NONE
(  151) TYPE (TSRFTLAD), TARGET :: YD
(  152) INTEGER, INTENT (IN) :: KLUN
(  153) CHARACTER(LEN=*), INTENT (IN) :: CDPATH
(  154) CHARACTER(LEN=128) :: CLIND
(  155) LOGICAL :: LGPTSKIN0, LGPTSKIN9
(  156) WRITE (KLUN, '(Z16.16," ",A)') CRC64 (YD%GPTSKIN0), CDPATH//'%GPTSKIN0'
(  157) 
(  158) WRITE (KLUN, '(Z16.16," ",A)') CRC64 (YD%GPTSKIN9), CDPATH//'%GPTSKIN9'
(  159) 
(  160) WRITE (KLUN, '(Z16.16," ",A)') CRC64 (YD%NGSKIN), CDPATH//'%NGSKIN'
(  161) 
(  162) WRITE (KLUN, '(Z16.16," ",A)') CRC64 (YD%LREGSF), CDPATH//'%LREGSF'
(  163) 
(  164) END SUBROUTINE
(  165) 
(  166) SUBROUTINE WIPE_TSRFTLAD (YD, LDDELETED, LDFIELDAPI)






NVFORTRAN (Version     24.5)          03/19/2025  06:54:39      page 4

(  167) 
(  168) IMPLICIT NONE
(  169) TYPE (TSRFTLAD), INTENT (IN), TARGET :: YD
(  170) LOGICAL, OPTIONAL, INTENT (IN) :: LDDELETED, LDFIELDAPI
(  171) LOGICAL :: LLDELETED
(  172) LOGICAL :: LLFIELDAPI
(  173) LOGICAL :: LGPTSKIN0, LGPTSKIN9
(  174) 
(  175) LLFIELDAPI = .FALSE.
(  176) IF (PRESENT (LDFIELDAPI)) THEN
(  177)   LLFIELDAPI = LDFIELDAPI
(  178) ENDIF
(  179) LGPTSKIN0 = ALLOCATED (YD%GPTSKIN0)
(  180) IF (LGPTSKIN0) THEN
(  181)   !$acc exit data detach (YD%GPTSKIN0)
(  182)   !$acc exit data delete (YD%GPTSKIN0)
(  183) ENDIF
(  184) 
(  185) LGPTSKIN9 = ALLOCATED (YD%GPTSKIN9)
(  186) IF (LGPTSKIN9) THEN
(  187)   !$acc exit data detach (YD%GPTSKIN9)
(  188)   !$acc exit data delete (YD%GPTSKIN9)
(  189) ENDIF
(  190) 
(  191) 
(  192) 
(  193) LLDELETED = .FALSE.
(  194) IF (PRESENT (LDDELETED)) THEN
(  195)   LLDELETED = LDDELETED
(  196) ENDIF
(  197) IF (.NOT. LLDELETED) THEN
(  198)   !$acc exit data delete (YD)
(  199) ENDIF
(  200) END SUBROUTINE
(  201) 
(  202) INTEGER*8 FUNCTION SIZE_TSRFTLAD (YD, CDPATH, LDPRINT) RESULT (KSIZE)
(  203) 
(  204) IMPLICIT NONE
(  205) TYPE (TSRFTLAD),     INTENT (IN), TARGET :: YD
(  206) CHARACTER(LEN=*), INTENT (IN), OPTIONAL :: CDPATH
(  207) LOGICAL,          INTENT (IN), OPTIONAL :: LDPRINT
(  208) INTEGER*8 :: ISIZE, JSIZE
(  209) LOGICAL :: LLPRINT
(  210) CHARACTER(LEN=128) :: CLPATH
(  211) LOGICAL :: LGPTSKIN0, LGPTSKIN9
(  212) 
(  213) LLPRINT = .FALSE.
(  214) IF (PRESENT (LDPRINT)) THEN
(  215)   LLPRINT = LDPRINT
(  216) ENDIF
(  217) CLPATH=''
(  218) IF (PRESENT (CDPATH)) THEN
(  219)   CLPATH = CDPATH
(  220) ENDIF
(  221) KSIZE = 0
(  222) LGPTSKIN0 = ALLOCATED (YD%GPTSKIN0)
(  223) IF (LGPTSKIN0) THEN
(  224)   ISIZE = KIND (YD%GPTSKIN0) * SIZE (YD%GPTSKIN0)






NVFORTRAN (Version     24.5)          03/19/2025  06:54:39      page 5

(  225)   IF (LLPRINT) THEN
(  226)     WRITE (*, '(I10," ")', ADVANCE='NO') ISIZE
(  227)     WRITE (*, *) TRIM (CLPATH)//'%GPTSKIN0'
(  228)   ENDIF
(  229)   KSIZE = KSIZE + ISIZE
(  230) ENDIF
(  231) LGPTSKIN9 = ALLOCATED (YD%GPTSKIN9)
(  232) IF (LGPTSKIN9) THEN
(  233)   ISIZE = KIND (YD%GPTSKIN9) * SIZE (YD%GPTSKIN9)
(  234)   IF (LLPRINT) THEN
(  235)     WRITE (*, '(I10," ")', ADVANCE='NO') ISIZE
(  236)     WRITE (*, *) TRIM (CLPATH)//'%GPTSKIN9'
(  237)   ENDIF
(  238)   KSIZE = KSIZE + ISIZE
(  239) ENDIF
(  240) ISIZE = KIND (YD%NGSKIN)
(  241) IF (LLPRINT) THEN
(  242)   WRITE (*, '(I10," ")', ADVANCE='NO') ISIZE
(  243)   WRITE (*, *) TRIM (CLPATH)//'%NGSKIN'
(  244) ENDIF
(  245) KSIZE = KSIZE + ISIZE
(  246) ISIZE = KIND (YD%LREGSF)
(  247) IF (LLPRINT) THEN
(  248)   WRITE (*, '(I10," ")', ADVANCE='NO') ISIZE
(  249)   WRITE (*, *) TRIM (CLPATH)//'%LREGSF'
(  250) ENDIF
(  251) KSIZE = KSIZE + ISIZE
(  252) END FUNCTION
(  253) 
(  254) END MODULE


































NVFORTRAN (Version     24.5)          03/19/2025  06:54:39      page 6

(    1) # 1 "./util_tsrftlad_mod.F90"
(    1) MODULE UTIL_TSRFTLAD_MOD
(    2) # 3 "./util_tsrftlad_mod.F90"
(    3) USE YOMSRFTLAD, ONLY : TSRFTLAD
(    4) # 5 "./util_tsrftlad_mod.F90"
(    5) INTERFACE SAVE
(    6) MODULE PROCEDURE SAVE_TSRFTLAD
(    7) END INTERFACE
(    8) # 9 "./util_tsrftlad_mod.F90"
(    9) INTERFACE LOAD
(   10) MODULE PROCEDURE LOAD_TSRFTLAD
(   11) END INTERFACE
(   12) # 13 "./util_tsrftlad_mod.F90"
(   13) INTERFACE COPY
(   14) MODULE PROCEDURE COPY_TSRFTLAD
(   15) END INTERFACE
(   16) # 17 "./util_tsrftlad_mod.F90"
(   17) INTERFACE HOST
(   18) MODULE PROCEDURE HOST_TSRFTLAD
(   19) END INTERFACE
(   20) # 21 "./util_tsrftlad_mod.F90"
(   21)      
(   22) INTERFACE CRC64
(   23) MODULE PROCEDURE CRC64_TSRFTLAD
(   24) END INTERFACE
(   25) # 26 "./util_tsrftlad_mod.F90"
(   26) INTERFACE WIPE
(   27) MODULE PROCEDURE WIPE_TSRFTLAD
(   28) END INTERFACE
(   29) # 30 "./util_tsrftlad_mod.F90"
(   30) INTERFACE SIZE
(   31) MODULE PROCEDURE SIZE_TSRFTLAD
(   32) END INTERFACE
(   33) # 35 "./util_tsrftlad_mod.F90"
(   35) CONTAINS
(   36) # 37 "./util_tsrftlad_mod.F90"
(   37) SUBROUTINE SAVE_TSRFTLAD (KLUN, YD)
(   38) # 39 "./util_tsrftlad_mod.F90"
(   39) IMPLICIT NONE
(   40) INTEGER, INTENT (IN) :: KLUN
(   41) TYPE (TSRFTLAD), INTENT (IN), TARGET :: YD
(   42) LOGICAL :: LGPTSKIN0, LGPTSKIN9
(   43) LGPTSKIN0 = ALLOCATED (YD%GPTSKIN0)
(   44) WRITE (KLUN) LGPTSKIN0
(   45) IF (LGPTSKIN0) THEN
(   46)   WRITE (KLUN) LBOUND (YD%GPTSKIN0)
(   47)   WRITE (KLUN) UBOUND (YD%GPTSKIN0)
(   48)   WRITE (KLUN) YD%GPTSKIN0
(   49) ENDIF
(   50) LGPTSKIN9 = ALLOCATED (YD%GPTSKIN9)
(   51) WRITE (KLUN) LGPTSKIN9
(   52) IF (LGPTSKIN9) THEN
(   53)   WRITE (KLUN) LBOUND (YD%GPTSKIN9)
(   54)   WRITE (KLUN) UBOUND (YD%GPTSKIN9)
(   55)   WRITE (KLUN) YD%GPTSKIN9
(   56) ENDIF
(   57) WRITE (KLUN) YD%NGSKIN
(   58) WRITE (KLUN) YD%LREGSF






NVFORTRAN (Version     24.5)          03/19/2025  06:54:39      page 7

(   59) END SUBROUTINE
(   60) # 61 "./util_tsrftlad_mod.F90"
(   61) SUBROUTINE LOAD_TSRFTLAD (KLUN, YD)
(   62) USE PARKIND1, ONLY : JPRD
(   63) # 64 "./util_tsrftlad_mod.F90"
(   64) IMPLICIT NONE
(   65) INTEGER, INTENT (IN) :: KLUN
(   66) TYPE (TSRFTLAD), INTENT (OUT), TARGET :: YD
(   67) INTEGER :: IL3(3), IU3(3)
(   68) LOGICAL :: LGPTSKIN0, LGPTSKIN9
(   69) REAL(KIND=JPRD), ALLOCATABLE :: ZTMP3 (:,:,:)
(   70) READ (KLUN) LGPTSKIN0
(   71) IF (LGPTSKIN0) THEN
(   72)   READ (KLUN) IL3
(   73)   READ (KLUN) IU3
(   74)   ALLOCATE (YD%GPTSKIN0 (IL3(1):IU3(1), IL3(2):IU3(2), IL3(3):IU3(3)))
(   75)   ALLOCATE (ZTMP3(LBOUND(YD%GPTSKIN0,1):UBOUND(YD%GPTSKIN0,1), LBOUND(YD%GPTSKIN0,2):UBOUND(YD%GPTSKIN0,2), LBOUND(YD%GPTSKIN0,3):UBOUND(YD%GPTSKIN0,3)))
(   76)   READ (KLUN) ZTMP3
(   77)   YD%GPTSKIN0 = ZTMP3
(   78)   DEALLOCATE (ZTMP3)
(   79) ENDIF
(   80) READ (KLUN) LGPTSKIN9
(   81) IF (LGPTSKIN9) THEN
(   82)   READ (KLUN) IL3
(   83)   READ (KLUN) IU3
(   84)   ALLOCATE (YD%GPTSKIN9 (IL3(1):IU3(1), IL3(2):IU3(2), IL3(3):IU3(3)))
(   85)   ALLOCATE (ZTMP3(LBOUND(YD%GPTSKIN9,1):UBOUND(YD%GPTSKIN9,1), LBOUND(YD%GPTSKIN9,2):UBOUND(YD%GPTSKIN9,2), LBOUND(YD%GPTSKIN9,3):UBOUND(YD%GPTSKIN9,3)))
(   86)   READ (KLUN) ZTMP3
(   87)   YD%GPTSKIN9 = ZTMP3
(   88)   DEALLOCATE (ZTMP3)
(   89) ENDIF
(   90) READ (KLUN) YD%NGSKIN
(   91) READ (KLUN) YD%LREGSF
(   92) END SUBROUTINE
(   93) # 95 "./util_tsrftlad_mod.F90"
(   95) SUBROUTINE COPY_TSRFTLAD (YD, LDCREATED, LDFIELDAPI)
(   96) # 97 "./util_tsrftlad_mod.F90"
(   97) IMPLICIT NONE
(   98) TYPE (TSRFTLAD), INTENT (IN), TARGET :: YD
(   99) LOGICAL, OPTIONAL, INTENT (IN) :: LDCREATED, LDFIELDAPI
(  100) LOGICAL :: LLCREATED
(  101) LOGICAL :: LLFIELDAPI
(  102) LOGICAL :: LGPTSKIN0, LGPTSKIN9
(  103) # 104 "./util_tsrftlad_mod.F90"
(  104) LLFIELDAPI = .FALSE.
(  105) IF (PRESENT (LDFIELDAPI)) THEN
(  106)   LLFIELDAPI = LDFIELDAPI
(  107) ENDIF
(  108) LLCREATED = .FALSE.
(  109) IF (PRESENT (LDCREATED)) THEN
(  110)   LLCREATED = LDCREATED
(  111) ENDIF
(  112) IF (.NOT. LLCREATED) THEN
(  113)   !$acc enter data create (YD)
(  114)   !$acc update device (YD)
(  115) ENDIF
(  116) LGPTSKIN0 = ALLOCATED (YD%GPTSKIN0)
(  117) IF (LGPTSKIN0) THEN






NVFORTRAN (Version     24.5)          03/19/2025  06:54:39      page 8

(  118)   !$acc enter data create (YD%GPTSKIN0)
(  119)   !$acc update device (YD%GPTSKIN0)
(  120)   !$acc enter data attach (YD%GPTSKIN0)
(  121) ENDIF
(  122) # 123 "./util_tsrftlad_mod.F90"
(  123) LGPTSKIN9 = ALLOCATED (YD%GPTSKIN9)
(  124) IF (LGPTSKIN9) THEN
(  125)   !$acc enter data create (YD%GPTSKIN9)
(  126)   !$acc update device (YD%GPTSKIN9)
(  127)   !$acc enter data attach (YD%GPTSKIN9)
(  128) ENDIF
(  129) # 132 "./util_tsrftlad_mod.F90"
(  132) END SUBROUTINE
(  133) # 134 "./util_tsrftlad_mod.F90"
(  134) SUBROUTINE HOST_TSRFTLAD (YD)
(  135) # 136 "./util_tsrftlad_mod.F90"
(  136) IMPLICIT NONE
(  137) TYPE (TSRFTLAD), TARGET :: YD
(  138) LOGICAL :: LGPTSKIN0, LGPTSKIN9
(  139) # 143 "./util_tsrftlad_mod.F90"
(  143) END SUBROUTINE
(  144) # 145 "./util_tsrftlad_mod.F90"
(  145)      
(  146) # 147 "./util_tsrftlad_mod.F90"
(  147) SUBROUTINE CRC64_TSRFTLAD (YD, KLUN, CDPATH)
(  148) USE CRC64_INTRINSIC
(  149) # 150 "./util_tsrftlad_mod.F90"
(  150) IMPLICIT NONE
(  151) TYPE (TSRFTLAD), TARGET :: YD
(  152) INTEGER, INTENT (IN) :: KLUN
(  153) CHARACTER(LEN=*), INTENT (IN) :: CDPATH
(  154) CHARACTER(LEN=128) :: CLIND
(  155) LOGICAL :: LGPTSKIN0, LGPTSKIN9
(  156) WRITE (KLUN, '(Z16.16," ",A)') CRC64 (YD%GPTSKIN0), CDPATH//'%GPTSKIN0'
(  157) # 158 "./util_tsrftlad_mod.F90"
(  158) WRITE (KLUN, '(Z16.16," ",A)') CRC64 (YD%GPTSKIN9), CDPATH//'%GPTSKIN9'
(  159) # 160 "./util_tsrftlad_mod.F90"
(  160) WRITE (KLUN, '(Z16.16," ",A)') CRC64 (YD%NGSKIN), CDPATH//'%NGSKIN'
(  161) # 162 "./util_tsrftlad_mod.F90"
(  162) WRITE (KLUN, '(Z16.16," ",A)') CRC64 (YD%LREGSF), CDPATH//'%LREGSF'
(  163) # 164 "./util_tsrftlad_mod.F90"
(  164) END SUBROUTINE
(  165) # 166 "./util_tsrftlad_mod.F90"
(  166) SUBROUTINE WIPE_TSRFTLAD (YD, LDDELETED, LDFIELDAPI)
(  167) # 168 "./util_tsrftlad_mod.F90"
(  168) IMPLICIT NONE
(  169) TYPE (TSRFTLAD), INTENT (IN), TARGET :: YD
(  170) LOGICAL, OPTIONAL, INTENT (IN) :: LDDELETED, LDFIELDAPI
(  171) LOGICAL :: LLDELETED
(  172) LOGICAL :: LLFIELDAPI
(  173) LOGICAL :: LGPTSKIN0, LGPTSKIN9
(  174) # 175 "./util_tsrftlad_mod.F90"
(  175) LLFIELDAPI = .FALSE.
(  176) IF (PRESENT (LDFIELDAPI)) THEN
(  177)   LLFIELDAPI = LDFIELDAPI
(  178) ENDIF
(  179) LGPTSKIN0 = ALLOCATED (YD%GPTSKIN0)
(  180) IF (LGPTSKIN0) THEN






NVFORTRAN (Version     24.5)          03/19/2025  06:54:39      page 9

(  181)   !$acc exit data detach (YD%GPTSKIN0)
(  182)   !$acc exit data delete (YD%GPTSKIN0)
(  183) ENDIF
(  184) # 185 "./util_tsrftlad_mod.F90"
(  185) LGPTSKIN9 = ALLOCATED (YD%GPTSKIN9)
(  186) IF (LGPTSKIN9) THEN
(  187)   !$acc exit data detach (YD%GPTSKIN9)
(  188)   !$acc exit data delete (YD%GPTSKIN9)
(  189) ENDIF
(  190) # 193 "./util_tsrftlad_mod.F90"
(  193) LLDELETED = .FALSE.
(  194) IF (PRESENT (LDDELETED)) THEN
(  195)   LLDELETED = LDDELETED
(  196) ENDIF
(  197) IF (.NOT. LLDELETED) THEN
(  198)   !$acc exit data delete (YD)
(  199) ENDIF
(  200) END SUBROUTINE
(  201) # 202 "./util_tsrftlad_mod.F90"
(  202) INTEGER*8 FUNCTION SIZE_TSRFTLAD (YD, CDPATH, LDPRINT) RESULT (KSIZE)
(  203) # 204 "./util_tsrftlad_mod.F90"
(  204) IMPLICIT NONE
(  205) TYPE (TSRFTLAD),     INTENT (IN), TARGET :: YD
(  206) CHARACTER(LEN=*), INTENT (IN), OPTIONAL :: CDPATH
(  207) LOGICAL,          INTENT (IN), OPTIONAL :: LDPRINT
(  208) INTEGER*8 :: ISIZE, JSIZE
(  209) LOGICAL :: LLPRINT
(  210) CHARACTER(LEN=128) :: CLPATH
(  211) LOGICAL :: LGPTSKIN0, LGPTSKIN9
(  212) # 213 "./util_tsrftlad_mod.F90"
(  213) LLPRINT = .FALSE.
(  214) IF (PRESENT (LDPRINT)) THEN
(  215)   LLPRINT = LDPRINT
(  216) ENDIF
(  217) CLPATH=''
(  218) IF (PRESENT (CDPATH)) THEN
(  219)   CLPATH = CDPATH
(  220) ENDIF
(  221) KSIZE = 0
(  222) LGPTSKIN0 = ALLOCATED (YD%GPTSKIN0)
(  223) IF (LGPTSKIN0) THEN
(  224)   ISIZE = KIND (YD%GPTSKIN0) * SIZE (YD%GPTSKIN0)
(  225)   IF (LLPRINT) THEN
(  226)     WRITE (*, '(I10," ")', ADVANCE='NO') ISIZE
(  227)     WRITE (*, *) TRIM (CLPATH)//'%GPTSKIN0'
(  228)   ENDIF
(  229)   KSIZE = KSIZE + ISIZE
(  230) ENDIF
(  231) LGPTSKIN9 = ALLOCATED (YD%GPTSKIN9)
(  232) IF (LGPTSKIN9) THEN
(  233)   ISIZE = KIND (YD%GPTSKIN9) * SIZE (YD%GPTSKIN9)
(  234)   IF (LLPRINT) THEN
(  235)     WRITE (*, '(I10," ")', ADVANCE='NO') ISIZE
(  236)     WRITE (*, *) TRIM (CLPATH)//'%GPTSKIN9'
(  237)   ENDIF
(  238)   KSIZE = KSIZE + ISIZE
(  239) ENDIF
(  240) ISIZE = KIND (YD%NGSKIN)






NVFORTRAN (Version     24.5)          03/19/2025  06:54:39      page 10

(  241) IF (LLPRINT) THEN
(  242)   WRITE (*, '(I10," ")', ADVANCE='NO') ISIZE
(  243)   WRITE (*, *) TRIM (CLPATH)//'%NGSKIN'
(  244) ENDIF
(  245) KSIZE = KSIZE + ISIZE
(  246) ISIZE = KIND (YD%LREGSF)
(  247) IF (LLPRINT) THEN
(  248)   WRITE (*, '(I10," ")', ADVANCE='NO') ISIZE
(  249)   WRITE (*, *) TRIM (CLPATH)//'%LREGSF'
(  250) ENDIF
(  251) KSIZE = KSIZE + ISIZE
(  252) END FUNCTION
(  253) # 254 "./util_tsrftlad_mod.F90"
(  254) END MODULE
