


NVFORTRAN (Version     24.5)          03/19/2025  06:54:51      page 1

Switches: -noasm -nodclchk -debug -nodlines -line -list
          -idir /opt/softs/gcc/9.2.0/hpc_sdk/Linux_x86_64/24.5/comm_libs/12.4/hpcx/hpcx-2.19/ompi/include
          -idir /opt/softs/gcc/9.2.0/hpc_sdk/Linux_x86_64/24.5/comm_libs/12.4/hpcx/hpcx-2.19/ompi/lib
          -inform severe -opt 1 -nosave -object -noonetrip
          -depchk on -nostandard     
          -symbol -noupcase    

Filename: ./util_tcst_mod.F90

(    1) MODULE UTIL_TCST_MOD
(    2) 
(    3) USE YOMCST, ONLY : TCST
(    4) 
(    5) INTERFACE SAVE
(    6) MODULE PROCEDURE SAVE_TCST
(    7) END INTERFACE
(    8) 
(    9) INTERFACE LOAD
(   10) MODULE PROCEDURE LOAD_TCST
(   11) END INTERFACE
(   12) 
(   13) INTERFACE COPY
(   14) MODULE PROCEDURE COPY_TCST
(   15) END INTERFACE
(   16) 
(   17) INTERFACE HOST
(   18) MODULE PROCEDURE HOST_TCST
(   19) END INTERFACE
(   20) 
(   21)      
(   22) INTERFACE CRC64
(   23) MODULE PROCEDURE CRC64_TCST
(   24) END INTERFACE
(   25) 
(   26) INTERFACE WIPE
(   27) MODULE PROCEDURE WIPE_TCST
(   28) END INTERFACE
(   29) 
(   30) INTERFACE SIZE
(   31) MODULE PROCEDURE SIZE_TCST
(   32) END INTERFACE
(   33) 
(   34) 
(   35) CONTAINS
(   36) 
(   37) SUBROUTINE SAVE_TCST (KLUN, YD)
(   38) 
(   39) IMPLICIT NONE
(   40) INTEGER, INTENT (IN) :: KLUN
(   41) TYPE (TCST), INTENT (IN), TARGET :: YD
(   42) 
(   43) WRITE (KLUN) YD%RPI
(   44) WRITE (KLUN) YD%RCLUM
(   45) WRITE (KLUN) YD%RHPLA
(   46) WRITE (KLUN) YD%RKBOL
(   47) WRITE (KLUN) YD%RNAVO
(   48) WRITE (KLUN) YD%RDAY
(   49) WRITE (KLUN) YD%RDAYI
(   50) WRITE (KLUN) YD%RHOUR






NVFORTRAN (Version     24.5)          03/19/2025  06:54:51      page 2

(   51) WRITE (KLUN) YD%REA
(   52) WRITE (KLUN) YD%REPSM
(   53) WRITE (KLUN) YD%RSIYEA
(   54) WRITE (KLUN) YD%RSIDAY
(   55) WRITE (KLUN) YD%ROMEGA
(   56) WRITE (KLUN) YD%RA
(   57) WRITE (KLUN) YD%RG
(   58) WRITE (KLUN) YD%R1SA
(   59) WRITE (KLUN) YD%DEG2RAD
(   60) WRITE (KLUN) YD%RSIGMA
(   61) WRITE (KLUN) YD%RI0
(   62) WRITE (KLUN) YD%R
(   63) WRITE (KLUN) YD%RMD
(   64) WRITE (KLUN) YD%RMV
(   65) WRITE (KLUN) YD%RMO3
(   66) WRITE (KLUN) YD%RD
(   67) WRITE (KLUN) YD%RV
(   68) WRITE (KLUN) YD%RCPD
(   69) WRITE (KLUN) YD%RCPV
(   70) WRITE (KLUN) YD%RCVD
(   71) WRITE (KLUN) YD%RCVV
(   72) WRITE (KLUN) YD%RKAPPA
(   73) WRITE (KLUN) YD%RETV
(   74) WRITE (KLUN) YD%RMCO2
(   75) WRITE (KLUN) YD%RMCH4
(   76) WRITE (KLUN) YD%RMN2O
(   77) WRITE (KLUN) YD%RMCO
(   78) WRITE (KLUN) YD%RMHCHO
(   79) WRITE (KLUN) YD%RMNO2
(   80) WRITE (KLUN) YD%RMSO2
(   81) WRITE (KLUN) YD%RMSO4
(   82) WRITE (KLUN) YD%RMCFC11
(   83) WRITE (KLUN) YD%RMCFC12
(   84) WRITE (KLUN) YD%RMHCFC22
(   85) WRITE (KLUN) YD%RMCCL4
(   86) WRITE (KLUN) YD%RCW
(   87) WRITE (KLUN) YD%RCS
(   88) WRITE (KLUN) YD%RATM
(   89) WRITE (KLUN) YD%RTT
(   90) WRITE (KLUN) YD%RLVTT
(   91) WRITE (KLUN) YD%RLSTT
(   92) WRITE (KLUN) YD%RLVZER
(   93) WRITE (KLUN) YD%RLSZER
(   94) WRITE (KLUN) YD%RLMLT
(   95) WRITE (KLUN) YD%RDT
(   96) WRITE (KLUN) YD%RESTT
(   97) WRITE (KLUN) YD%RGAMW
(   98) WRITE (KLUN) YD%RBETW
(   99) WRITE (KLUN) YD%RALPW
(  100) WRITE (KLUN) YD%RGAMS
(  101) WRITE (KLUN) YD%RBETS
(  102) WRITE (KLUN) YD%RALPS
(  103) WRITE (KLUN) YD%RALPD
(  104) WRITE (KLUN) YD%RBETD
(  105) WRITE (KLUN) YD%RGAMD
(  106) WRITE (KLUN) YD%RK1
(  107) WRITE (KLUN) YD%RK2
(  108) WRITE (KLUN) YD%RK3






NVFORTRAN (Version     24.5)          03/19/2025  06:54:51      page 3

(  109) WRITE (KLUN) YD%RGNSSSAT
(  110) WRITE (KLUN) YD%RGNSSEAR
(  111) WRITE (KLUN) YD%RAWGS
(  112) WRITE (KLUN) YD%REWGS
(  113) WRITE (KLUN) YD%RFWGS
(  114) WRITE (KLUN) YD%RGEQU
(  115) WRITE (KLUN) YD%RGRAT
(  116) WRITE (KLUN) YD%RKSSOM
(  117) END SUBROUTINE
(  118) 
(  119) SUBROUTINE LOAD_TCST (KLUN, YD)
(  120) USE PARKIND1, ONLY : JPRD
(  121) 
(  122) IMPLICIT NONE
(  123) INTEGER, INTENT (IN) :: KLUN
(  124) TYPE (TCST), INTENT (OUT), TARGET :: YD
(  125) REAL(KIND=JPRD) :: ZTMP0
(  126) READ (KLUN) ZTMP0
(  127) YD%RPI = ZTMP0
(  128) READ (KLUN) ZTMP0
(  129) YD%RCLUM = ZTMP0
(  130) READ (KLUN) ZTMP0
(  131) YD%RHPLA = ZTMP0
(  132) READ (KLUN) ZTMP0
(  133) YD%RKBOL = ZTMP0
(  134) READ (KLUN) ZTMP0
(  135) YD%RNAVO = ZTMP0
(  136) READ (KLUN) ZTMP0
(  137) YD%RDAY = ZTMP0
(  138) READ (KLUN) ZTMP0
(  139) YD%RDAYI = ZTMP0
(  140) READ (KLUN) ZTMP0
(  141) YD%RHOUR = ZTMP0
(  142) READ (KLUN) ZTMP0
(  143) YD%REA = ZTMP0
(  144) READ (KLUN) ZTMP0
(  145) YD%REPSM = ZTMP0
(  146) READ (KLUN) ZTMP0
(  147) YD%RSIYEA = ZTMP0
(  148) READ (KLUN) ZTMP0
(  149) YD%RSIDAY = ZTMP0
(  150) READ (KLUN) ZTMP0
(  151) YD%ROMEGA = ZTMP0
(  152) READ (KLUN) ZTMP0
(  153) YD%RA = ZTMP0
(  154) READ (KLUN) ZTMP0
(  155) YD%RG = ZTMP0
(  156) READ (KLUN) ZTMP0
(  157) YD%R1SA = ZTMP0
(  158) READ (KLUN) ZTMP0
(  159) YD%DEG2RAD = ZTMP0
(  160) READ (KLUN) ZTMP0
(  161) YD%RSIGMA = ZTMP0
(  162) READ (KLUN) ZTMP0
(  163) YD%RI0 = ZTMP0
(  164) READ (KLUN) ZTMP0
(  165) YD%R = ZTMP0
(  166) READ (KLUN) ZTMP0






NVFORTRAN (Version     24.5)          03/19/2025  06:54:51      page 4

(  167) YD%RMD = ZTMP0
(  168) READ (KLUN) ZTMP0
(  169) YD%RMV = ZTMP0
(  170) READ (KLUN) ZTMP0
(  171) YD%RMO3 = ZTMP0
(  172) READ (KLUN) ZTMP0
(  173) YD%RD = ZTMP0
(  174) READ (KLUN) ZTMP0
(  175) YD%RV = ZTMP0
(  176) READ (KLUN) ZTMP0
(  177) YD%RCPD = ZTMP0
(  178) READ (KLUN) ZTMP0
(  179) YD%RCPV = ZTMP0
(  180) READ (KLUN) ZTMP0
(  181) YD%RCVD = ZTMP0
(  182) READ (KLUN) ZTMP0
(  183) YD%RCVV = ZTMP0
(  184) READ (KLUN) ZTMP0
(  185) YD%RKAPPA = ZTMP0
(  186) READ (KLUN) ZTMP0
(  187) YD%RETV = ZTMP0
(  188) READ (KLUN) ZTMP0
(  189) YD%RMCO2 = ZTMP0
(  190) READ (KLUN) ZTMP0
(  191) YD%RMCH4 = ZTMP0
(  192) READ (KLUN) ZTMP0
(  193) YD%RMN2O = ZTMP0
(  194) READ (KLUN) ZTMP0
(  195) YD%RMCO = ZTMP0
(  196) READ (KLUN) ZTMP0
(  197) YD%RMHCHO = ZTMP0
(  198) READ (KLUN) ZTMP0
(  199) YD%RMNO2 = ZTMP0
(  200) READ (KLUN) ZTMP0
(  201) YD%RMSO2 = ZTMP0
(  202) READ (KLUN) ZTMP0
(  203) YD%RMSO4 = ZTMP0
(  204) READ (KLUN) ZTMP0
(  205) YD%RMCFC11 = ZTMP0
(  206) READ (KLUN) ZTMP0
(  207) YD%RMCFC12 = ZTMP0
(  208) READ (KLUN) ZTMP0
(  209) YD%RMHCFC22 = ZTMP0
(  210) READ (KLUN) ZTMP0
(  211) YD%RMCCL4 = ZTMP0
(  212) READ (KLUN) ZTMP0
(  213) YD%RCW = ZTMP0
(  214) READ (KLUN) ZTMP0
(  215) YD%RCS = ZTMP0
(  216) READ (KLUN) ZTMP0
(  217) YD%RATM = ZTMP0
(  218) READ (KLUN) ZTMP0
(  219) YD%RTT = ZTMP0
(  220) READ (KLUN) ZTMP0
(  221) YD%RLVTT = ZTMP0
(  222) READ (KLUN) ZTMP0
(  223) YD%RLSTT = ZTMP0
(  224) READ (KLUN) ZTMP0






NVFORTRAN (Version     24.5)          03/19/2025  06:54:51      page 5

(  225) YD%RLVZER = ZTMP0
(  226) READ (KLUN) ZTMP0
(  227) YD%RLSZER = ZTMP0
(  228) READ (KLUN) ZTMP0
(  229) YD%RLMLT = ZTMP0
(  230) READ (KLUN) ZTMP0
(  231) YD%RDT = ZTMP0
(  232) READ (KLUN) ZTMP0
(  233) YD%RESTT = ZTMP0
(  234) READ (KLUN) ZTMP0
(  235) YD%RGAMW = ZTMP0
(  236) READ (KLUN) ZTMP0
(  237) YD%RBETW = ZTMP0
(  238) READ (KLUN) ZTMP0
(  239) YD%RALPW = ZTMP0
(  240) READ (KLUN) ZTMP0
(  241) YD%RGAMS = ZTMP0
(  242) READ (KLUN) ZTMP0
(  243) YD%RBETS = ZTMP0
(  244) READ (KLUN) ZTMP0
(  245) YD%RALPS = ZTMP0
(  246) READ (KLUN) ZTMP0
(  247) YD%RALPD = ZTMP0
(  248) READ (KLUN) ZTMP0
(  249) YD%RBETD = ZTMP0
(  250) READ (KLUN) ZTMP0
(  251) YD%RGAMD = ZTMP0
(  252) READ (KLUN) ZTMP0
(  253) YD%RK1 = ZTMP0
(  254) READ (KLUN) ZTMP0
(  255) YD%RK2 = ZTMP0
(  256) READ (KLUN) ZTMP0
(  257) YD%RK3 = ZTMP0
(  258) READ (KLUN) ZTMP0
(  259) YD%RGNSSSAT = ZTMP0
(  260) READ (KLUN) ZTMP0
(  261) YD%RGNSSEAR = ZTMP0
(  262) READ (KLUN) ZTMP0
(  263) YD%RAWGS = ZTMP0
(  264) READ (KLUN) ZTMP0
(  265) YD%REWGS = ZTMP0
(  266) READ (KLUN) ZTMP0
(  267) YD%RFWGS = ZTMP0
(  268) READ (KLUN) ZTMP0
(  269) YD%RGEQU = ZTMP0
(  270) READ (KLUN) ZTMP0
(  271) YD%RGRAT = ZTMP0
(  272) READ (KLUN) ZTMP0
(  273) YD%RKSSOM = ZTMP0
(  274) END SUBROUTINE
(  275) 
(  276) 
(  277) SUBROUTINE COPY_TCST (YD, LDCREATED, LDFIELDAPI)
(  278) 
(  279) IMPLICIT NONE
(  280) TYPE (TCST), INTENT (IN), TARGET :: YD
(  281) LOGICAL, OPTIONAL, INTENT (IN) :: LDCREATED, LDFIELDAPI
(  282) LOGICAL :: LLCREATED






NVFORTRAN (Version     24.5)          03/19/2025  06:54:51      page 6

(  283) LOGICAL :: LLFIELDAPI
(  284) 
(  285) LLFIELDAPI = .FALSE.
(  286) IF (PRESENT (LDFIELDAPI)) THEN
(  287)   LLFIELDAPI = LDFIELDAPI
(  288) ENDIF
(  289) LLCREATED = .FALSE.
(  290) IF (PRESENT (LDCREATED)) THEN
(  291)   LLCREATED = LDCREATED
(  292) ENDIF
(  293) IF (.NOT. LLCREATED) THEN
(  294)   !$acc enter data create (YD)
(  295)   !$acc update device (YD)
(  296) ENDIF
(  297) 
(  298) 
(  299) 
(  300) 
(  301) 
(  302) 
(  303) 
(  304) 
(  305) 
(  306) 
(  307) 
(  308) 
(  309) 
(  310) 
(  311) 
(  312) 
(  313) 
(  314) 
(  315) 
(  316) 
(  317) 
(  318) 
(  319) 
(  320) 
(  321) 
(  322) 
(  323) 
(  324) 
(  325) 
(  326) 
(  327) 
(  328) 
(  329) 
(  330) 
(  331) 
(  332) 
(  333) 
(  334) 
(  335) 
(  336) 
(  337) 
(  338) 
(  339) 
(  340) 






NVFORTRAN (Version     24.5)          03/19/2025  06:54:51      page 7

(  341) 
(  342) 
(  343) 
(  344) 
(  345) 
(  346) 
(  347) 
(  348) 
(  349) 
(  350) 
(  351) 
(  352) 
(  353) 
(  354) 
(  355) 
(  356) 
(  357) 
(  358) 
(  359) 
(  360) 
(  361) 
(  362) 
(  363) 
(  364) 
(  365) 
(  366) 
(  367) 
(  368) 
(  369) 
(  370) 
(  371) END SUBROUTINE
(  372) 
(  373) SUBROUTINE HOST_TCST (YD)
(  374) 
(  375) IMPLICIT NONE
(  376) TYPE (TCST), TARGET :: YD
(  377) 
(  378) 
(  379) 
(  380) 
(  381) 
(  382) 
(  383) 
(  384) 
(  385) 
(  386) 
(  387) 
(  388) 
(  389) 
(  390) 
(  391) 
(  392) 
(  393) 
(  394) 
(  395) 
(  396) 
(  397) 
(  398) 






NVFORTRAN (Version     24.5)          03/19/2025  06:54:51      page 8

(  399) 
(  400) 
(  401) 
(  402) 
(  403) 
(  404) 
(  405) 
(  406) 
(  407) 
(  408) 
(  409) 
(  410) 
(  411) 
(  412) 
(  413) 
(  414) 
(  415) 
(  416) 
(  417) 
(  418) 
(  419) 
(  420) 
(  421) 
(  422) 
(  423) 
(  424) 
(  425) 
(  426) 
(  427) 
(  428) 
(  429) 
(  430) 
(  431) 
(  432) 
(  433) 
(  434) 
(  435) 
(  436) 
(  437) 
(  438) 
(  439) 
(  440) 
(  441) 
(  442) 
(  443) 
(  444) 
(  445) 
(  446) 
(  447) 
(  448) 
(  449) 
(  450) 
(  451) 
(  452) END SUBROUTINE
(  453) 
(  454)      
(  455) 
(  456) SUBROUTINE CRC64_TCST (YD, KLUN, CDPATH)






NVFORTRAN (Version     24.5)          03/19/2025  06:54:51      page 9

(  457) USE CRC64_INTRINSIC
(  458) 
(  459) IMPLICIT NONE
(  460) TYPE (TCST), TARGET :: YD
(  461) INTEGER, INTENT (IN) :: KLUN
(  462) CHARACTER(LEN=*), INTENT (IN) :: CDPATH
(  463) CHARACTER(LEN=128) :: CLIND
(  464) 
(  465) WRITE (KLUN, '(Z16.16," ",A)') CRC64 (YD%RPI), CDPATH//'%RPI'
(  466) 
(  467) WRITE (KLUN, '(Z16.16," ",A)') CRC64 (YD%RCLUM), CDPATH//'%RCLUM'
(  468) 
(  469) WRITE (KLUN, '(Z16.16," ",A)') CRC64 (YD%RHPLA), CDPATH//'%RHPLA'
(  470) 
(  471) WRITE (KLUN, '(Z16.16," ",A)') CRC64 (YD%RKBOL), CDPATH//'%RKBOL'
(  472) 
(  473) WRITE (KLUN, '(Z16.16," ",A)') CRC64 (YD%RNAVO), CDPATH//'%RNAVO'
(  474) 
(  475) WRITE (KLUN, '(Z16.16," ",A)') CRC64 (YD%RDAY), CDPATH//'%RDAY'
(  476) 
(  477) WRITE (KLUN, '(Z16.16," ",A)') CRC64 (YD%RDAYI), CDPATH//'%RDAYI'
(  478) 
(  479) WRITE (KLUN, '(Z16.16," ",A)') CRC64 (YD%RHOUR), CDPATH//'%RHOUR'
(  480) 
(  481) WRITE (KLUN, '(Z16.16," ",A)') CRC64 (YD%REA), CDPATH//'%REA'
(  482) 
(  483) WRITE (KLUN, '(Z16.16," ",A)') CRC64 (YD%REPSM), CDPATH//'%REPSM'
(  484) 
(  485) WRITE (KLUN, '(Z16.16," ",A)') CRC64 (YD%RSIYEA), CDPATH//'%RSIYEA'
(  486) 
(  487) WRITE (KLUN, '(Z16.16," ",A)') CRC64 (YD%RSIDAY), CDPATH//'%RSIDAY'
(  488) 
(  489) WRITE (KLUN, '(Z16.16," ",A)') CRC64 (YD%ROMEGA), CDPATH//'%ROMEGA'
(  490) 
(  491) WRITE (KLUN, '(Z16.16," ",A)') CRC64 (YD%RA), CDPATH//'%RA'
(  492) 
(  493) WRITE (KLUN, '(Z16.16," ",A)') CRC64 (YD%RG), CDPATH//'%RG'
(  494) 
(  495) WRITE (KLUN, '(Z16.16," ",A)') CRC64 (YD%R1SA), CDPATH//'%R1SA'
(  496) 
(  497) WRITE (KLUN, '(Z16.16," ",A)') CRC64 (YD%DEG2RAD), CDPATH//'%DEG2RAD'
(  498) 
(  499) WRITE (KLUN, '(Z16.16," ",A)') CRC64 (YD%RSIGMA), CDPATH//'%RSIGMA'
(  500) 
(  501) WRITE (KLUN, '(Z16.16," ",A)') CRC64 (YD%RI0), CDPATH//'%RI0'
(  502) 
(  503) WRITE (KLUN, '(Z16.16," ",A)') CRC64 (YD%R), CDPATH//'%R'
(  504) 
(  505) WRITE (KLUN, '(Z16.16," ",A)') CRC64 (YD%RMD), CDPATH//'%RMD'
(  506) 
(  507) WRITE (KLUN, '(Z16.16," ",A)') CRC64 (YD%RMV), CDPATH//'%RMV'
(  508) 
(  509) WRITE (KLUN, '(Z16.16," ",A)') CRC64 (YD%RMO3), CDPATH//'%RMO3'
(  510) 
(  511) WRITE (KLUN, '(Z16.16," ",A)') CRC64 (YD%RD), CDPATH//'%RD'
(  512) 
(  513) WRITE (KLUN, '(Z16.16," ",A)') CRC64 (YD%RV), CDPATH//'%RV'
(  514) 






NVFORTRAN (Version     24.5)          03/19/2025  06:54:51      page 10

(  515) WRITE (KLUN, '(Z16.16," ",A)') CRC64 (YD%RCPD), CDPATH//'%RCPD'
(  516) 
(  517) WRITE (KLUN, '(Z16.16," ",A)') CRC64 (YD%RCPV), CDPATH//'%RCPV'
(  518) 
(  519) WRITE (KLUN, '(Z16.16," ",A)') CRC64 (YD%RCVD), CDPATH//'%RCVD'
(  520) 
(  521) WRITE (KLUN, '(Z16.16," ",A)') CRC64 (YD%RCVV), CDPATH//'%RCVV'
(  522) 
(  523) WRITE (KLUN, '(Z16.16," ",A)') CRC64 (YD%RKAPPA), CDPATH//'%RKAPPA'
(  524) 
(  525) WRITE (KLUN, '(Z16.16," ",A)') CRC64 (YD%RETV), CDPATH//'%RETV'
(  526) 
(  527) WRITE (KLUN, '(Z16.16," ",A)') CRC64 (YD%RMCO2), CDPATH//'%RMCO2'
(  528) 
(  529) WRITE (KLUN, '(Z16.16," ",A)') CRC64 (YD%RMCH4), CDPATH//'%RMCH4'
(  530) 
(  531) WRITE (KLUN, '(Z16.16," ",A)') CRC64 (YD%RMN2O), CDPATH//'%RMN2O'
(  532) 
(  533) WRITE (KLUN, '(Z16.16," ",A)') CRC64 (YD%RMCO), CDPATH//'%RMCO'
(  534) 
(  535) WRITE (KLUN, '(Z16.16," ",A)') CRC64 (YD%RMHCHO), CDPATH//'%RMHCHO'
(  536) 
(  537) WRITE (KLUN, '(Z16.16," ",A)') CRC64 (YD%RMNO2), CDPATH//'%RMNO2'
(  538) 
(  539) WRITE (KLUN, '(Z16.16," ",A)') CRC64 (YD%RMSO2), CDPATH//'%RMSO2'
(  540) 
(  541) WRITE (KLUN, '(Z16.16," ",A)') CRC64 (YD%RMSO4), CDPATH//'%RMSO4'
(  542) 
(  543) WRITE (KLUN, '(Z16.16," ",A)') CRC64 (YD%RMCFC11), CDPATH//'%RMCFC11'
(  544) 
(  545) WRITE (KLUN, '(Z16.16," ",A)') CRC64 (YD%RMCFC12), CDPATH//'%RMCFC12'
(  546) 
(  547) WRITE (KLUN, '(Z16.16," ",A)') CRC64 (YD%RMHCFC22), CDPATH//'%RMHCFC22'
(  548) 
(  549) WRITE (KLUN, '(Z16.16," ",A)') CRC64 (YD%RMCCL4), CDPATH//'%RMCCL4'
(  550) 
(  551) WRITE (KLUN, '(Z16.16," ",A)') CRC64 (YD%RCW), CDPATH//'%RCW'
(  552) 
(  553) WRITE (KLUN, '(Z16.16," ",A)') CRC64 (YD%RCS), CDPATH//'%RCS'
(  554) 
(  555) WRITE (KLUN, '(Z16.16," ",A)') CRC64 (YD%RATM), CDPATH//'%RATM'
(  556) 
(  557) WRITE (KLUN, '(Z16.16," ",A)') CRC64 (YD%RTT), CDPATH//'%RTT'
(  558) 
(  559) WRITE (KLUN, '(Z16.16," ",A)') CRC64 (YD%RLVTT), CDPATH//'%RLVTT'
(  560) 
(  561) WRITE (KLUN, '(Z16.16," ",A)') CRC64 (YD%RLSTT), CDPATH//'%RLSTT'
(  562) 
(  563) WRITE (KLUN, '(Z16.16," ",A)') CRC64 (YD%RLVZER), CDPATH//'%RLVZER'
(  564) 
(  565) WRITE (KLUN, '(Z16.16," ",A)') CRC64 (YD%RLSZER), CDPATH//'%RLSZER'
(  566) 
(  567) WRITE (KLUN, '(Z16.16," ",A)') CRC64 (YD%RLMLT), CDPATH//'%RLMLT'
(  568) 
(  569) WRITE (KLUN, '(Z16.16," ",A)') CRC64 (YD%RDT), CDPATH//'%RDT'
(  570) 
(  571) WRITE (KLUN, '(Z16.16," ",A)') CRC64 (YD%RESTT), CDPATH//'%RESTT'
(  572) 






NVFORTRAN (Version     24.5)          03/19/2025  06:54:51      page 11

(  573) WRITE (KLUN, '(Z16.16," ",A)') CRC64 (YD%RGAMW), CDPATH//'%RGAMW'
(  574) 
(  575) WRITE (KLUN, '(Z16.16," ",A)') CRC64 (YD%RBETW), CDPATH//'%RBETW'
(  576) 
(  577) WRITE (KLUN, '(Z16.16," ",A)') CRC64 (YD%RALPW), CDPATH//'%RALPW'
(  578) 
(  579) WRITE (KLUN, '(Z16.16," ",A)') CRC64 (YD%RGAMS), CDPATH//'%RGAMS'
(  580) 
(  581) WRITE (KLUN, '(Z16.16," ",A)') CRC64 (YD%RBETS), CDPATH//'%RBETS'
(  582) 
(  583) WRITE (KLUN, '(Z16.16," ",A)') CRC64 (YD%RALPS), CDPATH//'%RALPS'
(  584) 
(  585) WRITE (KLUN, '(Z16.16," ",A)') CRC64 (YD%RALPD), CDPATH//'%RALPD'
(  586) 
(  587) WRITE (KLUN, '(Z16.16," ",A)') CRC64 (YD%RBETD), CDPATH//'%RBETD'
(  588) 
(  589) WRITE (KLUN, '(Z16.16," ",A)') CRC64 (YD%RGAMD), CDPATH//'%RGAMD'
(  590) 
(  591) WRITE (KLUN, '(Z16.16," ",A)') CRC64 (YD%RK1), CDPATH//'%RK1'
(  592) 
(  593) WRITE (KLUN, '(Z16.16," ",A)') CRC64 (YD%RK2), CDPATH//'%RK2'
(  594) 
(  595) WRITE (KLUN, '(Z16.16," ",A)') CRC64 (YD%RK3), CDPATH//'%RK3'
(  596) 
(  597) WRITE (KLUN, '(Z16.16," ",A)') CRC64 (YD%RGNSSSAT), CDPATH//'%RGNSSSAT'
(  598) 
(  599) WRITE (KLUN, '(Z16.16," ",A)') CRC64 (YD%RGNSSEAR), CDPATH//'%RGNSSEAR'
(  600) 
(  601) WRITE (KLUN, '(Z16.16," ",A)') CRC64 (YD%RAWGS), CDPATH//'%RAWGS'
(  602) 
(  603) WRITE (KLUN, '(Z16.16," ",A)') CRC64 (YD%REWGS), CDPATH//'%REWGS'
(  604) 
(  605) WRITE (KLUN, '(Z16.16," ",A)') CRC64 (YD%RFWGS), CDPATH//'%RFWGS'
(  606) 
(  607) WRITE (KLUN, '(Z16.16," ",A)') CRC64 (YD%RGEQU), CDPATH//'%RGEQU'
(  608) 
(  609) WRITE (KLUN, '(Z16.16," ",A)') CRC64 (YD%RGRAT), CDPATH//'%RGRAT'
(  610) 
(  611) WRITE (KLUN, '(Z16.16," ",A)') CRC64 (YD%RKSSOM), CDPATH//'%RKSSOM'
(  612) 
(  613) END SUBROUTINE
(  614) 
(  615) SUBROUTINE WIPE_TCST (YD, LDDELETED, LDFIELDAPI)
(  616) 
(  617) IMPLICIT NONE
(  618) TYPE (TCST), INTENT (IN), TARGET :: YD
(  619) LOGICAL, OPTIONAL, INTENT (IN) :: LDDELETED, LDFIELDAPI
(  620) LOGICAL :: LLDELETED
(  621) LOGICAL :: LLFIELDAPI
(  622) 
(  623) LLFIELDAPI = .FALSE.
(  624) IF (PRESENT (LDFIELDAPI)) THEN
(  625)   LLFIELDAPI = LDFIELDAPI
(  626) ENDIF
(  627) 
(  628) 
(  629) 
(  630) 






NVFORTRAN (Version     24.5)          03/19/2025  06:54:51      page 12

(  631) 
(  632) 
(  633) 
(  634) 
(  635) 
(  636) 
(  637) 
(  638) 
(  639) 
(  640) 
(  641) 
(  642) 
(  643) 
(  644) 
(  645) 
(  646) 
(  647) 
(  648) 
(  649) 
(  650) 
(  651) 
(  652) 
(  653) 
(  654) 
(  655) 
(  656) 
(  657) 
(  658) 
(  659) 
(  660) 
(  661) 
(  662) 
(  663) 
(  664) 
(  665) 
(  666) 
(  667) 
(  668) 
(  669) 
(  670) 
(  671) 
(  672) 
(  673) 
(  674) 
(  675) 
(  676) 
(  677) 
(  678) 
(  679) 
(  680) 
(  681) 
(  682) 
(  683) 
(  684) 
(  685) 
(  686) 
(  687) 
(  688) 






NVFORTRAN (Version     24.5)          03/19/2025  06:54:51      page 13

(  689) 
(  690) 
(  691) 
(  692) 
(  693) 
(  694) 
(  695) 
(  696) 
(  697) 
(  698) 
(  699) 
(  700) 
(  701) LLDELETED = .FALSE.
(  702) IF (PRESENT (LDDELETED)) THEN
(  703)   LLDELETED = LDDELETED
(  704) ENDIF
(  705) IF (.NOT. LLDELETED) THEN
(  706)   !$acc exit data delete (YD)
(  707) ENDIF
(  708) END SUBROUTINE
(  709) 
(  710) INTEGER*8 FUNCTION SIZE_TCST (YD, CDPATH, LDPRINT) RESULT (KSIZE)
(  711) 
(  712) IMPLICIT NONE
(  713) TYPE (TCST),     INTENT (IN), TARGET :: YD
(  714) CHARACTER(LEN=*), INTENT (IN), OPTIONAL :: CDPATH
(  715) LOGICAL,          INTENT (IN), OPTIONAL :: LDPRINT
(  716) INTEGER*8 :: ISIZE, JSIZE
(  717) LOGICAL :: LLPRINT
(  718) CHARACTER(LEN=128) :: CLPATH
(  719) 
(  720) LLPRINT = .FALSE.
(  721) IF (PRESENT (LDPRINT)) THEN
(  722)   LLPRINT = LDPRINT
(  723) ENDIF
(  724) CLPATH=''
(  725) IF (PRESENT (CDPATH)) THEN
(  726)   CLPATH = CDPATH
(  727) ENDIF
(  728) KSIZE = 0
(  729) ISIZE = KIND (YD%RPI)
(  730) IF (LLPRINT) THEN
(  731)   WRITE (*, '(I10," ")', ADVANCE='NO') ISIZE
(  732)   WRITE (*, *) TRIM (CLPATH)//'%RPI'
(  733) ENDIF
(  734) KSIZE = KSIZE + ISIZE
(  735) ISIZE = KIND (YD%RCLUM)
(  736) IF (LLPRINT) THEN
(  737)   WRITE (*, '(I10," ")', ADVANCE='NO') ISIZE
(  738)   WRITE (*, *) TRIM (CLPATH)//'%RCLUM'
(  739) ENDIF
(  740) KSIZE = KSIZE + ISIZE
(  741) ISIZE = KIND (YD%RHPLA)
(  742) IF (LLPRINT) THEN
(  743)   WRITE (*, '(I10," ")', ADVANCE='NO') ISIZE
(  744)   WRITE (*, *) TRIM (CLPATH)//'%RHPLA'
(  745) ENDIF
(  746) KSIZE = KSIZE + ISIZE






NVFORTRAN (Version     24.5)          03/19/2025  06:54:51      page 14

(  747) ISIZE = KIND (YD%RKBOL)
(  748) IF (LLPRINT) THEN
(  749)   WRITE (*, '(I10," ")', ADVANCE='NO') ISIZE
(  750)   WRITE (*, *) TRIM (CLPATH)//'%RKBOL'
(  751) ENDIF
(  752) KSIZE = KSIZE + ISIZE
(  753) ISIZE = KIND (YD%RNAVO)
(  754) IF (LLPRINT) THEN
(  755)   WRITE (*, '(I10," ")', ADVANCE='NO') ISIZE
(  756)   WRITE (*, *) TRIM (CLPATH)//'%RNAVO'
(  757) ENDIF
(  758) KSIZE = KSIZE + ISIZE
(  759) ISIZE = KIND (YD%RDAY)
(  760) IF (LLPRINT) THEN
(  761)   WRITE (*, '(I10," ")', ADVANCE='NO') ISIZE
(  762)   WRITE (*, *) TRIM (CLPATH)//'%RDAY'
(  763) ENDIF
(  764) KSIZE = KSIZE + ISIZE
(  765) ISIZE = KIND (YD%RDAYI)
(  766) IF (LLPRINT) THEN
(  767)   WRITE (*, '(I10," ")', ADVANCE='NO') ISIZE
(  768)   WRITE (*, *) TRIM (CLPATH)//'%RDAYI'
(  769) ENDIF
(  770) KSIZE = KSIZE + ISIZE
(  771) ISIZE = KIND (YD%RHOUR)
(  772) IF (LLPRINT) THEN
(  773)   WRITE (*, '(I10," ")', ADVANCE='NO') ISIZE
(  774)   WRITE (*, *) TRIM (CLPATH)//'%RHOUR'
(  775) ENDIF
(  776) KSIZE = KSIZE + ISIZE
(  777) ISIZE = KIND (YD%REA)
(  778) IF (LLPRINT) THEN
(  779)   WRITE (*, '(I10," ")', ADVANCE='NO') ISIZE
(  780)   WRITE (*, *) TRIM (CLPATH)//'%REA'
(  781) ENDIF
(  782) KSIZE = KSIZE + ISIZE
(  783) ISIZE = KIND (YD%REPSM)
(  784) IF (LLPRINT) THEN
(  785)   WRITE (*, '(I10," ")', ADVANCE='NO') ISIZE
(  786)   WRITE (*, *) TRIM (CLPATH)//'%REPSM'
(  787) ENDIF
(  788) KSIZE = KSIZE + ISIZE
(  789) ISIZE = KIND (YD%RSIYEA)
(  790) IF (LLPRINT) THEN
(  791)   WRITE (*, '(I10," ")', ADVANCE='NO') ISIZE
(  792)   WRITE (*, *) TRIM (CLPATH)//'%RSIYEA'
(  793) ENDIF
(  794) KSIZE = KSIZE + ISIZE
(  795) ISIZE = KIND (YD%RSIDAY)
(  796) IF (LLPRINT) THEN
(  797)   WRITE (*, '(I10," ")', ADVANCE='NO') ISIZE
(  798)   WRITE (*, *) TRIM (CLPATH)//'%RSIDAY'
(  799) ENDIF
(  800) KSIZE = KSIZE + ISIZE
(  801) ISIZE = KIND (YD%ROMEGA)
(  802) IF (LLPRINT) THEN
(  803)   WRITE (*, '(I10," ")', ADVANCE='NO') ISIZE
(  804)   WRITE (*, *) TRIM (CLPATH)//'%ROMEGA'






NVFORTRAN (Version     24.5)          03/19/2025  06:54:51      page 15

(  805) ENDIF
(  806) KSIZE = KSIZE + ISIZE
(  807) ISIZE = KIND (YD%RA)
(  808) IF (LLPRINT) THEN
(  809)   WRITE (*, '(I10," ")', ADVANCE='NO') ISIZE
(  810)   WRITE (*, *) TRIM (CLPATH)//'%RA'
(  811) ENDIF
(  812) KSIZE = KSIZE + ISIZE
(  813) ISIZE = KIND (YD%RG)
(  814) IF (LLPRINT) THEN
(  815)   WRITE (*, '(I10," ")', ADVANCE='NO') ISIZE
(  816)   WRITE (*, *) TRIM (CLPATH)//'%RG'
(  817) ENDIF
(  818) KSIZE = KSIZE + ISIZE
(  819) ISIZE = KIND (YD%R1SA)
(  820) IF (LLPRINT) THEN
(  821)   WRITE (*, '(I10," ")', ADVANCE='NO') ISIZE
(  822)   WRITE (*, *) TRIM (CLPATH)//'%R1SA'
(  823) ENDIF
(  824) KSIZE = KSIZE + ISIZE
(  825) ISIZE = KIND (YD%DEG2RAD)
(  826) IF (LLPRINT) THEN
(  827)   WRITE (*, '(I10," ")', ADVANCE='NO') ISIZE
(  828)   WRITE (*, *) TRIM (CLPATH)//'%DEG2RAD'
(  829) ENDIF
(  830) KSIZE = KSIZE + ISIZE
(  831) ISIZE = KIND (YD%RSIGMA)
(  832) IF (LLPRINT) THEN
(  833)   WRITE (*, '(I10," ")', ADVANCE='NO') ISIZE
(  834)   WRITE (*, *) TRIM (CLPATH)//'%RSIGMA'
(  835) ENDIF
(  836) KSIZE = KSIZE + ISIZE
(  837) ISIZE = KIND (YD%RI0)
(  838) IF (LLPRINT) THEN
(  839)   WRITE (*, '(I10," ")', ADVANCE='NO') ISIZE
(  840)   WRITE (*, *) TRIM (CLPATH)//'%RI0'
(  841) ENDIF
(  842) KSIZE = KSIZE + ISIZE
(  843) ISIZE = KIND (YD%R)
(  844) IF (LLPRINT) THEN
(  845)   WRITE (*, '(I10," ")', ADVANCE='NO') ISIZE
(  846)   WRITE (*, *) TRIM (CLPATH)//'%R'
(  847) ENDIF
(  848) KSIZE = KSIZE + ISIZE
(  849) ISIZE = KIND (YD%RMD)
(  850) IF (LLPRINT) THEN
(  851)   WRITE (*, '(I10," ")', ADVANCE='NO') ISIZE
(  852)   WRITE (*, *) TRIM (CLPATH)//'%RMD'
(  853) ENDIF
(  854) KSIZE = KSIZE + ISIZE
(  855) ISIZE = KIND (YD%RMV)
(  856) IF (LLPRINT) THEN
(  857)   WRITE (*, '(I10," ")', ADVANCE='NO') ISIZE
(  858)   WRITE (*, *) TRIM (CLPATH)//'%RMV'
(  859) ENDIF
(  860) KSIZE = KSIZE + ISIZE
(  861) ISIZE = KIND (YD%RMO3)
(  862) IF (LLPRINT) THEN






NVFORTRAN (Version     24.5)          03/19/2025  06:54:51      page 16

(  863)   WRITE (*, '(I10," ")', ADVANCE='NO') ISIZE
(  864)   WRITE (*, *) TRIM (CLPATH)//'%RMO3'
(  865) ENDIF
(  866) KSIZE = KSIZE + ISIZE
(  867) ISIZE = KIND (YD%RD)
(  868) IF (LLPRINT) THEN
(  869)   WRITE (*, '(I10," ")', ADVANCE='NO') ISIZE
(  870)   WRITE (*, *) TRIM (CLPATH)//'%RD'
(  871) ENDIF
(  872) KSIZE = KSIZE + ISIZE
(  873) ISIZE = KIND (YD%RV)
(  874) IF (LLPRINT) THEN
(  875)   WRITE (*, '(I10," ")', ADVANCE='NO') ISIZE
(  876)   WRITE (*, *) TRIM (CLPATH)//'%RV'
(  877) ENDIF
(  878) KSIZE = KSIZE + ISIZE
(  879) ISIZE = KIND (YD%RCPD)
(  880) IF (LLPRINT) THEN
(  881)   WRITE (*, '(I10," ")', ADVANCE='NO') ISIZE
(  882)   WRITE (*, *) TRIM (CLPATH)//'%RCPD'
(  883) ENDIF
(  884) KSIZE = KSIZE + ISIZE
(  885) ISIZE = KIND (YD%RCPV)
(  886) IF (LLPRINT) THEN
(  887)   WRITE (*, '(I10," ")', ADVANCE='NO') ISIZE
(  888)   WRITE (*, *) TRIM (CLPATH)//'%RCPV'
(  889) ENDIF
(  890) KSIZE = KSIZE + ISIZE
(  891) ISIZE = KIND (YD%RCVD)
(  892) IF (LLPRINT) THEN
(  893)   WRITE (*, '(I10," ")', ADVANCE='NO') ISIZE
(  894)   WRITE (*, *) TRIM (CLPATH)//'%RCVD'
(  895) ENDIF
(  896) KSIZE = KSIZE + ISIZE
(  897) ISIZE = KIND (YD%RCVV)
(  898) IF (LLPRINT) THEN
(  899)   WRITE (*, '(I10," ")', ADVANCE='NO') ISIZE
(  900)   WRITE (*, *) TRIM (CLPATH)//'%RCVV'
(  901) ENDIF
(  902) KSIZE = KSIZE + ISIZE
(  903) ISIZE = KIND (YD%RKAPPA)
(  904) IF (LLPRINT) THEN
(  905)   WRITE (*, '(I10," ")', ADVANCE='NO') ISIZE
(  906)   WRITE (*, *) TRIM (CLPATH)//'%RKAPPA'
(  907) ENDIF
(  908) KSIZE = KSIZE + ISIZE
(  909) ISIZE = KIND (YD%RETV)
(  910) IF (LLPRINT) THEN
(  911)   WRITE (*, '(I10," ")', ADVANCE='NO') ISIZE
(  912)   WRITE (*, *) TRIM (CLPATH)//'%RETV'
(  913) ENDIF
(  914) KSIZE = KSIZE + ISIZE
(  915) ISIZE = KIND (YD%RMCO2)
(  916) IF (LLPRINT) THEN
(  917)   WRITE (*, '(I10," ")', ADVANCE='NO') ISIZE
(  918)   WRITE (*, *) TRIM (CLPATH)//'%RMCO2'
(  919) ENDIF
(  920) KSIZE = KSIZE + ISIZE






NVFORTRAN (Version     24.5)          03/19/2025  06:54:51      page 17

(  921) ISIZE = KIND (YD%RMCH4)
(  922) IF (LLPRINT) THEN
(  923)   WRITE (*, '(I10," ")', ADVANCE='NO') ISIZE
(  924)   WRITE (*, *) TRIM (CLPATH)//'%RMCH4'
(  925) ENDIF
(  926) KSIZE = KSIZE + ISIZE
(  927) ISIZE = KIND (YD%RMN2O)
(  928) IF (LLPRINT) THEN
(  929)   WRITE (*, '(I10," ")', ADVANCE='NO') ISIZE
(  930)   WRITE (*, *) TRIM (CLPATH)//'%RMN2O'
(  931) ENDIF
(  932) KSIZE = KSIZE + ISIZE
(  933) ISIZE = KIND (YD%RMCO)
(  934) IF (LLPRINT) THEN
(  935)   WRITE (*, '(I10," ")', ADVANCE='NO') ISIZE
(  936)   WRITE (*, *) TRIM (CLPATH)//'%RMCO'
(  937) ENDIF
(  938) KSIZE = KSIZE + ISIZE
(  939) ISIZE = KIND (YD%RMHCHO)
(  940) IF (LLPRINT) THEN
(  941)   WRITE (*, '(I10," ")', ADVANCE='NO') ISIZE
(  942)   WRITE (*, *) TRIM (CLPATH)//'%RMHCHO'
(  943) ENDIF
(  944) KSIZE = KSIZE + ISIZE
(  945) ISIZE = KIND (YD%RMNO2)
(  946) IF (LLPRINT) THEN
(  947)   WRITE (*, '(I10," ")', ADVANCE='NO') ISIZE
(  948)   WRITE (*, *) TRIM (CLPATH)//'%RMNO2'
(  949) ENDIF
(  950) KSIZE = KSIZE + ISIZE
(  951) ISIZE = KIND (YD%RMSO2)
(  952) IF (LLPRINT) THEN
(  953)   WRITE (*, '(I10," ")', ADVANCE='NO') ISIZE
(  954)   WRITE (*, *) TRIM (CLPATH)//'%RMSO2'
(  955) ENDIF
(  956) KSIZE = KSIZE + ISIZE
(  957) ISIZE = KIND (YD%RMSO4)
(  958) IF (LLPRINT) THEN
(  959)   WRITE (*, '(I10," ")', ADVANCE='NO') ISIZE
(  960)   WRITE (*, *) TRIM (CLPATH)//'%RMSO4'
(  961) ENDIF
(  962) KSIZE = KSIZE + ISIZE
(  963) ISIZE = KIND (YD%RMCFC11)
(  964) IF (LLPRINT) THEN
(  965)   WRITE (*, '(I10," ")', ADVANCE='NO') ISIZE
(  966)   WRITE (*, *) TRIM (CLPATH)//'%RMCFC11'
(  967) ENDIF
(  968) KSIZE = KSIZE + ISIZE
(  969) ISIZE = KIND (YD%RMCFC12)
(  970) IF (LLPRINT) THEN
(  971)   WRITE (*, '(I10," ")', ADVANCE='NO') ISIZE
(  972)   WRITE (*, *) TRIM (CLPATH)//'%RMCFC12'
(  973) ENDIF
(  974) KSIZE = KSIZE + ISIZE
(  975) ISIZE = KIND (YD%RMHCFC22)
(  976) IF (LLPRINT) THEN
(  977)   WRITE (*, '(I10," ")', ADVANCE='NO') ISIZE
(  978)   WRITE (*, *) TRIM (CLPATH)//'%RMHCFC22'






NVFORTRAN (Version     24.5)          03/19/2025  06:54:51      page 18

(  979) ENDIF
(  980) KSIZE = KSIZE + ISIZE
(  981) ISIZE = KIND (YD%RMCCL4)
(  982) IF (LLPRINT) THEN
(  983)   WRITE (*, '(I10," ")', ADVANCE='NO') ISIZE
(  984)   WRITE (*, *) TRIM (CLPATH)//'%RMCCL4'
(  985) ENDIF
(  986) KSIZE = KSIZE + ISIZE
(  987) ISIZE = KIND (YD%RCW)
(  988) IF (LLPRINT) THEN
(  989)   WRITE (*, '(I10," ")', ADVANCE='NO') ISIZE
(  990)   WRITE (*, *) TRIM (CLPATH)//'%RCW'
(  991) ENDIF
(  992) KSIZE = KSIZE + ISIZE
(  993) ISIZE = KIND (YD%RCS)
(  994) IF (LLPRINT) THEN
(  995)   WRITE (*, '(I10," ")', ADVANCE='NO') ISIZE
(  996)   WRITE (*, *) TRIM (CLPATH)//'%RCS'
(  997) ENDIF
(  998) KSIZE = KSIZE + ISIZE
(  999) ISIZE = KIND (YD%RATM)
( 1000) IF (LLPRINT) THEN
( 1001)   WRITE (*, '(I10," ")', ADVANCE='NO') ISIZE
( 1002)   WRITE (*, *) TRIM (CLPATH)//'%RATM'
( 1003) ENDIF
( 1004) KSIZE = KSIZE + ISIZE
( 1005) ISIZE = KIND (YD%RTT)
( 1006) IF (LLPRINT) THEN
( 1007)   WRITE (*, '(I10," ")', ADVANCE='NO') ISIZE
( 1008)   WRITE (*, *) TRIM (CLPATH)//'%RTT'
( 1009) ENDIF
( 1010) KSIZE = KSIZE + ISIZE
( 1011) ISIZE = KIND (YD%RLVTT)
( 1012) IF (LLPRINT) THEN
( 1013)   WRITE (*, '(I10," ")', ADVANCE='NO') ISIZE
( 1014)   WRITE (*, *) TRIM (CLPATH)//'%RLVTT'
( 1015) ENDIF
( 1016) KSIZE = KSIZE + ISIZE
( 1017) ISIZE = KIND (YD%RLSTT)
( 1018) IF (LLPRINT) THEN
( 1019)   WRITE (*, '(I10," ")', ADVANCE='NO') ISIZE
( 1020)   WRITE (*, *) TRIM (CLPATH)//'%RLSTT'
( 1021) ENDIF
( 1022) KSIZE = KSIZE + ISIZE
( 1023) ISIZE = KIND (YD%RLVZER)
( 1024) IF (LLPRINT) THEN
( 1025)   WRITE (*, '(I10," ")', ADVANCE='NO') ISIZE
( 1026)   WRITE (*, *) TRIM (CLPATH)//'%RLVZER'
( 1027) ENDIF
( 1028) KSIZE = KSIZE + ISIZE
( 1029) ISIZE = KIND (YD%RLSZER)
( 1030) IF (LLPRINT) THEN
( 1031)   WRITE (*, '(I10," ")', ADVANCE='NO') ISIZE
( 1032)   WRITE (*, *) TRIM (CLPATH)//'%RLSZER'
( 1033) ENDIF
( 1034) KSIZE = KSIZE + ISIZE
( 1035) ISIZE = KIND (YD%RLMLT)
( 1036) IF (LLPRINT) THEN






NVFORTRAN (Version     24.5)          03/19/2025  06:54:51      page 19

( 1037)   WRITE (*, '(I10," ")', ADVANCE='NO') ISIZE
( 1038)   WRITE (*, *) TRIM (CLPATH)//'%RLMLT'
( 1039) ENDIF
( 1040) KSIZE = KSIZE + ISIZE
( 1041) ISIZE = KIND (YD%RDT)
( 1042) IF (LLPRINT) THEN
( 1043)   WRITE (*, '(I10," ")', ADVANCE='NO') ISIZE
( 1044)   WRITE (*, *) TRIM (CLPATH)//'%RDT'
( 1045) ENDIF
( 1046) KSIZE = KSIZE + ISIZE
( 1047) ISIZE = KIND (YD%RESTT)
( 1048) IF (LLPRINT) THEN
( 1049)   WRITE (*, '(I10," ")', ADVANCE='NO') ISIZE
( 1050)   WRITE (*, *) TRIM (CLPATH)//'%RESTT'
( 1051) ENDIF
( 1052) KSIZE = KSIZE + ISIZE
( 1053) ISIZE = KIND (YD%RGAMW)
( 1054) IF (LLPRINT) THEN
( 1055)   WRITE (*, '(I10," ")', ADVANCE='NO') ISIZE
( 1056)   WRITE (*, *) TRIM (CLPATH)//'%RGAMW'
( 1057) ENDIF
( 1058) KSIZE = KSIZE + ISIZE
( 1059) ISIZE = KIND (YD%RBETW)
( 1060) IF (LLPRINT) THEN
( 1061)   WRITE (*, '(I10," ")', ADVANCE='NO') ISIZE
( 1062)   WRITE (*, *) TRIM (CLPATH)//'%RBETW'
( 1063) ENDIF
( 1064) KSIZE = KSIZE + ISIZE
( 1065) ISIZE = KIND (YD%RALPW)
( 1066) IF (LLPRINT) THEN
( 1067)   WRITE (*, '(I10," ")', ADVANCE='NO') ISIZE
( 1068)   WRITE (*, *) TRIM (CLPATH)//'%RALPW'
( 1069) ENDIF
( 1070) KSIZE = KSIZE + ISIZE
( 1071) ISIZE = KIND (YD%RGAMS)
( 1072) IF (LLPRINT) THEN
( 1073)   WRITE (*, '(I10," ")', ADVANCE='NO') ISIZE
( 1074)   WRITE (*, *) TRIM (CLPATH)//'%RGAMS'
( 1075) ENDIF
( 1076) KSIZE = KSIZE + ISIZE
( 1077) ISIZE = KIND (YD%RBETS)
( 1078) IF (LLPRINT) THEN
( 1079)   WRITE (*, '(I10," ")', ADVANCE='NO') ISIZE
( 1080)   WRITE (*, *) TRIM (CLPATH)//'%RBETS'
( 1081) ENDIF
( 1082) KSIZE = KSIZE + ISIZE
( 1083) ISIZE = KIND (YD%RALPS)
( 1084) IF (LLPRINT) THEN
( 1085)   WRITE (*, '(I10," ")', ADVANCE='NO') ISIZE
( 1086)   WRITE (*, *) TRIM (CLPATH)//'%RALPS'
( 1087) ENDIF
( 1088) KSIZE = KSIZE + ISIZE
( 1089) ISIZE = KIND (YD%RALPD)
( 1090) IF (LLPRINT) THEN
( 1091)   WRITE (*, '(I10," ")', ADVANCE='NO') ISIZE
( 1092)   WRITE (*, *) TRIM (CLPATH)//'%RALPD'
( 1093) ENDIF
( 1094) KSIZE = KSIZE + ISIZE






NVFORTRAN (Version     24.5)          03/19/2025  06:54:51      page 20

( 1095) ISIZE = KIND (YD%RBETD)
( 1096) IF (LLPRINT) THEN
( 1097)   WRITE (*, '(I10," ")', ADVANCE='NO') ISIZE
( 1098)   WRITE (*, *) TRIM (CLPATH)//'%RBETD'
( 1099) ENDIF
( 1100) KSIZE = KSIZE + ISIZE
( 1101) ISIZE = KIND (YD%RGAMD)
( 1102) IF (LLPRINT) THEN
( 1103)   WRITE (*, '(I10," ")', ADVANCE='NO') ISIZE
( 1104)   WRITE (*, *) TRIM (CLPATH)//'%RGAMD'
( 1105) ENDIF
( 1106) KSIZE = KSIZE + ISIZE
( 1107) ISIZE = KIND (YD%RK1)
( 1108) IF (LLPRINT) THEN
( 1109)   WRITE (*, '(I10," ")', ADVANCE='NO') ISIZE
( 1110)   WRITE (*, *) TRIM (CLPATH)//'%RK1'
( 1111) ENDIF
( 1112) KSIZE = KSIZE + ISIZE
( 1113) ISIZE = KIND (YD%RK2)
( 1114) IF (LLPRINT) THEN
( 1115)   WRITE (*, '(I10," ")', ADVANCE='NO') ISIZE
( 1116)   WRITE (*, *) TRIM (CLPATH)//'%RK2'
( 1117) ENDIF
( 1118) KSIZE = KSIZE + ISIZE
( 1119) ISIZE = KIND (YD%RK3)
( 1120) IF (LLPRINT) THEN
( 1121)   WRITE (*, '(I10," ")', ADVANCE='NO') ISIZE
( 1122)   WRITE (*, *) TRIM (CLPATH)//'%RK3'
( 1123) ENDIF
( 1124) KSIZE = KSIZE + ISIZE
( 1125) ISIZE = KIND (YD%RGNSSSAT)
( 1126) IF (LLPRINT) THEN
( 1127)   WRITE (*, '(I10," ")', ADVANCE='NO') ISIZE
( 1128)   WRITE (*, *) TRIM (CLPATH)//'%RGNSSSAT'
( 1129) ENDIF
( 1130) KSIZE = KSIZE + ISIZE
( 1131) ISIZE = KIND (YD%RGNSSEAR)
( 1132) IF (LLPRINT) THEN
( 1133)   WRITE (*, '(I10," ")', ADVANCE='NO') ISIZE
( 1134)   WRITE (*, *) TRIM (CLPATH)//'%RGNSSEAR'
( 1135) ENDIF
( 1136) KSIZE = KSIZE + ISIZE
( 1137) ISIZE = KIND (YD%RAWGS)
( 1138) IF (LLPRINT) THEN
( 1139)   WRITE (*, '(I10," ")', ADVANCE='NO') ISIZE
( 1140)   WRITE (*, *) TRIM (CLPATH)//'%RAWGS'
( 1141) ENDIF
( 1142) KSIZE = KSIZE + ISIZE
( 1143) ISIZE = KIND (YD%REWGS)
( 1144) IF (LLPRINT) THEN
( 1145)   WRITE (*, '(I10," ")', ADVANCE='NO') ISIZE
( 1146)   WRITE (*, *) TRIM (CLPATH)//'%REWGS'
( 1147) ENDIF
( 1148) KSIZE = KSIZE + ISIZE
( 1149) ISIZE = KIND (YD%RFWGS)
( 1150) IF (LLPRINT) THEN
( 1151)   WRITE (*, '(I10," ")', ADVANCE='NO') ISIZE
( 1152)   WRITE (*, *) TRIM (CLPATH)//'%RFWGS'






NVFORTRAN (Version     24.5)          03/19/2025  06:54:51      page 21

( 1153) ENDIF
( 1154) KSIZE = KSIZE + ISIZE
( 1155) ISIZE = KIND (YD%RGEQU)
( 1156) IF (LLPRINT) THEN
( 1157)   WRITE (*, '(I10," ")', ADVANCE='NO') ISIZE
( 1158)   WRITE (*, *) TRIM (CLPATH)//'%RGEQU'
( 1159) ENDIF
( 1160) KSIZE = KSIZE + ISIZE
( 1161) ISIZE = KIND (YD%RGRAT)
( 1162) IF (LLPRINT) THEN
( 1163)   WRITE (*, '(I10," ")', ADVANCE='NO') ISIZE
( 1164)   WRITE (*, *) TRIM (CLPATH)//'%RGRAT'
( 1165) ENDIF
( 1166) KSIZE = KSIZE + ISIZE
( 1167) ISIZE = KIND (YD%RKSSOM)
( 1168) IF (LLPRINT) THEN
( 1169)   WRITE (*, '(I10," ")', ADVANCE='NO') ISIZE
( 1170)   WRITE (*, *) TRIM (CLPATH)//'%RKSSOM'
( 1171) ENDIF
( 1172) KSIZE = KSIZE + ISIZE
( 1173) END FUNCTION
( 1174) 
( 1175) END MODULE









































NVFORTRAN (Version     24.5)          03/19/2025  06:54:51      page 22

(    1) # 1 "./util_tcst_mod.F90"
(    1) MODULE UTIL_TCST_MOD
(    2) # 3 "./util_tcst_mod.F90"
(    3) USE YOMCST, ONLY : TCST
(    4) # 5 "./util_tcst_mod.F90"
(    5) INTERFACE SAVE
(    6) MODULE PROCEDURE SAVE_TCST
(    7) END INTERFACE
(    8) # 9 "./util_tcst_mod.F90"
(    9) INTERFACE LOAD
(   10) MODULE PROCEDURE LOAD_TCST
(   11) END INTERFACE
(   12) # 13 "./util_tcst_mod.F90"
(   13) INTERFACE COPY
(   14) MODULE PROCEDURE COPY_TCST
(   15) END INTERFACE
(   16) # 17 "./util_tcst_mod.F90"
(   17) INTERFACE HOST
(   18) MODULE PROCEDURE HOST_TCST
(   19) END INTERFACE
(   20) # 21 "./util_tcst_mod.F90"
(   21)      
(   22) INTERFACE CRC64
(   23) MODULE PROCEDURE CRC64_TCST
(   24) END INTERFACE
(   25) # 26 "./util_tcst_mod.F90"
(   26) INTERFACE WIPE
(   27) MODULE PROCEDURE WIPE_TCST
(   28) END INTERFACE
(   29) # 30 "./util_tcst_mod.F90"
(   30) INTERFACE SIZE
(   31) MODULE PROCEDURE SIZE_TCST
(   32) END INTERFACE
(   33) # 35 "./util_tcst_mod.F90"
(   35) CONTAINS
(   36) # 37 "./util_tcst_mod.F90"
(   37) SUBROUTINE SAVE_TCST (KLUN, YD)
(   38) # 39 "./util_tcst_mod.F90"
(   39) IMPLICIT NONE
(   40) INTEGER, INTENT (IN) :: KLUN
(   41) TYPE (TCST), INTENT (IN), TARGET :: YD
(   42) # 43 "./util_tcst_mod.F90"
(   43) WRITE (KLUN) YD%RPI
(   44) WRITE (KLUN) YD%RCLUM
(   45) WRITE (KLUN) YD%RHPLA
(   46) WRITE (KLUN) YD%RKBOL
(   47) WRITE (KLUN) YD%RNAVO
(   48) WRITE (KLUN) YD%RDAY
(   49) WRITE (KLUN) YD%RDAYI
(   50) WRITE (KLUN) YD%RHOUR
(   51) WRITE (KLUN) YD%REA
(   52) WRITE (KLUN) YD%REPSM
(   53) WRITE (KLUN) YD%RSIYEA
(   54) WRITE (KLUN) YD%RSIDAY
(   55) WRITE (KLUN) YD%ROMEGA
(   56) WRITE (KLUN) YD%RA
(   57) WRITE (KLUN) YD%RG
(   58) WRITE (KLUN) YD%R1SA






NVFORTRAN (Version     24.5)          03/19/2025  06:54:51      page 23

(   59) WRITE (KLUN) YD%DEG2RAD
(   60) WRITE (KLUN) YD%RSIGMA
(   61) WRITE (KLUN) YD%RI0
(   62) WRITE (KLUN) YD%R
(   63) WRITE (KLUN) YD%RMD
(   64) WRITE (KLUN) YD%RMV
(   65) WRITE (KLUN) YD%RMO3
(   66) WRITE (KLUN) YD%RD
(   67) WRITE (KLUN) YD%RV
(   68) WRITE (KLUN) YD%RCPD
(   69) WRITE (KLUN) YD%RCPV
(   70) WRITE (KLUN) YD%RCVD
(   71) WRITE (KLUN) YD%RCVV
(   72) WRITE (KLUN) YD%RKAPPA
(   73) WRITE (KLUN) YD%RETV
(   74) WRITE (KLUN) YD%RMCO2
(   75) WRITE (KLUN) YD%RMCH4
(   76) WRITE (KLUN) YD%RMN2O
(   77) WRITE (KLUN) YD%RMCO
(   78) WRITE (KLUN) YD%RMHCHO
(   79) WRITE (KLUN) YD%RMNO2
(   80) WRITE (KLUN) YD%RMSO2
(   81) WRITE (KLUN) YD%RMSO4
(   82) WRITE (KLUN) YD%RMCFC11
(   83) WRITE (KLUN) YD%RMCFC12
(   84) WRITE (KLUN) YD%RMHCFC22
(   85) WRITE (KLUN) YD%RMCCL4
(   86) WRITE (KLUN) YD%RCW
(   87) WRITE (KLUN) YD%RCS
(   88) WRITE (KLUN) YD%RATM
(   89) WRITE (KLUN) YD%RTT
(   90) WRITE (KLUN) YD%RLVTT
(   91) WRITE (KLUN) YD%RLSTT
(   92) WRITE (KLUN) YD%RLVZER
(   93) WRITE (KLUN) YD%RLSZER
(   94) WRITE (KLUN) YD%RLMLT
(   95) WRITE (KLUN) YD%RDT
(   96) WRITE (KLUN) YD%RESTT
(   97) WRITE (KLUN) YD%RGAMW
(   98) WRITE (KLUN) YD%RBETW
(   99) WRITE (KLUN) YD%RALPW
(  100) WRITE (KLUN) YD%RGAMS
(  101) WRITE (KLUN) YD%RBETS
(  102) WRITE (KLUN) YD%RALPS
(  103) WRITE (KLUN) YD%RALPD
(  104) WRITE (KLUN) YD%RBETD
(  105) WRITE (KLUN) YD%RGAMD
(  106) WRITE (KLUN) YD%RK1
(  107) WRITE (KLUN) YD%RK2
(  108) WRITE (KLUN) YD%RK3
(  109) WRITE (KLUN) YD%RGNSSSAT
(  110) WRITE (KLUN) YD%RGNSSEAR
(  111) WRITE (KLUN) YD%RAWGS
(  112) WRITE (KLUN) YD%REWGS
(  113) WRITE (KLUN) YD%RFWGS
(  114) WRITE (KLUN) YD%RGEQU
(  115) WRITE (KLUN) YD%RGRAT
(  116) WRITE (KLUN) YD%RKSSOM






NVFORTRAN (Version     24.5)          03/19/2025  06:54:51      page 24

(  117) END SUBROUTINE
(  118) # 119 "./util_tcst_mod.F90"
(  119) SUBROUTINE LOAD_TCST (KLUN, YD)
(  120) USE PARKIND1, ONLY : JPRD
(  121) # 122 "./util_tcst_mod.F90"
(  122) IMPLICIT NONE
(  123) INTEGER, INTENT (IN) :: KLUN
(  124) TYPE (TCST), INTENT (OUT), TARGET :: YD
(  125) REAL(KIND=JPRD) :: ZTMP0
(  126) READ (KLUN) ZTMP0
(  127) YD%RPI = ZTMP0
(  128) READ (KLUN) ZTMP0
(  129) YD%RCLUM = ZTMP0
(  130) READ (KLUN) ZTMP0
(  131) YD%RHPLA = ZTMP0
(  132) READ (KLUN) ZTMP0
(  133) YD%RKBOL = ZTMP0
(  134) READ (KLUN) ZTMP0
(  135) YD%RNAVO = ZTMP0
(  136) READ (KLUN) ZTMP0
(  137) YD%RDAY = ZTMP0
(  138) READ (KLUN) ZTMP0
(  139) YD%RDAYI = ZTMP0
(  140) READ (KLUN) ZTMP0
(  141) YD%RHOUR = ZTMP0
(  142) READ (KLUN) ZTMP0
(  143) YD%REA = ZTMP0
(  144) READ (KLUN) ZTMP0
(  145) YD%REPSM = ZTMP0
(  146) READ (KLUN) ZTMP0
(  147) YD%RSIYEA = ZTMP0
(  148) READ (KLUN) ZTMP0
(  149) YD%RSIDAY = ZTMP0
(  150) READ (KLUN) ZTMP0
(  151) YD%ROMEGA = ZTMP0
(  152) READ (KLUN) ZTMP0
(  153) YD%RA = ZTMP0
(  154) READ (KLUN) ZTMP0
(  155) YD%RG = ZTMP0
(  156) READ (KLUN) ZTMP0
(  157) YD%R1SA = ZTMP0
(  158) READ (KLUN) ZTMP0
(  159) YD%DEG2RAD = ZTMP0
(  160) READ (KLUN) ZTMP0
(  161) YD%RSIGMA = ZTMP0
(  162) READ (KLUN) ZTMP0
(  163) YD%RI0 = ZTMP0
(  164) READ (KLUN) ZTMP0
(  165) YD%R = ZTMP0
(  166) READ (KLUN) ZTMP0
(  167) YD%RMD = ZTMP0
(  168) READ (KLUN) ZTMP0
(  169) YD%RMV = ZTMP0
(  170) READ (KLUN) ZTMP0
(  171) YD%RMO3 = ZTMP0
(  172) READ (KLUN) ZTMP0
(  173) YD%RD = ZTMP0
(  174) READ (KLUN) ZTMP0






NVFORTRAN (Version     24.5)          03/19/2025  06:54:51      page 25

(  175) YD%RV = ZTMP0
(  176) READ (KLUN) ZTMP0
(  177) YD%RCPD = ZTMP0
(  178) READ (KLUN) ZTMP0
(  179) YD%RCPV = ZTMP0
(  180) READ (KLUN) ZTMP0
(  181) YD%RCVD = ZTMP0
(  182) READ (KLUN) ZTMP0
(  183) YD%RCVV = ZTMP0
(  184) READ (KLUN) ZTMP0
(  185) YD%RKAPPA = ZTMP0
(  186) READ (KLUN) ZTMP0
(  187) YD%RETV = ZTMP0
(  188) READ (KLUN) ZTMP0
(  189) YD%RMCO2 = ZTMP0
(  190) READ (KLUN) ZTMP0
(  191) YD%RMCH4 = ZTMP0
(  192) READ (KLUN) ZTMP0
(  193) YD%RMN2O = ZTMP0
(  194) READ (KLUN) ZTMP0
(  195) YD%RMCO = ZTMP0
(  196) READ (KLUN) ZTMP0
(  197) YD%RMHCHO = ZTMP0
(  198) READ (KLUN) ZTMP0
(  199) YD%RMNO2 = ZTMP0
(  200) READ (KLUN) ZTMP0
(  201) YD%RMSO2 = ZTMP0
(  202) READ (KLUN) ZTMP0
(  203) YD%RMSO4 = ZTMP0
(  204) READ (KLUN) ZTMP0
(  205) YD%RMCFC11 = ZTMP0
(  206) READ (KLUN) ZTMP0
(  207) YD%RMCFC12 = ZTMP0
(  208) READ (KLUN) ZTMP0
(  209) YD%RMHCFC22 = ZTMP0
(  210) READ (KLUN) ZTMP0
(  211) YD%RMCCL4 = ZTMP0
(  212) READ (KLUN) ZTMP0
(  213) YD%RCW = ZTMP0
(  214) READ (KLUN) ZTMP0
(  215) YD%RCS = ZTMP0
(  216) READ (KLUN) ZTMP0
(  217) YD%RATM = ZTMP0
(  218) READ (KLUN) ZTMP0
(  219) YD%RTT = ZTMP0
(  220) READ (KLUN) ZTMP0
(  221) YD%RLVTT = ZTMP0
(  222) READ (KLUN) ZTMP0
(  223) YD%RLSTT = ZTMP0
(  224) READ (KLUN) ZTMP0
(  225) YD%RLVZER = ZTMP0
(  226) READ (KLUN) ZTMP0
(  227) YD%RLSZER = ZTMP0
(  228) READ (KLUN) ZTMP0
(  229) YD%RLMLT = ZTMP0
(  230) READ (KLUN) ZTMP0
(  231) YD%RDT = ZTMP0
(  232) READ (KLUN) ZTMP0






NVFORTRAN (Version     24.5)          03/19/2025  06:54:51      page 26

(  233) YD%RESTT = ZTMP0
(  234) READ (KLUN) ZTMP0
(  235) YD%RGAMW = ZTMP0
(  236) READ (KLUN) ZTMP0
(  237) YD%RBETW = ZTMP0
(  238) READ (KLUN) ZTMP0
(  239) YD%RALPW = ZTMP0
(  240) READ (KLUN) ZTMP0
(  241) YD%RGAMS = ZTMP0
(  242) READ (KLUN) ZTMP0
(  243) YD%RBETS = ZTMP0
(  244) READ (KLUN) ZTMP0
(  245) YD%RALPS = ZTMP0
(  246) READ (KLUN) ZTMP0
(  247) YD%RALPD = ZTMP0
(  248) READ (KLUN) ZTMP0
(  249) YD%RBETD = ZTMP0
(  250) READ (KLUN) ZTMP0
(  251) YD%RGAMD = ZTMP0
(  252) READ (KLUN) ZTMP0
(  253) YD%RK1 = ZTMP0
(  254) READ (KLUN) ZTMP0
(  255) YD%RK2 = ZTMP0
(  256) READ (KLUN) ZTMP0
(  257) YD%RK3 = ZTMP0
(  258) READ (KLUN) ZTMP0
(  259) YD%RGNSSSAT = ZTMP0
(  260) READ (KLUN) ZTMP0
(  261) YD%RGNSSEAR = ZTMP0
(  262) READ (KLUN) ZTMP0
(  263) YD%RAWGS = ZTMP0
(  264) READ (KLUN) ZTMP0
(  265) YD%REWGS = ZTMP0
(  266) READ (KLUN) ZTMP0
(  267) YD%RFWGS = ZTMP0
(  268) READ (KLUN) ZTMP0
(  269) YD%RGEQU = ZTMP0
(  270) READ (KLUN) ZTMP0
(  271) YD%RGRAT = ZTMP0
(  272) READ (KLUN) ZTMP0
(  273) YD%RKSSOM = ZTMP0
(  274) END SUBROUTINE
(  275) # 277 "./util_tcst_mod.F90"
(  277) SUBROUTINE COPY_TCST (YD, LDCREATED, LDFIELDAPI)
(  278) # 279 "./util_tcst_mod.F90"
(  279) IMPLICIT NONE
(  280) TYPE (TCST), INTENT (IN), TARGET :: YD
(  281) LOGICAL, OPTIONAL, INTENT (IN) :: LDCREATED, LDFIELDAPI
(  282) LOGICAL :: LLCREATED
(  283) LOGICAL :: LLFIELDAPI
(  284) # 285 "./util_tcst_mod.F90"
(  285) LLFIELDAPI = .FALSE.
(  286) IF (PRESENT (LDFIELDAPI)) THEN
(  287)   LLFIELDAPI = LDFIELDAPI
(  288) ENDIF
(  289) LLCREATED = .FALSE.
(  290) IF (PRESENT (LDCREATED)) THEN
(  291)   LLCREATED = LDCREATED






NVFORTRAN (Version     24.5)          03/19/2025  06:54:51      page 27

(  292) ENDIF
(  293) IF (.NOT. LLCREATED) THEN
(  294)   !$acc enter data create (YD)
(  295)   !$acc update device (YD)
(  296) ENDIF
(  297) # 371 "./util_tcst_mod.F90"
(  371) END SUBROUTINE
(  372) # 373 "./util_tcst_mod.F90"
(  373) SUBROUTINE HOST_TCST (YD)
(  374) # 375 "./util_tcst_mod.F90"
(  375) IMPLICIT NONE
(  376) TYPE (TCST), TARGET :: YD
(  377) # 452 "./util_tcst_mod.F90"
(  452) END SUBROUTINE
(  453) # 454 "./util_tcst_mod.F90"
(  454)      
(  455) # 456 "./util_tcst_mod.F90"
(  456) SUBROUTINE CRC64_TCST (YD, KLUN, CDPATH)
(  457) USE CRC64_INTRINSIC
(  458) # 459 "./util_tcst_mod.F90"
(  459) IMPLICIT NONE
(  460) TYPE (TCST), TARGET :: YD
(  461) INTEGER, INTENT (IN) :: KLUN
(  462) CHARACTER(LEN=*), INTENT (IN) :: CDPATH
(  463) CHARACTER(LEN=128) :: CLIND
(  464) # 465 "./util_tcst_mod.F90"
(  465) WRITE (KLUN, '(Z16.16," ",A)') CRC64 (YD%RPI), CDPATH//'%RPI'
(  466) # 467 "./util_tcst_mod.F90"
(  467) WRITE (KLUN, '(Z16.16," ",A)') CRC64 (YD%RCLUM), CDPATH//'%RCLUM'
(  468) # 469 "./util_tcst_mod.F90"
(  469) WRITE (KLUN, '(Z16.16," ",A)') CRC64 (YD%RHPLA), CDPATH//'%RHPLA'
(  470) # 471 "./util_tcst_mod.F90"
(  471) WRITE (KLUN, '(Z16.16," ",A)') CRC64 (YD%RKBOL), CDPATH//'%RKBOL'
(  472) # 473 "./util_tcst_mod.F90"
(  473) WRITE (KLUN, '(Z16.16," ",A)') CRC64 (YD%RNAVO), CDPATH//'%RNAVO'
(  474) # 475 "./util_tcst_mod.F90"
(  475) WRITE (KLUN, '(Z16.16," ",A)') CRC64 (YD%RDAY), CDPATH//'%RDAY'
(  476) # 477 "./util_tcst_mod.F90"
(  477) WRITE (KLUN, '(Z16.16," ",A)') CRC64 (YD%RDAYI), CDPATH//'%RDAYI'
(  478) # 479 "./util_tcst_mod.F90"
(  479) WRITE (KLUN, '(Z16.16," ",A)') CRC64 (YD%RHOUR), CDPATH//'%RHOUR'
(  480) # 481 "./util_tcst_mod.F90"
(  481) WRITE (KLUN, '(Z16.16," ",A)') CRC64 (YD%REA), CDPATH//'%REA'
(  482) # 483 "./util_tcst_mod.F90"
(  483) WRITE (KLUN, '(Z16.16," ",A)') CRC64 (YD%REPSM), CDPATH//'%REPSM'
(  484) # 485 "./util_tcst_mod.F90"
(  485) WRITE (KLUN, '(Z16.16," ",A)') CRC64 (YD%RSIYEA), CDPATH//'%RSIYEA'
(  486) # 487 "./util_tcst_mod.F90"
(  487) WRITE (KLUN, '(Z16.16," ",A)') CRC64 (YD%RSIDAY), CDPATH//'%RSIDAY'
(  488) # 489 "./util_tcst_mod.F90"
(  489) WRITE (KLUN, '(Z16.16," ",A)') CRC64 (YD%ROMEGA), CDPATH//'%ROMEGA'
(  490) # 491 "./util_tcst_mod.F90"
(  491) WRITE (KLUN, '(Z16.16," ",A)') CRC64 (YD%RA), CDPATH//'%RA'
(  492) # 493 "./util_tcst_mod.F90"
(  493) WRITE (KLUN, '(Z16.16," ",A)') CRC64 (YD%RG), CDPATH//'%RG'
(  494) # 495 "./util_tcst_mod.F90"
(  495) WRITE (KLUN, '(Z16.16," ",A)') CRC64 (YD%R1SA), CDPATH//'%R1SA'
(  496) # 497 "./util_tcst_mod.F90"






NVFORTRAN (Version     24.5)          03/19/2025  06:54:51      page 28

(  497) WRITE (KLUN, '(Z16.16," ",A)') CRC64 (YD%DEG2RAD), CDPATH//'%DEG2RAD'
(  498) # 499 "./util_tcst_mod.F90"
(  499) WRITE (KLUN, '(Z16.16," ",A)') CRC64 (YD%RSIGMA), CDPATH//'%RSIGMA'
(  500) # 501 "./util_tcst_mod.F90"
(  501) WRITE (KLUN, '(Z16.16," ",A)') CRC64 (YD%RI0), CDPATH//'%RI0'
(  502) # 503 "./util_tcst_mod.F90"
(  503) WRITE (KLUN, '(Z16.16," ",A)') CRC64 (YD%R), CDPATH//'%R'
(  504) # 505 "./util_tcst_mod.F90"
(  505) WRITE (KLUN, '(Z16.16," ",A)') CRC64 (YD%RMD), CDPATH//'%RMD'
(  506) # 507 "./util_tcst_mod.F90"
(  507) WRITE (KLUN, '(Z16.16," ",A)') CRC64 (YD%RMV), CDPATH//'%RMV'
(  508) # 509 "./util_tcst_mod.F90"
(  509) WRITE (KLUN, '(Z16.16," ",A)') CRC64 (YD%RMO3), CDPATH//'%RMO3'
(  510) # 511 "./util_tcst_mod.F90"
(  511) WRITE (KLUN, '(Z16.16," ",A)') CRC64 (YD%RD), CDPATH//'%RD'
(  512) # 513 "./util_tcst_mod.F90"
(  513) WRITE (KLUN, '(Z16.16," ",A)') CRC64 (YD%RV), CDPATH//'%RV'
(  514) # 515 "./util_tcst_mod.F90"
(  515) WRITE (KLUN, '(Z16.16," ",A)') CRC64 (YD%RCPD), CDPATH//'%RCPD'
(  516) # 517 "./util_tcst_mod.F90"
(  517) WRITE (KLUN, '(Z16.16," ",A)') CRC64 (YD%RCPV), CDPATH//'%RCPV'
(  518) # 519 "./util_tcst_mod.F90"
(  519) WRITE (KLUN, '(Z16.16," ",A)') CRC64 (YD%RCVD), CDPATH//'%RCVD'
(  520) # 521 "./util_tcst_mod.F90"
(  521) WRITE (KLUN, '(Z16.16," ",A)') CRC64 (YD%RCVV), CDPATH//'%RCVV'
(  522) # 523 "./util_tcst_mod.F90"
(  523) WRITE (KLUN, '(Z16.16," ",A)') CRC64 (YD%RKAPPA), CDPATH//'%RKAPPA'
(  524) # 525 "./util_tcst_mod.F90"
(  525) WRITE (KLUN, '(Z16.16," ",A)') CRC64 (YD%RETV), CDPATH//'%RETV'
(  526) # 527 "./util_tcst_mod.F90"
(  527) WRITE (KLUN, '(Z16.16," ",A)') CRC64 (YD%RMCO2), CDPATH//'%RMCO2'
(  528) # 529 "./util_tcst_mod.F90"
(  529) WRITE (KLUN, '(Z16.16," ",A)') CRC64 (YD%RMCH4), CDPATH//'%RMCH4'
(  530) # 531 "./util_tcst_mod.F90"
(  531) WRITE (KLUN, '(Z16.16," ",A)') CRC64 (YD%RMN2O), CDPATH//'%RMN2O'
(  532) # 533 "./util_tcst_mod.F90"
(  533) WRITE (KLUN, '(Z16.16," ",A)') CRC64 (YD%RMCO), CDPATH//'%RMCO'
(  534) # 535 "./util_tcst_mod.F90"
(  535) WRITE (KLUN, '(Z16.16," ",A)') CRC64 (YD%RMHCHO), CDPATH//'%RMHCHO'
(  536) # 537 "./util_tcst_mod.F90"
(  537) WRITE (KLUN, '(Z16.16," ",A)') CRC64 (YD%RMNO2), CDPATH//'%RMNO2'
(  538) # 539 "./util_tcst_mod.F90"
(  539) WRITE (KLUN, '(Z16.16," ",A)') CRC64 (YD%RMSO2), CDPATH//'%RMSO2'
(  540) # 541 "./util_tcst_mod.F90"
(  541) WRITE (KLUN, '(Z16.16," ",A)') CRC64 (YD%RMSO4), CDPATH//'%RMSO4'
(  542) # 543 "./util_tcst_mod.F90"
(  543) WRITE (KLUN, '(Z16.16," ",A)') CRC64 (YD%RMCFC11), CDPATH//'%RMCFC11'
(  544) # 545 "./util_tcst_mod.F90"
(  545) WRITE (KLUN, '(Z16.16," ",A)') CRC64 (YD%RMCFC12), CDPATH//'%RMCFC12'
(  546) # 547 "./util_tcst_mod.F90"
(  547) WRITE (KLUN, '(Z16.16," ",A)') CRC64 (YD%RMHCFC22), CDPATH//'%RMHCFC22'
(  548) # 549 "./util_tcst_mod.F90"
(  549) WRITE (KLUN, '(Z16.16," ",A)') CRC64 (YD%RMCCL4), CDPATH//'%RMCCL4'
(  550) # 551 "./util_tcst_mod.F90"
(  551) WRITE (KLUN, '(Z16.16," ",A)') CRC64 (YD%RCW), CDPATH//'%RCW'
(  552) # 553 "./util_tcst_mod.F90"
(  553) WRITE (KLUN, '(Z16.16," ",A)') CRC64 (YD%RCS), CDPATH//'%RCS'
(  554) # 555 "./util_tcst_mod.F90"






NVFORTRAN (Version     24.5)          03/19/2025  06:54:51      page 29

(  555) WRITE (KLUN, '(Z16.16," ",A)') CRC64 (YD%RATM), CDPATH//'%RATM'
(  556) # 557 "./util_tcst_mod.F90"
(  557) WRITE (KLUN, '(Z16.16," ",A)') CRC64 (YD%RTT), CDPATH//'%RTT'
(  558) # 559 "./util_tcst_mod.F90"
(  559) WRITE (KLUN, '(Z16.16," ",A)') CRC64 (YD%RLVTT), CDPATH//'%RLVTT'
(  560) # 561 "./util_tcst_mod.F90"
(  561) WRITE (KLUN, '(Z16.16," ",A)') CRC64 (YD%RLSTT), CDPATH//'%RLSTT'
(  562) # 563 "./util_tcst_mod.F90"
(  563) WRITE (KLUN, '(Z16.16," ",A)') CRC64 (YD%RLVZER), CDPATH//'%RLVZER'
(  564) # 565 "./util_tcst_mod.F90"
(  565) WRITE (KLUN, '(Z16.16," ",A)') CRC64 (YD%RLSZER), CDPATH//'%RLSZER'
(  566) # 567 "./util_tcst_mod.F90"
(  567) WRITE (KLUN, '(Z16.16," ",A)') CRC64 (YD%RLMLT), CDPATH//'%RLMLT'
(  568) # 569 "./util_tcst_mod.F90"
(  569) WRITE (KLUN, '(Z16.16," ",A)') CRC64 (YD%RDT), CDPATH//'%RDT'
(  570) # 571 "./util_tcst_mod.F90"
(  571) WRITE (KLUN, '(Z16.16," ",A)') CRC64 (YD%RESTT), CDPATH//'%RESTT'
(  572) # 573 "./util_tcst_mod.F90"
(  573) WRITE (KLUN, '(Z16.16," ",A)') CRC64 (YD%RGAMW), CDPATH//'%RGAMW'
(  574) # 575 "./util_tcst_mod.F90"
(  575) WRITE (KLUN, '(Z16.16," ",A)') CRC64 (YD%RBETW), CDPATH//'%RBETW'
(  576) # 577 "./util_tcst_mod.F90"
(  577) WRITE (KLUN, '(Z16.16," ",A)') CRC64 (YD%RALPW), CDPATH//'%RALPW'
(  578) # 579 "./util_tcst_mod.F90"
(  579) WRITE (KLUN, '(Z16.16," ",A)') CRC64 (YD%RGAMS), CDPATH//'%RGAMS'
(  580) # 581 "./util_tcst_mod.F90"
(  581) WRITE (KLUN, '(Z16.16," ",A)') CRC64 (YD%RBETS), CDPATH//'%RBETS'
(  582) # 583 "./util_tcst_mod.F90"
(  583) WRITE (KLUN, '(Z16.16," ",A)') CRC64 (YD%RALPS), CDPATH//'%RALPS'
(  584) # 585 "./util_tcst_mod.F90"
(  585) WRITE (KLUN, '(Z16.16," ",A)') CRC64 (YD%RALPD), CDPATH//'%RALPD'
(  586) # 587 "./util_tcst_mod.F90"
(  587) WRITE (KLUN, '(Z16.16," ",A)') CRC64 (YD%RBETD), CDPATH//'%RBETD'
(  588) # 589 "./util_tcst_mod.F90"
(  589) WRITE (KLUN, '(Z16.16," ",A)') CRC64 (YD%RGAMD), CDPATH//'%RGAMD'
(  590) # 591 "./util_tcst_mod.F90"
(  591) WRITE (KLUN, '(Z16.16," ",A)') CRC64 (YD%RK1), CDPATH//'%RK1'
(  592) # 593 "./util_tcst_mod.F90"
(  593) WRITE (KLUN, '(Z16.16," ",A)') CRC64 (YD%RK2), CDPATH//'%RK2'
(  594) # 595 "./util_tcst_mod.F90"
(  595) WRITE (KLUN, '(Z16.16," ",A)') CRC64 (YD%RK3), CDPATH//'%RK3'
(  596) # 597 "./util_tcst_mod.F90"
(  597) WRITE (KLUN, '(Z16.16," ",A)') CRC64 (YD%RGNSSSAT), CDPATH//'%RGNSSSAT'
(  598) # 599 "./util_tcst_mod.F90"
(  599) WRITE (KLUN, '(Z16.16," ",A)') CRC64 (YD%RGNSSEAR), CDPATH//'%RGNSSEAR'
(  600) # 601 "./util_tcst_mod.F90"
(  601) WRITE (KLUN, '(Z16.16," ",A)') CRC64 (YD%RAWGS), CDPATH//'%RAWGS'
(  602) # 603 "./util_tcst_mod.F90"
(  603) WRITE (KLUN, '(Z16.16," ",A)') CRC64 (YD%REWGS), CDPATH//'%REWGS'
(  604) # 605 "./util_tcst_mod.F90"
(  605) WRITE (KLUN, '(Z16.16," ",A)') CRC64 (YD%RFWGS), CDPATH//'%RFWGS'
(  606) # 607 "./util_tcst_mod.F90"
(  607) WRITE (KLUN, '(Z16.16," ",A)') CRC64 (YD%RGEQU), CDPATH//'%RGEQU'
(  608) # 609 "./util_tcst_mod.F90"
(  609) WRITE (KLUN, '(Z16.16," ",A)') CRC64 (YD%RGRAT), CDPATH//'%RGRAT'
(  610) # 611 "./util_tcst_mod.F90"
(  611) WRITE (KLUN, '(Z16.16," ",A)') CRC64 (YD%RKSSOM), CDPATH//'%RKSSOM'
(  612) # 613 "./util_tcst_mod.F90"






NVFORTRAN (Version     24.5)          03/19/2025  06:54:51      page 30

(  613) END SUBROUTINE
(  614) # 615 "./util_tcst_mod.F90"
(  615) SUBROUTINE WIPE_TCST (YD, LDDELETED, LDFIELDAPI)
(  616) # 617 "./util_tcst_mod.F90"
(  617) IMPLICIT NONE
(  618) TYPE (TCST), INTENT (IN), TARGET :: YD
(  619) LOGICAL, OPTIONAL, INTENT (IN) :: LDDELETED, LDFIELDAPI
(  620) LOGICAL :: LLDELETED
(  621) LOGICAL :: LLFIELDAPI
(  622) # 623 "./util_tcst_mod.F90"
(  623) LLFIELDAPI = .FALSE.
(  624) IF (PRESENT (LDFIELDAPI)) THEN
(  625)   LLFIELDAPI = LDFIELDAPI
(  626) ENDIF
(  627) # 701 "./util_tcst_mod.F90"
(  701) LLDELETED = .FALSE.
(  702) IF (PRESENT (LDDELETED)) THEN
(  703)   LLDELETED = LDDELETED
(  704) ENDIF
(  705) IF (.NOT. LLDELETED) THEN
(  706)   !$acc exit data delete (YD)
(  707) ENDIF
(  708) END SUBROUTINE
(  709) # 710 "./util_tcst_mod.F90"
(  710) INTEGER*8 FUNCTION SIZE_TCST (YD, CDPATH, LDPRINT) RESULT (KSIZE)
(  711) # 712 "./util_tcst_mod.F90"
(  712) IMPLICIT NONE
(  713) TYPE (TCST),     INTENT (IN), TARGET :: YD
(  714) CHARACTER(LEN=*), INTENT (IN), OPTIONAL :: CDPATH
(  715) LOGICAL,          INTENT (IN), OPTIONAL :: LDPRINT
(  716) INTEGER*8 :: ISIZE, JSIZE
(  717) LOGICAL :: LLPRINT
(  718) CHARACTER(LEN=128) :: CLPATH
(  719) # 720 "./util_tcst_mod.F90"
(  720) LLPRINT = .FALSE.
(  721) IF (PRESENT (LDPRINT)) THEN
(  722)   LLPRINT = LDPRINT
(  723) ENDIF
(  724) CLPATH=''
(  725) IF (PRESENT (CDPATH)) THEN
(  726)   CLPATH = CDPATH
(  727) ENDIF
(  728) KSIZE = 0
(  729) ISIZE = KIND (YD%RPI)
(  730) IF (LLPRINT) THEN
(  731)   WRITE (*, '(I10," ")', ADVANCE='NO') ISIZE
(  732)   WRITE (*, *) TRIM (CLPATH)//'%RPI'
(  733) ENDIF
(  734) KSIZE = KSIZE + ISIZE
(  735) ISIZE = KIND (YD%RCLUM)
(  736) IF (LLPRINT) THEN
(  737)   WRITE (*, '(I10," ")', ADVANCE='NO') ISIZE
(  738)   WRITE (*, *) TRIM (CLPATH)//'%RCLUM'
(  739) ENDIF
(  740) KSIZE = KSIZE + ISIZE
(  741) ISIZE = KIND (YD%RHPLA)
(  742) IF (LLPRINT) THEN
(  743)   WRITE (*, '(I10," ")', ADVANCE='NO') ISIZE






NVFORTRAN (Version     24.5)          03/19/2025  06:54:51      page 31

(  744)   WRITE (*, *) TRIM (CLPATH)//'%RHPLA'
(  745) ENDIF
(  746) KSIZE = KSIZE + ISIZE
(  747) ISIZE = KIND (YD%RKBOL)
(  748) IF (LLPRINT) THEN
(  749)   WRITE (*, '(I10," ")', ADVANCE='NO') ISIZE
(  750)   WRITE (*, *) TRIM (CLPATH)//'%RKBOL'
(  751) ENDIF
(  752) KSIZE = KSIZE + ISIZE
(  753) ISIZE = KIND (YD%RNAVO)
(  754) IF (LLPRINT) THEN
(  755)   WRITE (*, '(I10," ")', ADVANCE='NO') ISIZE
(  756)   WRITE (*, *) TRIM (CLPATH)//'%RNAVO'
(  757) ENDIF
(  758) KSIZE = KSIZE + ISIZE
(  759) ISIZE = KIND (YD%RDAY)
(  760) IF (LLPRINT) THEN
(  761)   WRITE (*, '(I10," ")', ADVANCE='NO') ISIZE
(  762)   WRITE (*, *) TRIM (CLPATH)//'%RDAY'
(  763) ENDIF
(  764) KSIZE = KSIZE + ISIZE
(  765) ISIZE = KIND (YD%RDAYI)
(  766) IF (LLPRINT) THEN
(  767)   WRITE (*, '(I10," ")', ADVANCE='NO') ISIZE
(  768)   WRITE (*, *) TRIM (CLPATH)//'%RDAYI'
(  769) ENDIF
(  770) KSIZE = KSIZE + ISIZE
(  771) ISIZE = KIND (YD%RHOUR)
(  772) IF (LLPRINT) THEN
(  773)   WRITE (*, '(I10," ")', ADVANCE='NO') ISIZE
(  774)   WRITE (*, *) TRIM (CLPATH)//'%RHOUR'
(  775) ENDIF
(  776) KSIZE = KSIZE + ISIZE
(  777) ISIZE = KIND (YD%REA)
(  778) IF (LLPRINT) THEN
(  779)   WRITE (*, '(I10," ")', ADVANCE='NO') ISIZE
(  780)   WRITE (*, *) TRIM (CLPATH)//'%REA'
(  781) ENDIF
(  782) KSIZE = KSIZE + ISIZE
(  783) ISIZE = KIND (YD%REPSM)
(  784) IF (LLPRINT) THEN
(  785)   WRITE (*, '(I10," ")', ADVANCE='NO') ISIZE
(  786)   WRITE (*, *) TRIM (CLPATH)//'%REPSM'
(  787) ENDIF
(  788) KSIZE = KSIZE + ISIZE
(  789) ISIZE = KIND (YD%RSIYEA)
(  790) IF (LLPRINT) THEN
(  791)   WRITE (*, '(I10," ")', ADVANCE='NO') ISIZE
(  792)   WRITE (*, *) TRIM (CLPATH)//'%RSIYEA'
(  793) ENDIF
(  794) KSIZE = KSIZE + ISIZE
(  795) ISIZE = KIND (YD%RSIDAY)
(  796) IF (LLPRINT) THEN
(  797)   WRITE (*, '(I10," ")', ADVANCE='NO') ISIZE
(  798)   WRITE (*, *) TRIM (CLPATH)//'%RSIDAY'
(  799) ENDIF
(  800) KSIZE = KSIZE + ISIZE
(  801) ISIZE = KIND (YD%ROMEGA)






NVFORTRAN (Version     24.5)          03/19/2025  06:54:51      page 32

(  802) IF (LLPRINT) THEN
(  803)   WRITE (*, '(I10," ")', ADVANCE='NO') ISIZE
(  804)   WRITE (*, *) TRIM (CLPATH)//'%ROMEGA'
(  805) ENDIF
(  806) KSIZE = KSIZE + ISIZE
(  807) ISIZE = KIND (YD%RA)
(  808) IF (LLPRINT) THEN
(  809)   WRITE (*, '(I10," ")', ADVANCE='NO') ISIZE
(  810)   WRITE (*, *) TRIM (CLPATH)//'%RA'
(  811) ENDIF
(  812) KSIZE = KSIZE + ISIZE
(  813) ISIZE = KIND (YD%RG)
(  814) IF (LLPRINT) THEN
(  815)   WRITE (*, '(I10," ")', ADVANCE='NO') ISIZE
(  816)   WRITE (*, *) TRIM (CLPATH)//'%RG'
(  817) ENDIF
(  818) KSIZE = KSIZE + ISIZE
(  819) ISIZE = KIND (YD%R1SA)
(  820) IF (LLPRINT) THEN
(  821)   WRITE (*, '(I10," ")', ADVANCE='NO') ISIZE
(  822)   WRITE (*, *) TRIM (CLPATH)//'%R1SA'
(  823) ENDIF
(  824) KSIZE = KSIZE + ISIZE
(  825) ISIZE = KIND (YD%DEG2RAD)
(  826) IF (LLPRINT) THEN
(  827)   WRITE (*, '(I10," ")', ADVANCE='NO') ISIZE
(  828)   WRITE (*, *) TRIM (CLPATH)//'%DEG2RAD'
(  829) ENDIF
(  830) KSIZE = KSIZE + ISIZE
(  831) ISIZE = KIND (YD%RSIGMA)
(  832) IF (LLPRINT) THEN
(  833)   WRITE (*, '(I10," ")', ADVANCE='NO') ISIZE
(  834)   WRITE (*, *) TRIM (CLPATH)//'%RSIGMA'
(  835) ENDIF
(  836) KSIZE = KSIZE + ISIZE
(  837) ISIZE = KIND (YD%RI0)
(  838) IF (LLPRINT) THEN
(  839)   WRITE (*, '(I10," ")', ADVANCE='NO') ISIZE
(  840)   WRITE (*, *) TRIM (CLPATH)//'%RI0'
(  841) ENDIF
(  842) KSIZE = KSIZE + ISIZE
(  843) ISIZE = KIND (YD%R)
(  844) IF (LLPRINT) THEN
(  845)   WRITE (*, '(I10," ")', ADVANCE='NO') ISIZE
(  846)   WRITE (*, *) TRIM (CLPATH)//'%R'
(  847) ENDIF
(  848) KSIZE = KSIZE + ISIZE
(  849) ISIZE = KIND (YD%RMD)
(  850) IF (LLPRINT) THEN
(  851)   WRITE (*, '(I10," ")', ADVANCE='NO') ISIZE
(  852)   WRITE (*, *) TRIM (CLPATH)//'%RMD'
(  853) ENDIF
(  854) KSIZE = KSIZE + ISIZE
(  855) ISIZE = KIND (YD%RMV)
(  856) IF (LLPRINT) THEN
(  857)   WRITE (*, '(I10," ")', ADVANCE='NO') ISIZE
(  858)   WRITE (*, *) TRIM (CLPATH)//'%RMV'
(  859) ENDIF






NVFORTRAN (Version     24.5)          03/19/2025  06:54:51      page 33

(  860) KSIZE = KSIZE + ISIZE
(  861) ISIZE = KIND (YD%RMO3)
(  862) IF (LLPRINT) THEN
(  863)   WRITE (*, '(I10," ")', ADVANCE='NO') ISIZE
(  864)   WRITE (*, *) TRIM (CLPATH)//'%RMO3'
(  865) ENDIF
(  866) KSIZE = KSIZE + ISIZE
(  867) ISIZE = KIND (YD%RD)
(  868) IF (LLPRINT) THEN
(  869)   WRITE (*, '(I10," ")', ADVANCE='NO') ISIZE
(  870)   WRITE (*, *) TRIM (CLPATH)//'%RD'
(  871) ENDIF
(  872) KSIZE = KSIZE + ISIZE
(  873) ISIZE = KIND (YD%RV)
(  874) IF (LLPRINT) THEN
(  875)   WRITE (*, '(I10," ")', ADVANCE='NO') ISIZE
(  876)   WRITE (*, *) TRIM (CLPATH)//'%RV'
(  877) ENDIF
(  878) KSIZE = KSIZE + ISIZE
(  879) ISIZE = KIND (YD%RCPD)
(  880) IF (LLPRINT) THEN
(  881)   WRITE (*, '(I10," ")', ADVANCE='NO') ISIZE
(  882)   WRITE (*, *) TRIM (CLPATH)//'%RCPD'
(  883) ENDIF
(  884) KSIZE = KSIZE + ISIZE
(  885) ISIZE = KIND (YD%RCPV)
(  886) IF (LLPRINT) THEN
(  887)   WRITE (*, '(I10," ")', ADVANCE='NO') ISIZE
(  888)   WRITE (*, *) TRIM (CLPATH)//'%RCPV'
(  889) ENDIF
(  890) KSIZE = KSIZE + ISIZE
(  891) ISIZE = KIND (YD%RCVD)
(  892) IF (LLPRINT) THEN
(  893)   WRITE (*, '(I10," ")', ADVANCE='NO') ISIZE
(  894)   WRITE (*, *) TRIM (CLPATH)//'%RCVD'
(  895) ENDIF
(  896) KSIZE = KSIZE + ISIZE
(  897) ISIZE = KIND (YD%RCVV)
(  898) IF (LLPRINT) THEN
(  899)   WRITE (*, '(I10," ")', ADVANCE='NO') ISIZE
(  900)   WRITE (*, *) TRIM (CLPATH)//'%RCVV'
(  901) ENDIF
(  902) KSIZE = KSIZE + ISIZE
(  903) ISIZE = KIND (YD%RKAPPA)
(  904) IF (LLPRINT) THEN
(  905)   WRITE (*, '(I10," ")', ADVANCE='NO') ISIZE
(  906)   WRITE (*, *) TRIM (CLPATH)//'%RKAPPA'
(  907) ENDIF
(  908) KSIZE = KSIZE + ISIZE
(  909) ISIZE = KIND (YD%RETV)
(  910) IF (LLPRINT) THEN
(  911)   WRITE (*, '(I10," ")', ADVANCE='NO') ISIZE
(  912)   WRITE (*, *) TRIM (CLPATH)//'%RETV'
(  913) ENDIF
(  914) KSIZE = KSIZE + ISIZE
(  915) ISIZE = KIND (YD%RMCO2)
(  916) IF (LLPRINT) THEN
(  917)   WRITE (*, '(I10," ")', ADVANCE='NO') ISIZE






NVFORTRAN (Version     24.5)          03/19/2025  06:54:51      page 34

(  918)   WRITE (*, *) TRIM (CLPATH)//'%RMCO2'
(  919) ENDIF
(  920) KSIZE = KSIZE + ISIZE
(  921) ISIZE = KIND (YD%RMCH4)
(  922) IF (LLPRINT) THEN
(  923)   WRITE (*, '(I10," ")', ADVANCE='NO') ISIZE
(  924)   WRITE (*, *) TRIM (CLPATH)//'%RMCH4'
(  925) ENDIF
(  926) KSIZE = KSIZE + ISIZE
(  927) ISIZE = KIND (YD%RMN2O)
(  928) IF (LLPRINT) THEN
(  929)   WRITE (*, '(I10," ")', ADVANCE='NO') ISIZE
(  930)   WRITE (*, *) TRIM (CLPATH)//'%RMN2O'
(  931) ENDIF
(  932) KSIZE = KSIZE + ISIZE
(  933) ISIZE = KIND (YD%RMCO)
(  934) IF (LLPRINT) THEN
(  935)   WRITE (*, '(I10," ")', ADVANCE='NO') ISIZE
(  936)   WRITE (*, *) TRIM (CLPATH)//'%RMCO'
(  937) ENDIF
(  938) KSIZE = KSIZE + ISIZE
(  939) ISIZE = KIND (YD%RMHCHO)
(  940) IF (LLPRINT) THEN
(  941)   WRITE (*, '(I10," ")', ADVANCE='NO') ISIZE
(  942)   WRITE (*, *) TRIM (CLPATH)//'%RMHCHO'
(  943) ENDIF
(  944) KSIZE = KSIZE + ISIZE
(  945) ISIZE = KIND (YD%RMNO2)
(  946) IF (LLPRINT) THEN
(  947)   WRITE (*, '(I10," ")', ADVANCE='NO') ISIZE
(  948)   WRITE (*, *) TRIM (CLPATH)//'%RMNO2'
(  949) ENDIF
(  950) KSIZE = KSIZE + ISIZE
(  951) ISIZE = KIND (YD%RMSO2)
(  952) IF (LLPRINT) THEN
(  953)   WRITE (*, '(I10," ")', ADVANCE='NO') ISIZE
(  954)   WRITE (*, *) TRIM (CLPATH)//'%RMSO2'
(  955) ENDIF
(  956) KSIZE = KSIZE + ISIZE
(  957) ISIZE = KIND (YD%RMSO4)
(  958) IF (LLPRINT) THEN
(  959)   WRITE (*, '(I10," ")', ADVANCE='NO') ISIZE
(  960)   WRITE (*, *) TRIM (CLPATH)//'%RMSO4'
(  961) ENDIF
(  962) KSIZE = KSIZE + ISIZE
(  963) ISIZE = KIND (YD%RMCFC11)
(  964) IF (LLPRINT) THEN
(  965)   WRITE (*, '(I10," ")', ADVANCE='NO') ISIZE
(  966)   WRITE (*, *) TRIM (CLPATH)//'%RMCFC11'
(  967) ENDIF
(  968) KSIZE = KSIZE + ISIZE
(  969) ISIZE = KIND (YD%RMCFC12)
(  970) IF (LLPRINT) THEN
(  971)   WRITE (*, '(I10," ")', ADVANCE='NO') ISIZE
(  972)   WRITE (*, *) TRIM (CLPATH)//'%RMCFC12'
(  973) ENDIF
(  974) KSIZE = KSIZE + ISIZE
(  975) ISIZE = KIND (YD%RMHCFC22)






NVFORTRAN (Version     24.5)          03/19/2025  06:54:51      page 35

(  976) IF (LLPRINT) THEN
(  977)   WRITE (*, '(I10," ")', ADVANCE='NO') ISIZE
(  978)   WRITE (*, *) TRIM (CLPATH)//'%RMHCFC22'
(  979) ENDIF
(  980) KSIZE = KSIZE + ISIZE
(  981) ISIZE = KIND (YD%RMCCL4)
(  982) IF (LLPRINT) THEN
(  983)   WRITE (*, '(I10," ")', ADVANCE='NO') ISIZE
(  984)   WRITE (*, *) TRIM (CLPATH)//'%RMCCL4'
(  985) ENDIF
(  986) KSIZE = KSIZE + ISIZE
(  987) ISIZE = KIND (YD%RCW)
(  988) IF (LLPRINT) THEN
(  989)   WRITE (*, '(I10," ")', ADVANCE='NO') ISIZE
(  990)   WRITE (*, *) TRIM (CLPATH)//'%RCW'
(  991) ENDIF
(  992) KSIZE = KSIZE + ISIZE
(  993) ISIZE = KIND (YD%RCS)
(  994) IF (LLPRINT) THEN
(  995)   WRITE (*, '(I10," ")', ADVANCE='NO') ISIZE
(  996)   WRITE (*, *) TRIM (CLPATH)//'%RCS'
(  997) ENDIF
(  998) KSIZE = KSIZE + ISIZE
(  999) ISIZE = KIND (YD%RATM)
( 1000) IF (LLPRINT) THEN
( 1001)   WRITE (*, '(I10," ")', ADVANCE='NO') ISIZE
( 1002)   WRITE (*, *) TRIM (CLPATH)//'%RATM'
( 1003) ENDIF
( 1004) KSIZE = KSIZE + ISIZE
( 1005) ISIZE = KIND (YD%RTT)
( 1006) IF (LLPRINT) THEN
( 1007)   WRITE (*, '(I10," ")', ADVANCE='NO') ISIZE
( 1008)   WRITE (*, *) TRIM (CLPATH)//'%RTT'
( 1009) ENDIF
( 1010) KSIZE = KSIZE + ISIZE
( 1011) ISIZE = KIND (YD%RLVTT)
( 1012) IF (LLPRINT) THEN
( 1013)   WRITE (*, '(I10," ")', ADVANCE='NO') ISIZE
( 1014)   WRITE (*, *) TRIM (CLPATH)//'%RLVTT'
( 1015) ENDIF
( 1016) KSIZE = KSIZE + ISIZE
( 1017) ISIZE = KIND (YD%RLSTT)
( 1018) IF (LLPRINT) THEN
( 1019)   WRITE (*, '(I10," ")', ADVANCE='NO') ISIZE
( 1020)   WRITE (*, *) TRIM (CLPATH)//'%RLSTT'
( 1021) ENDIF
( 1022) KSIZE = KSIZE + ISIZE
( 1023) ISIZE = KIND (YD%RLVZER)
( 1024) IF (LLPRINT) THEN
( 1025)   WRITE (*, '(I10," ")', ADVANCE='NO') ISIZE
( 1026)   WRITE (*, *) TRIM (CLPATH)//'%RLVZER'
( 1027) ENDIF
( 1028) KSIZE = KSIZE + ISIZE
( 1029) ISIZE = KIND (YD%RLSZER)
( 1030) IF (LLPRINT) THEN
( 1031)   WRITE (*, '(I10," ")', ADVANCE='NO') ISIZE
( 1032)   WRITE (*, *) TRIM (CLPATH)//'%RLSZER'
( 1033) ENDIF






NVFORTRAN (Version     24.5)          03/19/2025  06:54:51      page 36

( 1034) KSIZE = KSIZE + ISIZE
( 1035) ISIZE = KIND (YD%RLMLT)
( 1036) IF (LLPRINT) THEN
( 1037)   WRITE (*, '(I10," ")', ADVANCE='NO') ISIZE
( 1038)   WRITE (*, *) TRIM (CLPATH)//'%RLMLT'
( 1039) ENDIF
( 1040) KSIZE = KSIZE + ISIZE
( 1041) ISIZE = KIND (YD%RDT)
( 1042) IF (LLPRINT) THEN
( 1043)   WRITE (*, '(I10," ")', ADVANCE='NO') ISIZE
( 1044)   WRITE (*, *) TRIM (CLPATH)//'%RDT'
( 1045) ENDIF
( 1046) KSIZE = KSIZE + ISIZE
( 1047) ISIZE = KIND (YD%RESTT)
( 1048) IF (LLPRINT) THEN
( 1049)   WRITE (*, '(I10," ")', ADVANCE='NO') ISIZE
( 1050)   WRITE (*, *) TRIM (CLPATH)//'%RESTT'
( 1051) ENDIF
( 1052) KSIZE = KSIZE + ISIZE
( 1053) ISIZE = KIND (YD%RGAMW)
( 1054) IF (LLPRINT) THEN
( 1055)   WRITE (*, '(I10," ")', ADVANCE='NO') ISIZE
( 1056)   WRITE (*, *) TRIM (CLPATH)//'%RGAMW'
( 1057) ENDIF
( 1058) KSIZE = KSIZE + ISIZE
( 1059) ISIZE = KIND (YD%RBETW)
( 1060) IF (LLPRINT) THEN
( 1061)   WRITE (*, '(I10," ")', ADVANCE='NO') ISIZE
( 1062)   WRITE (*, *) TRIM (CLPATH)//'%RBETW'
( 1063) ENDIF
( 1064) KSIZE = KSIZE + ISIZE
( 1065) ISIZE = KIND (YD%RALPW)
( 1066) IF (LLPRINT) THEN
( 1067)   WRITE (*, '(I10," ")', ADVANCE='NO') ISIZE
( 1068)   WRITE (*, *) TRIM (CLPATH)//'%RALPW'
( 1069) ENDIF
( 1070) KSIZE = KSIZE + ISIZE
( 1071) ISIZE = KIND (YD%RGAMS)
( 1072) IF (LLPRINT) THEN
( 1073)   WRITE (*, '(I10," ")', ADVANCE='NO') ISIZE
( 1074)   WRITE (*, *) TRIM (CLPATH)//'%RGAMS'
( 1075) ENDIF
( 1076) KSIZE = KSIZE + ISIZE
( 1077) ISIZE = KIND (YD%RBETS)
( 1078) IF (LLPRINT) THEN
( 1079)   WRITE (*, '(I10," ")', ADVANCE='NO') ISIZE
( 1080)   WRITE (*, *) TRIM (CLPATH)//'%RBETS'
( 1081) ENDIF
( 1082) KSIZE = KSIZE + ISIZE
( 1083) ISIZE = KIND (YD%RALPS)
( 1084) IF (LLPRINT) THEN
( 1085)   WRITE (*, '(I10," ")', ADVANCE='NO') ISIZE
( 1086)   WRITE (*, *) TRIM (CLPATH)//'%RALPS'
( 1087) ENDIF
( 1088) KSIZE = KSIZE + ISIZE
( 1089) ISIZE = KIND (YD%RALPD)
( 1090) IF (LLPRINT) THEN
( 1091)   WRITE (*, '(I10," ")', ADVANCE='NO') ISIZE






NVFORTRAN (Version     24.5)          03/19/2025  06:54:51      page 37

( 1092)   WRITE (*, *) TRIM (CLPATH)//'%RALPD'
( 1093) ENDIF
( 1094) KSIZE = KSIZE + ISIZE
( 1095) ISIZE = KIND (YD%RBETD)
( 1096) IF (LLPRINT) THEN
( 1097)   WRITE (*, '(I10," ")', ADVANCE='NO') ISIZE
( 1098)   WRITE (*, *) TRIM (CLPATH)//'%RBETD'
( 1099) ENDIF
( 1100) KSIZE = KSIZE + ISIZE
( 1101) ISIZE = KIND (YD%RGAMD)
( 1102) IF (LLPRINT) THEN
( 1103)   WRITE (*, '(I10," ")', ADVANCE='NO') ISIZE
( 1104)   WRITE (*, *) TRIM (CLPATH)//'%RGAMD'
( 1105) ENDIF
( 1106) KSIZE = KSIZE + ISIZE
( 1107) ISIZE = KIND (YD%RK1)
( 1108) IF (LLPRINT) THEN
( 1109)   WRITE (*, '(I10," ")', ADVANCE='NO') ISIZE
( 1110)   WRITE (*, *) TRIM (CLPATH)//'%RK1'
( 1111) ENDIF
( 1112) KSIZE = KSIZE + ISIZE
( 1113) ISIZE = KIND (YD%RK2)
( 1114) IF (LLPRINT) THEN
( 1115)   WRITE (*, '(I10," ")', ADVANCE='NO') ISIZE
( 1116)   WRITE (*, *) TRIM (CLPATH)//'%RK2'
( 1117) ENDIF
( 1118) KSIZE = KSIZE + ISIZE
( 1119) ISIZE = KIND (YD%RK3)
( 1120) IF (LLPRINT) THEN
( 1121)   WRITE (*, '(I10," ")', ADVANCE='NO') ISIZE
( 1122)   WRITE (*, *) TRIM (CLPATH)//'%RK3'
( 1123) ENDIF
( 1124) KSIZE = KSIZE + ISIZE
( 1125) ISIZE = KIND (YD%RGNSSSAT)
( 1126) IF (LLPRINT) THEN
( 1127)   WRITE (*, '(I10," ")', ADVANCE='NO') ISIZE
( 1128)   WRITE (*, *) TRIM (CLPATH)//'%RGNSSSAT'
( 1129) ENDIF
( 1130) KSIZE = KSIZE + ISIZE
( 1131) ISIZE = KIND (YD%RGNSSEAR)
( 1132) IF (LLPRINT) THEN
( 1133)   WRITE (*, '(I10," ")', ADVANCE='NO') ISIZE
( 1134)   WRITE (*, *) TRIM (CLPATH)//'%RGNSSEAR'
( 1135) ENDIF
( 1136) KSIZE = KSIZE + ISIZE
( 1137) ISIZE = KIND (YD%RAWGS)
( 1138) IF (LLPRINT) THEN
( 1139)   WRITE (*, '(I10," ")', ADVANCE='NO') ISIZE
( 1140)   WRITE (*, *) TRIM (CLPATH)//'%RAWGS'
( 1141) ENDIF
( 1142) KSIZE = KSIZE + ISIZE
( 1143) ISIZE = KIND (YD%REWGS)
( 1144) IF (LLPRINT) THEN
( 1145)   WRITE (*, '(I10," ")', ADVANCE='NO') ISIZE
( 1146)   WRITE (*, *) TRIM (CLPATH)//'%REWGS'
( 1147) ENDIF
( 1148) KSIZE = KSIZE + ISIZE
( 1149) ISIZE = KIND (YD%RFWGS)






NVFORTRAN (Version     24.5)          03/19/2025  06:54:51      page 38

( 1150) IF (LLPRINT) THEN
( 1151)   WRITE (*, '(I10," ")', ADVANCE='NO') ISIZE
( 1152)   WRITE (*, *) TRIM (CLPATH)//'%RFWGS'
( 1153) ENDIF
( 1154) KSIZE = KSIZE + ISIZE
( 1155) ISIZE = KIND (YD%RGEQU)
( 1156) IF (LLPRINT) THEN
( 1157)   WRITE (*, '(I10," ")', ADVANCE='NO') ISIZE
( 1158)   WRITE (*, *) TRIM (CLPATH)//'%RGEQU'
( 1159) ENDIF
( 1160) KSIZE = KSIZE + ISIZE
( 1161) ISIZE = KIND (YD%RGRAT)
( 1162) IF (LLPRINT) THEN
( 1163)   WRITE (*, '(I10," ")', ADVANCE='NO') ISIZE
( 1164)   WRITE (*, *) TRIM (CLPATH)//'%RGRAT'
( 1165) ENDIF
( 1166) KSIZE = KSIZE + ISIZE
( 1167) ISIZE = KIND (YD%RKSSOM)
( 1168) IF (LLPRINT) THEN
( 1169)   WRITE (*, '(I10," ")', ADVANCE='NO') ISIZE
( 1170)   WRITE (*, *) TRIM (CLPATH)//'%RKSSOM'
( 1171) ENDIF
( 1172) KSIZE = KSIZE + ISIZE
( 1173) END FUNCTION
( 1174) # 1175 "./util_tcst_mod.F90"
( 1175) END MODULE
