


NVFORTRAN (Version     24.5)          03/19/2025  06:54:37      page 1

Switches: -noasm -nodclchk -debug -nodlines -line -list
          -idir /opt/softs/gcc/9.2.0/hpc_sdk/Linux_x86_64/24.5/comm_libs/12.4/hpcx/hpcx-2.19/ompi/include
          -idir /opt/softs/gcc/9.2.0/hpc_sdk/Linux_x86_64/24.5/comm_libs/12.4/hpcx/hpcx-2.19/ompi/lib
          -inform severe -opt 1 -nosave -object -noonetrip
          -depchk on -nostandard     
          -symbol -noupcase    

Filename: ./util_tecumf2_mod.F90

(    1) MODULE UTIL_TECUMF2_MOD
(    2) 
(    3) USE YOECUMF2, ONLY : TECUMF2
(    4) 
(    5) INTERFACE SAVE
(    6) MODULE PROCEDURE SAVE_TECUMF2
(    7) END INTERFACE
(    8) 
(    9) INTERFACE LOAD
(   10) MODULE PROCEDURE LOAD_TECUMF2
(   11) END INTERFACE
(   12) 
(   13) INTERFACE COPY
(   14) MODULE PROCEDURE COPY_TECUMF2
(   15) END INTERFACE
(   16) 
(   17) INTERFACE HOST
(   18) MODULE PROCEDURE HOST_TECUMF2
(   19) END INTERFACE
(   20) 
(   21)      
(   22) INTERFACE CRC64
(   23) MODULE PROCEDURE CRC64_TECUMF2
(   24) END INTERFACE
(   25) 
(   26) INTERFACE WIPE
(   27) MODULE PROCEDURE WIPE_TECUMF2
(   28) END INTERFACE
(   29) 
(   30) INTERFACE SIZE
(   31) MODULE PROCEDURE SIZE_TECUMF2
(   32) END INTERFACE
(   33) 
(   34) 
(   35) CONTAINS
(   36) 
(   37) SUBROUTINE SAVE_TECUMF2 (KLUN, YD)
(   38) 
(   39) IMPLICIT NONE
(   40) INTEGER, INTENT (IN) :: KLUN
(   41) TYPE (TECUMF2), INTENT (IN), TARGET :: YD
(   42) 
(   43) WRITE (KLUN) YD%ENTRORG2
(   44) WRITE (KLUN) YD%DETRPEN2
(   45) WRITE (KLUN) YD%ENTSHALP2
(   46) WRITE (KLUN) YD%ENTSTPC12
(   47) WRITE (KLUN) YD%ENTSTPC22
(   48) WRITE (KLUN) YD%ENTSTPC32
(   49) WRITE (KLUN) YD%ENTRDD2
(   50) WRITE (KLUN) YD%RMFCMIN2






NVFORTRAN (Version     24.5)          03/19/2025  06:54:37      page 2

(   51) WRITE (KLUN) YD%RMFDEPS2
(   52) WRITE (KLUN) YD%RDEPTHS2
(   53) WRITE (KLUN) YD%RPRCON2
(   54) WRITE (KLUN) YD%RTAU2
(   55) WRITE (KLUN) YD%RCPECONS2
(   56) WRITE (KLUN) YD%RCUCOV2
(   57) WRITE (KLUN) YD%RTAUMEL2
(   58) WRITE (KLUN) YD%RUVPER2
(   59) WRITE (KLUN) YD%RMFSOLCT2
(   60) WRITE (KLUN) YD%RMFSOLTQ2
(   61) WRITE (KLUN) YD%RMFSOLUV2
(   62) WRITE (KLUN) YD%RMFSOLRHS2
(   63) WRITE (KLUN) YD%RMFCFL2
(   64) WRITE (KLUN) YD%RMFLIA2
(   65) WRITE (KLUN) YD%RCAPDCYCL2
(   66) WRITE (KLUN) YD%RTAU02
(   67) WRITE (KLUN) YD%LMFMID2
(   68) WRITE (KLUN) YD%LMFDD2
(   69) WRITE (KLUN) YD%LMFDUDV2
(   70) WRITE (KLUN) YD%LMFUVDIS2
(   71) WRITE (KLUN) YD%LMFWETB2
(   72) WRITE (KLUN) YD%LMFGLAC2
(   73) WRITE (KLUN) YD%NJKT12
(   74) WRITE (KLUN) YD%NJKT22
(   75) WRITE (KLUN) YD%NJKT32
(   76) WRITE (KLUN) YD%NJKT52
(   77) WRITE (KLUN) YD%NJKT62
(   78) END SUBROUTINE
(   79) 
(   80) SUBROUTINE LOAD_TECUMF2 (KLUN, YD)
(   81) USE PARKIND1, ONLY : JPRD
(   82) 
(   83) IMPLICIT NONE
(   84) INTEGER, INTENT (IN) :: KLUN
(   85) TYPE (TECUMF2), INTENT (OUT), TARGET :: YD
(   86) REAL(KIND=JPRD) :: ZTMP0
(   87) READ (KLUN) ZTMP0
(   88) YD%ENTRORG2 = ZTMP0
(   89) READ (KLUN) ZTMP0
(   90) YD%DETRPEN2 = ZTMP0
(   91) READ (KLUN) ZTMP0
(   92) YD%ENTSHALP2 = ZTMP0
(   93) READ (KLUN) ZTMP0
(   94) YD%ENTSTPC12 = ZTMP0
(   95) READ (KLUN) ZTMP0
(   96) YD%ENTSTPC22 = ZTMP0
(   97) READ (KLUN) ZTMP0
(   98) YD%ENTSTPC32 = ZTMP0
(   99) READ (KLUN) ZTMP0
(  100) YD%ENTRDD2 = ZTMP0
(  101) READ (KLUN) ZTMP0
(  102) YD%RMFCMIN2 = ZTMP0
(  103) READ (KLUN) ZTMP0
(  104) YD%RMFDEPS2 = ZTMP0
(  105) READ (KLUN) ZTMP0
(  106) YD%RDEPTHS2 = ZTMP0
(  107) READ (KLUN) ZTMP0
(  108) YD%RPRCON2 = ZTMP0






NVFORTRAN (Version     24.5)          03/19/2025  06:54:37      page 3

(  109) READ (KLUN) ZTMP0
(  110) YD%RTAU2 = ZTMP0
(  111) READ (KLUN) ZTMP0
(  112) YD%RCPECONS2 = ZTMP0
(  113) READ (KLUN) ZTMP0
(  114) YD%RCUCOV2 = ZTMP0
(  115) READ (KLUN) ZTMP0
(  116) YD%RTAUMEL2 = ZTMP0
(  117) READ (KLUN) ZTMP0
(  118) YD%RUVPER2 = ZTMP0
(  119) READ (KLUN) ZTMP0
(  120) YD%RMFSOLCT2 = ZTMP0
(  121) READ (KLUN) ZTMP0
(  122) YD%RMFSOLTQ2 = ZTMP0
(  123) READ (KLUN) ZTMP0
(  124) YD%RMFSOLUV2 = ZTMP0
(  125) READ (KLUN) ZTMP0
(  126) YD%RMFSOLRHS2 = ZTMP0
(  127) READ (KLUN) ZTMP0
(  128) YD%RMFCFL2 = ZTMP0
(  129) READ (KLUN) ZTMP0
(  130) YD%RMFLIA2 = ZTMP0
(  131) READ (KLUN) ZTMP0
(  132) YD%RCAPDCYCL2 = ZTMP0
(  133) READ (KLUN) ZTMP0
(  134) YD%RTAU02 = ZTMP0
(  135) READ (KLUN) YD%LMFMID2
(  136) READ (KLUN) YD%LMFDD2
(  137) READ (KLUN) YD%LMFDUDV2
(  138) READ (KLUN) YD%LMFUVDIS2
(  139) READ (KLUN) YD%LMFWETB2
(  140) READ (KLUN) YD%LMFGLAC2
(  141) READ (KLUN) YD%NJKT12
(  142) READ (KLUN) YD%NJKT22
(  143) READ (KLUN) YD%NJKT32
(  144) READ (KLUN) YD%NJKT52
(  145) READ (KLUN) YD%NJKT62
(  146) END SUBROUTINE
(  147) 
(  148) 
(  149) SUBROUTINE COPY_TECUMF2 (YD, LDCREATED, LDFIELDAPI)
(  150) 
(  151) IMPLICIT NONE
(  152) TYPE (TECUMF2), INTENT (IN), TARGET :: YD
(  153) LOGICAL, OPTIONAL, INTENT (IN) :: LDCREATED, LDFIELDAPI
(  154) LOGICAL :: LLCREATED
(  155) LOGICAL :: LLFIELDAPI
(  156) 
(  157) LLFIELDAPI = .FALSE.
(  158) IF (PRESENT (LDFIELDAPI)) THEN
(  159)   LLFIELDAPI = LDFIELDAPI
(  160) ENDIF
(  161) LLCREATED = .FALSE.
(  162) IF (PRESENT (LDCREATED)) THEN
(  163)   LLCREATED = LDCREATED
(  164) ENDIF
(  165) IF (.NOT. LLCREATED) THEN
(  166)   !$acc enter data create (YD)






NVFORTRAN (Version     24.5)          03/19/2025  06:54:37      page 4

(  167)   !$acc update device (YD)
(  168) ENDIF
(  169) 
(  170) 
(  171) 
(  172) 
(  173) 
(  174) 
(  175) 
(  176) 
(  177) 
(  178) 
(  179) 
(  180) 
(  181) 
(  182) 
(  183) 
(  184) 
(  185) 
(  186) 
(  187) 
(  188) 
(  189) 
(  190) 
(  191) 
(  192) 
(  193) 
(  194) 
(  195) 
(  196) 
(  197) 
(  198) 
(  199) 
(  200) 
(  201) 
(  202) 
(  203) 
(  204) END SUBROUTINE
(  205) 
(  206) SUBROUTINE HOST_TECUMF2 (YD)
(  207) 
(  208) IMPLICIT NONE
(  209) TYPE (TECUMF2), TARGET :: YD
(  210) 
(  211) 
(  212) 
(  213) 
(  214) 
(  215) 
(  216) 
(  217) 
(  218) 
(  219) 
(  220) 
(  221) 
(  222) 
(  223) 
(  224) 






NVFORTRAN (Version     24.5)          03/19/2025  06:54:37      page 5

(  225) 
(  226) 
(  227) 
(  228) 
(  229) 
(  230) 
(  231) 
(  232) 
(  233) 
(  234) 
(  235) 
(  236) 
(  237) 
(  238) 
(  239) 
(  240) 
(  241) 
(  242) 
(  243) 
(  244) 
(  245) 
(  246) END SUBROUTINE
(  247) 
(  248)      
(  249) 
(  250) SUBROUTINE CRC64_TECUMF2 (YD, KLUN, CDPATH)
(  251) USE CRC64_INTRINSIC
(  252) 
(  253) IMPLICIT NONE
(  254) TYPE (TECUMF2), TARGET :: YD
(  255) INTEGER, INTENT (IN) :: KLUN
(  256) CHARACTER(LEN=*), INTENT (IN) :: CDPATH
(  257) CHARACTER(LEN=128) :: CLIND
(  258) 
(  259) WRITE (KLUN, '(Z16.16," ",A)') CRC64 (YD%ENTRORG2), CDPATH//'%ENTRORG2'
(  260) 
(  261) WRITE (KLUN, '(Z16.16," ",A)') CRC64 (YD%DETRPEN2), CDPATH//'%DETRPEN2'
(  262) 
(  263) WRITE (KLUN, '(Z16.16," ",A)') CRC64 (YD%ENTSHALP2), CDPATH//'%ENTSHALP2'
(  264) 
(  265) WRITE (KLUN, '(Z16.16," ",A)') CRC64 (YD%ENTSTPC12), CDPATH//'%ENTSTPC12'
(  266) 
(  267) WRITE (KLUN, '(Z16.16," ",A)') CRC64 (YD%ENTSTPC22), CDPATH//'%ENTSTPC22'
(  268) 
(  269) WRITE (KLUN, '(Z16.16," ",A)') CRC64 (YD%ENTSTPC32), CDPATH//'%ENTSTPC32'
(  270) 
(  271) WRITE (KLUN, '(Z16.16," ",A)') CRC64 (YD%ENTRDD2), CDPATH//'%ENTRDD2'
(  272) 
(  273) WRITE (KLUN, '(Z16.16," ",A)') CRC64 (YD%RMFCMIN2), CDPATH//'%RMFCMIN2'
(  274) 
(  275) WRITE (KLUN, '(Z16.16," ",A)') CRC64 (YD%RMFDEPS2), CDPATH//'%RMFDEPS2'
(  276) 
(  277) WRITE (KLUN, '(Z16.16," ",A)') CRC64 (YD%RDEPTHS2), CDPATH//'%RDEPTHS2'
(  278) 
(  279) WRITE (KLUN, '(Z16.16," ",A)') CRC64 (YD%RPRCON2), CDPATH//'%RPRCON2'
(  280) 
(  281) WRITE (KLUN, '(Z16.16," ",A)') CRC64 (YD%RTAU2), CDPATH//'%RTAU2'
(  282) 






NVFORTRAN (Version     24.5)          03/19/2025  06:54:37      page 6

(  283) WRITE (KLUN, '(Z16.16," ",A)') CRC64 (YD%RCPECONS2), CDPATH//'%RCPECONS2'
(  284) 
(  285) WRITE (KLUN, '(Z16.16," ",A)') CRC64 (YD%RCUCOV2), CDPATH//'%RCUCOV2'
(  286) 
(  287) WRITE (KLUN, '(Z16.16," ",A)') CRC64 (YD%RTAUMEL2), CDPATH//'%RTAUMEL2'
(  288) 
(  289) WRITE (KLUN, '(Z16.16," ",A)') CRC64 (YD%RUVPER2), CDPATH//'%RUVPER2'
(  290) 
(  291) WRITE (KLUN, '(Z16.16," ",A)') CRC64 (YD%RMFSOLCT2), CDPATH//'%RMFSOLCT2'
(  292) 
(  293) WRITE (KLUN, '(Z16.16," ",A)') CRC64 (YD%RMFSOLTQ2), CDPATH//'%RMFSOLTQ2'
(  294) 
(  295) WRITE (KLUN, '(Z16.16," ",A)') CRC64 (YD%RMFSOLUV2), CDPATH//'%RMFSOLUV2'
(  296) 
(  297) WRITE (KLUN, '(Z16.16," ",A)') CRC64 (YD%RMFSOLRHS2), CDPATH//'%RMFSOLRHS2'
(  298) 
(  299) WRITE (KLUN, '(Z16.16," ",A)') CRC64 (YD%RMFCFL2), CDPATH//'%RMFCFL2'
(  300) 
(  301) WRITE (KLUN, '(Z16.16," ",A)') CRC64 (YD%RMFLIA2), CDPATH//'%RMFLIA2'
(  302) 
(  303) WRITE (KLUN, '(Z16.16," ",A)') CRC64 (YD%RCAPDCYCL2), CDPATH//'%RCAPDCYCL2'
(  304) 
(  305) WRITE (KLUN, '(Z16.16," ",A)') CRC64 (YD%RTAU02), CDPATH//'%RTAU02'
(  306) 
(  307) WRITE (KLUN, '(Z16.16," ",A)') CRC64 (YD%LMFMID2), CDPATH//'%LMFMID2'
(  308) 
(  309) WRITE (KLUN, '(Z16.16," ",A)') CRC64 (YD%LMFDD2), CDPATH//'%LMFDD2'
(  310) 
(  311) WRITE (KLUN, '(Z16.16," ",A)') CRC64 (YD%LMFDUDV2), CDPATH//'%LMFDUDV2'
(  312) 
(  313) WRITE (KLUN, '(Z16.16," ",A)') CRC64 (YD%LMFUVDIS2), CDPATH//'%LMFUVDIS2'
(  314) 
(  315) WRITE (KLUN, '(Z16.16," ",A)') CRC64 (YD%LMFWETB2), CDPATH//'%LMFWETB2'
(  316) 
(  317) WRITE (KLUN, '(Z16.16," ",A)') CRC64 (YD%LMFGLAC2), CDPATH//'%LMFGLAC2'
(  318) 
(  319) WRITE (KLUN, '(Z16.16," ",A)') CRC64 (YD%NJKT12), CDPATH//'%NJKT12'
(  320) 
(  321) WRITE (KLUN, '(Z16.16," ",A)') CRC64 (YD%NJKT22), CDPATH//'%NJKT22'
(  322) 
(  323) WRITE (KLUN, '(Z16.16," ",A)') CRC64 (YD%NJKT32), CDPATH//'%NJKT32'
(  324) 
(  325) WRITE (KLUN, '(Z16.16," ",A)') CRC64 (YD%NJKT52), CDPATH//'%NJKT52'
(  326) 
(  327) WRITE (KLUN, '(Z16.16," ",A)') CRC64 (YD%NJKT62), CDPATH//'%NJKT62'
(  328) 
(  329) END SUBROUTINE
(  330) 
(  331) SUBROUTINE WIPE_TECUMF2 (YD, LDDELETED, LDFIELDAPI)
(  332) 
(  333) IMPLICIT NONE
(  334) TYPE (TECUMF2), INTENT (IN), TARGET :: YD
(  335) LOGICAL, OPTIONAL, INTENT (IN) :: LDDELETED, LDFIELDAPI
(  336) LOGICAL :: LLDELETED
(  337) LOGICAL :: LLFIELDAPI
(  338) 
(  339) LLFIELDAPI = .FALSE.
(  340) IF (PRESENT (LDFIELDAPI)) THEN






NVFORTRAN (Version     24.5)          03/19/2025  06:54:37      page 7

(  341)   LLFIELDAPI = LDFIELDAPI
(  342) ENDIF
(  343) 
(  344) 
(  345) 
(  346) 
(  347) 
(  348) 
(  349) 
(  350) 
(  351) 
(  352) 
(  353) 
(  354) 
(  355) 
(  356) 
(  357) 
(  358) 
(  359) 
(  360) 
(  361) 
(  362) 
(  363) 
(  364) 
(  365) 
(  366) 
(  367) 
(  368) 
(  369) 
(  370) 
(  371) 
(  372) 
(  373) 
(  374) 
(  375) 
(  376) 
(  377) 
(  378) LLDELETED = .FALSE.
(  379) IF (PRESENT (LDDELETED)) THEN
(  380)   LLDELETED = LDDELETED
(  381) ENDIF
(  382) IF (.NOT. LLDELETED) THEN
(  383)   !$acc exit data delete (YD)
(  384) ENDIF
(  385) END SUBROUTINE
(  386) 
(  387) INTEGER*8 FUNCTION SIZE_TECUMF2 (YD, CDPATH, LDPRINT) RESULT (KSIZE)
(  388) 
(  389) IMPLICIT NONE
(  390) TYPE (TECUMF2),     INTENT (IN), TARGET :: YD
(  391) CHARACTER(LEN=*), INTENT (IN), OPTIONAL :: CDPATH
(  392) LOGICAL,          INTENT (IN), OPTIONAL :: LDPRINT
(  393) INTEGER*8 :: ISIZE, JSIZE
(  394) LOGICAL :: LLPRINT
(  395) CHARACTER(LEN=128) :: CLPATH
(  396) 
(  397) LLPRINT = .FALSE.
(  398) IF (PRESENT (LDPRINT)) THEN






NVFORTRAN (Version     24.5)          03/19/2025  06:54:37      page 8

(  399)   LLPRINT = LDPRINT
(  400) ENDIF
(  401) CLPATH=''
(  402) IF (PRESENT (CDPATH)) THEN
(  403)   CLPATH = CDPATH
(  404) ENDIF
(  405) KSIZE = 0
(  406) ISIZE = KIND (YD%ENTRORG2)
(  407) IF (LLPRINT) THEN
(  408)   WRITE (*, '(I10," ")', ADVANCE='NO') ISIZE
(  409)   WRITE (*, *) TRIM (CLPATH)//'%ENTRORG2'
(  410) ENDIF
(  411) KSIZE = KSIZE + ISIZE
(  412) ISIZE = KIND (YD%DETRPEN2)
(  413) IF (LLPRINT) THEN
(  414)   WRITE (*, '(I10," ")', ADVANCE='NO') ISIZE
(  415)   WRITE (*, *) TRIM (CLPATH)//'%DETRPEN2'
(  416) ENDIF
(  417) KSIZE = KSIZE + ISIZE
(  418) ISIZE = KIND (YD%ENTSHALP2)
(  419) IF (LLPRINT) THEN
(  420)   WRITE (*, '(I10," ")', ADVANCE='NO') ISIZE
(  421)   WRITE (*, *) TRIM (CLPATH)//'%ENTSHALP2'
(  422) ENDIF
(  423) KSIZE = KSIZE + ISIZE
(  424) ISIZE = KIND (YD%ENTSTPC12)
(  425) IF (LLPRINT) THEN
(  426)   WRITE (*, '(I10," ")', ADVANCE='NO') ISIZE
(  427)   WRITE (*, *) TRIM (CLPATH)//'%ENTSTPC12'
(  428) ENDIF
(  429) KSIZE = KSIZE + ISIZE
(  430) ISIZE = KIND (YD%ENTSTPC22)
(  431) IF (LLPRINT) THEN
(  432)   WRITE (*, '(I10," ")', ADVANCE='NO') ISIZE
(  433)   WRITE (*, *) TRIM (CLPATH)//'%ENTSTPC22'
(  434) ENDIF
(  435) KSIZE = KSIZE + ISIZE
(  436) ISIZE = KIND (YD%ENTSTPC32)
(  437) IF (LLPRINT) THEN
(  438)   WRITE (*, '(I10," ")', ADVANCE='NO') ISIZE
(  439)   WRITE (*, *) TRIM (CLPATH)//'%ENTSTPC32'
(  440) ENDIF
(  441) KSIZE = KSIZE + ISIZE
(  442) ISIZE = KIND (YD%ENTRDD2)
(  443) IF (LLPRINT) THEN
(  444)   WRITE (*, '(I10," ")', ADVANCE='NO') ISIZE
(  445)   WRITE (*, *) TRIM (CLPATH)//'%ENTRDD2'
(  446) ENDIF
(  447) KSIZE = KSIZE + ISIZE
(  448) ISIZE = KIND (YD%RMFCMIN2)
(  449) IF (LLPRINT) THEN
(  450)   WRITE (*, '(I10," ")', ADVANCE='NO') ISIZE
(  451)   WRITE (*, *) TRIM (CLPATH)//'%RMFCMIN2'
(  452) ENDIF
(  453) KSIZE = KSIZE + ISIZE
(  454) ISIZE = KIND (YD%RMFDEPS2)
(  455) IF (LLPRINT) THEN
(  456)   WRITE (*, '(I10," ")', ADVANCE='NO') ISIZE






NVFORTRAN (Version     24.5)          03/19/2025  06:54:37      page 9

(  457)   WRITE (*, *) TRIM (CLPATH)//'%RMFDEPS2'
(  458) ENDIF
(  459) KSIZE = KSIZE + ISIZE
(  460) ISIZE = KIND (YD%RDEPTHS2)
(  461) IF (LLPRINT) THEN
(  462)   WRITE (*, '(I10," ")', ADVANCE='NO') ISIZE
(  463)   WRITE (*, *) TRIM (CLPATH)//'%RDEPTHS2'
(  464) ENDIF
(  465) KSIZE = KSIZE + ISIZE
(  466) ISIZE = KIND (YD%RPRCON2)
(  467) IF (LLPRINT) THEN
(  468)   WRITE (*, '(I10," ")', ADVANCE='NO') ISIZE
(  469)   WRITE (*, *) TRIM (CLPATH)//'%RPRCON2'
(  470) ENDIF
(  471) KSIZE = KSIZE + ISIZE
(  472) ISIZE = KIND (YD%RTAU2)
(  473) IF (LLPRINT) THEN
(  474)   WRITE (*, '(I10," ")', ADVANCE='NO') ISIZE
(  475)   WRITE (*, *) TRIM (CLPATH)//'%RTAU2'
(  476) ENDIF
(  477) KSIZE = KSIZE + ISIZE
(  478) ISIZE = KIND (YD%RCPECONS2)
(  479) IF (LLPRINT) THEN
(  480)   WRITE (*, '(I10," ")', ADVANCE='NO') ISIZE
(  481)   WRITE (*, *) TRIM (CLPATH)//'%RCPECONS2'
(  482) ENDIF
(  483) KSIZE = KSIZE + ISIZE
(  484) ISIZE = KIND (YD%RCUCOV2)
(  485) IF (LLPRINT) THEN
(  486)   WRITE (*, '(I10," ")', ADVANCE='NO') ISIZE
(  487)   WRITE (*, *) TRIM (CLPATH)//'%RCUCOV2'
(  488) ENDIF
(  489) KSIZE = KSIZE + ISIZE
(  490) ISIZE = KIND (YD%RTAUMEL2)
(  491) IF (LLPRINT) THEN
(  492)   WRITE (*, '(I10," ")', ADVANCE='NO') ISIZE
(  493)   WRITE (*, *) TRIM (CLPATH)//'%RTAUMEL2'
(  494) ENDIF
(  495) KSIZE = KSIZE + ISIZE
(  496) ISIZE = KIND (YD%RUVPER2)
(  497) IF (LLPRINT) THEN
(  498)   WRITE (*, '(I10," ")', ADVANCE='NO') ISIZE
(  499)   WRITE (*, *) TRIM (CLPATH)//'%RUVPER2'
(  500) ENDIF
(  501) KSIZE = KSIZE + ISIZE
(  502) ISIZE = KIND (YD%RMFSOLCT2)
(  503) IF (LLPRINT) THEN
(  504)   WRITE (*, '(I10," ")', ADVANCE='NO') ISIZE
(  505)   WRITE (*, *) TRIM (CLPATH)//'%RMFSOLCT2'
(  506) ENDIF
(  507) KSIZE = KSIZE + ISIZE
(  508) ISIZE = KIND (YD%RMFSOLTQ2)
(  509) IF (LLPRINT) THEN
(  510)   WRITE (*, '(I10," ")', ADVANCE='NO') ISIZE
(  511)   WRITE (*, *) TRIM (CLPATH)//'%RMFSOLTQ2'
(  512) ENDIF
(  513) KSIZE = KSIZE + ISIZE
(  514) ISIZE = KIND (YD%RMFSOLUV2)






NVFORTRAN (Version     24.5)          03/19/2025  06:54:37      page 10

(  515) IF (LLPRINT) THEN
(  516)   WRITE (*, '(I10," ")', ADVANCE='NO') ISIZE
(  517)   WRITE (*, *) TRIM (CLPATH)//'%RMFSOLUV2'
(  518) ENDIF
(  519) KSIZE = KSIZE + ISIZE
(  520) ISIZE = KIND (YD%RMFSOLRHS2)
(  521) IF (LLPRINT) THEN
(  522)   WRITE (*, '(I10," ")', ADVANCE='NO') ISIZE
(  523)   WRITE (*, *) TRIM (CLPATH)//'%RMFSOLRHS2'
(  524) ENDIF
(  525) KSIZE = KSIZE + ISIZE
(  526) ISIZE = KIND (YD%RMFCFL2)
(  527) IF (LLPRINT) THEN
(  528)   WRITE (*, '(I10," ")', ADVANCE='NO') ISIZE
(  529)   WRITE (*, *) TRIM (CLPATH)//'%RMFCFL2'
(  530) ENDIF
(  531) KSIZE = KSIZE + ISIZE
(  532) ISIZE = KIND (YD%RMFLIA2)
(  533) IF (LLPRINT) THEN
(  534)   WRITE (*, '(I10," ")', ADVANCE='NO') ISIZE
(  535)   WRITE (*, *) TRIM (CLPATH)//'%RMFLIA2'
(  536) ENDIF
(  537) KSIZE = KSIZE + ISIZE
(  538) ISIZE = KIND (YD%RCAPDCYCL2)
(  539) IF (LLPRINT) THEN
(  540)   WRITE (*, '(I10," ")', ADVANCE='NO') ISIZE
(  541)   WRITE (*, *) TRIM (CLPATH)//'%RCAPDCYCL2'
(  542) ENDIF
(  543) KSIZE = KSIZE + ISIZE
(  544) ISIZE = KIND (YD%RTAU02)
(  545) IF (LLPRINT) THEN
(  546)   WRITE (*, '(I10," ")', ADVANCE='NO') ISIZE
(  547)   WRITE (*, *) TRIM (CLPATH)//'%RTAU02'
(  548) ENDIF
(  549) KSIZE = KSIZE + ISIZE
(  550) ISIZE = KIND (YD%LMFMID2)
(  551) IF (LLPRINT) THEN
(  552)   WRITE (*, '(I10," ")', ADVANCE='NO') ISIZE
(  553)   WRITE (*, *) TRIM (CLPATH)//'%LMFMID2'
(  554) ENDIF
(  555) KSIZE = KSIZE + ISIZE
(  556) ISIZE = KIND (YD%LMFDD2)
(  557) IF (LLPRINT) THEN
(  558)   WRITE (*, '(I10," ")', ADVANCE='NO') ISIZE
(  559)   WRITE (*, *) TRIM (CLPATH)//'%LMFDD2'
(  560) ENDIF
(  561) KSIZE = KSIZE + ISIZE
(  562) ISIZE = KIND (YD%LMFDUDV2)
(  563) IF (LLPRINT) THEN
(  564)   WRITE (*, '(I10," ")', ADVANCE='NO') ISIZE
(  565)   WRITE (*, *) TRIM (CLPATH)//'%LMFDUDV2'
(  566) ENDIF
(  567) KSIZE = KSIZE + ISIZE
(  568) ISIZE = KIND (YD%LMFUVDIS2)
(  569) IF (LLPRINT) THEN
(  570)   WRITE (*, '(I10," ")', ADVANCE='NO') ISIZE
(  571)   WRITE (*, *) TRIM (CLPATH)//'%LMFUVDIS2'
(  572) ENDIF






NVFORTRAN (Version     24.5)          03/19/2025  06:54:37      page 11

(  573) KSIZE = KSIZE + ISIZE
(  574) ISIZE = KIND (YD%LMFWETB2)
(  575) IF (LLPRINT) THEN
(  576)   WRITE (*, '(I10," ")', ADVANCE='NO') ISIZE
(  577)   WRITE (*, *) TRIM (CLPATH)//'%LMFWETB2'
(  578) ENDIF
(  579) KSIZE = KSIZE + ISIZE
(  580) ISIZE = KIND (YD%LMFGLAC2)
(  581) IF (LLPRINT) THEN
(  582)   WRITE (*, '(I10," ")', ADVANCE='NO') ISIZE
(  583)   WRITE (*, *) TRIM (CLPATH)//'%LMFGLAC2'
(  584) ENDIF
(  585) KSIZE = KSIZE + ISIZE
(  586) ISIZE = KIND (YD%NJKT12)
(  587) IF (LLPRINT) THEN
(  588)   WRITE (*, '(I10," ")', ADVANCE='NO') ISIZE
(  589)   WRITE (*, *) TRIM (CLPATH)//'%NJKT12'
(  590) ENDIF
(  591) KSIZE = KSIZE + ISIZE
(  592) ISIZE = KIND (YD%NJKT22)
(  593) IF (LLPRINT) THEN
(  594)   WRITE (*, '(I10," ")', ADVANCE='NO') ISIZE
(  595)   WRITE (*, *) TRIM (CLPATH)//'%NJKT22'
(  596) ENDIF
(  597) KSIZE = KSIZE + ISIZE
(  598) ISIZE = KIND (YD%NJKT32)
(  599) IF (LLPRINT) THEN
(  600)   WRITE (*, '(I10," ")', ADVANCE='NO') ISIZE
(  601)   WRITE (*, *) TRIM (CLPATH)//'%NJKT32'
(  602) ENDIF
(  603) KSIZE = KSIZE + ISIZE
(  604) ISIZE = KIND (YD%NJKT52)
(  605) IF (LLPRINT) THEN
(  606)   WRITE (*, '(I10," ")', ADVANCE='NO') ISIZE
(  607)   WRITE (*, *) TRIM (CLPATH)//'%NJKT52'
(  608) ENDIF
(  609) KSIZE = KSIZE + ISIZE
(  610) ISIZE = KIND (YD%NJKT62)
(  611) IF (LLPRINT) THEN
(  612)   WRITE (*, '(I10," ")', ADVANCE='NO') ISIZE
(  613)   WRITE (*, *) TRIM (CLPATH)//'%NJKT62'
(  614) ENDIF
(  615) KSIZE = KSIZE + ISIZE
(  616) END FUNCTION
(  617) 
(  618) END MODULE


















NVFORTRAN (Version     24.5)          03/19/2025  06:54:37      page 12

(    1) # 1 "./util_tecumf2_mod.F90"
(    1) MODULE UTIL_TECUMF2_MOD
(    2) # 3 "./util_tecumf2_mod.F90"
(    3) USE YOECUMF2, ONLY : TECUMF2
(    4) # 5 "./util_tecumf2_mod.F90"
(    5) INTERFACE SAVE
(    6) MODULE PROCEDURE SAVE_TECUMF2
(    7) END INTERFACE
(    8) # 9 "./util_tecumf2_mod.F90"
(    9) INTERFACE LOAD
(   10) MODULE PROCEDURE LOAD_TECUMF2
(   11) END INTERFACE
(   12) # 13 "./util_tecumf2_mod.F90"
(   13) INTERFACE COPY
(   14) MODULE PROCEDURE COPY_TECUMF2
(   15) END INTERFACE
(   16) # 17 "./util_tecumf2_mod.F90"
(   17) INTERFACE HOST
(   18) MODULE PROCEDURE HOST_TECUMF2
(   19) END INTERFACE
(   20) # 21 "./util_tecumf2_mod.F90"
(   21)      
(   22) INTERFACE CRC64
(   23) MODULE PROCEDURE CRC64_TECUMF2
(   24) END INTERFACE
(   25) # 26 "./util_tecumf2_mod.F90"
(   26) INTERFACE WIPE
(   27) MODULE PROCEDURE WIPE_TECUMF2
(   28) END INTERFACE
(   29) # 30 "./util_tecumf2_mod.F90"
(   30) INTERFACE SIZE
(   31) MODULE PROCEDURE SIZE_TECUMF2
(   32) END INTERFACE
(   33) # 35 "./util_tecumf2_mod.F90"
(   35) CONTAINS
(   36) # 37 "./util_tecumf2_mod.F90"
(   37) SUBROUTINE SAVE_TECUMF2 (KLUN, YD)
(   38) # 39 "./util_tecumf2_mod.F90"
(   39) IMPLICIT NONE
(   40) INTEGER, INTENT (IN) :: KLUN
(   41) TYPE (TECUMF2), INTENT (IN), TARGET :: YD
(   42) # 43 "./util_tecumf2_mod.F90"
(   43) WRITE (KLUN) YD%ENTRORG2
(   44) WRITE (KLUN) YD%DETRPEN2
(   45) WRITE (KLUN) YD%ENTSHALP2
(   46) WRITE (KLUN) YD%ENTSTPC12
(   47) WRITE (KLUN) YD%ENTSTPC22
(   48) WRITE (KLUN) YD%ENTSTPC32
(   49) WRITE (KLUN) YD%ENTRDD2
(   50) WRITE (KLUN) YD%RMFCMIN2
(   51) WRITE (KLUN) YD%RMFDEPS2
(   52) WRITE (KLUN) YD%RDEPTHS2
(   53) WRITE (KLUN) YD%RPRCON2
(   54) WRITE (KLUN) YD%RTAU2
(   55) WRITE (KLUN) YD%RCPECONS2
(   56) WRITE (KLUN) YD%RCUCOV2
(   57) WRITE (KLUN) YD%RTAUMEL2
(   58) WRITE (KLUN) YD%RUVPER2






NVFORTRAN (Version     24.5)          03/19/2025  06:54:37      page 13

(   59) WRITE (KLUN) YD%RMFSOLCT2
(   60) WRITE (KLUN) YD%RMFSOLTQ2
(   61) WRITE (KLUN) YD%RMFSOLUV2
(   62) WRITE (KLUN) YD%RMFSOLRHS2
(   63) WRITE (KLUN) YD%RMFCFL2
(   64) WRITE (KLUN) YD%RMFLIA2
(   65) WRITE (KLUN) YD%RCAPDCYCL2
(   66) WRITE (KLUN) YD%RTAU02
(   67) WRITE (KLUN) YD%LMFMID2
(   68) WRITE (KLUN) YD%LMFDD2
(   69) WRITE (KLUN) YD%LMFDUDV2
(   70) WRITE (KLUN) YD%LMFUVDIS2
(   71) WRITE (KLUN) YD%LMFWETB2
(   72) WRITE (KLUN) YD%LMFGLAC2
(   73) WRITE (KLUN) YD%NJKT12
(   74) WRITE (KLUN) YD%NJKT22
(   75) WRITE (KLUN) YD%NJKT32
(   76) WRITE (KLUN) YD%NJKT52
(   77) WRITE (KLUN) YD%NJKT62
(   78) END SUBROUTINE
(   79) # 80 "./util_tecumf2_mod.F90"
(   80) SUBROUTINE LOAD_TECUMF2 (KLUN, YD)
(   81) USE PARKIND1, ONLY : JPRD
(   82) # 83 "./util_tecumf2_mod.F90"
(   83) IMPLICIT NONE
(   84) INTEGER, INTENT (IN) :: KLUN
(   85) TYPE (TECUMF2), INTENT (OUT), TARGET :: YD
(   86) REAL(KIND=JPRD) :: ZTMP0
(   87) READ (KLUN) ZTMP0
(   88) YD%ENTRORG2 = ZTMP0
(   89) READ (KLUN) ZTMP0
(   90) YD%DETRPEN2 = ZTMP0
(   91) READ (KLUN) ZTMP0
(   92) YD%ENTSHALP2 = ZTMP0
(   93) READ (KLUN) ZTMP0
(   94) YD%ENTSTPC12 = ZTMP0
(   95) READ (KLUN) ZTMP0
(   96) YD%ENTSTPC22 = ZTMP0
(   97) READ (KLUN) ZTMP0
(   98) YD%ENTSTPC32 = ZTMP0
(   99) READ (KLUN) ZTMP0
(  100) YD%ENTRDD2 = ZTMP0
(  101) READ (KLUN) ZTMP0
(  102) YD%RMFCMIN2 = ZTMP0
(  103) READ (KLUN) ZTMP0
(  104) YD%RMFDEPS2 = ZTMP0
(  105) READ (KLUN) ZTMP0
(  106) YD%RDEPTHS2 = ZTMP0
(  107) READ (KLUN) ZTMP0
(  108) YD%RPRCON2 = ZTMP0
(  109) READ (KLUN) ZTMP0
(  110) YD%RTAU2 = ZTMP0
(  111) READ (KLUN) ZTMP0
(  112) YD%RCPECONS2 = ZTMP0
(  113) READ (KLUN) ZTMP0
(  114) YD%RCUCOV2 = ZTMP0
(  115) READ (KLUN) ZTMP0
(  116) YD%RTAUMEL2 = ZTMP0






NVFORTRAN (Version     24.5)          03/19/2025  06:54:37      page 14

(  117) READ (KLUN) ZTMP0
(  118) YD%RUVPER2 = ZTMP0
(  119) READ (KLUN) ZTMP0
(  120) YD%RMFSOLCT2 = ZTMP0
(  121) READ (KLUN) ZTMP0
(  122) YD%RMFSOLTQ2 = ZTMP0
(  123) READ (KLUN) ZTMP0
(  124) YD%RMFSOLUV2 = ZTMP0
(  125) READ (KLUN) ZTMP0
(  126) YD%RMFSOLRHS2 = ZTMP0
(  127) READ (KLUN) ZTMP0
(  128) YD%RMFCFL2 = ZTMP0
(  129) READ (KLUN) ZTMP0
(  130) YD%RMFLIA2 = ZTMP0
(  131) READ (KLUN) ZTMP0
(  132) YD%RCAPDCYCL2 = ZTMP0
(  133) READ (KLUN) ZTMP0
(  134) YD%RTAU02 = ZTMP0
(  135) READ (KLUN) YD%LMFMID2
(  136) READ (KLUN) YD%LMFDD2
(  137) READ (KLUN) YD%LMFDUDV2
(  138) READ (KLUN) YD%LMFUVDIS2
(  139) READ (KLUN) YD%LMFWETB2
(  140) READ (KLUN) YD%LMFGLAC2
(  141) READ (KLUN) YD%NJKT12
(  142) READ (KLUN) YD%NJKT22
(  143) READ (KLUN) YD%NJKT32
(  144) READ (KLUN) YD%NJKT52
(  145) READ (KLUN) YD%NJKT62
(  146) END SUBROUTINE
(  147) # 149 "./util_tecumf2_mod.F90"
(  149) SUBROUTINE COPY_TECUMF2 (YD, LDCREATED, LDFIELDAPI)
(  150) # 151 "./util_tecumf2_mod.F90"
(  151) IMPLICIT NONE
(  152) TYPE (TECUMF2), INTENT (IN), TARGET :: YD
(  153) LOGICAL, OPTIONAL, INTENT (IN) :: LDCREATED, LDFIELDAPI
(  154) LOGICAL :: LLCREATED
(  155) LOGICAL :: LLFIELDAPI
(  156) # 157 "./util_tecumf2_mod.F90"
(  157) LLFIELDAPI = .FALSE.
(  158) IF (PRESENT (LDFIELDAPI)) THEN
(  159)   LLFIELDAPI = LDFIELDAPI
(  160) ENDIF
(  161) LLCREATED = .FALSE.
(  162) IF (PRESENT (LDCREATED)) THEN
(  163)   LLCREATED = LDCREATED
(  164) ENDIF
(  165) IF (.NOT. LLCREATED) THEN
(  166)   !$acc enter data create (YD)
(  167)   !$acc update device (YD)
(  168) ENDIF
(  169) # 204 "./util_tecumf2_mod.F90"
(  204) END SUBROUTINE
(  205) # 206 "./util_tecumf2_mod.F90"
(  206) SUBROUTINE HOST_TECUMF2 (YD)
(  207) # 208 "./util_tecumf2_mod.F90"
(  208) IMPLICIT NONE
(  209) TYPE (TECUMF2), TARGET :: YD






NVFORTRAN (Version     24.5)          03/19/2025  06:54:37      page 15

(  210) # 246 "./util_tecumf2_mod.F90"
(  246) END SUBROUTINE
(  247) # 248 "./util_tecumf2_mod.F90"
(  248)      
(  249) # 250 "./util_tecumf2_mod.F90"
(  250) SUBROUTINE CRC64_TECUMF2 (YD, KLUN, CDPATH)
(  251) USE CRC64_INTRINSIC
(  252) # 253 "./util_tecumf2_mod.F90"
(  253) IMPLICIT NONE
(  254) TYPE (TECUMF2), TARGET :: YD
(  255) INTEGER, INTENT (IN) :: KLUN
(  256) CHARACTER(LEN=*), INTENT (IN) :: CDPATH
(  257) CHARACTER(LEN=128) :: CLIND
(  258) # 259 "./util_tecumf2_mod.F90"
(  259) WRITE (KLUN, '(Z16.16," ",A)') CRC64 (YD%ENTRORG2), CDPATH//'%ENTRORG2'
(  260) # 261 "./util_tecumf2_mod.F90"
(  261) WRITE (KLUN, '(Z16.16," ",A)') CRC64 (YD%DETRPEN2), CDPATH//'%DETRPEN2'
(  262) # 263 "./util_tecumf2_mod.F90"
(  263) WRITE (KLUN, '(Z16.16," ",A)') CRC64 (YD%ENTSHALP2), CDPATH//'%ENTSHALP2'
(  264) # 265 "./util_tecumf2_mod.F90"
(  265) WRITE (KLUN, '(Z16.16," ",A)') CRC64 (YD%ENTSTPC12), CDPATH//'%ENTSTPC12'
(  266) # 267 "./util_tecumf2_mod.F90"
(  267) WRITE (KLUN, '(Z16.16," ",A)') CRC64 (YD%ENTSTPC22), CDPATH//'%ENTSTPC22'
(  268) # 269 "./util_tecumf2_mod.F90"
(  269) WRITE (KLUN, '(Z16.16," ",A)') CRC64 (YD%ENTSTPC32), CDPATH//'%ENTSTPC32'
(  270) # 271 "./util_tecumf2_mod.F90"
(  271) WRITE (KLUN, '(Z16.16," ",A)') CRC64 (YD%ENTRDD2), CDPATH//'%ENTRDD2'
(  272) # 273 "./util_tecumf2_mod.F90"
(  273) WRITE (KLUN, '(Z16.16," ",A)') CRC64 (YD%RMFCMIN2), CDPATH//'%RMFCMIN2'
(  274) # 275 "./util_tecumf2_mod.F90"
(  275) WRITE (KLUN, '(Z16.16," ",A)') CRC64 (YD%RMFDEPS2), CDPATH//'%RMFDEPS2'
(  276) # 277 "./util_tecumf2_mod.F90"
(  277) WRITE (KLUN, '(Z16.16," ",A)') CRC64 (YD%RDEPTHS2), CDPATH//'%RDEPTHS2'
(  278) # 279 "./util_tecumf2_mod.F90"
(  279) WRITE (KLUN, '(Z16.16," ",A)') CRC64 (YD%RPRCON2), CDPATH//'%RPRCON2'
(  280) # 281 "./util_tecumf2_mod.F90"
(  281) WRITE (KLUN, '(Z16.16," ",A)') CRC64 (YD%RTAU2), CDPATH//'%RTAU2'
(  282) # 283 "./util_tecumf2_mod.F90"
(  283) WRITE (KLUN, '(Z16.16," ",A)') CRC64 (YD%RCPECONS2), CDPATH//'%RCPECONS2'
(  284) # 285 "./util_tecumf2_mod.F90"
(  285) WRITE (KLUN, '(Z16.16," ",A)') CRC64 (YD%RCUCOV2), CDPATH//'%RCUCOV2'
(  286) # 287 "./util_tecumf2_mod.F90"
(  287) WRITE (KLUN, '(Z16.16," ",A)') CRC64 (YD%RTAUMEL2), CDPATH//'%RTAUMEL2'
(  288) # 289 "./util_tecumf2_mod.F90"
(  289) WRITE (KLUN, '(Z16.16," ",A)') CRC64 (YD%RUVPER2), CDPATH//'%RUVPER2'
(  290) # 291 "./util_tecumf2_mod.F90"
(  291) WRITE (KLUN, '(Z16.16," ",A)') CRC64 (YD%RMFSOLCT2), CDPATH//'%RMFSOLCT2'
(  292) # 293 "./util_tecumf2_mod.F90"
(  293) WRITE (KLUN, '(Z16.16," ",A)') CRC64 (YD%RMFSOLTQ2), CDPATH//'%RMFSOLTQ2'
(  294) # 295 "./util_tecumf2_mod.F90"
(  295) WRITE (KLUN, '(Z16.16," ",A)') CRC64 (YD%RMFSOLUV2), CDPATH//'%RMFSOLUV2'
(  296) # 297 "./util_tecumf2_mod.F90"
(  297) WRITE (KLUN, '(Z16.16," ",A)') CRC64 (YD%RMFSOLRHS2), CDPATH//'%RMFSOLRHS2'
(  298) # 299 "./util_tecumf2_mod.F90"
(  299) WRITE (KLUN, '(Z16.16," ",A)') CRC64 (YD%RMFCFL2), CDPATH//'%RMFCFL2'
(  300) # 301 "./util_tecumf2_mod.F90"
(  301) WRITE (KLUN, '(Z16.16," ",A)') CRC64 (YD%RMFLIA2), CDPATH//'%RMFLIA2'
(  302) # 303 "./util_tecumf2_mod.F90"






NVFORTRAN (Version     24.5)          03/19/2025  06:54:37      page 16

(  303) WRITE (KLUN, '(Z16.16," ",A)') CRC64 (YD%RCAPDCYCL2), CDPATH//'%RCAPDCYCL2'
(  304) # 305 "./util_tecumf2_mod.F90"
(  305) WRITE (KLUN, '(Z16.16," ",A)') CRC64 (YD%RTAU02), CDPATH//'%RTAU02'
(  306) # 307 "./util_tecumf2_mod.F90"
(  307) WRITE (KLUN, '(Z16.16," ",A)') CRC64 (YD%LMFMID2), CDPATH//'%LMFMID2'
(  308) # 309 "./util_tecumf2_mod.F90"
(  309) WRITE (KLUN, '(Z16.16," ",A)') CRC64 (YD%LMFDD2), CDPATH//'%LMFDD2'
(  310) # 311 "./util_tecumf2_mod.F90"
(  311) WRITE (KLUN, '(Z16.16," ",A)') CRC64 (YD%LMFDUDV2), CDPATH//'%LMFDUDV2'
(  312) # 313 "./util_tecumf2_mod.F90"
(  313) WRITE (KLUN, '(Z16.16," ",A)') CRC64 (YD%LMFUVDIS2), CDPATH//'%LMFUVDIS2'
(  314) # 315 "./util_tecumf2_mod.F90"
(  315) WRITE (KLUN, '(Z16.16," ",A)') CRC64 (YD%LMFWETB2), CDPATH//'%LMFWETB2'
(  316) # 317 "./util_tecumf2_mod.F90"
(  317) WRITE (KLUN, '(Z16.16," ",A)') CRC64 (YD%LMFGLAC2), CDPATH//'%LMFGLAC2'
(  318) # 319 "./util_tecumf2_mod.F90"
(  319) WRITE (KLUN, '(Z16.16," ",A)') CRC64 (YD%NJKT12), CDPATH//'%NJKT12'
(  320) # 321 "./util_tecumf2_mod.F90"
(  321) WRITE (KLUN, '(Z16.16," ",A)') CRC64 (YD%NJKT22), CDPATH//'%NJKT22'
(  322) # 323 "./util_tecumf2_mod.F90"
(  323) WRITE (KLUN, '(Z16.16," ",A)') CRC64 (YD%NJKT32), CDPATH//'%NJKT32'
(  324) # 325 "./util_tecumf2_mod.F90"
(  325) WRITE (KLUN, '(Z16.16," ",A)') CRC64 (YD%NJKT52), CDPATH//'%NJKT52'
(  326) # 327 "./util_tecumf2_mod.F90"
(  327) WRITE (KLUN, '(Z16.16," ",A)') CRC64 (YD%NJKT62), CDPATH//'%NJKT62'
(  328) # 329 "./util_tecumf2_mod.F90"
(  329) END SUBROUTINE
(  330) # 331 "./util_tecumf2_mod.F90"
(  331) SUBROUTINE WIPE_TECUMF2 (YD, LDDELETED, LDFIELDAPI)
(  332) # 333 "./util_tecumf2_mod.F90"
(  333) IMPLICIT NONE
(  334) TYPE (TECUMF2), INTENT (IN), TARGET :: YD
(  335) LOGICAL, OPTIONAL, INTENT (IN) :: LDDELETED, LDFIELDAPI
(  336) LOGICAL :: LLDELETED
(  337) LOGICAL :: LLFIELDAPI
(  338) # 339 "./util_tecumf2_mod.F90"
(  339) LLFIELDAPI = .FALSE.
(  340) IF (PRESENT (LDFIELDAPI)) THEN
(  341)   LLFIELDAPI = LDFIELDAPI
(  342) ENDIF
(  343) # 378 "./util_tecumf2_mod.F90"
(  378) LLDELETED = .FALSE.
(  379) IF (PRESENT (LDDELETED)) THEN
(  380)   LLDELETED = LDDELETED
(  381) ENDIF
(  382) IF (.NOT. LLDELETED) THEN
(  383)   !$acc exit data delete (YD)
(  384) ENDIF
(  385) END SUBROUTINE
(  386) # 387 "./util_tecumf2_mod.F90"
(  387) INTEGER*8 FUNCTION SIZE_TECUMF2 (YD, CDPATH, LDPRINT) RESULT (KSIZE)
(  388) # 389 "./util_tecumf2_mod.F90"
(  389) IMPLICIT NONE
(  390) TYPE (TECUMF2),     INTENT (IN), TARGET :: YD
(  391) CHARACTER(LEN=*), INTENT (IN), OPTIONAL :: CDPATH
(  392) LOGICAL,          INTENT (IN), OPTIONAL :: LDPRINT
(  393) INTEGER*8 :: ISIZE, JSIZE
(  394) LOGICAL :: LLPRINT






NVFORTRAN (Version     24.5)          03/19/2025  06:54:37      page 17

(  395) CHARACTER(LEN=128) :: CLPATH
(  396) # 397 "./util_tecumf2_mod.F90"
(  397) LLPRINT = .FALSE.
(  398) IF (PRESENT (LDPRINT)) THEN
(  399)   LLPRINT = LDPRINT
(  400) ENDIF
(  401) CLPATH=''
(  402) IF (PRESENT (CDPATH)) THEN
(  403)   CLPATH = CDPATH
(  404) ENDIF
(  405) KSIZE = 0
(  406) ISIZE = KIND (YD%ENTRORG2)
(  407) IF (LLPRINT) THEN
(  408)   WRITE (*, '(I10," ")', ADVANCE='NO') ISIZE
(  409)   WRITE (*, *) TRIM (CLPATH)//'%ENTRORG2'
(  410) ENDIF
(  411) KSIZE = KSIZE + ISIZE
(  412) ISIZE = KIND (YD%DETRPEN2)
(  413) IF (LLPRINT) THEN
(  414)   WRITE (*, '(I10," ")', ADVANCE='NO') ISIZE
(  415)   WRITE (*, *) TRIM (CLPATH)//'%DETRPEN2'
(  416) ENDIF
(  417) KSIZE = KSIZE + ISIZE
(  418) ISIZE = KIND (YD%ENTSHALP2)
(  419) IF (LLPRINT) THEN
(  420)   WRITE (*, '(I10," ")', ADVANCE='NO') ISIZE
(  421)   WRITE (*, *) TRIM (CLPATH)//'%ENTSHALP2'
(  422) ENDIF
(  423) KSIZE = KSIZE + ISIZE
(  424) ISIZE = KIND (YD%ENTSTPC12)
(  425) IF (LLPRINT) THEN
(  426)   WRITE (*, '(I10," ")', ADVANCE='NO') ISIZE
(  427)   WRITE (*, *) TRIM (CLPATH)//'%ENTSTPC12'
(  428) ENDIF
(  429) KSIZE = KSIZE + ISIZE
(  430) ISIZE = KIND (YD%ENTSTPC22)
(  431) IF (LLPRINT) THEN
(  432)   WRITE (*, '(I10," ")', ADVANCE='NO') ISIZE
(  433)   WRITE (*, *) TRIM (CLPATH)//'%ENTSTPC22'
(  434) ENDIF
(  435) KSIZE = KSIZE + ISIZE
(  436) ISIZE = KIND (YD%ENTSTPC32)
(  437) IF (LLPRINT) THEN
(  438)   WRITE (*, '(I10," ")', ADVANCE='NO') ISIZE
(  439)   WRITE (*, *) TRIM (CLPATH)//'%ENTSTPC32'
(  440) ENDIF
(  441) KSIZE = KSIZE + ISIZE
(  442) ISIZE = KIND (YD%ENTRDD2)
(  443) IF (LLPRINT) THEN
(  444)   WRITE (*, '(I10," ")', ADVANCE='NO') ISIZE
(  445)   WRITE (*, *) TRIM (CLPATH)//'%ENTRDD2'
(  446) ENDIF
(  447) KSIZE = KSIZE + ISIZE
(  448) ISIZE = KIND (YD%RMFCMIN2)
(  449) IF (LLPRINT) THEN
(  450)   WRITE (*, '(I10," ")', ADVANCE='NO') ISIZE
(  451)   WRITE (*, *) TRIM (CLPATH)//'%RMFCMIN2'
(  452) ENDIF






NVFORTRAN (Version     24.5)          03/19/2025  06:54:37      page 18

(  453) KSIZE = KSIZE + ISIZE
(  454) ISIZE = KIND (YD%RMFDEPS2)
(  455) IF (LLPRINT) THEN
(  456)   WRITE (*, '(I10," ")', ADVANCE='NO') ISIZE
(  457)   WRITE (*, *) TRIM (CLPATH)//'%RMFDEPS2'
(  458) ENDIF
(  459) KSIZE = KSIZE + ISIZE
(  460) ISIZE = KIND (YD%RDEPTHS2)
(  461) IF (LLPRINT) THEN
(  462)   WRITE (*, '(I10," ")', ADVANCE='NO') ISIZE
(  463)   WRITE (*, *) TRIM (CLPATH)//'%RDEPTHS2'
(  464) ENDIF
(  465) KSIZE = KSIZE + ISIZE
(  466) ISIZE = KIND (YD%RPRCON2)
(  467) IF (LLPRINT) THEN
(  468)   WRITE (*, '(I10," ")', ADVANCE='NO') ISIZE
(  469)   WRITE (*, *) TRIM (CLPATH)//'%RPRCON2'
(  470) ENDIF
(  471) KSIZE = KSIZE + ISIZE
(  472) ISIZE = KIND (YD%RTAU2)
(  473) IF (LLPRINT) THEN
(  474)   WRITE (*, '(I10," ")', ADVANCE='NO') ISIZE
(  475)   WRITE (*, *) TRIM (CLPATH)//'%RTAU2'
(  476) ENDIF
(  477) KSIZE = KSIZE + ISIZE
(  478) ISIZE = KIND (YD%RCPECONS2)
(  479) IF (LLPRINT) THEN
(  480)   WRITE (*, '(I10," ")', ADVANCE='NO') ISIZE
(  481)   WRITE (*, *) TRIM (CLPATH)//'%RCPECONS2'
(  482) ENDIF
(  483) KSIZE = KSIZE + ISIZE
(  484) ISIZE = KIND (YD%RCUCOV2)
(  485) IF (LLPRINT) THEN
(  486)   WRITE (*, '(I10," ")', ADVANCE='NO') ISIZE
(  487)   WRITE (*, *) TRIM (CLPATH)//'%RCUCOV2'
(  488) ENDIF
(  489) KSIZE = KSIZE + ISIZE
(  490) ISIZE = KIND (YD%RTAUMEL2)
(  491) IF (LLPRINT) THEN
(  492)   WRITE (*, '(I10," ")', ADVANCE='NO') ISIZE
(  493)   WRITE (*, *) TRIM (CLPATH)//'%RTAUMEL2'
(  494) ENDIF
(  495) KSIZE = KSIZE + ISIZE
(  496) ISIZE = KIND (YD%RUVPER2)
(  497) IF (LLPRINT) THEN
(  498)   WRITE (*, '(I10," ")', ADVANCE='NO') ISIZE
(  499)   WRITE (*, *) TRIM (CLPATH)//'%RUVPER2'
(  500) ENDIF
(  501) KSIZE = KSIZE + ISIZE
(  502) ISIZE = KIND (YD%RMFSOLCT2)
(  503) IF (LLPRINT) THEN
(  504)   WRITE (*, '(I10," ")', ADVANCE='NO') ISIZE
(  505)   WRITE (*, *) TRIM (CLPATH)//'%RMFSOLCT2'
(  506) ENDIF
(  507) KSIZE = KSIZE + ISIZE
(  508) ISIZE = KIND (YD%RMFSOLTQ2)
(  509) IF (LLPRINT) THEN
(  510)   WRITE (*, '(I10," ")', ADVANCE='NO') ISIZE






NVFORTRAN (Version     24.5)          03/19/2025  06:54:37      page 19

(  511)   WRITE (*, *) TRIM (CLPATH)//'%RMFSOLTQ2'
(  512) ENDIF
(  513) KSIZE = KSIZE + ISIZE
(  514) ISIZE = KIND (YD%RMFSOLUV2)
(  515) IF (LLPRINT) THEN
(  516)   WRITE (*, '(I10," ")', ADVANCE='NO') ISIZE
(  517)   WRITE (*, *) TRIM (CLPATH)//'%RMFSOLUV2'
(  518) ENDIF
(  519) KSIZE = KSIZE + ISIZE
(  520) ISIZE = KIND (YD%RMFSOLRHS2)
(  521) IF (LLPRINT) THEN
(  522)   WRITE (*, '(I10," ")', ADVANCE='NO') ISIZE
(  523)   WRITE (*, *) TRIM (CLPATH)//'%RMFSOLRHS2'
(  524) ENDIF
(  525) KSIZE = KSIZE + ISIZE
(  526) ISIZE = KIND (YD%RMFCFL2)
(  527) IF (LLPRINT) THEN
(  528)   WRITE (*, '(I10," ")', ADVANCE='NO') ISIZE
(  529)   WRITE (*, *) TRIM (CLPATH)//'%RMFCFL2'
(  530) ENDIF
(  531) KSIZE = KSIZE + ISIZE
(  532) ISIZE = KIND (YD%RMFLIA2)
(  533) IF (LLPRINT) THEN
(  534)   WRITE (*, '(I10," ")', ADVANCE='NO') ISIZE
(  535)   WRITE (*, *) TRIM (CLPATH)//'%RMFLIA2'
(  536) ENDIF
(  537) KSIZE = KSIZE + ISIZE
(  538) ISIZE = KIND (YD%RCAPDCYCL2)
(  539) IF (LLPRINT) THEN
(  540)   WRITE (*, '(I10," ")', ADVANCE='NO') ISIZE
(  541)   WRITE (*, *) TRIM (CLPATH)//'%RCAPDCYCL2'
(  542) ENDIF
(  543) KSIZE = KSIZE + ISIZE
(  544) ISIZE = KIND (YD%RTAU02)
(  545) IF (LLPRINT) THEN
(  546)   WRITE (*, '(I10," ")', ADVANCE='NO') ISIZE
(  547)   WRITE (*, *) TRIM (CLPATH)//'%RTAU02'
(  548) ENDIF
(  549) KSIZE = KSIZE + ISIZE
(  550) ISIZE = KIND (YD%LMFMID2)
(  551) IF (LLPRINT) THEN
(  552)   WRITE (*, '(I10," ")', ADVANCE='NO') ISIZE
(  553)   WRITE (*, *) TRIM (CLPATH)//'%LMFMID2'
(  554) ENDIF
(  555) KSIZE = KSIZE + ISIZE
(  556) ISIZE = KIND (YD%LMFDD2)
(  557) IF (LLPRINT) THEN
(  558)   WRITE (*, '(I10," ")', ADVANCE='NO') ISIZE
(  559)   WRITE (*, *) TRIM (CLPATH)//'%LMFDD2'
(  560) ENDIF
(  561) KSIZE = KSIZE + ISIZE
(  562) ISIZE = KIND (YD%LMFDUDV2)
(  563) IF (LLPRINT) THEN
(  564)   WRITE (*, '(I10," ")', ADVANCE='NO') ISIZE
(  565)   WRITE (*, *) TRIM (CLPATH)//'%LMFDUDV2'
(  566) ENDIF
(  567) KSIZE = KSIZE + ISIZE
(  568) ISIZE = KIND (YD%LMFUVDIS2)






NVFORTRAN (Version     24.5)          03/19/2025  06:54:37      page 20

(  569) IF (LLPRINT) THEN
(  570)   WRITE (*, '(I10," ")', ADVANCE='NO') ISIZE
(  571)   WRITE (*, *) TRIM (CLPATH)//'%LMFUVDIS2'
(  572) ENDIF
(  573) KSIZE = KSIZE + ISIZE
(  574) ISIZE = KIND (YD%LMFWETB2)
(  575) IF (LLPRINT) THEN
(  576)   WRITE (*, '(I10," ")', ADVANCE='NO') ISIZE
(  577)   WRITE (*, *) TRIM (CLPATH)//'%LMFWETB2'
(  578) ENDIF
(  579) KSIZE = KSIZE + ISIZE
(  580) ISIZE = KIND (YD%LMFGLAC2)
(  581) IF (LLPRINT) THEN
(  582)   WRITE (*, '(I10," ")', ADVANCE='NO') ISIZE
(  583)   WRITE (*, *) TRIM (CLPATH)//'%LMFGLAC2'
(  584) ENDIF
(  585) KSIZE = KSIZE + ISIZE
(  586) ISIZE = KIND (YD%NJKT12)
(  587) IF (LLPRINT) THEN
(  588)   WRITE (*, '(I10," ")', ADVANCE='NO') ISIZE
(  589)   WRITE (*, *) TRIM (CLPATH)//'%NJKT12'
(  590) ENDIF
(  591) KSIZE = KSIZE + ISIZE
(  592) ISIZE = KIND (YD%NJKT22)
(  593) IF (LLPRINT) THEN
(  594)   WRITE (*, '(I10," ")', ADVANCE='NO') ISIZE
(  595)   WRITE (*, *) TRIM (CLPATH)//'%NJKT22'
(  596) ENDIF
(  597) KSIZE = KSIZE + ISIZE
(  598) ISIZE = KIND (YD%NJKT32)
(  599) IF (LLPRINT) THEN
(  600)   WRITE (*, '(I10," ")', ADVANCE='NO') ISIZE
(  601)   WRITE (*, *) TRIM (CLPATH)//'%NJKT32'
(  602) ENDIF
(  603) KSIZE = KSIZE + ISIZE
(  604) ISIZE = KIND (YD%NJKT52)
(  605) IF (LLPRINT) THEN
(  606)   WRITE (*, '(I10," ")', ADVANCE='NO') ISIZE
(  607)   WRITE (*, *) TRIM (CLPATH)//'%NJKT52'
(  608) ENDIF
(  609) KSIZE = KSIZE + ISIZE
(  610) ISIZE = KIND (YD%NJKT62)
(  611) IF (LLPRINT) THEN
(  612)   WRITE (*, '(I10," ")', ADVANCE='NO') ISIZE
(  613)   WRITE (*, *) TRIM (CLPATH)//'%NJKT62'
(  614) ENDIF
(  615) KSIZE = KSIZE + ISIZE
(  616) END FUNCTION
(  617) # 618 "./util_tecumf2_mod.F90"
(  618) END MODULE
