


NVFORTRAN (Version     24.5)          03/19/2025  06:54:30      page 1

Switches: -noasm -nodclchk -debug -nodlines -line -list
          -idir /opt/softs/gcc/9.2.0/hpc_sdk/Linux_x86_64/24.5/comm_libs/12.4/hpcx/hpcx-2.19/ompi/include
          -idir /opt/softs/gcc/9.2.0/hpc_sdk/Linux_x86_64/24.5/comm_libs/12.4/hpcx/hpcx-2.19/ompi/lib
          -inform severe -opt 1 -nosave -object -noonetrip
          -depchk on -nostandard     
          -symbol -noupcase    

Filename: ./util_tecld_mod.F90

(    1) MODULE UTIL_TECLD_MOD
(    2) 
(    3) USE YOECLD, ONLY : TECLD
(    4) 
(    5) INTERFACE SAVE
(    6) MODULE PROCEDURE SAVE_TECLD
(    7) END INTERFACE
(    8) 
(    9) INTERFACE LOAD
(   10) MODULE PROCEDURE LOAD_TECLD
(   11) END INTERFACE
(   12) 
(   13) INTERFACE COPY
(   14) MODULE PROCEDURE COPY_TECLD
(   15) END INTERFACE
(   16) 
(   17) INTERFACE HOST
(   18) MODULE PROCEDURE HOST_TECLD
(   19) END INTERFACE
(   20) 
(   21)      
(   22) INTERFACE CRC64
(   23) MODULE PROCEDURE CRC64_TECLD
(   24) END INTERFACE
(   25) 
(   26) INTERFACE WIPE
(   27) MODULE PROCEDURE WIPE_TECLD
(   28) END INTERFACE
(   29) 
(   30) INTERFACE SIZE
(   31) MODULE PROCEDURE SIZE_TECLD
(   32) END INTERFACE
(   33) 
(   34) 
(   35) CONTAINS
(   36) 
(   37) SUBROUTINE SAVE_TECLD (KLUN, YD)
(   38) 
(   39) IMPLICIT NONE
(   40) INTEGER, INTENT (IN) :: KLUN
(   41) TYPE (TECLD), INTENT (IN), TARGET :: YD
(   42) LOGICAL :: LCETA
(   43) LCETA = ALLOCATED (YD%CETA)
(   44) WRITE (KLUN) LCETA
(   45) IF (LCETA) THEN
(   46)   WRITE (KLUN) LBOUND (YD%CETA)
(   47)   WRITE (KLUN) UBOUND (YD%CETA)
(   48)   WRITE (KLUN) YD%CETA
(   49) ENDIF
(   50) WRITE (KLUN) YD%RANVA






NVFORTRAN (Version     24.5)          03/19/2025  06:54:30      page 2

(   51) WRITE (KLUN) YD%RANVB
(   52) WRITE (KLUN) YD%RANVH
(   53) WRITE (KLUN) YD%RCCA
(   54) WRITE (KLUN) YD%RCCB
(   55) WRITE (KLUN) YD%RCCC
(   56) WRITE (KLUN) YD%RCFCT
(   57) WRITE (KLUN) YD%RCLWMR
(   58) WRITE (KLUN) YD%RCSCAL
(   59) WRITE (KLUN) YD%RDECORR_CF
(   60) WRITE (KLUN) YD%RDECORR_CW
(   61) WRITE (KLUN) YD%RETAHB
(   62) WRITE (KLUN) YD%RETAMB
(   63) WRITE (KLUN) YD%RLOIA
(   64) WRITE (KLUN) YD%RLOIB
(   65) WRITE (KLUN) YD%RLOIC
(   66) WRITE (KLUN) YD%RLOID
(   67) WRITE (KLUN) YD%RLONIA
(   68) WRITE (KLUN) YD%RLONIB
(   69) WRITE (KLUN) YD%RRHH
(   70) WRITE (KLUN) YD%RRHL
(   71) WRITE (KLUN) YD%RGAMMAS
(   72) WRITE (KLUN) YD%REPSCR
(   73) WRITE (KLUN) YD%REPSEC
(   74) WRITE (KLUN) YD%LOMEGA
(   75) END SUBROUTINE
(   76) 
(   77) SUBROUTINE LOAD_TECLD (KLUN, YD)
(   78) USE PARKIND1, ONLY : JPRD
(   79) 
(   80) IMPLICIT NONE
(   81) INTEGER, INTENT (IN) :: KLUN
(   82) TYPE (TECLD), INTENT (OUT), TARGET :: YD
(   83) INTEGER :: IL1(1), IU1(1)
(   84) LOGICAL :: LCETA
(   85) REAL(KIND=JPRD) :: ZTMP0
(   86) REAL(KIND=JPRD), ALLOCATABLE :: ZTMP1 (:)
(   87) READ (KLUN) LCETA
(   88) IF (LCETA) THEN
(   89)   READ (KLUN) IL1
(   90)   READ (KLUN) IU1
(   91)   ALLOCATE (YD%CETA (IL1(1):IU1(1)))
(   92)   ALLOCATE (ZTMP1(LBOUND(YD%CETA,1):UBOUND(YD%CETA,1)))
(   93)   READ (KLUN) ZTMP1
(   94)   YD%CETA = ZTMP1
(   95)   DEALLOCATE (ZTMP1)
(   96) ENDIF
(   97) READ (KLUN) ZTMP0
(   98) YD%RANVA = ZTMP0
(   99) READ (KLUN) ZTMP0
(  100) YD%RANVB = ZTMP0
(  101) READ (KLUN) ZTMP0
(  102) YD%RANVH = ZTMP0
(  103) READ (KLUN) ZTMP0
(  104) YD%RCCA = ZTMP0
(  105) READ (KLUN) ZTMP0
(  106) YD%RCCB = ZTMP0
(  107) READ (KLUN) ZTMP0
(  108) YD%RCCC = ZTMP0






NVFORTRAN (Version     24.5)          03/19/2025  06:54:30      page 3

(  109) READ (KLUN) ZTMP0
(  110) YD%RCFCT = ZTMP0
(  111) READ (KLUN) ZTMP0
(  112) YD%RCLWMR = ZTMP0
(  113) READ (KLUN) ZTMP0
(  114) YD%RCSCAL = ZTMP0
(  115) READ (KLUN) ZTMP0
(  116) YD%RDECORR_CF = ZTMP0
(  117) READ (KLUN) ZTMP0
(  118) YD%RDECORR_CW = ZTMP0
(  119) READ (KLUN) ZTMP0
(  120) YD%RETAHB = ZTMP0
(  121) READ (KLUN) ZTMP0
(  122) YD%RETAMB = ZTMP0
(  123) READ (KLUN) ZTMP0
(  124) YD%RLOIA = ZTMP0
(  125) READ (KLUN) ZTMP0
(  126) YD%RLOIB = ZTMP0
(  127) READ (KLUN) ZTMP0
(  128) YD%RLOIC = ZTMP0
(  129) READ (KLUN) ZTMP0
(  130) YD%RLOID = ZTMP0
(  131) READ (KLUN) ZTMP0
(  132) YD%RLONIA = ZTMP0
(  133) READ (KLUN) ZTMP0
(  134) YD%RLONIB = ZTMP0
(  135) READ (KLUN) ZTMP0
(  136) YD%RRHH = ZTMP0
(  137) READ (KLUN) ZTMP0
(  138) YD%RRHL = ZTMP0
(  139) READ (KLUN) ZTMP0
(  140) YD%RGAMMAS = ZTMP0
(  141) READ (KLUN) ZTMP0
(  142) YD%REPSCR = ZTMP0
(  143) READ (KLUN) ZTMP0
(  144) YD%REPSEC = ZTMP0
(  145) READ (KLUN) YD%LOMEGA
(  146) END SUBROUTINE
(  147) 
(  148) 
(  149) SUBROUTINE COPY_TECLD (YD, LDCREATED, LDFIELDAPI)
(  150) 
(  151) IMPLICIT NONE
(  152) TYPE (TECLD), INTENT (IN), TARGET :: YD
(  153) LOGICAL, OPTIONAL, INTENT (IN) :: LDCREATED, LDFIELDAPI
(  154) LOGICAL :: LLCREATED
(  155) LOGICAL :: LLFIELDAPI
(  156) LOGICAL :: LCETA
(  157) 
(  158) LLFIELDAPI = .FALSE.
(  159) IF (PRESENT (LDFIELDAPI)) THEN
(  160)   LLFIELDAPI = LDFIELDAPI
(  161) ENDIF
(  162) LLCREATED = .FALSE.
(  163) IF (PRESENT (LDCREATED)) THEN
(  164)   LLCREATED = LDCREATED
(  165) ENDIF
(  166) IF (.NOT. LLCREATED) THEN






NVFORTRAN (Version     24.5)          03/19/2025  06:54:30      page 4

(  167)   !$acc enter data create (YD)
(  168)   !$acc update device (YD)
(  169) ENDIF
(  170) LCETA = ALLOCATED (YD%CETA)
(  171) IF (LCETA) THEN
(  172)   !$acc enter data create (YD%CETA)
(  173)   !$acc update device (YD%CETA)
(  174)   !$acc enter data attach (YD%CETA)
(  175) ENDIF
(  176) 
(  177) 
(  178) 
(  179) 
(  180) 
(  181) 
(  182) 
(  183) 
(  184) 
(  185) 
(  186) 
(  187) 
(  188) 
(  189) 
(  190) 
(  191) 
(  192) 
(  193) 
(  194) 
(  195) 
(  196) 
(  197) 
(  198) 
(  199) 
(  200) 
(  201) 
(  202) END SUBROUTINE
(  203) 
(  204) SUBROUTINE HOST_TECLD (YD)
(  205) 
(  206) IMPLICIT NONE
(  207) TYPE (TECLD), TARGET :: YD
(  208) LOGICAL :: LCETA
(  209) 
(  210) 
(  211) 
(  212) 
(  213) 
(  214) 
(  215) 
(  216) 
(  217) 
(  218) 
(  219) 
(  220) 
(  221) 
(  222) 
(  223) 
(  224) 






NVFORTRAN (Version     24.5)          03/19/2025  06:54:30      page 5

(  225) 
(  226) 
(  227) 
(  228) 
(  229) 
(  230) 
(  231) 
(  232) 
(  233) 
(  234) 
(  235) END SUBROUTINE
(  236) 
(  237)      
(  238) 
(  239) SUBROUTINE CRC64_TECLD (YD, KLUN, CDPATH)
(  240) USE CRC64_INTRINSIC
(  241) 
(  242) IMPLICIT NONE
(  243) TYPE (TECLD), TARGET :: YD
(  244) INTEGER, INTENT (IN) :: KLUN
(  245) CHARACTER(LEN=*), INTENT (IN) :: CDPATH
(  246) CHARACTER(LEN=128) :: CLIND
(  247) LOGICAL :: LCETA
(  248) WRITE (KLUN, '(Z16.16," ",A)') CRC64 (YD%CETA), CDPATH//'%CETA'
(  249) 
(  250) WRITE (KLUN, '(Z16.16," ",A)') CRC64 (YD%RANVA), CDPATH//'%RANVA'
(  251) 
(  252) WRITE (KLUN, '(Z16.16," ",A)') CRC64 (YD%RANVB), CDPATH//'%RANVB'
(  253) 
(  254) WRITE (KLUN, '(Z16.16," ",A)') CRC64 (YD%RANVH), CDPATH//'%RANVH'
(  255) 
(  256) WRITE (KLUN, '(Z16.16," ",A)') CRC64 (YD%RCCA), CDPATH//'%RCCA'
(  257) 
(  258) WRITE (KLUN, '(Z16.16," ",A)') CRC64 (YD%RCCB), CDPATH//'%RCCB'
(  259) 
(  260) WRITE (KLUN, '(Z16.16," ",A)') CRC64 (YD%RCCC), CDPATH//'%RCCC'
(  261) 
(  262) WRITE (KLUN, '(Z16.16," ",A)') CRC64 (YD%RCFCT), CDPATH//'%RCFCT'
(  263) 
(  264) WRITE (KLUN, '(Z16.16," ",A)') CRC64 (YD%RCLWMR), CDPATH//'%RCLWMR'
(  265) 
(  266) WRITE (KLUN, '(Z16.16," ",A)') CRC64 (YD%RCSCAL), CDPATH//'%RCSCAL'
(  267) 
(  268) WRITE (KLUN, '(Z16.16," ",A)') CRC64 (YD%RDECORR_CF), CDPATH//'%RDECORR_CF'
(  269) 
(  270) WRITE (KLUN, '(Z16.16," ",A)') CRC64 (YD%RDECORR_CW), CDPATH//'%RDECORR_CW'
(  271) 
(  272) WRITE (KLUN, '(Z16.16," ",A)') CRC64 (YD%RETAHB), CDPATH//'%RETAHB'
(  273) 
(  274) WRITE (KLUN, '(Z16.16," ",A)') CRC64 (YD%RETAMB), CDPATH//'%RETAMB'
(  275) 
(  276) WRITE (KLUN, '(Z16.16," ",A)') CRC64 (YD%RLOIA), CDPATH//'%RLOIA'
(  277) 
(  278) WRITE (KLUN, '(Z16.16," ",A)') CRC64 (YD%RLOIB), CDPATH//'%RLOIB'
(  279) 
(  280) WRITE (KLUN, '(Z16.16," ",A)') CRC64 (YD%RLOIC), CDPATH//'%RLOIC'
(  281) 
(  282) WRITE (KLUN, '(Z16.16," ",A)') CRC64 (YD%RLOID), CDPATH//'%RLOID'






NVFORTRAN (Version     24.5)          03/19/2025  06:54:30      page 6

(  283) 
(  284) WRITE (KLUN, '(Z16.16," ",A)') CRC64 (YD%RLONIA), CDPATH//'%RLONIA'
(  285) 
(  286) WRITE (KLUN, '(Z16.16," ",A)') CRC64 (YD%RLONIB), CDPATH//'%RLONIB'
(  287) 
(  288) WRITE (KLUN, '(Z16.16," ",A)') CRC64 (YD%RRHH), CDPATH//'%RRHH'
(  289) 
(  290) WRITE (KLUN, '(Z16.16," ",A)') CRC64 (YD%RRHL), CDPATH//'%RRHL'
(  291) 
(  292) WRITE (KLUN, '(Z16.16," ",A)') CRC64 (YD%RGAMMAS), CDPATH//'%RGAMMAS'
(  293) 
(  294) WRITE (KLUN, '(Z16.16," ",A)') CRC64 (YD%REPSCR), CDPATH//'%REPSCR'
(  295) 
(  296) WRITE (KLUN, '(Z16.16," ",A)') CRC64 (YD%REPSEC), CDPATH//'%REPSEC'
(  297) 
(  298) WRITE (KLUN, '(Z16.16," ",A)') CRC64 (YD%LOMEGA), CDPATH//'%LOMEGA'
(  299) 
(  300) END SUBROUTINE
(  301) 
(  302) SUBROUTINE WIPE_TECLD (YD, LDDELETED, LDFIELDAPI)
(  303) 
(  304) IMPLICIT NONE
(  305) TYPE (TECLD), INTENT (IN), TARGET :: YD
(  306) LOGICAL, OPTIONAL, INTENT (IN) :: LDDELETED, LDFIELDAPI
(  307) LOGICAL :: LLDELETED
(  308) LOGICAL :: LLFIELDAPI
(  309) LOGICAL :: LCETA
(  310) 
(  311) LLFIELDAPI = .FALSE.
(  312) IF (PRESENT (LDFIELDAPI)) THEN
(  313)   LLFIELDAPI = LDFIELDAPI
(  314) ENDIF
(  315) LCETA = ALLOCATED (YD%CETA)
(  316) IF (LCETA) THEN
(  317)   !$acc exit data detach (YD%CETA)
(  318)   !$acc exit data delete (YD%CETA)
(  319) ENDIF
(  320) 
(  321) 
(  322) 
(  323) 
(  324) 
(  325) 
(  326) 
(  327) 
(  328) 
(  329) 
(  330) 
(  331) 
(  332) 
(  333) 
(  334) 
(  335) 
(  336) 
(  337) 
(  338) 
(  339) 
(  340) 






NVFORTRAN (Version     24.5)          03/19/2025  06:54:30      page 7

(  341) 
(  342) 
(  343) 
(  344) 
(  345) 
(  346) LLDELETED = .FALSE.
(  347) IF (PRESENT (LDDELETED)) THEN
(  348)   LLDELETED = LDDELETED
(  349) ENDIF
(  350) IF (.NOT. LLDELETED) THEN
(  351)   !$acc exit data delete (YD)
(  352) ENDIF
(  353) END SUBROUTINE
(  354) 
(  355) INTEGER*8 FUNCTION SIZE_TECLD (YD, CDPATH, LDPRINT) RESULT (KSIZE)
(  356) 
(  357) IMPLICIT NONE
(  358) TYPE (TECLD),     INTENT (IN), TARGET :: YD
(  359) CHARACTER(LEN=*), INTENT (IN), OPTIONAL :: CDPATH
(  360) LOGICAL,          INTENT (IN), OPTIONAL :: LDPRINT
(  361) INTEGER*8 :: ISIZE, JSIZE
(  362) LOGICAL :: LLPRINT
(  363) CHARACTER(LEN=128) :: CLPATH
(  364) LOGICAL :: LCETA
(  365) 
(  366) LLPRINT = .FALSE.
(  367) IF (PRESENT (LDPRINT)) THEN
(  368)   LLPRINT = LDPRINT
(  369) ENDIF
(  370) CLPATH=''
(  371) IF (PRESENT (CDPATH)) THEN
(  372)   CLPATH = CDPATH
(  373) ENDIF
(  374) KSIZE = 0
(  375) LCETA = ALLOCATED (YD%CETA)
(  376) IF (LCETA) THEN
(  377)   ISIZE = KIND (YD%CETA) * SIZE (YD%CETA)
(  378)   IF (LLPRINT) THEN
(  379)     WRITE (*, '(I10," ")', ADVANCE='NO') ISIZE
(  380)     WRITE (*, *) TRIM (CLPATH)//'%CETA'
(  381)   ENDIF
(  382)   KSIZE = KSIZE + ISIZE
(  383) ENDIF
(  384) ISIZE = KIND (YD%RANVA)
(  385) IF (LLPRINT) THEN
(  386)   WRITE (*, '(I10," ")', ADVANCE='NO') ISIZE
(  387)   WRITE (*, *) TRIM (CLPATH)//'%RANVA'
(  388) ENDIF
(  389) KSIZE = KSIZE + ISIZE
(  390) ISIZE = KIND (YD%RANVB)
(  391) IF (LLPRINT) THEN
(  392)   WRITE (*, '(I10," ")', ADVANCE='NO') ISIZE
(  393)   WRITE (*, *) TRIM (CLPATH)//'%RANVB'
(  394) ENDIF
(  395) KSIZE = KSIZE + ISIZE
(  396) ISIZE = KIND (YD%RANVH)
(  397) IF (LLPRINT) THEN
(  398)   WRITE (*, '(I10," ")', ADVANCE='NO') ISIZE






NVFORTRAN (Version     24.5)          03/19/2025  06:54:30      page 8

(  399)   WRITE (*, *) TRIM (CLPATH)//'%RANVH'
(  400) ENDIF
(  401) KSIZE = KSIZE + ISIZE
(  402) ISIZE = KIND (YD%RCCA)
(  403) IF (LLPRINT) THEN
(  404)   WRITE (*, '(I10," ")', ADVANCE='NO') ISIZE
(  405)   WRITE (*, *) TRIM (CLPATH)//'%RCCA'
(  406) ENDIF
(  407) KSIZE = KSIZE + ISIZE
(  408) ISIZE = KIND (YD%RCCB)
(  409) IF (LLPRINT) THEN
(  410)   WRITE (*, '(I10," ")', ADVANCE='NO') ISIZE
(  411)   WRITE (*, *) TRIM (CLPATH)//'%RCCB'
(  412) ENDIF
(  413) KSIZE = KSIZE + ISIZE
(  414) ISIZE = KIND (YD%RCCC)
(  415) IF (LLPRINT) THEN
(  416)   WRITE (*, '(I10," ")', ADVANCE='NO') ISIZE
(  417)   WRITE (*, *) TRIM (CLPATH)//'%RCCC'
(  418) ENDIF
(  419) KSIZE = KSIZE + ISIZE
(  420) ISIZE = KIND (YD%RCFCT)
(  421) IF (LLPRINT) THEN
(  422)   WRITE (*, '(I10," ")', ADVANCE='NO') ISIZE
(  423)   WRITE (*, *) TRIM (CLPATH)//'%RCFCT'
(  424) ENDIF
(  425) KSIZE = KSIZE + ISIZE
(  426) ISIZE = KIND (YD%RCLWMR)
(  427) IF (LLPRINT) THEN
(  428)   WRITE (*, '(I10," ")', ADVANCE='NO') ISIZE
(  429)   WRITE (*, *) TRIM (CLPATH)//'%RCLWMR'
(  430) ENDIF
(  431) KSIZE = KSIZE + ISIZE
(  432) ISIZE = KIND (YD%RCSCAL)
(  433) IF (LLPRINT) THEN
(  434)   WRITE (*, '(I10," ")', ADVANCE='NO') ISIZE
(  435)   WRITE (*, *) TRIM (CLPATH)//'%RCSCAL'
(  436) ENDIF
(  437) KSIZE = KSIZE + ISIZE
(  438) ISIZE = KIND (YD%RDECORR_CF)
(  439) IF (LLPRINT) THEN
(  440)   WRITE (*, '(I10," ")', ADVANCE='NO') ISIZE
(  441)   WRITE (*, *) TRIM (CLPATH)//'%RDECORR_CF'
(  442) ENDIF
(  443) KSIZE = KSIZE + ISIZE
(  444) ISIZE = KIND (YD%RDECORR_CW)
(  445) IF (LLPRINT) THEN
(  446)   WRITE (*, '(I10," ")', ADVANCE='NO') ISIZE
(  447)   WRITE (*, *) TRIM (CLPATH)//'%RDECORR_CW'
(  448) ENDIF
(  449) KSIZE = KSIZE + ISIZE
(  450) ISIZE = KIND (YD%RETAHB)
(  451) IF (LLPRINT) THEN
(  452)   WRITE (*, '(I10," ")', ADVANCE='NO') ISIZE
(  453)   WRITE (*, *) TRIM (CLPATH)//'%RETAHB'
(  454) ENDIF
(  455) KSIZE = KSIZE + ISIZE
(  456) ISIZE = KIND (YD%RETAMB)






NVFORTRAN (Version     24.5)          03/19/2025  06:54:30      page 9

(  457) IF (LLPRINT) THEN
(  458)   WRITE (*, '(I10," ")', ADVANCE='NO') ISIZE
(  459)   WRITE (*, *) TRIM (CLPATH)//'%RETAMB'
(  460) ENDIF
(  461) KSIZE = KSIZE + ISIZE
(  462) ISIZE = KIND (YD%RLOIA)
(  463) IF (LLPRINT) THEN
(  464)   WRITE (*, '(I10," ")', ADVANCE='NO') ISIZE
(  465)   WRITE (*, *) TRIM (CLPATH)//'%RLOIA'
(  466) ENDIF
(  467) KSIZE = KSIZE + ISIZE
(  468) ISIZE = KIND (YD%RLOIB)
(  469) IF (LLPRINT) THEN
(  470)   WRITE (*, '(I10," ")', ADVANCE='NO') ISIZE
(  471)   WRITE (*, *) TRIM (CLPATH)//'%RLOIB'
(  472) ENDIF
(  473) KSIZE = KSIZE + ISIZE
(  474) ISIZE = KIND (YD%RLOIC)
(  475) IF (LLPRINT) THEN
(  476)   WRITE (*, '(I10," ")', ADVANCE='NO') ISIZE
(  477)   WRITE (*, *) TRIM (CLPATH)//'%RLOIC'
(  478) ENDIF
(  479) KSIZE = KSIZE + ISIZE
(  480) ISIZE = KIND (YD%RLOID)
(  481) IF (LLPRINT) THEN
(  482)   WRITE (*, '(I10," ")', ADVANCE='NO') ISIZE
(  483)   WRITE (*, *) TRIM (CLPATH)//'%RLOID'
(  484) ENDIF
(  485) KSIZE = KSIZE + ISIZE
(  486) ISIZE = KIND (YD%RLONIA)
(  487) IF (LLPRINT) THEN
(  488)   WRITE (*, '(I10," ")', ADVANCE='NO') ISIZE
(  489)   WRITE (*, *) TRIM (CLPATH)//'%RLONIA'
(  490) ENDIF
(  491) KSIZE = KSIZE + ISIZE
(  492) ISIZE = KIND (YD%RLONIB)
(  493) IF (LLPRINT) THEN
(  494)   WRITE (*, '(I10," ")', ADVANCE='NO') ISIZE
(  495)   WRITE (*, *) TRIM (CLPATH)//'%RLONIB'
(  496) ENDIF
(  497) KSIZE = KSIZE + ISIZE
(  498) ISIZE = KIND (YD%RRHH)
(  499) IF (LLPRINT) THEN
(  500)   WRITE (*, '(I10," ")', ADVANCE='NO') ISIZE
(  501)   WRITE (*, *) TRIM (CLPATH)//'%RRHH'
(  502) ENDIF
(  503) KSIZE = KSIZE + ISIZE
(  504) ISIZE = KIND (YD%RRHL)
(  505) IF (LLPRINT) THEN
(  506)   WRITE (*, '(I10," ")', ADVANCE='NO') ISIZE
(  507)   WRITE (*, *) TRIM (CLPATH)//'%RRHL'
(  508) ENDIF
(  509) KSIZE = KSIZE + ISIZE
(  510) ISIZE = KIND (YD%RGAMMAS)
(  511) IF (LLPRINT) THEN
(  512)   WRITE (*, '(I10," ")', ADVANCE='NO') ISIZE
(  513)   WRITE (*, *) TRIM (CLPATH)//'%RGAMMAS'
(  514) ENDIF






NVFORTRAN (Version     24.5)          03/19/2025  06:54:30      page 10

(  515) KSIZE = KSIZE + ISIZE
(  516) ISIZE = KIND (YD%REPSCR)
(  517) IF (LLPRINT) THEN
(  518)   WRITE (*, '(I10," ")', ADVANCE='NO') ISIZE
(  519)   WRITE (*, *) TRIM (CLPATH)//'%REPSCR'
(  520) ENDIF
(  521) KSIZE = KSIZE + ISIZE
(  522) ISIZE = KIND (YD%REPSEC)
(  523) IF (LLPRINT) THEN
(  524)   WRITE (*, '(I10," ")', ADVANCE='NO') ISIZE
(  525)   WRITE (*, *) TRIM (CLPATH)//'%REPSEC'
(  526) ENDIF
(  527) KSIZE = KSIZE + ISIZE
(  528) ISIZE = KIND (YD%LOMEGA)
(  529) IF (LLPRINT) THEN
(  530)   WRITE (*, '(I10," ")', ADVANCE='NO') ISIZE
(  531)   WRITE (*, *) TRIM (CLPATH)//'%LOMEGA'
(  532) ENDIF
(  533) KSIZE = KSIZE + ISIZE
(  534) END FUNCTION
(  535) 
(  536) END MODULE










































NVFORTRAN (Version     24.5)          03/19/2025  06:54:30      page 11

(    1) # 1 "./util_tecld_mod.F90"
(    1) MODULE UTIL_TECLD_MOD
(    2) # 3 "./util_tecld_mod.F90"
(    3) USE YOECLD, ONLY : TECLD
(    4) # 5 "./util_tecld_mod.F90"
(    5) INTERFACE SAVE
(    6) MODULE PROCEDURE SAVE_TECLD
(    7) END INTERFACE
(    8) # 9 "./util_tecld_mod.F90"
(    9) INTERFACE LOAD
(   10) MODULE PROCEDURE LOAD_TECLD
(   11) END INTERFACE
(   12) # 13 "./util_tecld_mod.F90"
(   13) INTERFACE COPY
(   14) MODULE PROCEDURE COPY_TECLD
(   15) END INTERFACE
(   16) # 17 "./util_tecld_mod.F90"
(   17) INTERFACE HOST
(   18) MODULE PROCEDURE HOST_TECLD
(   19) END INTERFACE
(   20) # 21 "./util_tecld_mod.F90"
(   21)      
(   22) INTERFACE CRC64
(   23) MODULE PROCEDURE CRC64_TECLD
(   24) END INTERFACE
(   25) # 26 "./util_tecld_mod.F90"
(   26) INTERFACE WIPE
(   27) MODULE PROCEDURE WIPE_TECLD
(   28) END INTERFACE
(   29) # 30 "./util_tecld_mod.F90"
(   30) INTERFACE SIZE
(   31) MODULE PROCEDURE SIZE_TECLD
(   32) END INTERFACE
(   33) # 35 "./util_tecld_mod.F90"
(   35) CONTAINS
(   36) # 37 "./util_tecld_mod.F90"
(   37) SUBROUTINE SAVE_TECLD (KLUN, YD)
(   38) # 39 "./util_tecld_mod.F90"
(   39) IMPLICIT NONE
(   40) INTEGER, INTENT (IN) :: KLUN
(   41) TYPE (TECLD), INTENT (IN), TARGET :: YD
(   42) LOGICAL :: LCETA
(   43) LCETA = ALLOCATED (YD%CETA)
(   44) WRITE (KLUN) LCETA
(   45) IF (LCETA) THEN
(   46)   WRITE (KLUN) LBOUND (YD%CETA)
(   47)   WRITE (KLUN) UBOUND (YD%CETA)
(   48)   WRITE (KLUN) YD%CETA
(   49) ENDIF
(   50) WRITE (KLUN) YD%RANVA
(   51) WRITE (KLUN) YD%RANVB
(   52) WRITE (KLUN) YD%RANVH
(   53) WRITE (KLUN) YD%RCCA
(   54) WRITE (KLUN) YD%RCCB
(   55) WRITE (KLUN) YD%RCCC
(   56) WRITE (KLUN) YD%RCFCT
(   57) WRITE (KLUN) YD%RCLWMR
(   58) WRITE (KLUN) YD%RCSCAL






NVFORTRAN (Version     24.5)          03/19/2025  06:54:30      page 12

(   59) WRITE (KLUN) YD%RDECORR_CF
(   60) WRITE (KLUN) YD%RDECORR_CW
(   61) WRITE (KLUN) YD%RETAHB
(   62) WRITE (KLUN) YD%RETAMB
(   63) WRITE (KLUN) YD%RLOIA
(   64) WRITE (KLUN) YD%RLOIB
(   65) WRITE (KLUN) YD%RLOIC
(   66) WRITE (KLUN) YD%RLOID
(   67) WRITE (KLUN) YD%RLONIA
(   68) WRITE (KLUN) YD%RLONIB
(   69) WRITE (KLUN) YD%RRHH
(   70) WRITE (KLUN) YD%RRHL
(   71) WRITE (KLUN) YD%RGAMMAS
(   72) WRITE (KLUN) YD%REPSCR
(   73) WRITE (KLUN) YD%REPSEC
(   74) WRITE (KLUN) YD%LOMEGA
(   75) END SUBROUTINE
(   76) # 77 "./util_tecld_mod.F90"
(   77) SUBROUTINE LOAD_TECLD (KLUN, YD)
(   78) USE PARKIND1, ONLY : JPRD
(   79) # 80 "./util_tecld_mod.F90"
(   80) IMPLICIT NONE
(   81) INTEGER, INTENT (IN) :: KLUN
(   82) TYPE (TECLD), INTENT (OUT), TARGET :: YD
(   83) INTEGER :: IL1(1), IU1(1)
(   84) LOGICAL :: LCETA
(   85) REAL(KIND=JPRD) :: ZTMP0
(   86) REAL(KIND=JPRD), ALLOCATABLE :: ZTMP1 (:)
(   87) READ (KLUN) LCETA
(   88) IF (LCETA) THEN
(   89)   READ (KLUN) IL1
(   90)   READ (KLUN) IU1
(   91)   ALLOCATE (YD%CETA (IL1(1):IU1(1)))
(   92)   ALLOCATE (ZTMP1(LBOUND(YD%CETA,1):UBOUND(YD%CETA,1)))
(   93)   READ (KLUN) ZTMP1
(   94)   YD%CETA = ZTMP1
(   95)   DEALLOCATE (ZTMP1)
(   96) ENDIF
(   97) READ (KLUN) ZTMP0
(   98) YD%RANVA = ZTMP0
(   99) READ (KLUN) ZTMP0
(  100) YD%RANVB = ZTMP0
(  101) READ (KLUN) ZTMP0
(  102) YD%RANVH = ZTMP0
(  103) READ (KLUN) ZTMP0
(  104) YD%RCCA = ZTMP0
(  105) READ (KLUN) ZTMP0
(  106) YD%RCCB = ZTMP0
(  107) READ (KLUN) ZTMP0
(  108) YD%RCCC = ZTMP0
(  109) READ (KLUN) ZTMP0
(  110) YD%RCFCT = ZTMP0
(  111) READ (KLUN) ZTMP0
(  112) YD%RCLWMR = ZTMP0
(  113) READ (KLUN) ZTMP0
(  114) YD%RCSCAL = ZTMP0
(  115) READ (KLUN) ZTMP0
(  116) YD%RDECORR_CF = ZTMP0






NVFORTRAN (Version     24.5)          03/19/2025  06:54:30      page 13

(  117) READ (KLUN) ZTMP0
(  118) YD%RDECORR_CW = ZTMP0
(  119) READ (KLUN) ZTMP0
(  120) YD%RETAHB = ZTMP0
(  121) READ (KLUN) ZTMP0
(  122) YD%RETAMB = ZTMP0
(  123) READ (KLUN) ZTMP0
(  124) YD%RLOIA = ZTMP0
(  125) READ (KLUN) ZTMP0
(  126) YD%RLOIB = ZTMP0
(  127) READ (KLUN) ZTMP0
(  128) YD%RLOIC = ZTMP0
(  129) READ (KLUN) ZTMP0
(  130) YD%RLOID = ZTMP0
(  131) READ (KLUN) ZTMP0
(  132) YD%RLONIA = ZTMP0
(  133) READ (KLUN) ZTMP0
(  134) YD%RLONIB = ZTMP0
(  135) READ (KLUN) ZTMP0
(  136) YD%RRHH = ZTMP0
(  137) READ (KLUN) ZTMP0
(  138) YD%RRHL = ZTMP0
(  139) READ (KLUN) ZTMP0
(  140) YD%RGAMMAS = ZTMP0
(  141) READ (KLUN) ZTMP0
(  142) YD%REPSCR = ZTMP0
(  143) READ (KLUN) ZTMP0
(  144) YD%REPSEC = ZTMP0
(  145) READ (KLUN) YD%LOMEGA
(  146) END SUBROUTINE
(  147) # 149 "./util_tecld_mod.F90"
(  149) SUBROUTINE COPY_TECLD (YD, LDCREATED, LDFIELDAPI)
(  150) # 151 "./util_tecld_mod.F90"
(  151) IMPLICIT NONE
(  152) TYPE (TECLD), INTENT (IN), TARGET :: YD
(  153) LOGICAL, OPTIONAL, INTENT (IN) :: LDCREATED, LDFIELDAPI
(  154) LOGICAL :: LLCREATED
(  155) LOGICAL :: LLFIELDAPI
(  156) LOGICAL :: LCETA
(  157) # 158 "./util_tecld_mod.F90"
(  158) LLFIELDAPI = .FALSE.
(  159) IF (PRESENT (LDFIELDAPI)) THEN
(  160)   LLFIELDAPI = LDFIELDAPI
(  161) ENDIF
(  162) LLCREATED = .FALSE.
(  163) IF (PRESENT (LDCREATED)) THEN
(  164)   LLCREATED = LDCREATED
(  165) ENDIF
(  166) IF (.NOT. LLCREATED) THEN
(  167)   !$acc enter data create (YD)
(  168)   !$acc update device (YD)
(  169) ENDIF
(  170) LCETA = ALLOCATED (YD%CETA)
(  171) IF (LCETA) THEN
(  172)   !$acc enter data create (YD%CETA)
(  173)   !$acc update device (YD%CETA)
(  174)   !$acc enter data attach (YD%CETA)
(  175) ENDIF






NVFORTRAN (Version     24.5)          03/19/2025  06:54:30      page 14

(  176) # 202 "./util_tecld_mod.F90"
(  202) END SUBROUTINE
(  203) # 204 "./util_tecld_mod.F90"
(  204) SUBROUTINE HOST_TECLD (YD)
(  205) # 206 "./util_tecld_mod.F90"
(  206) IMPLICIT NONE
(  207) TYPE (TECLD), TARGET :: YD
(  208) LOGICAL :: LCETA
(  209) # 235 "./util_tecld_mod.F90"
(  235) END SUBROUTINE
(  236) # 237 "./util_tecld_mod.F90"
(  237)      
(  238) # 239 "./util_tecld_mod.F90"
(  239) SUBROUTINE CRC64_TECLD (YD, KLUN, CDPATH)
(  240) USE CRC64_INTRINSIC
(  241) # 242 "./util_tecld_mod.F90"
(  242) IMPLICIT NONE
(  243) TYPE (TECLD), TARGET :: YD
(  244) INTEGER, INTENT (IN) :: KLUN
(  245) CHARACTER(LEN=*), INTENT (IN) :: CDPATH
(  246) CHARACTER(LEN=128) :: CLIND
(  247) LOGICAL :: LCETA
(  248) WRITE (KLUN, '(Z16.16," ",A)') CRC64 (YD%CETA), CDPATH//'%CETA'
(  249) # 250 "./util_tecld_mod.F90"
(  250) WRITE (KLUN, '(Z16.16," ",A)') CRC64 (YD%RANVA), CDPATH//'%RANVA'
(  251) # 252 "./util_tecld_mod.F90"
(  252) WRITE (KLUN, '(Z16.16," ",A)') CRC64 (YD%RANVB), CDPATH//'%RANVB'
(  253) # 254 "./util_tecld_mod.F90"
(  254) WRITE (KLUN, '(Z16.16," ",A)') CRC64 (YD%RANVH), CDPATH//'%RANVH'
(  255) # 256 "./util_tecld_mod.F90"
(  256) WRITE (KLUN, '(Z16.16," ",A)') CRC64 (YD%RCCA), CDPATH//'%RCCA'
(  257) # 258 "./util_tecld_mod.F90"
(  258) WRITE (KLUN, '(Z16.16," ",A)') CRC64 (YD%RCCB), CDPATH//'%RCCB'
(  259) # 260 "./util_tecld_mod.F90"
(  260) WRITE (KLUN, '(Z16.16," ",A)') CRC64 (YD%RCCC), CDPATH//'%RCCC'
(  261) # 262 "./util_tecld_mod.F90"
(  262) WRITE (KLUN, '(Z16.16," ",A)') CRC64 (YD%RCFCT), CDPATH//'%RCFCT'
(  263) # 264 "./util_tecld_mod.F90"
(  264) WRITE (KLUN, '(Z16.16," ",A)') CRC64 (YD%RCLWMR), CDPATH//'%RCLWMR'
(  265) # 266 "./util_tecld_mod.F90"
(  266) WRITE (KLUN, '(Z16.16," ",A)') CRC64 (YD%RCSCAL), CDPATH//'%RCSCAL'
(  267) # 268 "./util_tecld_mod.F90"
(  268) WRITE (KLUN, '(Z16.16," ",A)') CRC64 (YD%RDECORR_CF), CDPATH//'%RDECORR_CF'
(  269) # 270 "./util_tecld_mod.F90"
(  270) WRITE (KLUN, '(Z16.16," ",A)') CRC64 (YD%RDECORR_CW), CDPATH//'%RDECORR_CW'
(  271) # 272 "./util_tecld_mod.F90"
(  272) WRITE (KLUN, '(Z16.16," ",A)') CRC64 (YD%RETAHB), CDPATH//'%RETAHB'
(  273) # 274 "./util_tecld_mod.F90"
(  274) WRITE (KLUN, '(Z16.16," ",A)') CRC64 (YD%RETAMB), CDPATH//'%RETAMB'
(  275) # 276 "./util_tecld_mod.F90"
(  276) WRITE (KLUN, '(Z16.16," ",A)') CRC64 (YD%RLOIA), CDPATH//'%RLOIA'
(  277) # 278 "./util_tecld_mod.F90"
(  278) WRITE (KLUN, '(Z16.16," ",A)') CRC64 (YD%RLOIB), CDPATH//'%RLOIB'
(  279) # 280 "./util_tecld_mod.F90"
(  280) WRITE (KLUN, '(Z16.16," ",A)') CRC64 (YD%RLOIC), CDPATH//'%RLOIC'
(  281) # 282 "./util_tecld_mod.F90"
(  282) WRITE (KLUN, '(Z16.16," ",A)') CRC64 (YD%RLOID), CDPATH//'%RLOID'
(  283) # 284 "./util_tecld_mod.F90"






NVFORTRAN (Version     24.5)          03/19/2025  06:54:30      page 15

(  284) WRITE (KLUN, '(Z16.16," ",A)') CRC64 (YD%RLONIA), CDPATH//'%RLONIA'
(  285) # 286 "./util_tecld_mod.F90"
(  286) WRITE (KLUN, '(Z16.16," ",A)') CRC64 (YD%RLONIB), CDPATH//'%RLONIB'
(  287) # 288 "./util_tecld_mod.F90"
(  288) WRITE (KLUN, '(Z16.16," ",A)') CRC64 (YD%RRHH), CDPATH//'%RRHH'
(  289) # 290 "./util_tecld_mod.F90"
(  290) WRITE (KLUN, '(Z16.16," ",A)') CRC64 (YD%RRHL), CDPATH//'%RRHL'
(  291) # 292 "./util_tecld_mod.F90"
(  292) WRITE (KLUN, '(Z16.16," ",A)') CRC64 (YD%RGAMMAS), CDPATH//'%RGAMMAS'
(  293) # 294 "./util_tecld_mod.F90"
(  294) WRITE (KLUN, '(Z16.16," ",A)') CRC64 (YD%REPSCR), CDPATH//'%REPSCR'
(  295) # 296 "./util_tecld_mod.F90"
(  296) WRITE (KLUN, '(Z16.16," ",A)') CRC64 (YD%REPSEC), CDPATH//'%REPSEC'
(  297) # 298 "./util_tecld_mod.F90"
(  298) WRITE (KLUN, '(Z16.16," ",A)') CRC64 (YD%LOMEGA), CDPATH//'%LOMEGA'
(  299) # 300 "./util_tecld_mod.F90"
(  300) END SUBROUTINE
(  301) # 302 "./util_tecld_mod.F90"
(  302) SUBROUTINE WIPE_TECLD (YD, LDDELETED, LDFIELDAPI)
(  303) # 304 "./util_tecld_mod.F90"
(  304) IMPLICIT NONE
(  305) TYPE (TECLD), INTENT (IN), TARGET :: YD
(  306) LOGICAL, OPTIONAL, INTENT (IN) :: LDDELETED, LDFIELDAPI
(  307) LOGICAL :: LLDELETED
(  308) LOGICAL :: LLFIELDAPI
(  309) LOGICAL :: LCETA
(  310) # 311 "./util_tecld_mod.F90"
(  311) LLFIELDAPI = .FALSE.
(  312) IF (PRESENT (LDFIELDAPI)) THEN
(  313)   LLFIELDAPI = LDFIELDAPI
(  314) ENDIF
(  315) LCETA = ALLOCATED (YD%CETA)
(  316) IF (LCETA) THEN
(  317)   !$acc exit data detach (YD%CETA)
(  318)   !$acc exit data delete (YD%CETA)
(  319) ENDIF
(  320) # 346 "./util_tecld_mod.F90"
(  346) LLDELETED = .FALSE.
(  347) IF (PRESENT (LDDELETED)) THEN
(  348)   LLDELETED = LDDELETED
(  349) ENDIF
(  350) IF (.NOT. LLDELETED) THEN
(  351)   !$acc exit data delete (YD)
(  352) ENDIF
(  353) END SUBROUTINE
(  354) # 355 "./util_tecld_mod.F90"
(  355) INTEGER*8 FUNCTION SIZE_TECLD (YD, CDPATH, LDPRINT) RESULT (KSIZE)
(  356) # 357 "./util_tecld_mod.F90"
(  357) IMPLICIT NONE
(  358) TYPE (TECLD),     INTENT (IN), TARGET :: YD
(  359) CHARACTER(LEN=*), INTENT (IN), OPTIONAL :: CDPATH
(  360) LOGICAL,          INTENT (IN), OPTIONAL :: LDPRINT
(  361) INTEGER*8 :: ISIZE, JSIZE
(  362) LOGICAL :: LLPRINT
(  363) CHARACTER(LEN=128) :: CLPATH
(  364) LOGICAL :: LCETA
(  365) # 366 "./util_tecld_mod.F90"
(  366) LLPRINT = .FALSE.






NVFORTRAN (Version     24.5)          03/19/2025  06:54:30      page 16

(  367) IF (PRESENT (LDPRINT)) THEN
(  368)   LLPRINT = LDPRINT
(  369) ENDIF
(  370) CLPATH=''
(  371) IF (PRESENT (CDPATH)) THEN
(  372)   CLPATH = CDPATH
(  373) ENDIF
(  374) KSIZE = 0
(  375) LCETA = ALLOCATED (YD%CETA)
(  376) IF (LCETA) THEN
(  377)   ISIZE = KIND (YD%CETA) * SIZE (YD%CETA)
(  378)   IF (LLPRINT) THEN
(  379)     WRITE (*, '(I10," ")', ADVANCE='NO') ISIZE
(  380)     WRITE (*, *) TRIM (CLPATH)//'%CETA'
(  381)   ENDIF
(  382)   KSIZE = KSIZE + ISIZE
(  383) ENDIF
(  384) ISIZE = KIND (YD%RANVA)
(  385) IF (LLPRINT) THEN
(  386)   WRITE (*, '(I10," ")', ADVANCE='NO') ISIZE
(  387)   WRITE (*, *) TRIM (CLPATH)//'%RANVA'
(  388) ENDIF
(  389) KSIZE = KSIZE + ISIZE
(  390) ISIZE = KIND (YD%RANVB)
(  391) IF (LLPRINT) THEN
(  392)   WRITE (*, '(I10," ")', ADVANCE='NO') ISIZE
(  393)   WRITE (*, *) TRIM (CLPATH)//'%RANVB'
(  394) ENDIF
(  395) KSIZE = KSIZE + ISIZE
(  396) ISIZE = KIND (YD%RANVH)
(  397) IF (LLPRINT) THEN
(  398)   WRITE (*, '(I10," ")', ADVANCE='NO') ISIZE
(  399)   WRITE (*, *) TRIM (CLPATH)//'%RANVH'
(  400) ENDIF
(  401) KSIZE = KSIZE + ISIZE
(  402) ISIZE = KIND (YD%RCCA)
(  403) IF (LLPRINT) THEN
(  404)   WRITE (*, '(I10," ")', ADVANCE='NO') ISIZE
(  405)   WRITE (*, *) TRIM (CLPATH)//'%RCCA'
(  406) ENDIF
(  407) KSIZE = KSIZE + ISIZE
(  408) ISIZE = KIND (YD%RCCB)
(  409) IF (LLPRINT) THEN
(  410)   WRITE (*, '(I10," ")', ADVANCE='NO') ISIZE
(  411)   WRITE (*, *) TRIM (CLPATH)//'%RCCB'
(  412) ENDIF
(  413) KSIZE = KSIZE + ISIZE
(  414) ISIZE = KIND (YD%RCCC)
(  415) IF (LLPRINT) THEN
(  416)   WRITE (*, '(I10," ")', ADVANCE='NO') ISIZE
(  417)   WRITE (*, *) TRIM (CLPATH)//'%RCCC'
(  418) ENDIF
(  419) KSIZE = KSIZE + ISIZE
(  420) ISIZE = KIND (YD%RCFCT)
(  421) IF (LLPRINT) THEN
(  422)   WRITE (*, '(I10," ")', ADVANCE='NO') ISIZE
(  423)   WRITE (*, *) TRIM (CLPATH)//'%RCFCT'
(  424) ENDIF






NVFORTRAN (Version     24.5)          03/19/2025  06:54:30      page 17

(  425) KSIZE = KSIZE + ISIZE
(  426) ISIZE = KIND (YD%RCLWMR)
(  427) IF (LLPRINT) THEN
(  428)   WRITE (*, '(I10," ")', ADVANCE='NO') ISIZE
(  429)   WRITE (*, *) TRIM (CLPATH)//'%RCLWMR'
(  430) ENDIF
(  431) KSIZE = KSIZE + ISIZE
(  432) ISIZE = KIND (YD%RCSCAL)
(  433) IF (LLPRINT) THEN
(  434)   WRITE (*, '(I10," ")', ADVANCE='NO') ISIZE
(  435)   WRITE (*, *) TRIM (CLPATH)//'%RCSCAL'
(  436) ENDIF
(  437) KSIZE = KSIZE + ISIZE
(  438) ISIZE = KIND (YD%RDECORR_CF)
(  439) IF (LLPRINT) THEN
(  440)   WRITE (*, '(I10," ")', ADVANCE='NO') ISIZE
(  441)   WRITE (*, *) TRIM (CLPATH)//'%RDECORR_CF'
(  442) ENDIF
(  443) KSIZE = KSIZE + ISIZE
(  444) ISIZE = KIND (YD%RDECORR_CW)
(  445) IF (LLPRINT) THEN
(  446)   WRITE (*, '(I10," ")', ADVANCE='NO') ISIZE
(  447)   WRITE (*, *) TRIM (CLPATH)//'%RDECORR_CW'
(  448) ENDIF
(  449) KSIZE = KSIZE + ISIZE
(  450) ISIZE = KIND (YD%RETAHB)
(  451) IF (LLPRINT) THEN
(  452)   WRITE (*, '(I10," ")', ADVANCE='NO') ISIZE
(  453)   WRITE (*, *) TRIM (CLPATH)//'%RETAHB'
(  454) ENDIF
(  455) KSIZE = KSIZE + ISIZE
(  456) ISIZE = KIND (YD%RETAMB)
(  457) IF (LLPRINT) THEN
(  458)   WRITE (*, '(I10," ")', ADVANCE='NO') ISIZE
(  459)   WRITE (*, *) TRIM (CLPATH)//'%RETAMB'
(  460) ENDIF
(  461) KSIZE = KSIZE + ISIZE
(  462) ISIZE = KIND (YD%RLOIA)
(  463) IF (LLPRINT) THEN
(  464)   WRITE (*, '(I10," ")', ADVANCE='NO') ISIZE
(  465)   WRITE (*, *) TRIM (CLPATH)//'%RLOIA'
(  466) ENDIF
(  467) KSIZE = KSIZE + ISIZE
(  468) ISIZE = KIND (YD%RLOIB)
(  469) IF (LLPRINT) THEN
(  470)   WRITE (*, '(I10," ")', ADVANCE='NO') ISIZE
(  471)   WRITE (*, *) TRIM (CLPATH)//'%RLOIB'
(  472) ENDIF
(  473) KSIZE = KSIZE + ISIZE
(  474) ISIZE = KIND (YD%RLOIC)
(  475) IF (LLPRINT) THEN
(  476)   WRITE (*, '(I10," ")', ADVANCE='NO') ISIZE
(  477)   WRITE (*, *) TRIM (CLPATH)//'%RLOIC'
(  478) ENDIF
(  479) KSIZE = KSIZE + ISIZE
(  480) ISIZE = KIND (YD%RLOID)
(  481) IF (LLPRINT) THEN
(  482)   WRITE (*, '(I10," ")', ADVANCE='NO') ISIZE






NVFORTRAN (Version     24.5)          03/19/2025  06:54:30      page 18

(  483)   WRITE (*, *) TRIM (CLPATH)//'%RLOID'
(  484) ENDIF
(  485) KSIZE = KSIZE + ISIZE
(  486) ISIZE = KIND (YD%RLONIA)
(  487) IF (LLPRINT) THEN
(  488)   WRITE (*, '(I10," ")', ADVANCE='NO') ISIZE
(  489)   WRITE (*, *) TRIM (CLPATH)//'%RLONIA'
(  490) ENDIF
(  491) KSIZE = KSIZE + ISIZE
(  492) ISIZE = KIND (YD%RLONIB)
(  493) IF (LLPRINT) THEN
(  494)   WRITE (*, '(I10," ")', ADVANCE='NO') ISIZE
(  495)   WRITE (*, *) TRIM (CLPATH)//'%RLONIB'
(  496) ENDIF
(  497) KSIZE = KSIZE + ISIZE
(  498) ISIZE = KIND (YD%RRHH)
(  499) IF (LLPRINT) THEN
(  500)   WRITE (*, '(I10," ")', ADVANCE='NO') ISIZE
(  501)   WRITE (*, *) TRIM (CLPATH)//'%RRHH'
(  502) ENDIF
(  503) KSIZE = KSIZE + ISIZE
(  504) ISIZE = KIND (YD%RRHL)
(  505) IF (LLPRINT) THEN
(  506)   WRITE (*, '(I10," ")', ADVANCE='NO') ISIZE
(  507)   WRITE (*, *) TRIM (CLPATH)//'%RRHL'
(  508) ENDIF
(  509) KSIZE = KSIZE + ISIZE
(  510) ISIZE = KIND (YD%RGAMMAS)
(  511) IF (LLPRINT) THEN
(  512)   WRITE (*, '(I10," ")', ADVANCE='NO') ISIZE
(  513)   WRITE (*, *) TRIM (CLPATH)//'%RGAMMAS'
(  514) ENDIF
(  515) KSIZE = KSIZE + ISIZE
(  516) ISIZE = KIND (YD%REPSCR)
(  517) IF (LLPRINT) THEN
(  518)   WRITE (*, '(I10," ")', ADVANCE='NO') ISIZE
(  519)   WRITE (*, *) TRIM (CLPATH)//'%REPSCR'
(  520) ENDIF
(  521) KSIZE = KSIZE + ISIZE
(  522) ISIZE = KIND (YD%REPSEC)
(  523) IF (LLPRINT) THEN
(  524)   WRITE (*, '(I10," ")', ADVANCE='NO') ISIZE
(  525)   WRITE (*, *) TRIM (CLPATH)//'%REPSEC'
(  526) ENDIF
(  527) KSIZE = KSIZE + ISIZE
(  528) ISIZE = KIND (YD%LOMEGA)
(  529) IF (LLPRINT) THEN
(  530)   WRITE (*, '(I10," ")', ADVANCE='NO') ISIZE
(  531)   WRITE (*, *) TRIM (CLPATH)//'%LOMEGA'
(  532) ENDIF
(  533) KSIZE = KSIZE + ISIZE
(  534) END FUNCTION
(  535) # 536 "./util_tecld_mod.F90"
(  536) END MODULE
