


NVFORTRAN (Version     24.5)          03/19/2025  06:54:25      page 1

Switches: -noasm -nodclchk -debug -nodlines -line -list
          -idir /opt/softs/gcc/9.2.0/hpc_sdk/Linux_x86_64/24.5/comm_libs/12.4/hpcx/hpcx-2.19/ompi/include
          -idir /opt/softs/gcc/9.2.0/hpc_sdk/Linux_x86_64/24.5/comm_libs/12.4/hpcx/hpcx-2.19/ompi/lib
          -inform severe -opt 1 -nosave -object -noonetrip
          -depchk on -nostandard     
          -symbol -noupcase    

Filename: ./yoe_aerodiag.F90

(    1) MODULE YOE_AERODIAG
(    2) 
(    3) USE PARKIND1  ,ONLY : JPIM     ,JPRB
(    4) 
(    5) IMPLICIT NONE
(    6) 
(    7) SAVE
(    8) 
(    9) !     ------------------------------------------------------------------
(   10) !*    ** *YOE_AERODIAG* - FIXED INDICES IN AEROSOL DIAGNOSTICS ARRAYS
(   11) !     ------------------------------------------------------------------
(   12) 
(   13) INTEGER(KIND=JPIM), PARAMETER :: NPAERODIAG = 8    ! per-aerosol-bin diagnostics (flux,od,mass)
(   14) INTEGER(KIND=JPIM), PARAMETER :: NPAERAOT = 3      ! per-layer aerosol optical thicknesses
(   15) INTEGER(KIND=JPIM), PARAMETER :: NPAERLISI_VAR = 6 ! lidar simulator variables
(   16) INTEGER(KIND=JPIM), PARAMETER :: NPAERLISI_WVL = 3 ! lidar simulator wavelengths
(   17) INTEGER(KIND=JPIM), PARAMETER :: NPAERLISI = NPAERLISI_VAR * NPAERLISI_WVL
(   18) 
(   19) ! General per-aerosol-bin diagnostics
(   20) ! WARNING - The numbering of these may affect the sequence of elements in
(   21) !   the PDHFSS array, as filled in postphy.F90
(   22) INTEGER(KIND=JPIM), PARAMETER :: JPAERODIAG_SRC = 1 ! Source/gain
(   23) INTEGER(KIND=JPIM), PARAMETER :: JPAERODIAG_DDP = 2 ! Dry deposition
(   24) INTEGER(KIND=JPIM), PARAMETER :: JPAERODIAG_SDM = 3 ! Sedimentation
(   25) INTEGER(KIND=JPIM), PARAMETER :: JPAERODIAG_WDL = 4 ! Wet deposition (large-scale)
(   26) INTEGER(KIND=JPIM), PARAMETER :: JPAERODIAG_WDC = 5 ! Wet deposition (convective)
(   27) INTEGER(KIND=JPIM), PARAMETER :: JPAERODIAG_NGT = 6 ! Negative fixer
(   28) INTEGER(KIND=JPIM), PARAMETER :: JPAERODIAG_OD  = 7 ! Optical depth (at 550nm)
(   29) INTEGER(KIND=JPIM), PARAMETER :: JPAERODIAG_MSS = 8 ! Total column mass
(   30) 
(   31) ! Labels for the above for prefixing field names
(   32) CHARACTER(LEN=3), PARAMETER :: CPAERODIAG_LABEL(8) = &
(   33)   & (/ 'SRC', 'DDP', 'SDM', 'WDL', 'WDC', 'NGT', 'OD.', 'TC.' /)
(   34) 
(   35) ! Optical thickness variables
(   36) INTEGER(KIND=JPIM), PARAMETER :: JPAERAOT_TOTAL   = 1 ! Total AOT
(   37) INTEGER(KIND=JPIM), PARAMETER :: JPAERAOT_NATURAL = 2 ! Natural AOT (SS+DU)
(   38) INTEGER(KIND=JPIM), PARAMETER :: JPAERAOT_ANTHRO  = 3 ! Anthropogenic AOT (OM+BC+SU)
(   39) 
(   40) ! Lidar simulator: variables
(   41) INTEGER(KIND=JPIM), PARAMETER :: JPAERLISI_EXT    = 1 ! Extinction coefficient
(   42) INTEGER(KIND=JPIM), PARAMETER :: JPAERLISI_SSA    = 2 ! Single-scattering albedo
(   43) INTEGER(KIND=JPIM), PARAMETER :: JPAERLISI_BSTOA  = 3 ! Backscatter from TOA (satellite lidar)
(   44) INTEGER(KIND=JPIM), PARAMETER :: JPAERLISI_BSGND  = 4 ! Backscatter from ground-based lidar
(   45) INTEGER(KIND=JPIM), PARAMETER :: JPAERLISI_MOLBSC = 5 ! Unattenuated molecular backscattering coefficient
(   46) INTEGER(KIND=JPIM), PARAMETER :: JPAERLISI_AERBSC = 6 ! Unattenuated aerosol backscattering coefficient
(   47) !INTEGER(KIND=JPIM), PARAMETER :: JPAERLISI_EXTD  = 7 ! Dust-only extinction coefficient
(   48) 
(   49) ! ... and wavelengths
(   50) INTEGER(KIND=JPIM), PARAMETER :: JPAERLISI_355  = 1 ! 355 nm






NVFORTRAN (Version     24.5)          03/19/2025  06:54:25      page 2

(   51) INTEGER(KIND=JPIM), PARAMETER :: JPAERLISI_532  = 2 ! 532 nm
(   52) INTEGER(KIND=JPIM), PARAMETER :: JPAERLISI_1064 = 3 ! 1064 nm
(   53) 
(   54) 
(   55) ! -----------------------------------------------------------------------------
(   56) ! And the structures for controlling per-wavelength aerosol optical diagnostics
(   57) 
(   58) INTEGER(KIND=JPIM), PARAMETER :: NPAERO_WVL_DIAG = 20 ! Maximum number of aerosol optical diagnostic wavelengths
(   59) INTEGER(KIND=JPIM), PARAMETER :: NPAERO_WVL_DIAG_TYPES = 5 ! Number of optical diagnostic types
(   60) 
(   61) TYPE TYPE_AERO_WVL_DIAG
(   62) SEQUENCE
(   63) INTEGER(KIND=JPIM) :: IWVL                             ! Wavelength in nm
(   64) INTEGER(KIND=JPIM) :: IGRIBDIAG(NPAERO_WVL_DIAG_TYPES) ! GRIB codes for diagnostics as numbered below
(   65) END TYPE TYPE_AERO_WVL_DIAG
(   66) 
(   67) ! Optical depth MUST be number 1, since without interactive aerosol it's the only one used.
(   68) INTEGER(KIND=JPIM), PARAMETER :: JPAERO_WVL_AOD       = 1 ! Optical depth
(   69) INTEGER(KIND=JPIM), PARAMETER :: JPAERO_WVL_AODABS    = 2 ! Absorption optical depth
(   70) INTEGER(KIND=JPIM), PARAMETER :: JPAERO_WVL_AODFM     = 3 ! Fine-mode optical depth
(   71) INTEGER(KIND=JPIM), PARAMETER :: JPAERO_WVL_SSA       = 4 ! Single scattering albedo
(   72) INTEGER(KIND=JPIM), PARAMETER :: JPAERO_WVL_ASSIMETRY = 5 ! Asymmetry ("assimetry") parameter
(   73) 
(   74) ! Labels for the above for prefixing field names
(   75) CHARACTER(LEN=8), PARAMETER :: CPAERO_WVL_DIAG_LABEL(5) = &
(   76)   & (/ 'OptDepth', 'AbOptDep', 'FMOptDep', 'SScatAlb', 'Asymmetr' /)
(   77) 
(   78) !------------------------------------------------------------------------------
(   79) END MODULE YOE_AERODIAG



































NVFORTRAN (Version     24.5)          03/19/2025  06:54:25      page 3

(    1) # 1 "./yoe_aerodiag.F90"
(    1) MODULE YOE_AERODIAG
(    2) # 3 "./yoe_aerodiag.F90"
(    3) USE PARKIND1  ,ONLY : JPIM     ,JPRB
(    4) # 5 "./yoe_aerodiag.F90"
(    5) IMPLICIT NONE
(    6) # 7 "./yoe_aerodiag.F90"
(    7) SAVE
(    8) # 9 "./yoe_aerodiag.F90"
(    9) !     ------------------------------------------------------------------
(   10) !*    ** *YOE_AERODIAG* - FIXED INDICES IN AEROSOL DIAGNOSTICS ARRAYS
(   11) !     ------------------------------------------------------------------
(   12) # 13 "./yoe_aerodiag.F90"
(   13) INTEGER(KIND=JPIM), PARAMETER :: NPAERODIAG = 8    ! per-aerosol-bin diagnostics (flux,od,mass)
(   14) INTEGER(KIND=JPIM), PARAMETER :: NPAERAOT = 3      ! per-layer aerosol optical thicknesses
(   15) INTEGER(KIND=JPIM), PARAMETER :: NPAERLISI_VAR = 6 ! lidar simulator variables
(   16) INTEGER(KIND=JPIM), PARAMETER :: NPAERLISI_WVL = 3 ! lidar simulator wavelengths
(   17) INTEGER(KIND=JPIM), PARAMETER :: NPAERLISI = NPAERLISI_VAR * NPAERLISI_WVL
(   18) # 19 "./yoe_aerodiag.F90"
(   19) ! General per-aerosol-bin diagnostics
(   20) ! WARNING - The numbering of these may affect the sequence of elements in
(   21) !   the PDHFSS array, as filled in postphy.F90
(   22) INTEGER(KIND=JPIM), PARAMETER :: JPAERODIAG_SRC = 1 ! Source/gain
(   23) INTEGER(KIND=JPIM), PARAMETER :: JPAERODIAG_DDP = 2 ! Dry deposition
(   24) INTEGER(KIND=JPIM), PARAMETER :: JPAERODIAG_SDM = 3 ! Sedimentation
(   25) INTEGER(KIND=JPIM), PARAMETER :: JPAERODIAG_WDL = 4 ! Wet deposition (large-scale)
(   26) INTEGER(KIND=JPIM), PARAMETER :: JPAERODIAG_WDC = 5 ! Wet deposition (convective)
(   27) INTEGER(KIND=JPIM), PARAMETER :: JPAERODIAG_NGT = 6 ! Negative fixer
(   28) INTEGER(KIND=JPIM), PARAMETER :: JPAERODIAG_OD  = 7 ! Optical depth (at 550nm)
(   29) INTEGER(KIND=JPIM), PARAMETER :: JPAERODIAG_MSS = 8 ! Total column mass
(   30) # 31 "./yoe_aerodiag.F90"
(   31) ! Labels for the above for prefixing field names
(   32) CHARACTER(LEN=3), PARAMETER :: CPAERODIAG_LABEL(8) = &
(   33)   & (/ 'SRC', 'DDP', 'SDM', 'WDL', 'WDC', 'NGT', 'OD.', 'TC.' /)
(   34) # 35 "./yoe_aerodiag.F90"
(   35) ! Optical thickness variables
(   36) INTEGER(KIND=JPIM), PARAMETER :: JPAERAOT_TOTAL   = 1 ! Total AOT
(   37) INTEGER(KIND=JPIM), PARAMETER :: JPAERAOT_NATURAL = 2 ! Natural AOT (SS+DU)
(   38) INTEGER(KIND=JPIM), PARAMETER :: JPAERAOT_ANTHRO  = 3 ! Anthropogenic AOT (OM+BC+SU)
(   39) # 40 "./yoe_aerodiag.F90"
(   40) ! Lidar simulator: variables
(   41) INTEGER(KIND=JPIM), PARAMETER :: JPAERLISI_EXT    = 1 ! Extinction coefficient
(   42) INTEGER(KIND=JPIM), PARAMETER :: JPAERLISI_SSA    = 2 ! Single-scattering albedo
(   43) INTEGER(KIND=JPIM), PARAMETER :: JPAERLISI_BSTOA  = 3 ! Backscatter from TOA (satellite lidar)
(   44) INTEGER(KIND=JPIM), PARAMETER :: JPAERLISI_BSGND  = 4 ! Backscatter from ground-based lidar
(   45) INTEGER(KIND=JPIM), PARAMETER :: JPAERLISI_MOLBSC = 5 ! Unattenuated molecular backscattering coefficient
(   46) INTEGER(KIND=JPIM), PARAMETER :: JPAERLISI_AERBSC = 6 ! Unattenuated aerosol backscattering coefficient
(   47) !INTEGER(KIND=JPIM), PARAMETER :: JPAERLISI_EXTD  = 7 ! Dust-only extinction coefficient
(   48) # 49 "./yoe_aerodiag.F90"
(   49) ! ... and wavelengths
(   50) INTEGER(KIND=JPIM), PARAMETER :: JPAERLISI_355  = 1 ! 355 nm
(   51) INTEGER(KIND=JPIM), PARAMETER :: JPAERLISI_532  = 2 ! 532 nm
(   52) INTEGER(KIND=JPIM), PARAMETER :: JPAERLISI_1064 = 3 ! 1064 nm
(   53) # 55 "./yoe_aerodiag.F90"
(   55) ! -----------------------------------------------------------------------------
(   56) ! And the structures for controlling per-wavelength aerosol optical diagnostics
(   57) # 58 "./yoe_aerodiag.F90"
(   58) INTEGER(KIND=JPIM), PARAMETER :: NPAERO_WVL_DIAG = 20 ! Maximum number of aerosol optical diagnostic wavelengths






NVFORTRAN (Version     24.5)          03/19/2025  06:54:25      page 4

(   59) INTEGER(KIND=JPIM), PARAMETER :: NPAERO_WVL_DIAG_TYPES = 5 ! Number of optical diagnostic types
(   60) # 61 "./yoe_aerodiag.F90"
(   61) TYPE TYPE_AERO_WVL_DIAG
(   62) SEQUENCE
(   63) INTEGER(KIND=JPIM) :: IWVL                             ! Wavelength in nm
(   64) INTEGER(KIND=JPIM) :: IGRIBDIAG(NPAERO_WVL_DIAG_TYPES) ! GRIB codes for diagnostics as numbered below
(   65) END TYPE TYPE_AERO_WVL_DIAG
(   66) # 67 "./yoe_aerodiag.F90"
(   67) ! Optical depth MUST be number 1, since without interactive aerosol it's the only one used.
(   68) INTEGER(KIND=JPIM), PARAMETER :: JPAERO_WVL_AOD       = 1 ! Optical depth
(   69) INTEGER(KIND=JPIM), PARAMETER :: JPAERO_WVL_AODABS    = 2 ! Absorption optical depth
(   70) INTEGER(KIND=JPIM), PARAMETER :: JPAERO_WVL_AODFM     = 3 ! Fine-mode optical depth
(   71) INTEGER(KIND=JPIM), PARAMETER :: JPAERO_WVL_SSA       = 4 ! Single scattering albedo
(   72) INTEGER(KIND=JPIM), PARAMETER :: JPAERO_WVL_ASSIMETRY = 5 ! Asymmetry ("assimetry") parameter
(   73) # 74 "./yoe_aerodiag.F90"
(   74) ! Labels for the above for prefixing field names
(   75) CHARACTER(LEN=8), PARAMETER :: CPAERO_WVL_DIAG_LABEL(5) = &
(   76)   & (/ 'OptDepth', 'AbOptDep', 'FMOptDep', 'SScatAlb', 'Asymmetr' /)
(   77) # 78 "./yoe_aerodiag.F90"
(   78) !------------------------------------------------------------------------------
(   79) END MODULE YOE_AERODIAG
