


NVFORTRAN (Version     24.5)          03/19/2025  06:54:21      page 1

Switches: -noasm -nodclchk -debug -nodlines -line -list
          -idir /opt/softs/gcc/9.2.0/hpc_sdk/Linux_x86_64/24.5/comm_libs/12.4/hpcx/hpcx-2.19/ompi/include
          -idir /opt/softs/gcc/9.2.0/hpc_sdk/Linux_x86_64/24.5/comm_libs/12.4/hpcx/hpcx-2.19/ompi/lib
          -inform severe -opt 1 -nosave -object -noonetrip
          -depchk on -nostandard     
          -symbol -noupcase    

Filename: ./yoecnd.F90

(    1) MODULE YOECND
(    2) 
(    3) USE PARKIND1  ,ONLY : JPRB
(    4) 
(    5) IMPLICIT NONE
(    6) 
(    7) SAVE
(    8) 
(    9) !     -----------------------------------------------------------------
(   10) 
(   11) TYPE :: TECND
(   12) REAL(KIND=JPRB) :: REPFLM
(   13) REAL(KIND=JPRB) :: REPQMI
(   14) !----------------------------------------------------------------------------
(   15) CONTAINS
(   16) END TYPE TECND
(   17) !============================================================================
(   18) 
(   19) !!TYPE(TECND), POINTER :: YRECND => NULL()
(   20) 
(   21) !     -----------------------------------------------------------------
(   22) !*    CONTROL PARAMETERS FOR MOIST PROCESSES
(   23) 
(   24) ! REPFLM :  Minimum flux to avoid zero division in ice proportion
(   25) !           computations
(   26) ! REPQMI :  Minimum specific humidity (security within QNEGAT)
(   27) !     -----------------------------------------------------------------
(   28) 
(   29) END MODULE YOECND



























NVFORTRAN (Version     24.5)          03/19/2025  06:54:21      page 2

(    1) # 1 "./yoecnd.F90"
(    1) MODULE YOECND
(    2) # 3 "./yoecnd.F90"
(    3) USE PARKIND1  ,ONLY : JPRB
(    4) # 5 "./yoecnd.F90"
(    5) IMPLICIT NONE
(    6) # 7 "./yoecnd.F90"
(    7) SAVE
(    8) # 9 "./yoecnd.F90"
(    9) !     -----------------------------------------------------------------
(   10) # 11 "./yoecnd.F90"
(   11) TYPE :: TECND
(   12) REAL(KIND=JPRB) :: REPFLM
(   13) REAL(KIND=JPRB) :: REPQMI
(   14) !----------------------------------------------------------------------------
(   15) CONTAINS
(   16) END TYPE TECND
(   17) !============================================================================
(   18) # 19 "./yoecnd.F90"
(   19) !!TYPE(TECND), POINTER :: YRECND => NULL()
(   20) # 21 "./yoecnd.F90"
(   21) !     -----------------------------------------------------------------
(   22) !*    CONTROL PARAMETERS FOR MOIST PROCESSES
(   23) # 24 "./yoecnd.F90"
(   24) ! REPFLM :  Minimum flux to avoid zero division in ice proportion
(   25) !           computations
(   26) ! REPQMI :  Minimum specific humidity (security within QNEGAT)
(   27) !     -----------------------------------------------------------------
(   28) # 29 "./yoecnd.F90"
(   29) END MODULE YOECND
