


NVFORTRAN (Version     24.5)          03/19/2025  06:54:22      page 1

Switches: -noasm -nodclchk -debug -nodlines -line -list
          -idir /opt/softs/gcc/9.2.0/hpc_sdk/Linux_x86_64/24.5/comm_libs/12.4/hpcx/hpcx-2.19/ompi/include
          -idir /opt/softs/gcc/9.2.0/hpc_sdk/Linux_x86_64/24.5/comm_libs/12.4/hpcx/hpcx-2.19/ompi/lib
          -inform severe -opt 1 -nosave -object -noonetrip
          -depchk on -nostandard     
          -symbol -noupcase    

Filename: ./yoethf.F90

(    1) ! (C) Copyright 1988- ECMWF.
(    2) !
(    3) ! This software is licensed under the terms of the Apache Licence Version 2.0
(    4) ! which can be obtained at http://www.apache.org/licenses/LICENSE-2.0.
(    5) !
(    6) ! In applying this licence, ECMWF does not waive the privileges and immunities
(    7) ! granted to it by virtue of its status as an intergovernmental organisation
(    8) ! nor does it submit to any jurisdiction.
(    9) 
(   10) MODULE YOETHF
(   11) 
(   12) USE PARKIND1  ,ONLY : JPIM     ,JPRB
(   13) 
(   14) IMPLICIT NONE
(   15) 
(   16) SAVE
(   17) 
(   18) !     ------------------------------------------------------------------
(   19) !*     *YOETHF* DERIVED CONSTANTS SPECIFIC TO ECMWF THERMODYNAMICS
(   20) !     ------------------------------------------------------------------
(   21) 
(   22) REAL(KIND=JPRB) :: R2ES
(   23) REAL(KIND=JPRB) :: R3LES
(   24) REAL(KIND=JPRB) :: R3IES
(   25) REAL(KIND=JPRB) :: R4LES
(   26) REAL(KIND=JPRB) :: R4IES
(   27) REAL(KIND=JPRB) :: R5LES
(   28) REAL(KIND=JPRB) :: R5IES
(   29) REAL(KIND=JPRB) :: RVTMP2
(   30) REAL(KIND=JPRB) :: RHOH2O
(   31) REAL(KIND=JPRB) :: R5ALVCP
(   32) REAL(KIND=JPRB) :: R5ALSCP
(   33) REAL(KIND=JPRB) :: RALVDCP
(   34) REAL(KIND=JPRB) :: RALSDCP
(   35) REAL(KIND=JPRB) :: RALFDCP
(   36) REAL(KIND=JPRB) :: RTWAT
(   37) REAL(KIND=JPRB) :: RTBER
(   38) REAL(KIND=JPRB) :: RTBERCU
(   39) REAL(KIND=JPRB) :: RTICE
(   40) REAL(KIND=JPRB) :: RTICECU
(   41) REAL(KIND=JPRB) :: RTWAT_RTICE_R
(   42) REAL(KIND=JPRB) :: RTWAT_RTICECU_R
(   43) REAL(KIND=JPRB) :: RKOOP1
(   44) REAL(KIND=JPRB) :: RKOOP2
(   45) 
(   46) TYPE TTHF
(   47)   REAL(KIND=JPRB) :: R2ES
(   48)   REAL(KIND=JPRB) :: R3LES
(   49)   REAL(KIND=JPRB) :: R3IES
(   50)   REAL(KIND=JPRB) :: R4LES






NVFORTRAN (Version     24.5)          03/19/2025  06:54:22      page 2

(   51)   REAL(KIND=JPRB) :: R4IES
(   52)   REAL(KIND=JPRB) :: R5LES
(   53)   REAL(KIND=JPRB) :: R5IES
(   54)   REAL(KIND=JPRB) :: RVTMP2
(   55)   REAL(KIND=JPRB) :: RHOH2O
(   56)   REAL(KIND=JPRB) :: R5ALVCP
(   57)   REAL(KIND=JPRB) :: R5ALSCP
(   58)   REAL(KIND=JPRB) :: RALVDCP
(   59)   REAL(KIND=JPRB) :: RALSDCP
(   60)   REAL(KIND=JPRB) :: RALFDCP
(   61)   REAL(KIND=JPRB) :: RTWAT
(   62)   REAL(KIND=JPRB) :: RTBER
(   63)   REAL(KIND=JPRB) :: RTBERCU
(   64)   REAL(KIND=JPRB) :: RTICE
(   65)   REAL(KIND=JPRB) :: RTICECU
(   66)   REAL(KIND=JPRB) :: RTWAT_RTICE_R
(   67)   REAL(KIND=JPRB) :: RTWAT_RTICECU_R
(   68)   REAL(KIND=JPRB) :: RKOOP1
(   69)   REAL(KIND=JPRB) :: RKOOP2
(   70) END TYPE TTHF
(   71) 
(   72) !     J.-J. MORCRETTE                   91/07/14  ADAPTED TO I.F.S.
(   73) 
(   74) !      NAME     TYPE      PURPOSE
(   75) !      ----     ----      -------
(   76) 
(   77) !     *R__ES*   REAL      *CONSTANTS USED FOR COMPUTATION OF SATURATION
(   78) !                         MIXING RATIO OVER LIQUID WATER(*R_LES*) OR
(   79) !                         ICE(*R_IES*).
(   80) !     *RVTMP2*  REAL      *RVTMP2=RCPV/RCPD-1.
(   81) !     *RHOH2O*  REAL      *DENSITY OF LIQUID WATER.   (RATM/100.)
(   82) !     *R5ALVCP* REAL      *R5LES*RLVTT/RCPD
(   83) !     *R5ALSCP* REAL      *R5IES*RLSTT/RCPD
(   84) !     *RALVDCP* REAL      *RLVTT/RCPD
(   85) !     *RALSDCP* REAL      *RLSTT/RCPD
(   86) !     *RALFDCP* REAL      *RLMLT/RCPD
(   87) !     *RTWAT*   REAL      *RTWAT=RTT
(   88) !     *RTBER*   REAL      *RTBER=RTT-0.05
(   89) !     *RTBERCU  REAL      *RTBERCU=RTT-5.0
(   90) !     *RTICE*   REAL      *RTICE=RTT-0.1
(   91) !     *RTICECU* REAL      *RTICECU=RTT-23.0
(   92) !     *RKOOP?   REAL      *CONSTANTS TO DESCRIBE KOOP FORM FOR NUCLEATION
(   93) !     *RTWAT_RTICE_R*   REAL      *RTWAT_RTICE_R=1./(RTWAT-RTICE)
(   94) !     *RTWAT_RTICECU_R* REAL      *RTWAT_RTICECU_R=1./(RTWAT-RTICECU)
(   95) 
(   96) !       ----------------------------------------------------------------
(   97) 
(   98) TYPE(TTHF), POINTER :: YRTHF => NULL ()
(   99) 
(  100) CONTAINS
(  101) 
(  102) TYPE (TTHF) FUNCTION TTHF_INIT () RESULT (YDTHF)
(  103) 
(  104) YDTHF%R2ES            = R2ES
(  105) YDTHF%R3LES           = R3LES
(  106) YDTHF%R3IES           = R3IES
(  107) YDTHF%R4LES           = R4LES
(  108) YDTHF%R4IES           = R4IES






NVFORTRAN (Version     24.5)          03/19/2025  06:54:22      page 3

(  109) YDTHF%R5LES           = R5LES
(  110) YDTHF%R5IES           = R5IES
(  111) YDTHF%RVTMP2          = RVTMP2
(  112) YDTHF%RHOH2O          = RHOH2O
(  113) YDTHF%R5ALVCP         = R5ALVCP
(  114) YDTHF%R5ALSCP         = R5ALSCP
(  115) YDTHF%RALVDCP         = RALVDCP
(  116) YDTHF%RALSDCP         = RALSDCP
(  117) YDTHF%RALFDCP         = RALFDCP
(  118) YDTHF%RTWAT           = RTWAT
(  119) YDTHF%RTBER           = RTBER
(  120) YDTHF%RTBERCU         = RTBERCU
(  121) YDTHF%RTICE           = RTICE
(  122) YDTHF%RTICECU         = RTICECU
(  123) YDTHF%RTWAT_RTICE_R   = RTWAT_RTICE_R
(  124) YDTHF%RTWAT_RTICECU_R = RTWAT_RTICECU_R
(  125) YDTHF%RKOOP1          = RKOOP1
(  126) YDTHF%RKOOP2          = RKOOP2
(  127) 
(  128) END FUNCTION TTHF_INIT
(  129) 
(  130) 
(  131) END MODULE YOETHF









































NVFORTRAN (Version     24.5)          03/19/2025  06:54:22      page 4

(    1) # 1 "./yoethf.F90"
(    1) ! (C) Copyright 1988- ECMWF.
(    2) !
(    3) ! This software is licensed under the terms of the Apache Licence Version 2.0
(    4) ! which can be obtained at http://www.apache.org/licenses/LICENSE-2.0.
(    5) !
(    6) ! In applying this licence, ECMWF does not waive the privileges and immunities
(    7) ! granted to it by virtue of its status as an intergovernmental organisation
(    8) ! nor does it submit to any jurisdiction.
(    9) # 10 "./yoethf.F90"
(   10) MODULE YOETHF
(   11) # 12 "./yoethf.F90"
(   12) USE PARKIND1  ,ONLY : JPIM     ,JPRB
(   13) # 14 "./yoethf.F90"
(   14) IMPLICIT NONE
(   15) # 16 "./yoethf.F90"
(   16) SAVE
(   17) # 18 "./yoethf.F90"
(   18) !     ------------------------------------------------------------------
(   19) !*     *YOETHF* DERIVED CONSTANTS SPECIFIC TO ECMWF THERMODYNAMICS
(   20) !     ------------------------------------------------------------------
(   21) # 22 "./yoethf.F90"
(   22) REAL(KIND=JPRB) :: R2ES
(   23) REAL(KIND=JPRB) :: R3LES
(   24) REAL(KIND=JPRB) :: R3IES
(   25) REAL(KIND=JPRB) :: R4LES
(   26) REAL(KIND=JPRB) :: R4IES
(   27) REAL(KIND=JPRB) :: R5LES
(   28) REAL(KIND=JPRB) :: R5IES
(   29) REAL(KIND=JPRB) :: RVTMP2
(   30) REAL(KIND=JPRB) :: RHOH2O
(   31) REAL(KIND=JPRB) :: R5ALVCP
(   32) REAL(KIND=JPRB) :: R5ALSCP
(   33) REAL(KIND=JPRB) :: RALVDCP
(   34) REAL(KIND=JPRB) :: RALSDCP
(   35) REAL(KIND=JPRB) :: RALFDCP
(   36) REAL(KIND=JPRB) :: RTWAT
(   37) REAL(KIND=JPRB) :: RTBER
(   38) REAL(KIND=JPRB) :: RTBERCU
(   39) REAL(KIND=JPRB) :: RTICE
(   40) REAL(KIND=JPRB) :: RTICECU
(   41) REAL(KIND=JPRB) :: RTWAT_RTICE_R
(   42) REAL(KIND=JPRB) :: RTWAT_RTICECU_R
(   43) REAL(KIND=JPRB) :: RKOOP1
(   44) REAL(KIND=JPRB) :: RKOOP2
(   45) # 46 "./yoethf.F90"
(   46) TYPE TTHF
(   47)   REAL(KIND=JPRB) :: R2ES
(   48)   REAL(KIND=JPRB) :: R3LES
(   49)   REAL(KIND=JPRB) :: R3IES
(   50)   REAL(KIND=JPRB) :: R4LES
(   51)   REAL(KIND=JPRB) :: R4IES
(   52)   REAL(KIND=JPRB) :: R5LES
(   53)   REAL(KIND=JPRB) :: R5IES
(   54)   REAL(KIND=JPRB) :: RVTMP2
(   55)   REAL(KIND=JPRB) :: RHOH2O
(   56)   REAL(KIND=JPRB) :: R5ALVCP
(   57)   REAL(KIND=JPRB) :: R5ALSCP






NVFORTRAN (Version     24.5)          03/19/2025  06:54:22      page 5

(   58)   REAL(KIND=JPRB) :: RALVDCP
(   59)   REAL(KIND=JPRB) :: RALSDCP
(   60)   REAL(KIND=JPRB) :: RALFDCP
(   61)   REAL(KIND=JPRB) :: RTWAT
(   62)   REAL(KIND=JPRB) :: RTBER
(   63)   REAL(KIND=JPRB) :: RTBERCU
(   64)   REAL(KIND=JPRB) :: RTICE
(   65)   REAL(KIND=JPRB) :: RTICECU
(   66)   REAL(KIND=JPRB) :: RTWAT_RTICE_R
(   67)   REAL(KIND=JPRB) :: RTWAT_RTICECU_R
(   68)   REAL(KIND=JPRB) :: RKOOP1
(   69)   REAL(KIND=JPRB) :: RKOOP2
(   70) END TYPE TTHF
(   71) # 72 "./yoethf.F90"
(   72) !     J.-J. MORCRETTE                   91/07/14  ADAPTED TO I.F.S.
(   73) # 74 "./yoethf.F90"
(   74) !      NAME     TYPE      PURPOSE
(   75) !      ----     ----      -------
(   76) # 77 "./yoethf.F90"
(   77) !     *R__ES*   REAL      *CONSTANTS USED FOR COMPUTATION OF SATURATION
(   78) !                         MIXING RATIO OVER LIQUID WATER(*R_LES*) OR
(   79) !                         ICE(*R_IES*).
(   80) !     *RVTMP2*  REAL      *RVTMP2=RCPV/RCPD-1.
(   81) !     *RHOH2O*  REAL      *DENSITY OF LIQUID WATER.   (RATM/100.)
(   82) !     *R5ALVCP* REAL      *R5LES*RLVTT/RCPD
(   83) !     *R5ALSCP* REAL      *R5IES*RLSTT/RCPD
(   84) !     *RALVDCP* REAL      *RLVTT/RCPD
(   85) !     *RALSDCP* REAL      *RLSTT/RCPD
(   86) !     *RALFDCP* REAL      *RLMLT/RCPD
(   87) !     *RTWAT*   REAL      *RTWAT=RTT
(   88) !     *RTBER*   REAL      *RTBER=RTT-0.05
(   89) !     *RTBERCU  REAL      *RTBERCU=RTT-5.0
(   90) !     *RTICE*   REAL      *RTICE=RTT-0.1
(   91) !     *RTICECU* REAL      *RTICECU=RTT-23.0
(   92) !     *RKOOP?   REAL      *CONSTANTS TO DESCRIBE KOOP FORM FOR NUCLEATION
(   93) !     *RTWAT_RTICE_R*   REAL      *RTWAT_RTICE_R=1./(RTWAT-RTICE)
(   94) !     *RTWAT_RTICECU_R* REAL      *RTWAT_RTICECU_R=1./(RTWAT-RTICECU)
(   95) # 96 "./yoethf.F90"
(   96) !       ----------------------------------------------------------------
(   97) # 98 "./yoethf.F90"
(   98) TYPE(TTHF), POINTER :: YRTHF => NULL ()
(   99) # 100 "./yoethf.F90"
(  100) CONTAINS
(  101) # 102 "./yoethf.F90"
(  102) TYPE (TTHF) FUNCTION TTHF_INIT () RESULT (YDTHF)
(  103) # 104 "./yoethf.F90"
(  104) YDTHF%R2ES            = R2ES
(  105) YDTHF%R3LES           = R3LES
(  106) YDTHF%R3IES           = R3IES
(  107) YDTHF%R4LES           = R4LES
(  108) YDTHF%R4IES           = R4IES
(  109) YDTHF%R5LES           = R5LES
(  110) YDTHF%R5IES           = R5IES
(  111) YDTHF%RVTMP2          = RVTMP2
(  112) YDTHF%RHOH2O          = RHOH2O
(  113) YDTHF%R5ALVCP         = R5ALVCP
(  114) YDTHF%R5ALSCP         = R5ALSCP
(  115) YDTHF%RALVDCP         = RALVDCP






NVFORTRAN (Version     24.5)          03/19/2025  06:54:22      page 6

(  116) YDTHF%RALSDCP         = RALSDCP
(  117) YDTHF%RALFDCP         = RALFDCP
(  118) YDTHF%RTWAT           = RTWAT
(  119) YDTHF%RTBER           = RTBER
(  120) YDTHF%RTBERCU         = RTBERCU
(  121) YDTHF%RTICE           = RTICE
(  122) YDTHF%RTICECU         = RTICECU
(  123) YDTHF%RTWAT_RTICE_R   = RTWAT_RTICE_R
(  124) YDTHF%RTWAT_RTICECU_R = RTWAT_RTICECU_R
(  125) YDTHF%RKOOP1          = RKOOP1
(  126) YDTHF%RKOOP2          = RKOOP2
(  127) # 128 "./yoethf.F90"
(  128) END FUNCTION TTHF_INIT
(  129) # 131 "./yoethf.F90"
(  131) END MODULE YOETHF
