


NVFORTRAN (Version     24.5)          03/19/2025  06:54:28      page 1

Switches: -noasm -nodclchk -debug -nodlines -line -list
          -idir /opt/softs/gcc/9.2.0/hpc_sdk/Linux_x86_64/24.5/comm_libs/12.4/hpcx/hpcx-2.19/ompi/include
          -idir /opt/softs/gcc/9.2.0/hpc_sdk/Linux_x86_64/24.5/comm_libs/12.4/hpcx/hpcx-2.19/ompi/lib
          -inform severe -opt 1 -nosave -object -noonetrip
          -depchk on -nostandard     
          -symbol -noupcase    

Filename: ./yompertpar.F90

(    1) MODULE YOMPERTPAR
(    2) !
(    3) ! Purpose :
(    4) ! ---------
(    5) ! Define bounds of perturbations range for
(    6) ! parameters to be perturbed in Random Parameter scheme
(    7) ! in PEARP
(    8) 
(    9) ! Interface :
(   10) ! ----------
(   11) ! Empty
(   12) 
(   13) ! External :
(   14) ! --------
(   15) ! None
(   16) 
(   17) ! Method :
(   18) ! -------
(   19) ! See documentation
(   20) 
(   21) ! Author:
(   22) ! -------
(   23) ! Original : L.descamps - 2021-04-26 
(   24) !-----------------------------------------------------------
(   25) !
(   26) USE PARKIND1  ,ONLY : JPIM     ,JPRB
(   27) 
(   28) IMPLICIT NONE
(   29) 
(   30) SAVE
(   31) 
(   32) TYPE TPERTPAR
(   33) 
(   34) LOGICAL :: LPERTPAR = .FALSE.
(   35) INTEGER(KIND=JPIM) :: NSEED_MBR
(   36) !
(   37) ! Perturbed parameters for TDK cv scheme
(   38) !
(   39) LOGICAL::LPERT_RMFDEPS = .FALSE.
(   40) REAL(KIND=JPRB)::RMFDEPS_MAX
(   41) REAL(KIND=JPRB)::RMFDEPS_MIN
(   42) !
(   43) LOGICAL::LPERT_RPRCON = .FALSE.
(   44) REAL(KIND=JPRB)::RPRCON_MAX
(   45) REAL(KIND=JPRB)::RPRCON_MIN
(   46) !
(   47) LOGICAL::LPERT_ENTRORG = .FALSE.
(   48) REAL(KIND=JPRB)::ENTRORG_MAX
(   49) REAL(KIND=JPRB)::ENTRORG_MIN
(   50) !






NVFORTRAN (Version     24.5)          03/19/2025  06:54:28      page 2

(   51) LOGICAL::LPERT_DETRPEN = .FALSE.
(   52) REAL(KIND=JPRB)::DETRPEN_MAX
(   53) REAL(KIND=JPRB)::DETRPEN_MIN
(   54) !
(   55) LOGICAL::LPERT_RTAUFAC = .FALSE.
(   56) REAL(KIND=JPRB)::RTAUFAC_MAX
(   57) REAL(KIND=JPRB)::RTAUFAC_MIN
(   58) !
(   59) LOGICAL::LPERT_CUDUV = .FALSE.
(   60) REAL(KIND=JPRB)::CUDU_MOD
(   61) REAL(KIND=JPRB)::CUDV_MOD
(   62) REAL(KIND=JPRB)::CUDUV_MAX
(   63) REAL(KIND=JPRB)::CUDUV_MIN
(   64) !
(   65) ! For PCMT deep cv scheme
(   66) LOGICAL::LPERT_GCVRE = .FALSE.
(   67) REAL(KIND=JPRB)::GCVRE_MAX
(   68) REAL(KIND=JPRB)::GCVRE_MIN
(   69) !
(   70) LOGICAL::LPERT_GCVEZ = .FALSE.
(   71) REAL(KIND=JPRB)::GCVEZ_MAX
(   72) REAL(KIND=JPRB)::GCVEZ_MIN
(   73) !
(   74) LOGICAL::LPERT_GCVUV = .FALSE.
(   75) REAL(KIND=JPRB)::GCVUV_MAX
(   76) REAL(KIND=JPRB)::GCVUV_MIN
(   77) !
(   78) ! For Turbulence
(   79) !
(   80) LOGICAL::LPERT_AKN = .FALSE.
(   81) REAL(KIND=JPRB)::AKN_MAX
(   82) REAL(KIND=JPRB)::AKN_MIN
(   83) !
(   84) LOGICAL::LPERT_ALD = .FALSE.
(   85) REAL(KIND=JPRB)::ALD_MAX
(   86) REAL(KIND=JPRB)::ALD_MIN
(   87) !
(   88) LOGICAL::LPERT_ALPHAT = .FALSE.
(   89) REAL(KIND=JPRB)::ALPHAT_MAX
(   90) REAL(KIND=JPRB)::ALPHAT_MIN
(   91) !
(   92) LOGICAL::LPERT_ALMAVE = .FALSE.
(   93) REAL(KIND=JPRB)::ALMAVE_MAX
(   94) REAL(KIND=JPRB)::ALMAVE_MIN
(   95) !
(   96) ! For Microphysic scheme
(   97) !
(   98) LOGICAL::LPERT_TFVL = .FALSE.
(   99) REAL(KIND=JPRB)::TFVL_MIN
(  100) REAL(KIND=JPRB)::TFVL_MAX
(  101) !
(  102) LOGICAL::LPERT_TFVR = .FALSE.
(  103) REAL(KIND=JPRB)::TFVR_MIN
(  104) REAL(KIND=JPRB)::TFVR_MAX
(  105) !
(  106) LOGICAL::LPERT_TFVS = .FALSE.
(  107) REAL(KIND=JPRB)::TFVS_MIN
(  108) REAL(KIND=JPRB)::TFVS_MAX






NVFORTRAN (Version     24.5)          03/19/2025  06:54:28      page 3

(  109) !
(  110) LOGICAL::LPERT_TFVI = .FALSE.
(  111) REAL(KIND=JPRB)::TFVI_MIN
(  112) REAL(KIND=JPRB)::TFVI_MAX
(  113) !
(  114) LOGICAL::LPERT_RAUTEFR = .FALSE.
(  115) REAL(KIND=JPRB)::RAUTEFR_MIN
(  116) REAL(KIND=JPRB)::RAUTEFR_MAX
(  117) !
(  118) LOGICAL::LPERT_RAUTEFS = .FALSE.
(  119) REAL(KIND=JPRB)::RAUTEFS_MIN
(  120) REAL(KIND=JPRB)::RAUTEFS_MAX
(  121) !
(  122) LOGICAL::LPERT_RQICRMIN = .FALSE.
(  123) REAL(KIND=JPRB)::RQICRMIN_MIN
(  124) REAL(KIND=JPRB)::RQICRMIN_MAX
(  125) !
(  126) LOGICAL::LPERT_RQICRMAX = .FALSE.
(  127) REAL(KIND=JPRB)::RQICRMAX_MIN
(  128) REAL(KIND=JPRB)::RQICRMAX_MAX
(  129) !
(  130) LOGICAL::LPERT_RQLCR = .FALSE.
(  131) REAL(KIND=JPRB)::RQLCR_MIN
(  132) REAL(KIND=JPRB)::RQLCR_MAX
(  133) !
(  134) LOGICAL::LPERT_RACCEF = .FALSE.
(  135) REAL(KIND=JPRB)::RACCEF_MIN
(  136) REAL(KIND=JPRB)::RACCEF_MAX
(  137) !
(  138) LOGICAL::LPERT_RRIMEF = .FALSE.
(  139) REAL(KIND=JPRB)::RRIMEF_MIN
(  140) REAL(KIND=JPRB)::RRIMEF_MAX
(  141) !
(  142) LOGICAL::LPERT_RAGGEF = .FALSE.
(  143) REAL(KIND=JPRB)::RAGGEF_MIN
(  144) REAL(KIND=JPRB)::RAGGEF_MAX
(  145) !
(  146) LOGICAL::LPERT_REVASX = .FALSE.
(  147) REAL(KIND=JPRB)::REVASX_MIN
(  148) REAL(KIND=JPRB)::REVASX_MAX
(  149) !
(  150) LOGICAL::LPERT_RDTFAC = .FALSE.
(  151) REAL(KIND=JPRB)::RDTFAC_MIN
(  152) REAL(KIND=JPRB)::RDTFAC_MAX
(  153) !
(  154) LOGICAL::LPERT_RHCRIT1 = .FALSE.
(  155) REAL(KIND=JPRB)::RHCRIT1_MIN
(  156) REAL(KIND=JPRB)::RHCRIT1_MAX
(  157) !
(  158) LOGICAL::LPERT_GRHCMOD = .FALSE.
(  159) REAL(KIND=JPRB)::GRHCMOD_MIN
(  160) REAL(KIND=JPRB)::GRHCMOD_MAX
(  161) !
(  162) ! For GWD scheme
(  163) !
(  164) LOGICAL::LPERT_GWDCD = .FALSE.
(  165) REAL(KIND=JPRB)::GWDCD_MIN
(  166) REAL(KIND=JPRB)::GWDCD_MAX






NVFORTRAN (Version     24.5)          03/19/2025  06:54:28      page 4

(  167) !
(  168) LOGICAL::LPERT_GWDSE = .FALSE.
(  169) REAL(KIND=JPRB)::GWDSE_MIN
(  170) REAL(KIND=JPRB)::GWDSE_MAX
(  171) !
(  172) LOGICAL::LPERT_HOBST = .FALSE.
(  173) REAL(KIND=JPRB)::HOBST_MIN
(  174) REAL(KIND=JPRB)::HOBST_MAX
(  175) !
(  176) ! For SRTM radiation scheme
(  177) !
(  178) LOGICAL::LPERT_RRATSEA = .FALSE.
(  179) REAL(KIND=JPRB)::RRATSEA_MIN
(  180) REAL(KIND=JPRB)::RRATSEA_MAX
(  181) !
(  182) LOGICAL::LPERT_RRATLAND = .FALSE.
(  183) REAL(KIND=JPRB)::RRATLAND_MIN
(  184) REAL(KIND=JPRB)::RRATLAND_MAX
(  185) !
(  186) LOGICAL::LPERT_RRATDRI = .FALSE.
(  187) REAL(KIND=JPRB)::RRATDRI_MAX
(  188) REAL(KIND=JPRB)::RRATDRI_MIN
(  189) !
(  190) LOGICAL::LPERT_RCADECOR = .FALSE.
(  191) REAL(KIND=JPRB)::RCADECOR_MAX
(  192) REAL(KIND=JPRB)::RCADECOR_MIN
(  193) !
(  194) LOGICAL::LPERT_RCBDECOR = .FALSE.
(  195) REAL(KIND=JPRB)::RCBDECOR_MAX
(  196) REAL(KIND=JPRB)::RCBDECOR_MIN
(  197) !
(  198) 
(  199) LOGICAL::LPERT_RSIGMA2 = .FALSE.
(  200) REAL(KIND=JPRB)::RSIGMA2_MAX
(  201) REAL(KIND=JPRB)::RSIGMA2_MIN
(  202) !
(  203) LOGICAL::LPERT_RFACDICE = .FALSE.
(  204) REAL(KIND=JPRB)::RFACDICE_MAX
(  205) REAL(KIND=JPRB)::RFACDICE_MIN
(  206) !
(  207) ! For surface scheme
(  208) !
(  209) LOGICAL::LPERT_XRIMAX = .FALSE.
(  210) REAL(KIND=JPRB)::XRIMAX_MIN
(  211) REAL(KIND=JPRB)::XRIMAX_MAX
(  212) !
(  213) LOGICAL::LPERT_XFRACZ0 = .FALSE.
(  214) REAL(KIND=JPRB)::XFRACZ0_MIN
(  215) REAL(KIND=JPRB)::XFRACZ0_MAX
(  216) !
(  217) ! For shallow cv scheme
(  218) !
(  219) LOGICAL::LPERT_OTADJS = .FALSE.
(  220) REAL(KIND=JPRB)::OTADJS_MIN
(  221) REAL(KIND=JPRB)::OTADJS_MAX
(  222) !
(  223) LOGICAL::LPERT_XENTR = .FALSE.
(  224) REAL(KIND=JPRB)::XENTR_MIN






NVFORTRAN (Version     24.5)          03/19/2025  06:54:28      page 5

(  225) REAL(KIND=JPRB)::XENTR_MAX
(  226) !
(  227) LOGICAL::LPERT_XATPERT = .FALSE.
(  228) REAL(KIND=JPRB)::XATPERT_MIN
(  229) REAL(KIND=JPRB)::XATPERT_MAX
(  230) !
(  231) LOGICAL::LPERT_XBTPERT = .FALSE.
(  232) REAL(KIND=JPRB)::XBTPERT_MIN
(  233) REAL(KIND=JPRB)::XBTPERT_MAX
(  234) !
(  235) LOGICAL::LPERT_XDTPERT = .FALSE.
(  236) REAL(KIND=JPRB)::XDTPERT_MIN
(  237) REAL(KIND=JPRB)::XDTPERT_MAX
(  238) !
(  239) LOGICAL::LPERT_XAW = .FALSE.
(  240) REAL(KIND=JPRB)::XAW_MIN
(  241) REAL(KIND=JPRB)::XAW_MAX
(  242) !
(  243) LOGICAL::LPERT_XBW = .FALSE.
(  244) REAL(KIND=JPRB)::XBW_MIN
(  245) REAL(KIND=JPRB)::XBW_MAX
(  246) !
(  247) LOGICAL::LPERT_RKFBTAU = .FALSE.
(  248) REAL(KIND=JPRB)::RKFBTAU_MIN
(  249) REAL(KIND=JPRB)::RKFBTAU_MAX
(  250) !
(  251) LOGICAL::LPERT_RKFBNBX = .FALSE.
(  252) REAL(KIND=JPRB)::RKFBNBX_MIN
(  253) REAL(KIND=JPRB)::RKFBNBX_MAX
(  254) !
(  255) ! For ECUME scheme
(  256) LOGICAL::LPERT_XPERTFLUX = .FALSE.
(  257) REAL(KIND=JPRB)::XPERTFLUX_MAX
(  258) REAL(KIND=JPRB)::XPERTFLUX_MIN
(  259) 
(  260) END TYPE
(  261) 
(  262) 
(  263) END MODULE YOMPERTPAR

























NVFORTRAN (Version     24.5)          03/19/2025  06:54:28      page 6

(    1) # 1 "./yompertpar.F90"
(    1) MODULE YOMPERTPAR
(    2) !
(    3) ! Purpose :
(    4) ! ---------
(    5) ! Define bounds of perturbations range for
(    6) ! parameters to be perturbed in Random Parameter scheme
(    7) ! in PEARP
(    8) # 9 "./yompertpar.F90"
(    9) ! Interface :
(   10) ! ----------
(   11) ! Empty
(   12) # 13 "./yompertpar.F90"
(   13) ! External :
(   14) ! --------
(   15) ! None
(   16) # 17 "./yompertpar.F90"
(   17) ! Method :
(   18) ! -------
(   19) ! See documentation
(   20) # 21 "./yompertpar.F90"
(   21) ! Author:
(   22) ! -------
(   23) ! Original : L.descamps - 2021-04-26 
(   24) !-----------------------------------------------------------
(   25) !
(   26) USE PARKIND1  ,ONLY : JPIM     ,JPRB
(   27) # 28 "./yompertpar.F90"
(   28) IMPLICIT NONE
(   29) # 30 "./yompertpar.F90"
(   30) SAVE
(   31) # 32 "./yompertpar.F90"
(   32) TYPE TPERTPAR
(   33) # 34 "./yompertpar.F90"
(   34) LOGICAL :: LPERTPAR = .FALSE.
(   35) INTEGER(KIND=JPIM) :: NSEED_MBR
(   36) !
(   37) ! Perturbed parameters for TDK cv scheme
(   38) !
(   39) LOGICAL::LPERT_RMFDEPS = .FALSE.
(   40) REAL(KIND=JPRB)::RMFDEPS_MAX
(   41) REAL(KIND=JPRB)::RMFDEPS_MIN
(   42) !
(   43) LOGICAL::LPERT_RPRCON = .FALSE.
(   44) REAL(KIND=JPRB)::RPRCON_MAX
(   45) REAL(KIND=JPRB)::RPRCON_MIN
(   46) !
(   47) LOGICAL::LPERT_ENTRORG = .FALSE.
(   48) REAL(KIND=JPRB)::ENTRORG_MAX
(   49) REAL(KIND=JPRB)::ENTRORG_MIN
(   50) !
(   51) LOGICAL::LPERT_DETRPEN = .FALSE.
(   52) REAL(KIND=JPRB)::DETRPEN_MAX
(   53) REAL(KIND=JPRB)::DETRPEN_MIN
(   54) !
(   55) LOGICAL::LPERT_RTAUFAC = .FALSE.
(   56) REAL(KIND=JPRB)::RTAUFAC_MAX
(   57) REAL(KIND=JPRB)::RTAUFAC_MIN






NVFORTRAN (Version     24.5)          03/19/2025  06:54:28      page 7

(   58) !
(   59) LOGICAL::LPERT_CUDUV = .FALSE.
(   60) REAL(KIND=JPRB)::CUDU_MOD
(   61) REAL(KIND=JPRB)::CUDV_MOD
(   62) REAL(KIND=JPRB)::CUDUV_MAX
(   63) REAL(KIND=JPRB)::CUDUV_MIN
(   64) !
(   65) ! For PCMT deep cv scheme
(   66) LOGICAL::LPERT_GCVRE = .FALSE.
(   67) REAL(KIND=JPRB)::GCVRE_MAX
(   68) REAL(KIND=JPRB)::GCVRE_MIN
(   69) !
(   70) LOGICAL::LPERT_GCVEZ = .FALSE.
(   71) REAL(KIND=JPRB)::GCVEZ_MAX
(   72) REAL(KIND=JPRB)::GCVEZ_MIN
(   73) !
(   74) LOGICAL::LPERT_GCVUV = .FALSE.
(   75) REAL(KIND=JPRB)::GCVUV_MAX
(   76) REAL(KIND=JPRB)::GCVUV_MIN
(   77) !
(   78) ! For Turbulence
(   79) !
(   80) LOGICAL::LPERT_AKN = .FALSE.
(   81) REAL(KIND=JPRB)::AKN_MAX
(   82) REAL(KIND=JPRB)::AKN_MIN
(   83) !
(   84) LOGICAL::LPERT_ALD = .FALSE.
(   85) REAL(KIND=JPRB)::ALD_MAX
(   86) REAL(KIND=JPRB)::ALD_MIN
(   87) !
(   88) LOGICAL::LPERT_ALPHAT = .FALSE.
(   89) REAL(KIND=JPRB)::ALPHAT_MAX
(   90) REAL(KIND=JPRB)::ALPHAT_MIN
(   91) !
(   92) LOGICAL::LPERT_ALMAVE = .FALSE.
(   93) REAL(KIND=JPRB)::ALMAVE_MAX
(   94) REAL(KIND=JPRB)::ALMAVE_MIN
(   95) !
(   96) ! For Microphysic scheme
(   97) !
(   98) LOGICAL::LPERT_TFVL = .FALSE.
(   99) REAL(KIND=JPRB)::TFVL_MIN
(  100) REAL(KIND=JPRB)::TFVL_MAX
(  101) !
(  102) LOGICAL::LPERT_TFVR = .FALSE.
(  103) REAL(KIND=JPRB)::TFVR_MIN
(  104) REAL(KIND=JPRB)::TFVR_MAX
(  105) !
(  106) LOGICAL::LPERT_TFVS = .FALSE.
(  107) REAL(KIND=JPRB)::TFVS_MIN
(  108) REAL(KIND=JPRB)::TFVS_MAX
(  109) !
(  110) LOGICAL::LPERT_TFVI = .FALSE.
(  111) REAL(KIND=JPRB)::TFVI_MIN
(  112) REAL(KIND=JPRB)::TFVI_MAX
(  113) !
(  114) LOGICAL::LPERT_RAUTEFR = .FALSE.
(  115) REAL(KIND=JPRB)::RAUTEFR_MIN






NVFORTRAN (Version     24.5)          03/19/2025  06:54:28      page 8

(  116) REAL(KIND=JPRB)::RAUTEFR_MAX
(  117) !
(  118) LOGICAL::LPERT_RAUTEFS = .FALSE.
(  119) REAL(KIND=JPRB)::RAUTEFS_MIN
(  120) REAL(KIND=JPRB)::RAUTEFS_MAX
(  121) !
(  122) LOGICAL::LPERT_RQICRMIN = .FALSE.
(  123) REAL(KIND=JPRB)::RQICRMIN_MIN
(  124) REAL(KIND=JPRB)::RQICRMIN_MAX
(  125) !
(  126) LOGICAL::LPERT_RQICRMAX = .FALSE.
(  127) REAL(KIND=JPRB)::RQICRMAX_MIN
(  128) REAL(KIND=JPRB)::RQICRMAX_MAX
(  129) !
(  130) LOGICAL::LPERT_RQLCR = .FALSE.
(  131) REAL(KIND=JPRB)::RQLCR_MIN
(  132) REAL(KIND=JPRB)::RQLCR_MAX
(  133) !
(  134) LOGICAL::LPERT_RACCEF = .FALSE.
(  135) REAL(KIND=JPRB)::RACCEF_MIN
(  136) REAL(KIND=JPRB)::RACCEF_MAX
(  137) !
(  138) LOGICAL::LPERT_RRIMEF = .FALSE.
(  139) REAL(KIND=JPRB)::RRIMEF_MIN
(  140) REAL(KIND=JPRB)::RRIMEF_MAX
(  141) !
(  142) LOGICAL::LPERT_RAGGEF = .FALSE.
(  143) REAL(KIND=JPRB)::RAGGEF_MIN
(  144) REAL(KIND=JPRB)::RAGGEF_MAX
(  145) !
(  146) LOGICAL::LPERT_REVASX = .FALSE.
(  147) REAL(KIND=JPRB)::REVASX_MIN
(  148) REAL(KIND=JPRB)::REVASX_MAX
(  149) !
(  150) LOGICAL::LPERT_RDTFAC = .FALSE.
(  151) REAL(KIND=JPRB)::RDTFAC_MIN
(  152) REAL(KIND=JPRB)::RDTFAC_MAX
(  153) !
(  154) LOGICAL::LPERT_RHCRIT1 = .FALSE.
(  155) REAL(KIND=JPRB)::RHCRIT1_MIN
(  156) REAL(KIND=JPRB)::RHCRIT1_MAX
(  157) !
(  158) LOGICAL::LPERT_GRHCMOD = .FALSE.
(  159) REAL(KIND=JPRB)::GRHCMOD_MIN
(  160) REAL(KIND=JPRB)::GRHCMOD_MAX
(  161) !
(  162) ! For GWD scheme
(  163) !
(  164) LOGICAL::LPERT_GWDCD = .FALSE.
(  165) REAL(KIND=JPRB)::GWDCD_MIN
(  166) REAL(KIND=JPRB)::GWDCD_MAX
(  167) !
(  168) LOGICAL::LPERT_GWDSE = .FALSE.
(  169) REAL(KIND=JPRB)::GWDSE_MIN
(  170) REAL(KIND=JPRB)::GWDSE_MAX
(  171) !
(  172) LOGICAL::LPERT_HOBST = .FALSE.
(  173) REAL(KIND=JPRB)::HOBST_MIN






NVFORTRAN (Version     24.5)          03/19/2025  06:54:28      page 9

(  174) REAL(KIND=JPRB)::HOBST_MAX
(  175) !
(  176) ! For SRTM radiation scheme
(  177) !
(  178) LOGICAL::LPERT_RRATSEA = .FALSE.
(  179) REAL(KIND=JPRB)::RRATSEA_MIN
(  180) REAL(KIND=JPRB)::RRATSEA_MAX
(  181) !
(  182) LOGICAL::LPERT_RRATLAND = .FALSE.
(  183) REAL(KIND=JPRB)::RRATLAND_MIN
(  184) REAL(KIND=JPRB)::RRATLAND_MAX
(  185) !
(  186) LOGICAL::LPERT_RRATDRI = .FALSE.
(  187) REAL(KIND=JPRB)::RRATDRI_MAX
(  188) REAL(KIND=JPRB)::RRATDRI_MIN
(  189) !
(  190) LOGICAL::LPERT_RCADECOR = .FALSE.
(  191) REAL(KIND=JPRB)::RCADECOR_MAX
(  192) REAL(KIND=JPRB)::RCADECOR_MIN
(  193) !
(  194) LOGICAL::LPERT_RCBDECOR = .FALSE.
(  195) REAL(KIND=JPRB)::RCBDECOR_MAX
(  196) REAL(KIND=JPRB)::RCBDECOR_MIN
(  197) !
(  198) # 199 "./yompertpar.F90"
(  199) LOGICAL::LPERT_RSIGMA2 = .FALSE.
(  200) REAL(KIND=JPRB)::RSIGMA2_MAX
(  201) REAL(KIND=JPRB)::RSIGMA2_MIN
(  202) !
(  203) LOGICAL::LPERT_RFACDICE = .FALSE.
(  204) REAL(KIND=JPRB)::RFACDICE_MAX
(  205) REAL(KIND=JPRB)::RFACDICE_MIN
(  206) !
(  207) ! For surface scheme
(  208) !
(  209) LOGICAL::LPERT_XRIMAX = .FALSE.
(  210) REAL(KIND=JPRB)::XRIMAX_MIN
(  211) REAL(KIND=JPRB)::XRIMAX_MAX
(  212) !
(  213) LOGICAL::LPERT_XFRACZ0 = .FALSE.
(  214) REAL(KIND=JPRB)::XFRACZ0_MIN
(  215) REAL(KIND=JPRB)::XFRACZ0_MAX
(  216) !
(  217) ! For shallow cv scheme
(  218) !
(  219) LOGICAL::LPERT_OTADJS = .FALSE.
(  220) REAL(KIND=JPRB)::OTADJS_MIN
(  221) REAL(KIND=JPRB)::OTADJS_MAX
(  222) !
(  223) LOGICAL::LPERT_XENTR = .FALSE.
(  224) REAL(KIND=JPRB)::XENTR_MIN
(  225) REAL(KIND=JPRB)::XENTR_MAX
(  226) !
(  227) LOGICAL::LPERT_XATPERT = .FALSE.
(  228) REAL(KIND=JPRB)::XATPERT_MIN
(  229) REAL(KIND=JPRB)::XATPERT_MAX
(  230) !
(  231) LOGICAL::LPERT_XBTPERT = .FALSE.






NVFORTRAN (Version     24.5)          03/19/2025  06:54:28      page 10

(  232) REAL(KIND=JPRB)::XBTPERT_MIN
(  233) REAL(KIND=JPRB)::XBTPERT_MAX
(  234) !
(  235) LOGICAL::LPERT_XDTPERT = .FALSE.
(  236) REAL(KIND=JPRB)::XDTPERT_MIN
(  237) REAL(KIND=JPRB)::XDTPERT_MAX
(  238) !
(  239) LOGICAL::LPERT_XAW = .FALSE.
(  240) REAL(KIND=JPRB)::XAW_MIN
(  241) REAL(KIND=JPRB)::XAW_MAX
(  242) !
(  243) LOGICAL::LPERT_XBW = .FALSE.
(  244) REAL(KIND=JPRB)::XBW_MIN
(  245) REAL(KIND=JPRB)::XBW_MAX
(  246) !
(  247) LOGICAL::LPERT_RKFBTAU = .FALSE.
(  248) REAL(KIND=JPRB)::RKFBTAU_MIN
(  249) REAL(KIND=JPRB)::RKFBTAU_MAX
(  250) !
(  251) LOGICAL::LPERT_RKFBNBX = .FALSE.
(  252) REAL(KIND=JPRB)::RKFBNBX_MIN
(  253) REAL(KIND=JPRB)::RKFBNBX_MAX
(  254) !
(  255) ! For ECUME scheme
(  256) LOGICAL::LPERT_XPERTFLUX = .FALSE.
(  257) REAL(KIND=JPRB)::XPERTFLUX_MAX
(  258) REAL(KIND=JPRB)::XPERTFLUX_MIN
(  259) # 260 "./yompertpar.F90"
(  260) END TYPE
(  261) # 263 "./yompertpar.F90"
(  263) END MODULE YOMPERTPAR
