


NVFORTRAN (Version     24.5)          03/19/2025  06:54:24      page 1

Switches: -noasm -nodclchk -debug -nodlines -line -list
          -idir /opt/softs/gcc/9.2.0/hpc_sdk/Linux_x86_64/24.5/comm_libs/12.4/hpcx/hpcx-2.19/ompi/include
          -idir /opt/softs/gcc/9.2.0/hpc_sdk/Linux_x86_64/24.5/comm_libs/12.4/hpcx/hpcx-2.19/ompi/lib
          -inform severe -opt 1 -nosave -object -noonetrip
          -depchk on -nostandard     
          -symbol -noupcase    

Filename: ./yophnc.F90

(    1) MODULE YOPHNC
(    2) 
(    3) IMPLICIT NONE
(    4) 
(    5) SAVE
(    6) 
(    7) ! -------- SWITCHES FOR T-DT TRAJECTORY AND PHYSICS  -------------
(    8) 
(    9) ! LETRAJP  : TRUE IF STORAGE OF TRAJECTORY AT T-DT
(   10) ! LETRAJPT : TRUE IF STORAGE OF TRAJECTORY OF PHYS.TENDENCIES
(   11) !            FOR ADJOINT
(   12) 
(   13) ! LERADI2   : TRUE IF RADIATION SCHEME ACTIVATED IN TL AND AD
(   14) ! LERADS2   : TRUE IF RADIATION AT THE SURFACE ACTIVATED IN TL AND AD
(   15) ! LERADSW2  : TRUE IF SHORTWAVE RADIATION SCHEME ACTIVATED IN TL AND AD
(   16) ! LERADN2   : TRUE IF LINEARIZED SW+LW RAD.SCHEMES ACTIVATED IN TL AND AD
(   17) ! LERADFL2  : TRUE IF FULL LINERAIZED LW = a dF + da F IN TL AND AD
(   18) ! LERADLW2  : TRUE IF LONGWAVE RADIATION SCHEME ACTIVATED IN TL AND AD
(   19) ! LH2OCO2   : TRUE IF TRANSMISSION FUNCTIONS COMPUTED ONLY FOR H2O and CO2
(   20) !                     ABSORBERS IN LW-RADIATION
(   21) ! LWLOPT    : TRUE IF OPTIMIZATION OF LINEARIZED LW-RADIATION
(   22) ! LWSOPT    : TRUE IF OPTIMIZATION OF LINEARIZED SW-RADIATION
(   23) ! LEDCLD2   : TRUE IF DIAGNOSTIC CLOUDS ACTIVATED IN TL AND AD
(   24) ! LEPCLD2   : TRUE IF SIMPLE PROGNOSTIC CLOUD SCHEME FOR LINEARIZED MODEL ACTIVATED
(   25) ! LENCLD2   : TRUE IF SIMPLE CLOUD SCHEME FOR LINEARIZED MODEL ACTIVATED
(   26) ! LEVAPLS2  : TRUE IF EVAPORATION OF LARGE SCALE CONDENSATION IN TL/AD
(   27) ! LEVDIF2   : TRUE IF VERTICAL DIFFUSION ACTIVATED IN TL AND AD
(   28) ! LEGWDG2   : TRUE IF S.S. OROGRAPHY SCHEME ACTIVATED IN TL AND AD
(   29) ! LECUMF2   : TRUE IF MASS-FLUX CONVECTION ACTIVATED IN TL AND AD
(   30) ! LECOND2   : TRUE IF CONDENSATION SCHEME ACTIVATED IN TL AND AD
(   31) ! LEGWWMS2  : TRUE IF NON-OROGRAPHIC GRAVITY WAVE DRAG ACTIVATED IN TL/AD
(   32) ! LEQNGT2   : TRUE IF Q<0 REMOVAL SCHEME ACTIVATED IN TL AND AD
(   33) ! LESURF2   : TRUE IF LAND SURFACE  SCHEME ACTIVATED IN TL AND AD
(   34) ! LEKPERT   : TRUE IF PERTURBATION OF EXCHANGE COEEFICIENTS
(   35) ! LEKPERTS  : TRUE IF PERTURBATION OF SURFACE EXCHANGE COEEFICIENTS
(   36) ! LTRACLNPH : TRUE IF TRACERS TO BE USED IN LINEARIZED PHYSICS
(   37) 
(   38) TYPE :: TPHNC
(   39) LOGICAL :: LETRAJP
(   40) LOGICAL :: LETRAJPT
(   41) LOGICAL :: LERADI2
(   42) LOGICAL :: LERADS2
(   43) LOGICAL :: LERADSW2
(   44) LOGICAL :: LERADN2
(   45) LOGICAL :: LERADFL2
(   46) LOGICAL :: LERADLW2
(   47) LOGICAL :: LH2OCO2
(   48) LOGICAL :: LWLOPT
(   49) LOGICAL :: LWSOPT
(   50) LOGICAL :: LEDCLD2






NVFORTRAN (Version     24.5)          03/19/2025  06:54:24      page 2

(   51) LOGICAL :: LEPCLD2
(   52) LOGICAL :: LENCLD2
(   53) LOGICAL :: LEVAPLS2
(   54) LOGICAL :: LEVDIF2
(   55) LOGICAL :: LEGWDG2
(   56) LOGICAL :: LECUMF2
(   57) LOGICAL :: LECOND2
(   58) LOGICAL :: LEGWWMS2
(   59) LOGICAL :: LEQNGT2
(   60) LOGICAL :: LESURF2
(   61) LOGICAL :: LEKPERT
(   62) LOGICAL :: LEKPERTS
(   63) LOGICAL :: LTRACLNPH
(   64) !----------------------------------------------------------------------------
(   65) CONTAINS
(   66) END TYPE TPHNC
(   67) !============================================================================
(   68) 
(   69) !!TYPE(TPHNC), POINTER :: YRPHNC => NULL()
(   70) 
(   71) END MODULE YOPHNC











































NVFORTRAN (Version     24.5)          03/19/2025  06:54:24      page 3

(    1) # 1 "./yophnc.F90"
(    1) MODULE YOPHNC
(    2) # 3 "./yophnc.F90"
(    3) IMPLICIT NONE
(    4) # 5 "./yophnc.F90"
(    5) SAVE
(    6) # 7 "./yophnc.F90"
(    7) ! -------- SWITCHES FOR T-DT TRAJECTORY AND PHYSICS  -------------
(    8) # 9 "./yophnc.F90"
(    9) ! LETRAJP  : TRUE IF STORAGE OF TRAJECTORY AT T-DT
(   10) ! LETRAJPT : TRUE IF STORAGE OF TRAJECTORY OF PHYS.TENDENCIES
(   11) !            FOR ADJOINT
(   12) # 13 "./yophnc.F90"
(   13) ! LERADI2   : TRUE IF RADIATION SCHEME ACTIVATED IN TL AND AD
(   14) ! LERADS2   : TRUE IF RADIATION AT THE SURFACE ACTIVATED IN TL AND AD
(   15) ! LERADSW2  : TRUE IF SHORTWAVE RADIATION SCHEME ACTIVATED IN TL AND AD
(   16) ! LERADN2   : TRUE IF LINEARIZED SW+LW RAD.SCHEMES ACTIVATED IN TL AND AD
(   17) ! LERADFL2  : TRUE IF FULL LINERAIZED LW = a dF + da F IN TL AND AD
(   18) ! LERADLW2  : TRUE IF LONGWAVE RADIATION SCHEME ACTIVATED IN TL AND AD
(   19) ! LH2OCO2   : TRUE IF TRANSMISSION FUNCTIONS COMPUTED ONLY FOR H2O and CO2
(   20) !                     ABSORBERS IN LW-RADIATION
(   21) ! LWLOPT    : TRUE IF OPTIMIZATION OF LINEARIZED LW-RADIATION
(   22) ! LWSOPT    : TRUE IF OPTIMIZATION OF LINEARIZED SW-RADIATION
(   23) ! LEDCLD2   : TRUE IF DIAGNOSTIC CLOUDS ACTIVATED IN TL AND AD
(   24) ! LEPCLD2   : TRUE IF SIMPLE PROGNOSTIC CLOUD SCHEME FOR LINEARIZED MODEL ACTIVATED
(   25) ! LENCLD2   : TRUE IF SIMPLE CLOUD SCHEME FOR LINEARIZED MODEL ACTIVATED
(   26) ! LEVAPLS2  : TRUE IF EVAPORATION OF LARGE SCALE CONDENSATION IN TL/AD
(   27) ! LEVDIF2   : TRUE IF VERTICAL DIFFUSION ACTIVATED IN TL AND AD
(   28) ! LEGWDG2   : TRUE IF S.S. OROGRAPHY SCHEME ACTIVATED IN TL AND AD
(   29) ! LECUMF2   : TRUE IF MASS-FLUX CONVECTION ACTIVATED IN TL AND AD
(   30) ! LECOND2   : TRUE IF CONDENSATION SCHEME ACTIVATED IN TL AND AD
(   31) ! LEGWWMS2  : TRUE IF NON-OROGRAPHIC GRAVITY WAVE DRAG ACTIVATED IN TL/AD
(   32) ! LEQNGT2   : TRUE IF Q<0 REMOVAL SCHEME ACTIVATED IN TL AND AD
(   33) ! LESURF2   : TRUE IF LAND SURFACE  SCHEME ACTIVATED IN TL AND AD
(   34) ! LEKPERT   : TRUE IF PERTURBATION OF EXCHANGE COEEFICIENTS
(   35) ! LEKPERTS  : TRUE IF PERTURBATION OF SURFACE EXCHANGE COEEFICIENTS
(   36) ! LTRACLNPH : TRUE IF TRACERS TO BE USED IN LINEARIZED PHYSICS
(   37) # 38 "./yophnc.F90"
(   38) TYPE :: TPHNC
(   39) LOGICAL :: LETRAJP
(   40) LOGICAL :: LETRAJPT
(   41) LOGICAL :: LERADI2
(   42) LOGICAL :: LERADS2
(   43) LOGICAL :: LERADSW2
(   44) LOGICAL :: LERADN2
(   45) LOGICAL :: LERADFL2
(   46) LOGICAL :: LERADLW2
(   47) LOGICAL :: LH2OCO2
(   48) LOGICAL :: LWLOPT
(   49) LOGICAL :: LWSOPT
(   50) LOGICAL :: LEDCLD2
(   51) LOGICAL :: LEPCLD2
(   52) LOGICAL :: LENCLD2
(   53) LOGICAL :: LEVAPLS2
(   54) LOGICAL :: LEVDIF2
(   55) LOGICAL :: LEGWDG2
(   56) LOGICAL :: LECUMF2
(   57) LOGICAL :: LECOND2






NVFORTRAN (Version     24.5)          03/19/2025  06:54:24      page 4

(   58) LOGICAL :: LEGWWMS2
(   59) LOGICAL :: LEQNGT2
(   60) LOGICAL :: LESURF2
(   61) LOGICAL :: LEKPERT
(   62) LOGICAL :: LEKPERTS
(   63) LOGICAL :: LTRACLNPH
(   64) !----------------------------------------------------------------------------
(   65) CONTAINS
(   66) END TYPE TPHNC
(   67) !============================================================================
(   68) # 69 "./yophnc.F90"
(   69) !!TYPE(TPHNC), POINTER :: YRPHNC => NULL()
(   70) # 71 "./yophnc.F90"
(   71) END MODULE YOPHNC
