avec opt
+ ulimit -s unlimited
+ export OMP_STACK_SIZE=4G
+ OMP_STACK_SIZE=4G
+ export OMP_NUM_THREADS=8
+ OMP_NUM_THREADS=8
+ cd /home/gmap/mrpm/cossevine/cucalln2_loki
++ cat /home/gmap/mrpm/cossevine/cucalln2_loki/scripts/blocks.txt
+ for b in '$(cat /home/gmap/mrpm/cossevine/cucalln2_loki/scripts/blocks.txt)'
+ /home/gmap/mrpm/cossevine/cucalln2_loki/compile.gpu_nvhpc_d/main_cucalln_mf.x --case-out /scratch/work/cossevine/tmp/cucalln/out --ngpblks 256 --case-in /scratch/work/cossevine/tmp/cucalln/000001 --verbose --method openaccsinglecolumn --times 10
  NPROMA =            32  NGPBLKS =           256  KLEV =           105
  ISIZE4 =            10  ISIZE8 =            80  NTIME =            10
          CLARCH;                        CLMETHOD;  NPROMA; NGPBLKS;   NTIME;              ZTCTOT;                 ZTC;              ZTDTOT;                 ZTD
                ;             openaccsinglecolumn;      32;     256;      10;    0.2954266071E+00;    0.3606281825E-05;    0.7456936836E+00;    0.9102706099E-05
+ for b in '$(cat /home/gmap/mrpm/cossevine/cucalln2_loki/scripts/blocks.txt)'
+ /home/gmap/mrpm/cossevine/cucalln2_loki/compile.gpu_nvhpc_d/main_cucalln_mf.x --case-out /scratch/work/cossevine/tmp/cucalln/out --ngpblks 480 --case-in /scratch/work/cossevine/tmp/cucalln/000001 --verbose --method openaccsinglecolumn --times 10
  NPROMA =            32  NGPBLKS =           480  KLEV =           105
  ISIZE4 =            10  ISIZE8 =            80  NTIME =            10
          CLARCH;                        CLMETHOD;  NPROMA; NGPBLKS;   NTIME;              ZTCTOT;                 ZTC;              ZTDTOT;                 ZTD
                ;             openaccsinglecolumn;      32;     480;      10;    0.4495198727E+00;    0.2926561671E-05;    0.8475818634E+00;    0.5518111090E-05
+ for b in '$(cat /home/gmap/mrpm/cossevine/cucalln2_loki/scripts/blocks.txt)'
+ /home/gmap/mrpm/cossevine/cucalln2_loki/compile.gpu_nvhpc_d/main_cucalln_mf.x --case-out /scratch/work/cossevine/tmp/cucalln/out --ngpblks 640 --case-in /scratch/work/cossevine/tmp/cucalln/000001 --verbose --method openaccsinglecolumn --times 10
  NPROMA =            32  NGPBLKS =           640  KLEV =           105
  ISIZE4 =            10  ISIZE8 =            80  NTIME =            10
          CLARCH;                        CLMETHOD;  NPROMA; NGPBLKS;   NTIME;              ZTCTOT;                 ZTC;              ZTDTOT;                 ZTD
                ;             openaccsinglecolumn;      32;     640;      10;    0.5436325073E+00;    0.2654455602E-05;    0.9840776920E+00;    0.4805066856E-05
+ for b in '$(cat /home/gmap/mrpm/cossevine/cucalln2_loki/scripts/blocks.txt)'
+ /home/gmap/mrpm/cossevine/cucalln2_loki/compile.gpu_nvhpc_d/main_cucalln_mf.x --case-out /scratch/work/cossevine/tmp/cucalln/out --ngpblks 960 --case-in /scratch/work/cossevine/tmp/cucalln/000001 --verbose --method openaccsinglecolumn --times 10
  NPROMA =            32  NGPBLKS =           960  KLEV =           105
  ISIZE4 =            10  ISIZE8 =            80  NTIME =            10
          CLARCH;                        CLMETHOD;  NPROMA; NGPBLKS;   NTIME;              ZTCTOT;                 ZTC;              ZTDTOT;                 ZTD
                ;             openaccsinglecolumn;      32;     960;      10;    0.7332429886E+00;    0.2386858687E-05;    0.1308737993E+01;    0.4260214822E-05
+ for b in '$(cat /home/gmap/mrpm/cossevine/cucalln2_loki/scripts/blocks.txt)'
+ /home/gmap/mrpm/cossevine/cucalln2_loki/compile.gpu_nvhpc_d/main_cucalln_mf.x --case-out /scratch/work/cossevine/tmp/cucalln/out --ngpblks 1120 --case-in /scratch/work/cossevine/tmp/cucalln/000001 --verbose --method openaccsinglecolumn --times 10
  NPROMA =            32  NGPBLKS =          1120  KLEV =           105
  ISIZE4 =            10  ISIZE8 =            80  NTIME =            10
          CLARCH;                        CLMETHOD;  NPROMA; NGPBLKS;   NTIME;              ZTCTOT;                 ZTC;              ZTDTOT;                 ZTD
                ;             openaccsinglecolumn;      32;    1120;      10;    0.8221237659E+00;    0.2293872115E-05;    0.1418434858E+01;    0.3957686547E-05
+ for b in '$(cat /home/gmap/mrpm/cossevine/cucalln2_loki/scripts/blocks.txt)'
+ /home/gmap/mrpm/cossevine/cucalln2_loki/compile.gpu_nvhpc_d/main_cucalln_mf.x --case-out /scratch/work/cossevine/tmp/cucalln/out --ngpblks 1440 --case-in /scratch/work/cossevine/tmp/cucalln/000001 --verbose --method openaccsinglecolumn --times 10
  NPROMA =            32  NGPBLKS =          1440  KLEV =           105
  ISIZE4 =            10  ISIZE8 =            80  NTIME =            10
          CLARCH;                        CLMETHOD;  NPROMA; NGPBLKS;   NTIME;              ZTCTOT;                 ZTC;              ZTDTOT;                 ZTD
                ;             openaccsinglecolumn;      32;    1440;      10;    0.1033203363E+01;    0.2242194799E-05;    0.1624900341E+01;    0.3526259421E-05
+ for b in '$(cat /home/gmap/mrpm/cossevine/cucalln2_loki/scripts/blocks.txt)'
+ /home/gmap/mrpm/cossevine/cucalln2_loki/compile.gpu_nvhpc_d/main_cucalln_mf.x --case-out /scratch/work/cossevine/tmp/cucalln/out --ngpblks 1760 --case-in /scratch/work/cossevine/tmp/cucalln/000001 --verbose --method openaccsinglecolumn --times 10
  NPROMA =            32  NGPBLKS =          1760  KLEV =           105
  ISIZE4 =            10  ISIZE8 =            80  NTIME =            10
          CLARCH;                        CLMETHOD;  NPROMA; NGPBLKS;   NTIME;              ZTCTOT;                 ZTC;              ZTDTOT;                 ZTD
                ;             openaccsinglecolumn;      32;    1760;      10;    0.1231073618E+01;    0.2185855145E-05;    0.1962380886E+01;    0.3484341062E-05
+ for b in '$(cat /home/gmap/mrpm/cossevine/cucalln2_loki/scripts/blocks.txt)'
+ /home/gmap/mrpm/cossevine/cucalln2_loki/compile.gpu_nvhpc_d/main_cucalln_mf.x --case-out /scratch/work/cossevine/tmp/cucalln/out --ngpblks 2048 --case-in /scratch/work/cossevine/tmp/cucalln/000001 --verbose --method openaccsinglecolumn --times 10
  NPROMA =            32  NGPBLKS =          2048  KLEV =           105
  ISIZE4 =            10  ISIZE8 =            80  NTIME =            10
          CLARCH;                        CLMETHOD;  NPROMA; NGPBLKS;   NTIME;              ZTCTOT;                 ZTC;              ZTDTOT;                 ZTD
                ;             openaccsinglecolumn;      32;    2048;      10;    0.1408236265E+01;    0.2148798012E-05;    0.2174032211E+01;    0.3317309893E-05
+ for b in '$(cat /home/gmap/mrpm/cossevine/cucalln2_loki/scripts/blocks.txt)'
+ /home/gmap/mrpm/cossevine/cucalln2_loki/compile.gpu_nvhpc_d/main_cucalln_mf.x --case-out /scratch/work/cossevine/tmp/cucalln/out --ngpblks 2240 --case-in /scratch/work/cossevine/tmp/cucalln/000001 --verbose --method openaccsinglecolumn --times 10
  NPROMA =            32  NGPBLKS =          2240  KLEV =           105
  ISIZE4 =            10  ISIZE8 =            80  NTIME =            10
          CLARCH;                        CLMETHOD;  NPROMA; NGPBLKS;   NTIME;              ZTCTOT;                 ZTC;              ZTDTOT;                 ZTD
                ;             openaccsinglecolumn;      32;    2240;      10;    0.1533996105E+01;    0.2140061531E-05;    0.2333259106E+01;    0.3255104779E-05
+ for b in '$(cat /home/gmap/mrpm/cossevine/cucalln2_loki/scripts/blocks.txt)'
+ /home/gmap/mrpm/cossevine/cucalln2_loki/compile.gpu_nvhpc_d/main_cucalln_mf.x --case-out /scratch/work/cossevine/tmp/cucalln/out --ngpblks 2560 --case-in /scratch/work/cossevine/tmp/cucalln/000001 --verbose --method openaccsinglecolumn --times 10
  NPROMA =            32  NGPBLKS =          2560  KLEV =           105
  ISIZE4 =            10  ISIZE8 =            80  NTIME =            10
          CLARCH;                        CLMETHOD;  NPROMA; NGPBLKS;   NTIME;              ZTCTOT;                 ZTC;              ZTDTOT;                 ZTD
                ;             openaccsinglecolumn;      32;    2560;      10;    0.1715392828E+01;    0.2093985386E-05;    0.2523743868E+01;    0.3080742026E-05
+ for b in '$(cat /home/gmap/mrpm/cossevine/cucalln2_loki/scripts/blocks.txt)'
+ /home/gmap/mrpm/cossevine/cucalln2_loki/compile.gpu_nvhpc_d/main_cucalln_mf.x --case-out /scratch/work/cossevine/tmp/cucalln/out --ngpblks 2880 --case-in /scratch/work/cossevine/tmp/cucalln/000001 --verbose --method openaccsinglecolumn --times 10
  NPROMA =            32  NGPBLKS =          2880  KLEV =           105
  ISIZE4 =            10  ISIZE8 =            80  NTIME =            10
          CLARCH;                        CLMETHOD;  NPROMA; NGPBLKS;   NTIME;              ZTCTOT;                 ZTC;              ZTDTOT;                 ZTD
                ;             openaccsinglecolumn;      32;    2880;      10;    0.1917424917E+01;    0.2080539190E-05;    0.2869115829E+01;    0.3113189919E-05
+ for b in '$(cat /home/gmap/mrpm/cossevine/cucalln2_loki/scripts/blocks.txt)'
+ /home/gmap/mrpm/cossevine/cucalln2_loki/compile.gpu_nvhpc_d/main_cucalln_mf.x --case-out /scratch/work/cossevine/tmp/cucalln/out --ngpblks 3200 --case-in /scratch/work/cossevine/tmp/cucalln/000001 --verbose --method openaccsinglecolumn --times 10
  NPROMA =            32  NGPBLKS =          3200  KLEV =           105
  ISIZE4 =            10  ISIZE8 =            80  NTIME =            10
          CLARCH;                        CLMETHOD;  NPROMA; NGPBLKS;   NTIME;              ZTCTOT;                 ZTC;              ZTDTOT;                 ZTD
                ;             openaccsinglecolumn;      32;    3200;      10;    0.2126058340E+01;    0.2076228848E-05;    0.3069357157E+01;    0.2997419098E-05
+ for b in '$(cat /home/gmap/mrpm/cossevine/cucalln2_loki/scripts/blocks.txt)'
+ /home/gmap/mrpm/cossevine/cucalln2_loki/compile.gpu_nvhpc_d/main_cucalln_mf.x --case-out /scratch/work/cossevine/tmp/cucalln/out --ngpblks 3520 --case-in /scratch/work/cossevine/tmp/cucalln/000001 --verbose --method openaccsinglecolumn --times 10
  NPROMA =            32  NGPBLKS =          3520  KLEV =           105
  ISIZE4 =            10  ISIZE8 =            80  NTIME =            10
          CLARCH;                        CLMETHOD;  NPROMA; NGPBLKS;   NTIME;              ZTCTOT;                 ZTC;              ZTDTOT;                 ZTD
                ;             openaccsinglecolumn;      32;    3520;      10;    0.2309212923E+01;    0.2050082496E-05;    0.3458889961E+01;    0.3070747480E-05
+ for b in '$(cat /home/gmap/mrpm/cossevine/cucalln2_loki/scripts/blocks.txt)'
+ /home/gmap/mrpm/cossevine/cucalln2_loki/compile.gpu_nvhpc_d/main_cucalln_mf.x --case-out /scratch/work/cossevine/tmp/cucalln/out --ngpblks 3840 --case-in /scratch/work/cossevine/tmp/cucalln/000001 --verbose --method openaccsinglecolumn --times 10
  NPROMA =            32  NGPBLKS =          3840  KLEV =           105
  ISIZE4 =            10  ISIZE8 =            80  NTIME =            10
          CLARCH;                        CLMETHOD;  NPROMA; NGPBLKS;   NTIME;              ZTCTOT;                 ZTC;              ZTDTOT;                 ZTD
                ;             openaccsinglecolumn;      32;    3840;      10;    0.2512092590E+01;    0.2044346184E-05;    0.3838083267E+01;    0.3123440159E-05
+ for b in '$(cat /home/gmap/mrpm/cossevine/cucalln2_loki/scripts/blocks.txt)'
+ /home/gmap/mrpm/cossevine/cucalln2_loki/compile.gpu_nvhpc_d/main_cucalln_mf.x --case-out /scratch/work/cossevine/tmp/cucalln/out --ngpblks 4160 --case-in /scratch/work/cossevine/tmp/cucalln/000001 --verbose --method openaccsinglecolumn --times 10
  NPROMA =            32  NGPBLKS =          4160  KLEV =           105
  ISIZE4 =            10  ISIZE8 =            80  NTIME =            10
          CLARCH;                        CLMETHOD;  NPROMA; NGPBLKS;   NTIME;              ZTCTOT;                 ZTC;              ZTDTOT;                 ZTD
                ;             openaccsinglecolumn;      32;    4160;      10;    0.2706609726E+01;    0.2033210431E-05;    0.3915086508E+01;    0.2941020514E-05
+ for b in '$(cat /home/gmap/mrpm/cossevine/cucalln2_loki/scripts/blocks.txt)'
+ /home/gmap/mrpm/cossevine/cucalln2_loki/compile.gpu_nvhpc_d/main_cucalln_mf.x --case-out /scratch/work/cossevine/tmp/cucalln/out --ngpblks 4480 --case-in /scratch/work/cossevine/tmp/cucalln/000001 --verbose --method openaccsinglecolumn --times 10
  NPROMA =            32  NGPBLKS =          4480  KLEV =           105
  ISIZE4 =            10  ISIZE8 =            80  NTIME =            10
          CLARCH;                        CLMETHOD;  NPROMA; NGPBLKS;   NTIME;              ZTCTOT;                 ZTC;              ZTDTOT;                 ZTD
                ;             openaccsinglecolumn;      32;    4480;      10;    0.2905974150E+01;    0.2027046700E-05;    0.4239712238E+01;    0.2957388559E-05
+ for b in '$(cat /home/gmap/mrpm/cossevine/cucalln2_loki/scripts/blocks.txt)'
+ /home/gmap/mrpm/cossevine/cucalln2_loki/compile.gpu_nvhpc_d/main_cucalln_mf.x --case-out /scratch/work/cossevine/tmp/cucalln/out --ngpblks 4800 --case-in /scratch/work/cossevine/tmp/cucalln/000001 --verbose --method openaccsinglecolumn --times 10
  NPROMA =            32  NGPBLKS =          4800  KLEV =           105
  ISIZE4 =            10  ISIZE8 =            80  NTIME =            10
          CLARCH;                        CLMETHOD;  NPROMA; NGPBLKS;   NTIME;              ZTCTOT;                 ZTC;              ZTDTOT;                 ZTD
                ;             openaccsinglecolumn;      32;    4800;      10;    0.3087299109E+01;    0.2009960357E-05;    0.4373475075E+01;    0.2847314502E-05
+ for b in '$(cat /home/gmap/mrpm/cossevine/cucalln2_loki/scripts/blocks.txt)'
+ /home/gmap/mrpm/cossevine/cucalln2_loki/compile.gpu_nvhpc_d/main_cucalln_mf.x --case-out /scratch/work/cossevine/tmp/cucalln/out --ngpblks 5120 --case-in /scratch/work/cossevine/tmp/cucalln/000001 --verbose --method openaccsinglecolumn --times 10
  NPROMA =            32  NGPBLKS =          5120  KLEV =           105
  ISIZE4 =            10  ISIZE8 =            80  NTIME =            10
          CLARCH;                        CLMETHOD;  NPROMA; NGPBLKS;   NTIME;              ZTCTOT;                 ZTC;              ZTDTOT;                 ZTD
                ;             openaccsinglecolumn;      32;    5120;      10;    0.3265320301E+01;    0.1992993348E-05;    0.5010652304E+01;    0.3058259463E-05
