+ ulimit -s unlimited
+ export OMP_STACK_SIZE=4G
+ OMP_STACK_SIZE=4G
+ export OMP_NUM_THREADS=8
+ OMP_NUM_THREADS=8
+ cd /home/gmap/mrpm/cossevine/cucalln2
++ cat /home/gmap/mrpm/cossevine/cucalln2/scripts/blocks.txt
+ for b in '$(cat /home/gmap/mrpm/cossevine/cucalln2/scripts/blocks.txt)'
+ /home/gmap/mrpm/cossevine/cucalln2/compile.gpu_nvhpc_d/main_cucalln_mf.x --case-out /scratch/work/cossevine/tmp/cucalln/out --ngpblks 256 --case-in /scratch/work/cossevine/tmp/cucalln/000001 --verbose --method openaccsinglecolumn --times 10
  NPROMA =            32  NGPBLKS =           256  KLEV =           105
  ISIZE4 =            10  ISIZE8 =            80  NTIME =            10
          CLARCH;                        CLMETHOD;  NPROMA; NGPBLKS;   NTIME;              ZTCTOT;                 ZTC;              ZTDTOT;                 ZTD
                ;             openaccsinglecolumn;      32;     256;      10;    0.1256396770E+00;    0.1533687464E-05;    0.4948725700E+00;    0.6040924927E-05
+ for b in '$(cat /home/gmap/mrpm/cossevine/cucalln2/scripts/blocks.txt)'
+ /home/gmap/mrpm/cossevine/cucalln2/compile.gpu_nvhpc_d/main_cucalln_mf.x --case-out /scratch/work/cossevine/tmp/cucalln/out --ngpblks 480 --case-in /scratch/work/cossevine/tmp/cucalln/000001 --verbose --method openaccsinglecolumn --times 10
  NPROMA =            32  NGPBLKS =           480  KLEV =           105
  ISIZE4 =            10  ISIZE8 =            80  NTIME =            10
          CLARCH;                        CLMETHOD;  NPROMA; NGPBLKS;   NTIME;              ZTCTOT;                 ZTC;              ZTDTOT;                 ZTD
                ;             openaccsinglecolumn;      32;     480;      10;    0.1822369099E+00;    0.1186438215E-05;    0.5250661373E+00;    0.3418399331E-05
+ for b in '$(cat /home/gmap/mrpm/cossevine/cucalln2/scripts/blocks.txt)'
+ /home/gmap/mrpm/cossevine/cucalln2/compile.gpu_nvhpc_d/main_cucalln_mf.x --case-out /scratch/work/cossevine/tmp/cucalln/out --ngpblks 640 --case-in /scratch/work/cossevine/tmp/cucalln/000001 --verbose --method openaccsinglecolumn --times 10
  NPROMA =            32  NGPBLKS =           640  KLEV =           105
  ISIZE4 =            10  ISIZE8 =            80  NTIME =            10
          CLARCH;                        CLMETHOD;  NPROMA; NGPBLKS;   NTIME;              ZTCTOT;                 ZTC;              ZTDTOT;                 ZTD
                ;             openaccsinglecolumn;      32;     640;      10;    0.1983273029E+00;    0.9683950339E-06;    0.6017682552E+00;    0.2938321559E-05
+ for b in '$(cat /home/gmap/mrpm/cossevine/cucalln2/scripts/blocks.txt)'
+ /home/gmap/mrpm/cossevine/cucalln2/compile.gpu_nvhpc_d/main_cucalln_mf.x --case-out /scratch/work/cossevine/tmp/cucalln/out --ngpblks 960 --case-in /scratch/work/cossevine/tmp/cucalln/000001 --verbose --method openaccsinglecolumn --times 10
  NPROMA =            32  NGPBLKS =           960  KLEV =           105
  ISIZE4 =            10  ISIZE8 =            80  NTIME =            10
          CLARCH;                        CLMETHOD;  NPROMA; NGPBLKS;   NTIME;              ZTCTOT;                 ZTC;              ZTDTOT;                 ZTD
                ;             openaccsinglecolumn;      32;     960;      10;    0.3009638786E+00;    0.9797001258E-06;    0.8431777954E+00;    0.2744719386E-05
+ for b in '$(cat /home/gmap/mrpm/cossevine/cucalln2/scripts/blocks.txt)'
+ /home/gmap/mrpm/cossevine/cucalln2/compile.gpu_nvhpc_d/main_cucalln_mf.x --case-out /scratch/work/cossevine/tmp/cucalln/out --ngpblks 1120 --case-in /scratch/work/cossevine/tmp/cucalln/000001 --verbose --method openaccsinglecolumn --times 10
  NPROMA =            32  NGPBLKS =          1120  KLEV =           105
  ISIZE4 =            10  ISIZE8 =            80  NTIME =            10
          CLARCH;                        CLMETHOD;  NPROMA; NGPBLKS;   NTIME;              ZTCTOT;                 ZTC;              ZTDTOT;                 ZTD
                ;             openaccsinglecolumn;      32;    1120;      10;    0.3247618675E+00;    0.9061436036E-06;    0.9133288860E+00;    0.2548350686E-05
+ for b in '$(cat /home/gmap/mrpm/cossevine/cucalln2/scripts/blocks.txt)'
+ /home/gmap/mrpm/cossevine/cucalln2/compile.gpu_nvhpc_d/main_cucalln_mf.x --case-out /scratch/work/cossevine/tmp/cucalln/out --ngpblks 1440 --case-in /scratch/work/cossevine/tmp/cucalln/000001 --verbose --method openaccsinglecolumn --times 10
  NPROMA =            32  NGPBLKS =          1440  KLEV =           105
  ISIZE4 =            10  ISIZE8 =            80  NTIME =            10
          CLARCH;                        CLMETHOD;  NPROMA; NGPBLKS;   NTIME;              ZTCTOT;                 ZTC;              ZTDTOT;                 ZTD
                ;             openaccsinglecolumn;      32;    1440;      10;    0.4015727043E+00;    0.8714685424E-06;    0.1072429657E+01;    0.2327321304E-05
+ for b in '$(cat /home/gmap/mrpm/cossevine/cucalln2/scripts/blocks.txt)'
+ /home/gmap/mrpm/cossevine/cucalln2/compile.gpu_nvhpc_d/main_cucalln_mf.x --case-out /scratch/work/cossevine/tmp/cucalln/out --ngpblks 1760 --case-in /scratch/work/cossevine/tmp/cucalln/000001 --verbose --method openaccsinglecolumn --times 10
  NPROMA =            32  NGPBLKS =          1760  KLEV =           105
  ISIZE4 =            10  ISIZE8 =            80  NTIME =            10
          CLARCH;                        CLMETHOD;  NPROMA; NGPBLKS;   NTIME;              ZTCTOT;                 ZTC;              ZTDTOT;                 ZTD
                ;             openaccsinglecolumn;      32;    1760;      10;    0.4751219749E+00;    0.8436114612E-06;    0.1151546001E+01;    0.2044648440E-05
+ for b in '$(cat /home/gmap/mrpm/cossevine/cucalln2/scripts/blocks.txt)'
+ /home/gmap/mrpm/cossevine/cucalln2/compile.gpu_nvhpc_d/main_cucalln_mf.x --case-out /scratch/work/cossevine/tmp/cucalln/out --ngpblks 2048 --case-in /scratch/work/cossevine/tmp/cucalln/000001 --verbose --method openaccsinglecolumn --times 10
  NPROMA =            32  NGPBLKS =          2048  KLEV =           105
  ISIZE4 =            10  ISIZE8 =            80  NTIME =            10
          CLARCH;                        CLMETHOD;  NPROMA; NGPBLKS;   NTIME;              ZTCTOT;                 ZTC;              ZTDTOT;                 ZTD
                ;             openaccsinglecolumn;      32;    2048;      10;    0.5406842232E+00;    0.8250186511E-06;    0.1420413256E+01;    0.2167378625E-05
+ for b in '$(cat /home/gmap/mrpm/cossevine/cucalln2/scripts/blocks.txt)'
+ /home/gmap/mrpm/cossevine/cucalln2/compile.gpu_nvhpc_d/main_cucalln_mf.x --case-out /scratch/work/cossevine/tmp/cucalln/out --ngpblks 2240 --case-in /scratch/work/cossevine/tmp/cucalln/000001 --verbose --method openaccsinglecolumn --times 10
  NPROMA =            32  NGPBLKS =          2240  KLEV =           105
  ISIZE4 =            10  ISIZE8 =            80  NTIME =            10
          CLARCH;                        CLMETHOD;  NPROMA; NGPBLKS;   NTIME;              ZTCTOT;                 ZTC;              ZTDTOT;                 ZTD
                ;             openaccsinglecolumn;      32;    2240;      10;    0.5803847313E+00;    0.8096885202E-06;    0.1442324877E+01;    0.2012171982E-05
+ for b in '$(cat /home/gmap/mrpm/cossevine/cucalln2/scripts/blocks.txt)'
+ /home/gmap/mrpm/cossevine/cucalln2/compile.gpu_nvhpc_d/main_cucalln_mf.x --case-out /scratch/work/cossevine/tmp/cucalln/out --ngpblks 2560 --case-in /scratch/work/cossevine/tmp/cucalln/000001 --verbose --method openaccsinglecolumn --times 10
  NPROMA =            32  NGPBLKS =          2560  KLEV =           105
  ISIZE4 =            10  ISIZE8 =            80  NTIME =            10
          CLARCH;                        CLMETHOD;  NPROMA; NGPBLKS;   NTIME;              ZTCTOT;                 ZTC;              ZTDTOT;                 ZTD
                ;             openaccsinglecolumn;      32;    2560;      10;    0.6496512890E+00;    0.7930313586E-06;    0.1634934425E+01;    0.1995769562E-05
+ for b in '$(cat /home/gmap/mrpm/cossevine/cucalln2/scripts/blocks.txt)'
+ /home/gmap/mrpm/cossevine/cucalln2/compile.gpu_nvhpc_d/main_cucalln_mf.x --case-out /scratch/work/cossevine/tmp/cucalln/out --ngpblks 2880 --case-in /scratch/work/cossevine/tmp/cucalln/000001 --verbose --method openaccsinglecolumn --times 10
  NPROMA =            32  NGPBLKS =          2880  KLEV =           105
  ISIZE4 =            10  ISIZE8 =            80  NTIME =            10
          CLARCH;                        CLMETHOD;  NPROMA; NGPBLKS;   NTIME;              ZTCTOT;                 ZTC;              ZTDTOT;                 ZTD
                ;             openaccsinglecolumn;      32;    2880;      10;    0.7291088104E+00;    0.7911336919E-06;    0.1680618048E+01;    0.1823587291E-05
+ for b in '$(cat /home/gmap/mrpm/cossevine/cucalln2/scripts/blocks.txt)'
+ /home/gmap/mrpm/cossevine/cucalln2/compile.gpu_nvhpc_d/main_cucalln_mf.x --case-out /scratch/work/cossevine/tmp/cucalln/out --ngpblks 3200 --case-in /scratch/work/cossevine/tmp/cucalln/000001 --verbose --method openaccsinglecolumn --times 10
  NPROMA =            32  NGPBLKS =          3200  KLEV =           105
  ISIZE4 =            10  ISIZE8 =            80  NTIME =            10
          CLARCH;                        CLMETHOD;  NPROMA; NGPBLKS;   NTIME;              ZTCTOT;                 ZTC;              ZTDTOT;                 ZTD
                ;             openaccsinglecolumn;      32;    3200;      10;    0.8011846542E+00;    0.7824068889E-06;    0.1744943619E+01;    0.1704046503E-05
+ for b in '$(cat /home/gmap/mrpm/cossevine/cucalln2/scripts/blocks.txt)'
+ /home/gmap/mrpm/cossevine/cucalln2/compile.gpu_nvhpc_d/main_cucalln_mf.x --case-out /scratch/work/cossevine/tmp/cucalln/out --ngpblks 3520 --case-in /scratch/work/cossevine/tmp/cucalln/000001 --verbose --method openaccsinglecolumn --times 10
  NPROMA =            32  NGPBLKS =          3520  KLEV =           105
  ISIZE4 =            10  ISIZE8 =            80  NTIME =            10
          CLARCH;                        CLMETHOD;  NPROMA; NGPBLKS;   NTIME;              ZTCTOT;                 ZTC;              ZTDTOT;                 ZTD
                ;             openaccsinglecolumn;      32;    3520;      10;    0.8749146461E+00;    0.7767353038E-06;    0.2124817848E+01;    0.1886379482E-05
+ for b in '$(cat /home/gmap/mrpm/cossevine/cucalln2/scripts/blocks.txt)'
+ /home/gmap/mrpm/cossevine/cucalln2/compile.gpu_nvhpc_d/main_cucalln_mf.x --case-out /scratch/work/cossevine/tmp/cucalln/out --ngpblks 3840 --case-in /scratch/work/cossevine/tmp/cucalln/000001 --verbose --method openaccsinglecolumn --times 10
  NPROMA =            32  NGPBLKS =          3840  KLEV =           105
  ISIZE4 =            10  ISIZE8 =            80  NTIME =            10
          CLARCH;                        CLMETHOD;  NPROMA; NGPBLKS;   NTIME;              ZTCTOT;                 ZTC;              ZTDTOT;                 ZTD
                ;             openaccsinglecolumn;      32;    3840;      10;    0.9437463284E+00;    0.7680227282E-06;    0.2170286417E+01;    0.1766183608E-05
+ for b in '$(cat /home/gmap/mrpm/cossevine/cucalln2/scripts/blocks.txt)'
+ /home/gmap/mrpm/cossevine/cucalln2/compile.gpu_nvhpc_d/main_cucalln_mf.x --case-out /scratch/work/cossevine/tmp/cucalln/out --ngpblks 4160 --case-in /scratch/work/cossevine/tmp/cucalln/000001 --verbose --method openaccsinglecolumn --times 10
  NPROMA =            32  NGPBLKS =          4160  KLEV =           105
  ISIZE4 =            10  ISIZE8 =            80  NTIME =            10
          CLARCH;                        CLMETHOD;  NPROMA; NGPBLKS;   NTIME;              ZTCTOT;                 ZTC;              ZTDTOT;                 ZTD
                ;             openaccsinglecolumn;      32;    4160;      10;    0.1025434971E+01;    0.7703087221E-06;    0.2472227097E+01;    0.1857141749E-05
+ for b in '$(cat /home/gmap/mrpm/cossevine/cucalln2/scripts/blocks.txt)'
+ /home/gmap/mrpm/cossevine/cucalln2/compile.gpu_nvhpc_d/main_cucalln_mf.x --case-out /scratch/work/cossevine/tmp/cucalln/out --ngpblks 4480 --case-in /scratch/work/cossevine/tmp/cucalln/000001 --verbose --method openaccsinglecolumn --times 10
  NPROMA =            32  NGPBLKS =          4480  KLEV =           105
  ISIZE4 =            10  ISIZE8 =            80  NTIME =            10
          CLARCH;                        CLMETHOD;  NPROMA; NGPBLKS;   NTIME;              ZTCTOT;                 ZTC;              ZTDTOT;                 ZTD
                ;             openaccsinglecolumn;      32;    4480;      10;    0.1093508005E+01;    0.7627706509E-06;    0.2634043932E+01;    0.1837363234E-05
+ for b in '$(cat /home/gmap/mrpm/cossevine/cucalln2/scripts/blocks.txt)'
+ /home/gmap/mrpm/cossevine/cucalln2/compile.gpu_nvhpc_d/main_cucalln_mf.x --case-out /scratch/work/cossevine/tmp/cucalln/out --ngpblks 4800 --case-in /scratch/work/cossevine/tmp/cucalln/000001 --verbose --method openaccsinglecolumn --times 10
  NPROMA =            32  NGPBLKS =          4800  KLEV =           105
  ISIZE4 =            10  ISIZE8 =            80  NTIME =            10
          CLARCH;                        CLMETHOD;  NPROMA; NGPBLKS;   NTIME;              ZTCTOT;                 ZTC;              ZTDTOT;                 ZTD
                ;             openaccsinglecolumn;      32;    4800;      10;    0.1162554979E+01;    0.7568717313E-06;    0.2414356947E+01;    0.1571846971E-05
+ for b in '$(cat /home/gmap/mrpm/cossevine/cucalln2/scripts/blocks.txt)'
+ /home/gmap/mrpm/cossevine/cucalln2/compile.gpu_nvhpc_d/main_cucalln_mf.x --case-out /scratch/work/cossevine/tmp/cucalln/out --ngpblks 5120 --case-in /scratch/work/cossevine/tmp/cucalln/000001 --verbose --method openaccsinglecolumn --times 10
  NPROMA =            32  NGPBLKS =          5120  KLEV =           105
  ISIZE4 =            10  ISIZE8 =            80  NTIME =            10
          CLARCH;                        CLMETHOD;  NPROMA; NGPBLKS;   NTIME;              ZTCTOT;                 ZTC;              ZTDTOT;                 ZTD
                ;             openaccsinglecolumn;      32;    5120;      10;    0.1234141827E+01;    0.7532603922E-06;    0.2571724892E+01;    0.1569656306E-05
