sans opt
+ ulimit -s unlimited
+ export OMP_STACK_SIZE=4G
+ OMP_STACK_SIZE=4G
+ export OMP_NUM_THREADS=8
+ OMP_NUM_THREADS=8
+ cd /home/gmap/mrpm/cossevine/cucalln2_loki
++ cat /home/gmap/mrpm/cossevine/cucalln2_loki/scripts/blocks.txt
+ for b in '$(cat /home/gmap/mrpm/cossevine/cucalln2_loki/scripts/blocks.txt)'
+ /home/gmap/mrpm/cossevine/cucalln2_loki/compile.gpu_nvhpc_d/main_cucalln_mf.x --case-out /scratch/work/cossevine/tmp/cucalln/out --ngpblks 256 --case-in /scratch/work/cossevine/tmp/cucalln/000001 --verbose --method openaccsinglecolumn --times 10
  NPROMA =            32  NGPBLKS =           256  KLEV =           105
  ISIZE4 =            10  ISIZE8 =            80  NTIME =            10
          CLARCH;                        CLMETHOD;  NPROMA; NGPBLKS;   NTIME;              ZTCTOT;                 ZTC;              ZTDTOT;                 ZTD
                ;             openaccsinglecolumn;      32;     256;      10;    0.2924149036E+00;    0.3569517867E-05;    0.7330701351E+00;    0.8948610048E-05
+ for b in '$(cat /home/gmap/mrpm/cossevine/cucalln2_loki/scripts/blocks.txt)'
+ /home/gmap/mrpm/cossevine/cucalln2_loki/compile.gpu_nvhpc_d/main_cucalln_mf.x --case-out /scratch/work/cossevine/tmp/cucalln/out --ngpblks 480 --case-in /scratch/work/cossevine/tmp/cucalln/000001 --verbose --method openaccsinglecolumn --times 10
  NPROMA =            32  NGPBLKS =           480  KLEV =           105
  ISIZE4 =            10  ISIZE8 =            80  NTIME =            10
          CLARCH;                        CLMETHOD;  NPROMA; NGPBLKS;   NTIME;              ZTCTOT;                 ZTC;              ZTDTOT;                 ZTD
                ;             openaccsinglecolumn;      32;     480;      10;    0.3471286297E+00;    0.2259952016E-05;    0.7344233990E+00;    0.4781402337E-05
+ for b in '$(cat /home/gmap/mrpm/cossevine/cucalln2_loki/scripts/blocks.txt)'
+ /home/gmap/mrpm/cossevine/cucalln2_loki/compile.gpu_nvhpc_d/main_cucalln_mf.x --case-out /scratch/work/cossevine/tmp/cucalln/out --ngpblks 640 --case-in /scratch/work/cossevine/tmp/cucalln/000001 --verbose --method openaccsinglecolumn --times 10
  NPROMA =            32  NGPBLKS =           640  KLEV =           105
  ISIZE4 =            10  ISIZE8 =            80  NTIME =            10
          CLARCH;                        CLMETHOD;  NPROMA; NGPBLKS;   NTIME;              ZTCTOT;                 ZTC;              ZTDTOT;                 ZTD
                ;             openaccsinglecolumn;      32;     640;      10;    0.4142637253E+00;    0.2022772096E-05;    0.8699567318E+00;    0.4247835604E-05
+ for b in '$(cat /home/gmap/mrpm/cossevine/cucalln2_loki/scripts/blocks.txt)'
+ /home/gmap/mrpm/cossevine/cucalln2_loki/compile.gpu_nvhpc_d/main_cucalln_mf.x --case-out /scratch/work/cossevine/tmp/cucalln/out --ngpblks 960 --case-in /scratch/work/cossevine/tmp/cucalln/000001 --verbose --method openaccsinglecolumn --times 10
  NPROMA =            32  NGPBLKS =           960  KLEV =           105
  ISIZE4 =            10  ISIZE8 =            80  NTIME =            10
          CLARCH;                        CLMETHOD;  NPROMA; NGPBLKS;   NTIME;              ZTCTOT;                 ZTC;              ZTDTOT;                 ZTD
                ;             openaccsinglecolumn;      32;     960;      10;    0.7042431831E+00;    0.2292458278E-05;    0.1201213360E+01;    0.3910199739E-05
+ for b in '$(cat /home/gmap/mrpm/cossevine/cucalln2_loki/scripts/blocks.txt)'
+ /home/gmap/mrpm/cossevine/cucalln2_loki/compile.gpu_nvhpc_d/main_cucalln_mf.x --case-out /scratch/work/cossevine/tmp/cucalln/out --ngpblks 1120 --case-in /scratch/work/cossevine/tmp/cucalln/000001 --verbose --method openaccsinglecolumn --times 10
  NPROMA =            32  NGPBLKS =          1120  KLEV =           105
  ISIZE4 =            10  ISIZE8 =            80  NTIME =            10
          CLARCH;                        CLMETHOD;  NPROMA; NGPBLKS;   NTIME;              ZTCTOT;                 ZTC;              ZTDTOT;                 ZTD
                ;             openaccsinglecolumn;      32;    1120;      10;    0.7491910458E+00;    0.2090376802E-05;    0.1291030169E+01;    0.3602204711E-05
+ for b in '$(cat /home/gmap/mrpm/cossevine/cucalln2_loki/scripts/blocks.txt)'
+ /home/gmap/mrpm/cossevine/cucalln2_loki/compile.gpu_nvhpc_d/main_cucalln_mf.x --case-out /scratch/work/cossevine/tmp/cucalln/out --ngpblks 1440 --case-in /scratch/work/cossevine/tmp/cucalln/000001 --verbose --method openaccsinglecolumn --times 10
  NPROMA =            32  NGPBLKS =          1440  KLEV =           105
  ISIZE4 =            10  ISIZE8 =            80  NTIME =            10
          CLARCH;                        CLMETHOD;  NPROMA; NGPBLKS;   NTIME;              ZTCTOT;                 ZTC;              ZTDTOT;                 ZTD
                ;             openaccsinglecolumn;      32;    1440;      10;    0.9321906567E+00;    0.2022983196E-05;    0.1559932470E+01;    0.3385270118E-05
+ for b in '$(cat /home/gmap/mrpm/cossevine/cucalln2_loki/scripts/blocks.txt)'
+ /home/gmap/mrpm/cossevine/cucalln2_loki/compile.gpu_nvhpc_d/main_cucalln_mf.x --case-out /scratch/work/cossevine/tmp/cucalln/out --ngpblks 1760 --case-in /scratch/work/cossevine/tmp/cucalln/000001 --verbose --method openaccsinglecolumn --times 10
  NPROMA =            32  NGPBLKS =          1760  KLEV =           105
  ISIZE4 =            10  ISIZE8 =            80  NTIME =            10
          CLARCH;                        CLMETHOD;  NPROMA; NGPBLKS;   NTIME;              ZTCTOT;                 ZTC;              ZTDTOT;                 ZTD
                ;             openaccsinglecolumn;      32;    1760;      10;    0.1048724651E+01;    0.1862082122E-05;    0.1701724529E+01;    0.3021527928E-05
+ for b in '$(cat /home/gmap/mrpm/cossevine/cucalln2_loki/scripts/blocks.txt)'
+ /home/gmap/mrpm/cossevine/cucalln2_loki/compile.gpu_nvhpc_d/main_cucalln_mf.x --case-out /scratch/work/cossevine/tmp/cucalln/out --ngpblks 2048 --case-in /scratch/work/cossevine/tmp/cucalln/000001 --verbose --method openaccsinglecolumn --times 10
  NPROMA =            32  NGPBLKS =          2048  KLEV =           105
  ISIZE4 =            10  ISIZE8 =            80  NTIME =            10
          CLARCH;                        CLMETHOD;  NPROMA; NGPBLKS;   NTIME;              ZTCTOT;                 ZTC;              ZTDTOT;                 ZTD
                ;             openaccsinglecolumn;      32;    2048;      10;    0.1232271194E+01;    0.1880296622E-05;    0.2281195164E+01;    0.3480827581E-05
+ for b in '$(cat /home/gmap/mrpm/cossevine/cucalln2_loki/scripts/blocks.txt)'
+ /home/gmap/mrpm/cossevine/cucalln2_loki/compile.gpu_nvhpc_d/main_cucalln_mf.x --case-out /scratch/work/cossevine/tmp/cucalln/out --ngpblks 2240 --case-in /scratch/work/cossevine/tmp/cucalln/000001 --verbose --method openaccsinglecolumn --times 10
  NPROMA =            32  NGPBLKS =          2240  KLEV =           105
  ISIZE4 =            10  ISIZE8 =            80  NTIME =            10
          CLARCH;                        CLMETHOD;  NPROMA; NGPBLKS;   NTIME;              ZTCTOT;                 ZTC;              ZTDTOT;                 ZTD
                ;             openaccsinglecolumn;      32;    2240;      10;    0.1315728426E+01;    0.1835558630E-05;    0.2293527365E+01;    0.3199675453E-05
+ for b in '$(cat /home/gmap/mrpm/cossevine/cucalln2_loki/scripts/blocks.txt)'
+ /home/gmap/mrpm/cossevine/cucalln2_loki/compile.gpu_nvhpc_d/main_cucalln_mf.x --case-out /scratch/work/cossevine/tmp/cucalln/out --ngpblks 2560 --case-in /scratch/work/cossevine/tmp/cucalln/000001 --verbose --method openaccsinglecolumn --times 10
  NPROMA =            32  NGPBLKS =          2560  KLEV =           105
  ISIZE4 =            10  ISIZE8 =            80  NTIME =            10
          CLARCH;                        CLMETHOD;  NPROMA; NGPBLKS;   NTIME;              ZTCTOT;                 ZTC;              ZTDTOT;                 ZTD
                ;             openaccsinglecolumn;      32;    2560;      10;    0.1443739176E+01;    0.1762376924E-05;    0.2388834953E+01;    0.2916058293E-05
+ for b in '$(cat /home/gmap/mrpm/cossevine/cucalln2_loki/scripts/blocks.txt)'
+ /home/gmap/mrpm/cossevine/cucalln2_loki/compile.gpu_nvhpc_d/main_cucalln_mf.x --case-out /scratch/work/cossevine/tmp/cucalln/out --ngpblks 2880 --case-in /scratch/work/cossevine/tmp/cucalln/000001 --verbose --method openaccsinglecolumn --times 10
  NPROMA =            32  NGPBLKS =          2880  KLEV =           105
  ISIZE4 =            10  ISIZE8 =            80  NTIME =            10
          CLARCH;                        CLMETHOD;  NPROMA; NGPBLKS;   NTIME;              ZTCTOT;                 ZTC;              ZTDTOT;                 ZTD
                ;             openaccsinglecolumn;      32;    2880;      10;    0.1653053761E+01;    0.1793678126E-05;    0.2816406727E+01;    0.3055996882E-05
+ for b in '$(cat /home/gmap/mrpm/cossevine/cucalln2_loki/scripts/blocks.txt)'
+ /home/gmap/mrpm/cossevine/cucalln2_loki/compile.gpu_nvhpc_d/main_cucalln_mf.x --case-out /scratch/work/cossevine/tmp/cucalln/out --ngpblks 3200 --case-in /scratch/work/cossevine/tmp/cucalln/000001 --verbose --method openaccsinglecolumn --times 10
  NPROMA =            32  NGPBLKS =          3200  KLEV =           105
  ISIZE4 =            10  ISIZE8 =            80  NTIME =            10
          CLARCH;                        CLMETHOD;  NPROMA; NGPBLKS;   NTIME;              ZTCTOT;                 ZTC;              ZTDTOT;                 ZTD
                ;             openaccsinglecolumn;      32;    3200;      10;    0.1764769793E+01;    0.1723408001E-05;    0.2834471703E+01;    0.2768038772E-05
+ for b in '$(cat /home/gmap/mrpm/cossevine/cucalln2_loki/scripts/blocks.txt)'
+ /home/gmap/mrpm/cossevine/cucalln2_loki/compile.gpu_nvhpc_d/main_cucalln_mf.x --case-out /scratch/work/cossevine/tmp/cucalln/out --ngpblks 3520 --case-in /scratch/work/cossevine/tmp/cucalln/000001 --verbose --method openaccsinglecolumn --times 10
  NPROMA =            32  NGPBLKS =          3520  KLEV =           105
  ISIZE4 =            10  ISIZE8 =            80  NTIME =            10
          CLARCH;                        CLMETHOD;  NPROMA; NGPBLKS;   NTIME;              ZTCTOT;                 ZTC;              ZTDTOT;                 ZTD
                ;             openaccsinglecolumn;      32;    3520;      10;    0.1992549419E+01;    0.1768953675E-05;    0.3094157457E+01;    0.2746943765E-05
+ for b in '$(cat /home/gmap/mrpm/cossevine/cucalln2_loki/scripts/blocks.txt)'
+ /home/gmap/mrpm/cossevine/cucalln2_loki/compile.gpu_nvhpc_d/main_cucalln_mf.x --case-out /scratch/work/cossevine/tmp/cucalln/out --ngpblks 3840 --case-in /scratch/work/cossevine/tmp/cucalln/000001 --verbose --method openaccsinglecolumn --times 10
  NPROMA =            32  NGPBLKS =          3840  KLEV =           105
  ISIZE4 =            10  ISIZE8 =            80  NTIME =            10
          CLARCH;                        CLMETHOD;  NPROMA; NGPBLKS;   NTIME;              ZTCTOT;                 ZTC;              ZTDTOT;                 ZTD
                ;             openaccsinglecolumn;      32;    3840;      10;    0.2117766619E+01;    0.1723442886E-05;    0.3359873772E+01;    0.2734272275E-05
+ for b in '$(cat /home/gmap/mrpm/cossevine/cucalln2_loki/scripts/blocks.txt)'
+ /home/gmap/mrpm/cossevine/cucalln2_loki/compile.gpu_nvhpc_d/main_cucalln_mf.x --case-out /scratch/work/cossevine/tmp/cucalln/out --ngpblks 4160 --case-in /scratch/work/cossevine/tmp/cucalln/000001 --verbose --method openaccsinglecolumn --times 10
  NPROMA =            32  NGPBLKS =          4160  KLEV =           105
  ISIZE4 =            10  ISIZE8 =            80  NTIME =            10
          CLARCH;                        CLMETHOD;  NPROMA; NGPBLKS;   NTIME;              ZTCTOT;                 ZTC;              ZTDTOT;                 ZTD
                ;             openaccsinglecolumn;      32;    4160;      10;    0.2333919287E+01;    0.1753244656E-05;    0.3913172960E+01;    0.2939583053E-05
+ for b in '$(cat /home/gmap/mrpm/cossevine/cucalln2_loki/scripts/blocks.txt)'
+ /home/gmap/mrpm/cossevine/cucalln2_loki/compile.gpu_nvhpc_d/main_cucalln_mf.x --case-out /scratch/work/cossevine/tmp/cucalln/out --ngpblks 4480 --case-in /scratch/work/cossevine/tmp/cucalln/000001 --verbose --method openaccsinglecolumn --times 10
  NPROMA =            32  NGPBLKS =          4480  KLEV =           105
  ISIZE4 =            10  ISIZE8 =            80  NTIME =            10
          CLARCH;                        CLMETHOD;  NPROMA; NGPBLKS;   NTIME;              ZTCTOT;                 ZTC;              ZTDTOT;                 ZTD
                ;             openaccsinglecolumn;      32;    4480;      10;    0.2425181866E+01;    0.1691672618E-05;    0.4058196545E+01;    0.2830773259E-05
+ for b in '$(cat /home/gmap/mrpm/cossevine/cucalln2_loki/scripts/blocks.txt)'
+ /home/gmap/mrpm/cossevine/cucalln2_loki/compile.gpu_nvhpc_d/main_cucalln_mf.x --case-out /scratch/work/cossevine/tmp/cucalln/out --ngpblks 4800 --case-in /scratch/work/cossevine/tmp/cucalln/000001 --verbose --method openaccsinglecolumn --times 10
  NPROMA =            32  NGPBLKS =          4800  KLEV =           105
  ISIZE4 =            10  ISIZE8 =            80  NTIME =            10
          CLARCH;                        CLMETHOD;  NPROMA; NGPBLKS;   NTIME;              ZTCTOT;                 ZTC;              ZTDTOT;                 ZTD
                ;             openaccsinglecolumn;      32;    4800;      10;    0.2632109404E+01;    0.1713612893E-05;    0.4382015228E+01;    0.2852874498E-05
+ for b in '$(cat /home/gmap/mrpm/cossevine/cucalln2_loki/scripts/blocks.txt)'
+ /home/gmap/mrpm/cossevine/cucalln2_loki/compile.gpu_nvhpc_d/main_cucalln_mf.x --case-out /scratch/work/cossevine/tmp/cucalln/out --ngpblks 5120 --case-in /scratch/work/cossevine/tmp/cucalln/000001 --verbose --method openaccsinglecolumn --times 10
  NPROMA =            32  NGPBLKS =          5120  KLEV =           105
  ISIZE4 =            10  ISIZE8 =            80  NTIME =            10
          CLARCH;                        CLMETHOD;  NPROMA; NGPBLKS;   NTIME;              ZTCTOT;                 ZTC;              ZTDTOT;                 ZTD
                ;             openaccsinglecolumn;      32;    5120;      10;    0.2747569561E+01;    0.1676983375E-05;    0.4553990364E+01;    0.2779535134E-05
