Page 1           Source Listing                  ABOR1_ACC
2024-09-10 10:09                                 /tmp/ifortioKTzQ.i90

      1 # 1 "abor1_acc_mod.F90"
      2 MODULE ABOR1_ACC_MOD
      3 
      4 CONTAINS
      5 
      6 SUBROUTINE ABOR1_ACC (CDMESS)
      7 
      8 CHARACTER (LEN=*) :: CDMESS
      9 
     10 !$acc routine (ABOR1_ACC) seq
     11 
     12 PRINT *, " ABOR1_ACC "
     13 PRINT *, CDMESS
     14 STOP
     15 
     16 END SUBROUTINE


ENTRY POINTS

  Name                                   
                                         
 abor1_acc_mod_mp_abor1_acc_             

Page 2           Source Listing                  ABOR1_ACC
2024-09-10 10:09                                 abor1_acc_mod.F90

     17 
     18 END MODULE

Page 3           Source Listing                  ABOR1_ACC
2024-09-10 10:09                                 abor1_acc_mod.F90


COMPILER OPTIONS BEING USED

       -align all                            -align nonone
       -align nocommons                      -align dcommons
       -align noqcommons                     -align nozcommons
       -align norecords                      -align nosequence
       -align norec1byte                     -align norec2byte
       -align norec4byte                     -align norec8byte
       -align rec16byte                      -align norec32byte
       -align norec64byte                    -align noarray8byte
       -align array16byte                    -align noarray32byte
       -align array64byte                    -align noarray128byte
       -align noarray256byte                 -altparam
       -assume accuracy_sensitive            -assume nobscc
       -assume nobuffered_io                 -assume nobuffered_stdout
       -assume byterecl                      -assume nocontiguous_assumed_shape
       -assume nocontiguous_pointer          -assume cc_omp
       -assume nocstring                     -assume nodummy_aliases
       -assume nofailed_images               -assume nofpe_summary
       -assume noieee_compares               -assume noieee_fpe_flags
       -assume nominus0                      -assume noold_boz
       -assume old_complex_align             -assume old_e0g0_format
       -assume old_unit_star                 -assume old_inquire_recl
       -assume old_ldout_format              -assume old_ldout_zero
       -assume noold_logical_assign          -assume noold_logical_ldio
       -assume old_maxminloc                 -assume old_xor
       -assume noprotect_allocates           -assume protect_constants
       -assume protect_parens                -assume realloc_lhs
       -assume norecursion                   -assume split_common
       -assume source_include                -assume nostd_fp_fmt
       -assume nostd_intent_in               -assume std_minus0_rounding
       -assume nostd_mod_proc_name           -assume std_value
       -assume underscore                    -assume no2underscores
       -auto                            no   -auto_scalar
  no   -bintext                              -ccdefault default
       -check noarg_temp_created             -check noassume
       -check nobounds                       -check nocontiguous
       -check noformat                       -check nooutput_conversion
       -check nooverflow                     -check nopointers
       -check noshape                        -check nostack
       -check noteams                        -check nouninitialized
       -check noudio_iostat                  -coarray-num-procs 0
  no   -coarray-config-file                  -convert big_endian
       -D __INTEL_COMPILER=2021              -D __INTEL_COMPILER_UPDATE=10
       -D __unix__                           -D __unix
       -D __linux__                          -D __linux
       -D __gnu_linux__                      -D unix
       -D linux                              -D __ELF__
       -D __x86_64                           -D __x86_64__
       -D __amd64                            -D __amd64__
       -D __INTEL_COMPILER_BUILD_DATE=20230609       -D __PIC__
       -D __pic__                            -D _OPENMP=201611
       -D __INTEL_OFFLOAD                    -D __MMX__
       -D __SSE__                            -D __SSE_MATH__
       -D __SSE2__                           -D __SSE2_MATH__
       -D __SSE3__                           -D __SSSE3__

Page 4           Source Listing                  ABOR1_ACC
2024-09-10 10:09                                 abor1_acc_mod.F90

       -D __SSE4_1__                         -D __SSE4_2__
       -D __POPCNT__                         -D __PCLMUL__
       -D __AES__                            -D __AVX__
       -D __F16C__                           -D __AVX_I__
       -D __RDRND__                          -D __FMA__
       -D __FP_FAST_FMA                      -D __FP_FAST_FMAF
       -D __BMI__                            -D __LZCNT__
       -D __AVX2__                           -D __haswell
       -D __haswell__                        -D __tune_haswell__
       -D __core_avx2                        -D __core_avx2__
       -D __tune_core_avx2__                 -D LINUX
       -D LITTLE_ENDIAN                      -D LITTLE
       -D ADDRESS64                          -D GRIB_API_1
       -D HIGHRES                            -D BLAS
       -double_size 64                  no   -d_lines
  no   -Qdyncom                              -error_limit 30
  no   -f66                             no   -f77rtl
  no   -fast                                 -fpscomp nofilesfromcmd
       -fpscomp nogeneral                    -fpscomp noioformat
       -fpscomp noldio_spacing               -fpscomp nologicals
  no   -fpconstant                           -fpe3
       -fprm nearest                         -ftz
       -fp_model noprecise                   -fp_model nofast
       -fp_model nostrict                    -fp_model source
       -fp_model nodouble                    -fp_model noextended
       -fp_model novery_fast                 -fp_model noexcept
       -fp_model nono_except                 -fp_modbits nofp_contract
       -fp_modbits no_fp_contract            -fp_modbits nofenv_access
       -fp_modbits nono_fenv_access          -fp_modbits nocx_limited_range
       -fp_modbits nono_cx_limited_range       -fp_modbits noprec_div
       -fp_modbits nono_prec_div             -fp_modbits noprec_sqrt
       -fp_modbits nono_prec_sqrt            -fp_modbits ftz
       -fp_modbits nono_ftz                  -fp_modbits nointrin_limited_range
       -fp_modbits nono_intrin_limited_range       -fp_modbits notrunc_compares
       -fp_modbits nono_trunc_compares       -fp_modbits noieee_nan_compares
       -fp_modbits nono_ieee_nan_compares       -fp_modbits nohonor_f32_conversion
       -fp_modbits nono_honor_f32_conversion       -fp_modbits nohonor_f64_conversion
       -fp_modbits nono_honor_f64_conversion       -fp_modbits nono_x87_copy
       -fp_modbits nono_no_x87_copy          -fp_modbits noexception_semantics
       -fp_modbits nono_exception_semantics       -fp_modbits noprecise_libm_functions
       -fp_modbits no_precise_libm_functions       -heap_arrays 0
       -threadprivate_compat                 -free
       -g2                                   -iface nomixed_str_len_arg
       -iface nono_mixed_str_len_arg         -init noarrays
       -init nohuge                          -init noinfinity
       -init nominus_huge                    -init nominus_infinity
       -init nominus_tiny                    -init nonan
       -init nosnan                          -init notiny
       -init nozero                     no   -intconstant
       -integer_size 32                 no   -mixed_str_len_arg
  no   -module                               -names lowercase
  no   -noinclude                       no   -o
       -offload-build=host                   -qopenmp
       -openmp-simd                          -O2
  no   -pad_source                           -real_size 32
  no   -recursive                            -reentrancy threaded
       -vec=simd                             -show nofullpath

Page 5           Source Listing                  ABOR1_ACC
2024-09-10 10:09                                 abor1_acc_mod.F90

       -show noinclude                       -show nomap
       -show options                    no   -syntax_only
  no   -threadcom                       no   -U
  no   -vms                                  -w noall
       -w nonone                             -w alignments
       -w nodeclarations                     -w noexternals
       -w general                            -w noignore_bounds
       -w noignore_loc                       -w nointerfaces
       -w noshape                            -w notruncated_source
       -w uncalled                           -w uninitialized
       -w nounused                           -w usage
  no   -wrap-margins

       -includepath : .D[2]/,.D[7]/,.D[12]/,.D[17]/,.D[22]/,.D[27]/,.D[32]/,.D[37]/,.D[42]/,.D[47]/,.D[52]/,.D[57]/,
           .D[62]/,.D[67]/,.D[72]/,.D[77]/,.D[82]/,.D[87]/,.D[92]/,/opt/softs/intel/oneapi/2023.2/mkl/2023.2.0/include/,
           /usr/local/include/,.f90,./.f90,/opt/softs/intel/oneapi/2023.2/mpi/2021.10.0//include/.f90,/opt/softs/intel/oneapi/2023.2/mpi/2021.10.0/include/.f90,
           .D[1]/.f90,.D[2]/.f90,.D[3]/.f90,.D[4]/.f90,.D[5]/.f90,.D[6]/.f90,.D[7]/.f90,.D[8]/.f90,.D[9]/.f90,.D[10]/.f90,
           .D[11]/.f90,.D[12]/.f90,.D[13]/.f90,.D[14]/.f90,.D[15]/.f90,.D[16]/.f90,.D[17]/.f90,.D[18]/.f90,.D[19]/.f90,
           .D[20]/.f90,.D[21]/.f90,.D[22]/.f90,.D[23]/.f90,.D[24]/.f90,.D[25]/.f90,.D[26]/.f90,.D[27]/.f90,.D[28]/.f90,
           .D[29]/.f90,.D[30]/.f90,.D[31]/.f90,.D[32]/.f90,.D[33]/.f90,.D[34]/.f90,.D[35]/.f90,.D[36]/.f90,.D[37]/.f90,
           .D[38]/.f90,.D[39]/.f90,.D[40]/.f90,.D[41]/.f90,.D[42]/.f90,.D[43]/.f90,.D[44]/.f90,.D[45]/.f90,.D[46]/.f90,
           .D[47]/.f90,.D[48]/.f90,.D[49]/.f90,.D[50]/.f90,.D[51]/.f90,.D[52]/.f90,.D[53]/.f90,.D[54]/.f90,.D[55]/.f90,
           .D[56]/.f90,.D[57]/.f90,.D[58]/.f90,.D[59]/.f90,.D[60]/.f90,.D[61]/.f90,.D[62]/.f90,.D[63]/.f90,.D[64]/.f90,
           .D[65]/.f90,.D[66]/.f90,.D[67]/.f90,.D[68]/.f90,.D[69]/.f90,.D[70]/.f90,.D[71]/.f90,.D[72]/.f90,.D[73]/.f90,
           .D[74]/.f90,.D[75]/.f90,.D[76]/.f90,.D[77]/.f90,.D[78]/.f90,.D[79]/.f90,.D[80]/.f90,.D[81]/.f90,.D[82]/.f90,
           .D[83]/.f90,.D[84]/.f90,.D[85]/.f90,.D[86]/.f90,.D[87]/.f90,.D[88]/.f90,.D[89]/.f90,.D[90]/.f90,.D[91]/.f90,
           .D[92]/.f90,.D[93]/.f90,/opt/softs/intel/oneapi/2023.2/mkl/2023.2.0/include/intel64/lp64/.f90,/opt/softs/intel/oneapi/2023.2/mkl/2023.2.0/include/.f90,
           /opt/softs/intel/oneapi/2023.2/mpi/2021.10.0/include/.f90,/opt/softs/intel/oneapi/2023.2/mkl/2023.2.0/include/.f90,
           /opt/softs/intel/oneapi/2023.2/tbb/latest/include/.f90,/opt/softs/intel/oneapi/2023.2/compiler/2023.2.0/linux/bin/intel64/../../compiler/include/intel64/.f90,
           /opt/softs/intel/oneapi/2023.2/compiler/2023.2.0/linux/bin/intel64/../../compiler/include/icc/.f90,/opt/softs/intel/oneapi/2023.2/compiler/2023.2.0/linux/bin/intel64/../../compiler/include/.f90,
           /usr/local/include/.f90,/opt/softs/gcc/5.3.0/lib/gcc/x86_64-unknown-linux-gnu/5.3.0/include/.f90,/opt/softs/gcc/5.3.0/lib/gcc/x86_64-unknown-linux-gnu/5.3.0/include-fixed/.f90,
           /opt/softs/gcc/5.3.0/include/.f90,/usr/include/.f90,/usr/include/.f90
       -list filename : abor1_acc_mod.lst
  no   -o

COMPILER: Intel(R) Fortran 2021.10.0-1769
